[0.008s][info][gc,init] CardTable entry size: 512
[0.008s][info][gc     ] Using Parallel
[0.034s][info][gc,init] Version: 21.0.4+7-adhoc.Administrator.jdk21u (release)
[0.034s][info][gc,init] CPUs: 6 total, 6 available
[0.034s][info][gc,init] Memory: 15591M
[0.034s][info][gc,init] Large Page Support: Disabled
[0.034s][info][gc,init] NUMA Support: Disabled
[0.034s][info][gc,init] Compressed Oops: Enabled (Zero based)
[0.034s][info][gc,init] Alignments: Space 512K, Generation 512K, Heap 2M
[0.034s][info][gc,init] Heap Min Capacity: 8G
[0.034s][info][gc,init] Heap Initial Capacity: 8G
[0.034s][info][gc,init] Heap Max Capacity: 8G
[0.034s][info][gc,init] Pre-touch: Disabled
[0.034s][info][gc,init] Parallel Workers: 6
[0.044s][info][gc,metaspace] CDS archive(s) mapped at: [0x000001f311000000-0x000001f311c90000-0x000001f311c90000), size 13172736, SharedBaseAddress: 0x000001f311000000, ArchiveRelocationMode: 1.
[0.044s][info][gc,metaspace] Compressed class space mapped at: 0x000001f312000000-0x000001f352000000, reserved size: 1073741824
[0.044s][info][gc,metaspace] Narrow klass base: 0x000001f311000000, Narrow klass shift: 0, Narrow klass range: 0x100000000
[1.118s][info][gc,start    ] GC(0) Pause Young (System.gc())
[1.122s][info][gc,heap     ] GC(0) PSYoungGen: 209766K(2446848K)->5523K(2446848K) Eden: 209766K(2097664K)->0K(2097664K) From: 0K(349184K)->5523K(349184K)
[1.122s][info][gc,heap     ] GC(0) ParOldGen: 0K(5592576K)->16K(5592576K)
[1.122s][info][gc,metaspace] GC(0) Metaspace: 12776K(13056K)->12776K(13056K) NonClass: 11125K(11264K)->11125K(11264K) Class: 1651K(1792K)->1651K(1792K)
[1.122s][info][gc          ] GC(0) Pause Young (System.gc()) 204M->5M(7851M) 3.988ms
[1.122s][info][gc,cpu      ] GC(0) User=0.00s Sys=0.00s Real=0.00s
[1.122s][info][gc,start    ] GC(1) Pause Full (System.gc())
[1.122s][info][gc,phases,start] GC(1) Marking Phase
[1.126s][info][gc,phases      ] GC(1) Marking Phase 3.882ms
[1.126s][info][gc,phases,start] GC(1) Summary Phase
[1.126s][info][gc,phases      ] GC(1) Summary Phase 0.011ms
[1.126s][info][gc,phases,start] GC(1) Adjust Roots
[1.127s][info][gc,phases      ] GC(1) Adjust Roots 1.359ms
[1.127s][info][gc,phases,start] GC(1) Compaction Phase
[1.132s][info][gc,phases      ] GC(1) Compaction Phase 4.333ms
[1.132s][info][gc,phases,start] GC(1) Post Compact
[1.133s][info][gc,phases      ] GC(1) Post Compact 1.017ms
[1.133s][info][gc,heap        ] GC(1) PSYoungGen: 5523K(2446848K)->0K(2446848K) Eden: 0K(2097664K)->0K(2097664K) From: 5523K(349184K)->0K(349184K)
[1.133s][info][gc,heap        ] GC(1) ParOldGen: 16K(5592576K)->5439K(5592576K)
[1.133s][info][gc,metaspace   ] GC(1) Metaspace: 12776K(13056K)->12776K(13056K) NonClass: 11125K(11264K)->11125K(11264K) Class: 1651K(1792K)->1651K(1792K)
[1.133s][info][gc             ] GC(1) Pause Full (System.gc()) 5M->5M(7851M) 10.858ms
[1.133s][info][gc,cpu         ] GC(1) User=0.00s Sys=0.00s Real=0.02s
[3.814s][info][gc,start       ] GC(2) Pause Young (Allocation Failure)
[3.957s][info][gc,heap        ] GC(2) PSYoungGen: 2097664K(2446848K)->182784K(2446848K) Eden: 2097664K(2097664K)->0K(2097664K) From: 0K(349184K)->182784K(349184K)
[3.957s][info][gc,heap        ] GC(2) ParOldGen: 5439K(5592576K)->5447K(5592576K)
[3.957s][info][gc,metaspace   ] GC(2) Metaspace: 21210K(21504K)->21210K(21504K) NonClass: 18469K(18624K)->18469K(18624K) Class: 2741K(2880K)->2741K(2880K)
[3.957s][info][gc             ] GC(2) Pause Young (Allocation Failure) 2053M->183M(7851M) 143.366ms
[3.957s][info][gc,cpu         ] GC(2) User=0.84s Sys=0.02s Real=0.15s
[4.473s][info][gc,start       ] GC(3) Pause Young (Metadata GC Threshold)
[4.556s][info][gc,heap        ] GC(3) PSYoungGen: 906618K(2446848K)->109136K(2446848K) Eden: 723834K(2097664K)->0K(2097664K) From: 182784K(349184K)->109136K(349184K)
[4.556s][info][gc,heap        ] GC(3) ParOldGen: 5447K(5592576K)->5455K(5592576K)
[4.556s][info][gc,metaspace   ] GC(3) Metaspace: 21273K(21504K)->21273K(21504K) NonClass: 18517K(18624K)->18517K(18624K) Class: 2755K(2880K)->2755K(2880K)
[4.556s][info][gc             ] GC(3) Pause Young (Metadata GC Threshold) 890M->111M(7851M) 83.077ms
[4.556s][info][gc,cpu         ] GC(3) User=0.47s Sys=0.06s Real=0.09s
[4.556s][info][gc,start       ] GC(4) Pause Full (Metadata GC Threshold)
[4.557s][info][gc,phases,start] GC(4) Marking Phase
[4.603s][info][gc,phases      ] GC(4) Marking Phase 46.371ms
[4.603s][info][gc,phases,start] GC(4) Summary Phase
[4.603s][info][gc,phases      ] GC(4) Summary Phase 0.019ms
[4.603s][info][gc,phases,start] GC(4) Adjust Roots
[4.607s][info][gc,phases      ] GC(4) Adjust Roots 3.724ms
[4.607s][info][gc,phases,start] GC(4) Compaction Phase
[4.805s][info][gc,phases      ] GC(4) Compaction Phase 198.690ms
[4.805s][info][gc,phases,start] GC(4) Post Compact
[4.807s][info][gc,phases      ] GC(4) Post Compact 1.532ms
[4.807s][info][gc,heap        ] GC(4) PSYoungGen: 109136K(2446848K)->0K(2446848K) Eden: 0K(2097664K)->0K(2097664K) From: 109136K(349184K)->0K(349184K)
[4.807s][info][gc,heap        ] GC(4) ParOldGen: 5455K(5592576K)->114323K(5592576K)
[4.807s][info][gc,metaspace   ] GC(4) Metaspace: 21273K(21504K)->21273K(21504K) NonClass: 18517K(18624K)->18517K(18624K) Class: 2755K(2880K)->2755K(2880K)
[4.807s][info][gc             ] GC(4) Pause Full (Metadata GC Threshold) 111M->111M(7851M) 250.616ms
[4.807s][info][gc,cpu         ] GC(4) User=1.20s Sys=0.02s Real=0.24s
[6.058s][info][gc,start       ] GC(5) Pause Young (Allocation Failure)
[6.169s][info][gc,heap        ] GC(5) PSYoungGen: 2097664K(2446848K)->158096K(2446848K) Eden: 2097664K(2097664K)->0K(2097664K) From: 0K(349184K)->158096K(349184K)
[6.169s][info][gc,heap        ] GC(5) ParOldGen: 114323K(5592576K)->114331K(5592576K)
[6.169s][info][gc,metaspace   ] GC(5) Metaspace: 21389K(21760K)->21389K(21760K) NonClass: 18603K(18816K)->18603K(18816K) Class: 2785K(2944K)->2785K(2944K)
[6.169s][info][gc             ] GC(5) Pause Young (Allocation Failure) 2160M->266M(7851M) 110.736ms
[6.169s][info][gc,cpu         ] GC(5) User=0.59s Sys=0.00s Real=0.11s
[7.293s][info][gc,start       ] GC(6) Pause Young (Allocation Failure)
[7.438s][info][gc,heap        ] GC(6) PSYoungGen: 2255760K(2446848K)->211408K(2446848K) Eden: 2097664K(2097664K)->0K(2097664K) From: 158096K(349184K)->211408K(349184K)
[7.438s][info][gc,heap        ] GC(6) ParOldGen: 114331K(5592576K)->114339K(5592576K)
[7.438s][info][gc,metaspace   ] GC(6) Metaspace: 21402K(21760K)->21402K(21760K) NonClass: 18616K(18816K)->18616K(18816K) Class: 2785K(2944K)->2785K(2944K)
[7.438s][info][gc             ] GC(6) Pause Young (Allocation Failure) 2314M->318M(7851M) 144.871ms
[7.438s][info][gc,cpu         ] GC(6) User=0.77s Sys=0.08s Real=0.14s
[9.167s][info][gc,start       ] GC(7) Pause Young (Allocation Failure)
[9.257s][info][gc,heap        ] GC(7) PSYoungGen: 2309072K(2446848K)->112768K(2545664K) Eden: 2097664K(2097664K)->0K(2196480K) From: 211408K(349184K)->112768K(349184K)
[9.257s][info][gc,heap        ] GC(7) ParOldGen: 114339K(5592576K)->114347K(5592576K)
[9.257s][info][gc,metaspace   ] GC(7) Metaspace: 21448K(21760K)->21448K(21760K) NonClass: 18662K(18816K)->18662K(18816K) Class: 2785K(2944K)->2785K(2944K)
[9.257s][info][gc             ] GC(7) Pause Young (Allocation Failure) 2366M->221M(7947M) 89.675ms
[9.257s][info][gc,cpu         ] GC(7) User=0.48s Sys=0.00s Real=0.09s
[10.422s][info][gc,start       ] GC(8) Pause Young (Allocation Failure)
[10.566s][info][gc,heap        ] GC(8) PSYoungGen: 2309248K(2545664K)->188064K(2446848K) Eden: 2196480K(2196480K)->0K(2196480K) From: 112768K(349184K)->188064K(250368K)
[10.566s][info][gc,heap        ] GC(8) ParOldGen: 114347K(5592576K)->114355K(5592576K)
[10.566s][info][gc,metaspace   ] GC(8) Metaspace: 21492K(21824K)->21492K(21824K) NonClass: 18706K(18880K)->18706K(18880K) Class: 2785K(2944K)->2785K(2944K)
[10.566s][info][gc             ] GC(8) Pause Young (Allocation Failure) 2366M->295M(7851M) 144.484ms
[10.566s][info][gc,cpu         ] GC(8) User=0.75s Sys=0.05s Real=0.14s
[12.016s][info][gc,start       ] GC(9) Pause Young (Allocation Failure)
[12.123s][info][gc,heap        ] GC(9) PSYoungGen: 2384544K(2446848K)->137952K(2548224K) Eden: 2196480K(2196480K)->0K(2285568K) From: 188064K(250368K)->137952K(262656K)
[12.123s][info][gc,heap        ] GC(9) ParOldGen: 114355K(5592576K)->114355K(5592576K)
[12.123s][info][gc,metaspace   ] GC(9) Metaspace: 21511K(21824K)->21511K(21824K) NonClass: 18725K(18880K)->18725K(18880K) Class: 2785K(2944K)->2785K(2944K)
[12.123s][info][gc             ] GC(9) Pause Young (Allocation Failure) 2440M->246M(7950M) 107.262ms
[12.123s][info][gc,cpu         ] GC(9) User=0.55s Sys=0.02s Real=0.09s
[13.165s][info][gc,start       ] GC(10) Pause Young (System.gc())
[13.247s][info][gc,heap        ] GC(10) PSYoungGen: 1658872K(2548224K)->97584K(2533376K) Eden: 1520920K(2285568K)->0K(2285568K) From: 137952K(262656K)->97584K(247808K)
[13.247s][info][gc,heap        ] GC(10) ParOldGen: 114355K(5592576K)->119178K(5592576K)
[13.247s][info][gc,metaspace   ] GC(10) Metaspace: 21552K(21888K)->21552K(21888K) NonClass: 18763K(18944K)->18763K(18944K) Class: 2788K(2944K)->2788K(2944K)
[13.247s][info][gc             ] GC(10) Pause Young (System.gc()) 1731M->211M(7935M) 81.639ms
[13.247s][info][gc,cpu         ] GC(10) User=0.50s Sys=0.02s Real=0.09s
[13.247s][info][gc,start       ] GC(11) Pause Full (System.gc())
[13.247s][info][gc,phases,start] GC(11) Marking Phase
[13.289s][info][gc,phases      ] GC(11) Marking Phase 42.161ms
[13.289s][info][gc,phases,start] GC(11) Summary Phase
[13.289s][info][gc,phases      ] GC(11) Summary Phase 0.011ms
[13.289s][info][gc,phases,start] GC(11) Adjust Roots
[13.292s][info][gc,phases      ] GC(11) Adjust Roots 3.028ms
[13.292s][info][gc,phases,start] GC(11) Compaction Phase
[13.446s][info][gc,phases      ] GC(11) Compaction Phase 154.309ms
[13.446s][info][gc,phases,start] GC(11) Post Compact
[13.448s][info][gc,phases      ] GC(11) Post Compact 1.932ms
[13.448s][info][gc,heap        ] GC(11) PSYoungGen: 97584K(2533376K)->0K(2533376K) Eden: 0K(2285568K)->0K(2285568K) From: 97584K(247808K)->0K(247808K)
[13.448s][info][gc,heap        ] GC(11) ParOldGen: 119178K(5592576K)->104083K(5592576K)
[13.448s][info][gc,metaspace   ] GC(11) Metaspace: 21552K(21888K)->21552K(21888K) NonClass: 18763K(18944K)->18763K(18944K) Class: 2788K(2944K)->2788K(2944K)
[13.448s][info][gc             ] GC(11) Pause Full (System.gc()) 211M->101M(7935M) 201.707ms
[13.448s][info][gc,cpu         ] GC(11) User=0.97s Sys=0.00s Real=0.19s
[14.657s][info][gc,start       ] GC(12) Pause Young (Allocation Failure)
[14.794s][info][gc,heap        ] GC(12) PSYoungGen: 2285568K(2533376K)->195408K(2529280K) Eden: 2285568K(2285568K)->0K(2286080K) From: 0K(247808K)->195408K(243200K)
[14.794s][info][gc,heap        ] GC(12) ParOldGen: 104083K(5592576K)->104091K(5592576K)
[14.794s][info][gc,metaspace   ] GC(12) Metaspace: 21584K(21888K)->21584K(21888K) NonClass: 18795K(18944K)->18795K(18944K) Class: 2788K(2944K)->2788K(2944K)
[14.794s][info][gc             ] GC(12) Pause Young (Allocation Failure) 2333M->292M(7931M) 137.602ms
[14.794s][info][gc,cpu         ] GC(12) User=0.81s Sys=0.03s Real=0.14s
[16.248s][info][gc,start       ] GC(13) Pause Young (Allocation Failure)
[16.331s][info][gc,heap        ] GC(13) PSYoungGen: 2481488K(2529280K)->106592K(2541056K) Eden: 2286080K(2286080K)->0K(2286080K) From: 195408K(243200K)->106592K(254976K)
[16.331s][info][gc,heap        ] GC(13) ParOldGen: 104091K(5592576K)->104099K(5592576K)
[16.331s][info][gc,metaspace   ] GC(13) Metaspace: 21642K(22016K)->21642K(22016K) NonClass: 18853K(19072K)->18853K(19072K) Class: 2788K(2944K)->2788K(2944K)
[16.331s][info][gc             ] GC(13) Pause Young (Allocation Failure) 2524M->205M(7943M) 82.479ms
[16.331s][info][gc,cpu         ] GC(13) User=0.50s Sys=0.00s Real=0.08s
[17.563s][info][gc,start       ] GC(14) Pause Young (Allocation Failure)
[17.694s][info][gc,heap        ] GC(14) PSYoungGen: 2392672K(2541056K)->184096K(2534400K) Eden: 2286080K(2286080K)->0K(2285056K) From: 106592K(254976K)->184096K(249344K)
[17.694s][info][gc,heap        ] GC(14) ParOldGen: 104099K(5592576K)->106907K(5592576K)
[17.694s][info][gc,metaspace   ] GC(14) Metaspace: 21676K(22016K)->21676K(22016K) NonClass: 18887K(19072K)->18887K(19072K) Class: 2788K(2944K)->2788K(2944K)
[17.694s][info][gc             ] GC(14) Pause Young (Allocation Failure) 2438M->284M(7936M) 130.837ms
[17.694s][info][gc,cpu         ] GC(14) User=0.77s Sys=0.00s Real=0.13s
[19.228s][info][gc,start       ] GC(15) Pause Young (Allocation Failure)
[19.306s][info][gc,heap        ] GC(15) PSYoungGen: 2469152K(2534400K)->101072K(2540544K) Eden: 2285056K(2285056K)->0K(2285056K) From: 184096K(249344K)->101072K(255488K)
[19.306s][info][gc,heap        ] GC(15) ParOldGen: 106907K(5592576K)->107639K(5592576K)
[19.306s][info][gc,metaspace   ] GC(15) Metaspace: 21718K(22016K)->21718K(22016K) NonClass: 18930K(19072K)->18930K(19072K) Class: 2788K(2944K)->2788K(2944K)
[19.306s][info][gc             ] GC(15) Pause Young (Allocation Failure) 2515M->203M(7942M) 77.945ms
[19.306s][info][gc,cpu         ] GC(15) User=0.42s Sys=0.00s Real=0.08s
[20.367s][info][gc,start       ] GC(16) Pause Young (Allocation Failure)
[20.509s][info][gc,heap        ] GC(16) PSYoungGen: 2386128K(2540544K)->196192K(2523648K) Eden: 2285056K(2285056K)->0K(2272768K) From: 101072K(255488K)->196192K(250880K)
[20.509s][info][gc,heap        ] GC(16) ParOldGen: 107639K(5592576K)->108795K(5592576K)
[20.509s][info][gc,metaspace   ] GC(16) Metaspace: 21741K(22016K)->21741K(22016K) NonClass: 18952K(19072K)->18952K(19072K) Class: 2788K(2944K)->2788K(2944K)
[20.509s][info][gc             ] GC(16) Pause Young (Allocation Failure) 2435M->297M(7926M) 141.475ms
[20.509s][info][gc,cpu         ] GC(16) User=0.77s Sys=0.00s Real=0.14s
[21.988s][info][gc,start       ] GC(17) Pause Young (Allocation Failure)
[22.079s][info][gc,heap        ] GC(17) PSYoungGen: 2468960K(2523648K)->116864K(2534400K) Eden: 2272768K(2272768K)->0K(2272768K) From: 196192K(250880K)->116864K(261632K)
[22.079s][info][gc,heap        ] GC(17) ParOldGen: 108795K(5592576K)->109287K(5592576K)
[22.079s][info][gc,metaspace   ] GC(17) Metaspace: 21776K(22144K)->21776K(22144K) NonClass: 18987K(19200K)->18987K(19200K) Class: 2788K(2944K)->2788K(2944K)
[22.079s][info][gc             ] GC(17) Pause Young (Allocation Failure) 2517M->220M(7936M) 91.651ms
[22.079s][info][gc,cpu         ] GC(17) User=0.39s Sys=0.00s Real=0.09s
[22.884s][info][gc,start       ] GC(18) Pause Young (System.gc())
[22.960s][info][gc,heap        ] GC(18) PSYoungGen: 1508547K(2534400K)->86752K(2544128K) Eden: 1391683K(2272768K)->0K(2290176K) From: 116864K(261632K)->86752K(253952K)
[22.960s][info][gc,heap        ] GC(18) ParOldGen: 109287K(5592576K)->119991K(5592576K)
[22.960s][info][gc,metaspace   ] GC(18) Metaspace: 21785K(22144K)->21785K(22144K) NonClass: 18996K(19200K)->18996K(19200K) Class: 2788K(2944K)->2788K(2944K)
[22.960s][info][gc             ] GC(18) Pause Young (System.gc()) 1579M->201M(7946M) 76.236ms
[22.960s][info][gc,cpu         ] GC(18) User=0.39s Sys=0.00s Real=0.08s
[22.960s][info][gc,start       ] GC(19) Pause Full (System.gc())
[22.961s][info][gc,phases,start] GC(19) Marking Phase
[22.999s][info][gc,phases      ] GC(19) Marking Phase 38.402ms
[22.999s][info][gc,phases,start] GC(19) Summary Phase
[22.999s][info][gc,phases      ] GC(19) Summary Phase 0.012ms
[22.999s][info][gc,phases,start] GC(19) Adjust Roots
[23.002s][info][gc,phases      ] GC(19) Adjust Roots 2.528ms
[23.002s][info][gc,phases,start] GC(19) Compaction Phase
[23.129s][info][gc,phases      ] GC(19) Compaction Phase 127.878ms
[23.130s][info][gc,phases,start] GC(19) Post Compact
[23.131s][info][gc,phases      ] GC(19) Post Compact 1.092ms
[23.131s][info][gc,heap        ] GC(19) PSYoungGen: 86752K(2544128K)->0K(2544128K) Eden: 0K(2290176K)->0K(2290176K) From: 86752K(253952K)->0K(253952K)
[23.131s][info][gc,heap        ] GC(19) ParOldGen: 119991K(5592576K)->104062K(5592576K)
[23.131s][info][gc,metaspace   ] GC(19) Metaspace: 21785K(22144K)->21785K(22144K) NonClass: 18996K(19200K)->18996K(19200K) Class: 2788K(2944K)->2788K(2944K)
[23.131s][info][gc             ] GC(19) Pause Full (System.gc()) 201M->101M(7946M) 170.201ms
[23.131s][info][gc,cpu         ] GC(19) User=0.80s Sys=0.00s Real=0.17s
[24.397s][info][gc,start       ] GC(20) Pause Young (Allocation Failure)
[24.538s][info][gc,heap        ] GC(20) PSYoungGen: 2290176K(2544128K)->190304K(2480640K) Eden: 2290176K(2290176K)->0K(2290176K) From: 0K(253952K)->190304K(190464K)
[24.538s][info][gc,heap        ] GC(20) ParOldGen: 104062K(5592576K)->104062K(5592576K)
[24.538s][info][gc,metaspace   ] GC(20) Metaspace: 21806K(22144K)->21806K(22144K) NonClass: 19018K(19200K)->19018K(19200K) Class: 2788K(2944K)->2788K(2944K)
[24.538s][info][gc             ] GC(20) Pause Young (Allocation Failure) 2338M->287M(7884M) 141.101ms
[24.538s][info][gc,cpu         ] GC(20) User=0.69s Sys=0.00s Real=0.13s
[25.993s][info][gc,start       ] GC(21) Pause Young (Allocation Failure)
[26.066s][info][gc,heap        ] GC(21) PSYoungGen: 2480480K(2480640K)->96320K(2540032K) Eden: 2290176K(2290176K)->0K(2279424K) From: 190304K(190464K)->96320K(260608K)
[26.066s][info][gc,heap        ] GC(21) ParOldGen: 104062K(5592576K)->104102K(5592576K)
[26.066s][info][gc,metaspace   ] GC(21) Metaspace: 21836K(22144K)->21836K(22144K) NonClass: 19047K(19200K)->19047K(19200K) Class: 2789K(2944K)->2789K(2944K)
[26.066s][info][gc             ] GC(21) Pause Young (Allocation Failure) 2523M->195M(7942M) 73.537ms
[26.066s][info][gc,cpu         ] GC(21) User=0.47s Sys=0.00s Real=0.07s
[27.272s][info][gc,start       ] GC(22) Pause Young (Allocation Failure)
[27.401s][info][gc,heap        ] GC(22) PSYoungGen: 2375744K(2540032K)->186192K(2465792K) Eden: 2279424K(2279424K)->0K(2279424K) From: 96320K(260608K)->186192K(186368K)
[27.401s][info][gc,heap        ] GC(22) ParOldGen: 104102K(5592576K)->104202K(5592576K)
[27.401s][info][gc,metaspace   ] GC(22) Metaspace: 21848K(22208K)->21848K(22208K) NonClass: 19059K(19264K)->19059K(19264K) Class: 2789K(2944K)->2789K(2944K)
[27.401s][info][gc             ] GC(22) Pause Young (Allocation Failure) 2421M->283M(7869M) 128.869ms
[27.401s][info][gc,cpu         ] GC(22) User=0.72s Sys=0.02s Real=0.13s
[28.762s][info][gc,start       ] GC(23) Pause Young (Allocation Failure)
[28.849s][info][gc,heap        ] GC(23) PSYoungGen: 2465616K(2465792K)->121952K(2542080K) Eden: 2279424K(2279424K)->0K(2279424K) From: 186192K(186368K)->121952K(262656K)
[28.849s][info][gc,heap        ] GC(23) ParOldGen: 104202K(5592576K)->105078K(5592576K)
[28.849s][info][gc,metaspace   ] GC(23) Metaspace: 21863K(22208K)->21863K(22208K) NonClass: 19074K(19264K)->19074K(19264K) Class: 2789K(2944K)->2789K(2944K)
[28.849s][info][gc             ] GC(23) Pause Young (Allocation Failure) 2509M->221M(7944M) 86.821ms
[28.849s][info][gc,cpu         ] GC(23) User=0.50s Sys=0.00s Real=0.08s
[29.999s][info][gc,start       ] GC(24) Pause Young (Allocation Failure)
[30.125s][info][gc,heap        ] GC(24) PSYoungGen: 2401376K(2542080K)->181648K(2533376K) Eden: 2279424K(2279424K)->0K(2279424K) From: 121952K(262656K)->181648K(253952K)
[30.125s][info][gc,heap        ] GC(24) ParOldGen: 105078K(5592576K)->109874K(5592576K)
[30.125s][info][gc,metaspace   ] GC(24) Metaspace: 21888K(22208K)->21888K(22208K) NonClass: 19099K(19264K)->19099K(19264K) Class: 2789K(2944K)->2789K(2944K)
[30.125s][info][gc             ] GC(24) Pause Young (Allocation Failure) 2447M->284M(7935M) 125.785ms
[30.125s][info][gc,cpu         ] GC(24) User=0.67s Sys=0.00s Real=0.12s
[31.592s][info][gc,start       ] GC(25) Pause Young (Allocation Failure)
[31.684s][info][gc,heap        ] GC(25) PSYoungGen: 2461072K(2533376K)->124608K(2546176K) Eden: 2279424K(2279424K)->0K(2288128K) From: 181648K(253952K)->124608K(258048K)
[31.684s][info][gc,heap        ] GC(25) ParOldGen: 109874K(5592576K)->110798K(5592576K)
[31.684s][info][gc,metaspace   ] GC(25) Metaspace: 21907K(22208K)->21907K(22208K) NonClass: 19118K(19264K)->19118K(19264K) Class: 2789K(2944K)->2789K(2944K)
[31.684s][info][gc             ] GC(25) Pause Young (Allocation Failure) 2510M->229M(7948M) 92.396ms
[31.684s][info][gc,cpu         ] GC(25) User=0.48s Sys=0.00s Real=0.09s
[32.499s][info][gc,start       ] GC(26) Pause Young (System.gc())
[32.574s][info][gc,heap        ] GC(26) PSYoungGen: 1448165K(2546176K)->82944K(2537984K) Eden: 1323557K(2288128K)->0K(2288128K) From: 124608K(258048K)->82944K(249856K)
[32.574s][info][gc,heap        ] GC(26) ParOldGen: 110798K(5592576K)->125286K(5592576K)
[32.574s][info][gc,metaspace   ] GC(26) Metaspace: 21918K(22208K)->21918K(22208K) NonClass: 19129K(19264K)->19129K(19264K) Class: 2789K(2944K)->2789K(2944K)
[32.574s][info][gc             ] GC(26) Pause Young (System.gc()) 1522M->203M(7940M) 74.502ms
[32.574s][info][gc,cpu         ] GC(26) User=0.52s Sys=0.00s Real=0.08s
[32.574s][info][gc,start       ] GC(27) Pause Full (System.gc())
[32.574s][info][gc,phases,start] GC(27) Marking Phase
[32.614s][info][gc,phases      ] GC(27) Marking Phase 39.734ms
[32.614s][info][gc,phases,start] GC(27) Summary Phase
[32.614s][info][gc,phases      ] GC(27) Summary Phase 0.011ms
[32.614s][info][gc,phases,start] GC(27) Adjust Roots
[32.616s][info][gc,phases      ] GC(27) Adjust Roots 2.655ms
[32.616s][info][gc,phases,start] GC(27) Compaction Phase
[32.728s][info][gc,phases      ] GC(27) Compaction Phase 111.968ms
[32.728s][info][gc,phases,start] GC(27) Post Compact
[32.730s][info][gc,phases      ] GC(27) Post Compact 1.164ms
[32.730s][info][gc,heap        ] GC(27) PSYoungGen: 82944K(2537984K)->0K(2537984K) Eden: 0K(2288128K)->0K(2288128K) From: 82944K(249856K)->0K(249856K)
[32.730s][info][gc,heap        ] GC(27) ParOldGen: 125286K(5592576K)->104049K(5592576K)
[32.730s][info][gc,metaspace   ] GC(27) Metaspace: 21918K(22208K)->21918K(22208K) NonClass: 19129K(19264K)->19129K(19264K) Class: 2789K(2944K)->2789K(2944K)
[32.730s][info][gc             ] GC(27) Pause Full (System.gc()) 203M->101M(7940M) 155.800ms
[32.730s][info][gc,cpu         ] GC(27) User=0.69s Sys=0.00s Real=0.14s
[33.921s][info][gc,start       ] GC(28) Pause Young (Allocation Failure)
[34.038s][info][gc,heap        ] GC(28) PSYoungGen: 2288128K(2537984K)->171248K(2543104K) Eden: 2288128K(2288128K)->0K(2294272K) From: 0K(249856K)->171248K(248832K)
[34.038s][info][gc,heap        ] GC(28) ParOldGen: 104049K(5592576K)->104049K(5592576K)
[34.038s][info][gc,metaspace   ] GC(28) Metaspace: 21933K(22272K)->21933K(22272K) NonClass: 19144K(19328K)->19144K(19328K) Class: 2789K(2944K)->2789K(2944K)
[34.038s][info][gc             ] GC(28) Pause Young (Allocation Failure) 2336M->268M(7945M) 117.246ms
[34.038s][info][gc,cpu         ] GC(28) User=0.67s Sys=0.00s Real=0.13s
[35.457s][info][gc,start       ] GC(29) Pause Young (Allocation Failure)
[35.555s][info][gc,heap        ] GC(29) PSYoungGen: 2465520K(2543104K)->120752K(2545152K) Eden: 2294272K(2294272K)->0K(2294272K) From: 171248K(248832K)->120752K(250880K)
[35.555s][info][gc,heap        ] GC(29) ParOldGen: 104049K(5592576K)->105133K(5592576K)
[35.555s][info][gc,metaspace   ] GC(29) Metaspace: 21964K(22336K)->21964K(22336K) NonClass: 19175K(19392K)->19175K(19392K) Class: 2789K(2944K)->2789K(2944K)
[35.555s][info][gc             ] GC(29) Pause Young (Allocation Failure) 2509M->220M(7947M) 97.632ms
[35.555s][info][gc,cpu         ] GC(29) User=0.58s Sys=0.00s Real=0.09s
[36.706s][info][gc,start       ] GC(30) Pause Young (Allocation Failure)
[36.835s][info][gc,heap        ] GC(30) PSYoungGen: 2415024K(2545152K)->186320K(2537984K) Eden: 2294272K(2294272K)->0K(2295296K) From: 120752K(250880K)->186320K(242688K)
[36.836s][info][gc,heap        ] GC(30) ParOldGen: 105133K(5592576K)->110550K(5592576K)
[36.836s][info][gc,metaspace   ] GC(30) Metaspace: 21969K(22336K)->21969K(22336K) NonClass: 19180K(19392K)->19180K(19392K) Class: 2789K(2944K)->2789K(2944K)
[36.836s][info][gc             ] GC(30) Pause Young (Allocation Failure) 2461M->289M(7940M) 129.614ms
[36.836s][info][gc,cpu         ] GC(30) User=0.70s Sys=0.00s Real=0.13s
[38.352s][info][gc,start       ] GC(31) Pause Young (Allocation Failure)
[38.442s][info][gc,heap        ] GC(31) PSYoungGen: 2481616K(2537984K)->121632K(2545664K) Eden: 2295296K(2295296K)->0K(2295296K) From: 186320K(242688K)->121632K(250368K)
[38.442s][info][gc,heap        ] GC(31) ParOldGen: 110550K(5592576K)->111374K(5592576K)
[38.442s][info][gc,metaspace   ] GC(31) Metaspace: 22001K(22336K)->22001K(22336K) NonClass: 19212K(19392K)->19212K(19392K) Class: 2789K(2944K)->2789K(2944K)
[38.442s][info][gc             ] GC(31) Pause Young (Allocation Failure) 2531M->227M(7947M) 90.022ms
[38.442s][info][gc,cpu         ] GC(31) User=0.48s Sys=0.00s Real=0.09s
[39.533s][info][gc,start       ] GC(32) Pause Young (Allocation Failure)
[39.670s][info][gc,heap        ] GC(32) PSYoungGen: 2416928K(2545664K)->188640K(2537472K) Eden: 2295296K(2295296K)->0K(2294272K) From: 121632K(250368K)->188640K(243200K)
[39.670s][info][gc,heap        ] GC(32) ParOldGen: 111374K(5592576K)->121482K(5592576K)
[39.670s][info][gc,metaspace   ] GC(32) Metaspace: 22016K(22336K)->22016K(22336K) NonClass: 19227K(19392K)->19227K(19392K) Class: 2789K(2944K)->2789K(2944K)
[39.670s][info][gc             ] GC(32) Pause Young (Allocation Failure) 2469M->302M(7939M) 137.310ms
[39.670s][info][gc,cpu         ] GC(32) User=0.80s Sys=0.00s Real=0.12s
[41.236s][info][gc,start       ] GC(33) Pause Young (Allocation Failure)
[41.327s][info][gc,heap        ] GC(33) PSYoungGen: 2482912K(2537472K)->117920K(2545152K) Eden: 2294272K(2294272K)->0K(2294272K) From: 188640K(243200K)->117920K(250880K)
[41.327s][info][gc,heap        ] GC(33) ParOldGen: 121482K(5592576K)->122514K(5592576K)
[41.327s][info][gc,metaspace   ] GC(33) Metaspace: 22030K(22336K)->22030K(22336K) NonClass: 19241K(19392K)->19241K(19392K) Class: 2789K(2944K)->2789K(2944K)
[41.327s][info][gc             ] GC(33) Pause Young (Allocation Failure) 2543M->234M(7947M) 91.264ms
[41.327s][info][gc,cpu         ] GC(33) User=0.52s Sys=0.00s Real=0.08s
[42.224s][info][gc,start       ] GC(34) Pause Young (System.gc())
[42.300s][info][gc,heap        ] GC(34) PSYoungGen: 1486339K(2545152K)->86688K(2551808K) Eden: 1368419K(2294272K)->0K(2307072K) From: 117920K(250880K)->86688K(244736K)
[42.300s][info][gc,heap        ] GC(34) ParOldGen: 122514K(5592576K)->133326K(5592576K)
[42.300s][info][gc,metaspace   ] GC(34) Metaspace: 22033K(22336K)->22033K(22336K) NonClass: 19243K(19392K)->19243K(19392K) Class: 2789K(2944K)->2789K(2944K)
[42.300s][info][gc             ] GC(34) Pause Young (System.gc()) 1571M->214M(7953M) 76.194ms
[42.300s][info][gc,cpu         ] GC(34) User=0.39s Sys=0.00s Real=0.08s
[42.300s][info][gc,start       ] GC(35) Pause Full (System.gc())
[42.300s][info][gc,phases,start] GC(35) Marking Phase
[42.340s][info][gc,phases      ] GC(35) Marking Phase 39.799ms
[42.340s][info][gc,phases,start] GC(35) Summary Phase
[42.340s][info][gc,phases      ] GC(35) Summary Phase 0.012ms
[42.340s][info][gc,phases,start] GC(35) Adjust Roots
[42.343s][info][gc,phases      ] GC(35) Adjust Roots 3.256ms
[42.343s][info][gc,phases,start] GC(35) Compaction Phase
[42.449s][info][gc,phases      ] GC(35) Compaction Phase 106.314ms
[42.449s][info][gc,phases,start] GC(35) Post Compact
[42.451s][info][gc,phases      ] GC(35) Post Compact 1.167ms
[42.451s][info][gc,heap        ] GC(35) PSYoungGen: 86688K(2551808K)->0K(2551808K) Eden: 0K(2307072K)->0K(2307072K) From: 86688K(244736K)->0K(244736K)
[42.451s][info][gc,heap        ] GC(35) ParOldGen: 133326K(5592576K)->104135K(5592576K)
[42.451s][info][gc,metaspace   ] GC(35) Metaspace: 22033K(22336K)->22033K(22336K) NonClass: 19243K(19392K)->19243K(19392K) Class: 2789K(2944K)->2789K(2944K)
[42.451s][info][gc             ] GC(35) Pause Full (System.gc()) 214M->101M(7953M) 150.819ms
[42.451s][info][gc,cpu         ] GC(35) User=0.70s Sys=0.00s Real=0.14s
[43.635s][info][gc,start       ] GC(36) Pause Young (Allocation Failure)
[43.764s][info][gc,heap        ] GC(36) PSYoungGen: 2307072K(2551808K)->186880K(2494464K) Eden: 2307072K(2307072K)->0K(2307072K) From: 0K(244736K)->186880K(187392K)
[43.764s][info][gc,heap        ] GC(36) ParOldGen: 104135K(5592576K)->104135K(5592576K)
[43.764s][info][gc,metaspace   ] GC(36) Metaspace: 22035K(22336K)->22035K(22336K) NonClass: 19246K(19392K)->19246K(19392K) Class: 2789K(2944K)->2789K(2944K)
[43.765s][info][gc             ] GC(36) Pause Young (Allocation Failure) 2354M->284M(7897M) 129.322ms
[43.765s][info][gc,cpu         ] GC(36) User=0.75s Sys=0.00s Real=0.12s
[45.373s][info][gc,start       ] GC(37) Pause Young (Allocation Failure)
[45.453s][info][gc,heap        ] GC(37) PSYoungGen: 2493952K(2494464K)->104720K(2548736K) Eden: 2307072K(2307072K)->0K(2296832K) From: 186880K(187392K)->104720K(251904K)
[45.453s][info][gc,heap        ] GC(37) ParOldGen: 104135K(5592576K)->104175K(5592576K)
[45.453s][info][gc,metaspace   ] GC(37) Metaspace: 22076K(22400K)->22076K(22400K) NonClass: 19287K(19456K)->19287K(19456K) Class: 2789K(2944K)->2789K(2944K)
[45.453s][info][gc             ] GC(37) Pause Young (Allocation Failure) 2537M->203M(7950M) 79.511ms
[45.453s][info][gc,cpu         ] GC(37) User=0.41s Sys=0.00s Real=0.08s
[46.644s][info][gc,start       ] GC(38) Pause Young (Allocation Failure)
[46.776s][info][gc,heap        ] GC(38) PSYoungGen: 2401552K(2548736K)->186672K(2483712K) Eden: 2296832K(2296832K)->0K(2296832K) From: 104720K(251904K)->186672K(186880K)
[46.776s][info][gc,heap        ] GC(38) ParOldGen: 104175K(5592576K)->106375K(5592576K)
[46.776s][info][gc,metaspace   ] GC(38) Metaspace: 22088K(22400K)->22088K(22400K) NonClass: 19298K(19456K)->19298K(19456K) Class: 2789K(2944K)->2789K(2944K)
[46.776s][info][gc             ] GC(38) Pause Young (Allocation Failure) 2446M->286M(7887M) 132.150ms
[46.776s][info][gc,cpu         ] GC(38) User=0.77s Sys=0.00s Real=0.12s
[48.295s][info][gc,start       ] GC(39) Pause Young (Allocation Failure)
[48.372s][info][gc,heap        ] GC(39) PSYoungGen: 2483504K(2483712K)->97232K(2545152K) Eden: 2296832K(2296832K)->0K(2290688K) From: 186672K(186880K)->97232K(254464K)
[48.372s][info][gc,heap        ] GC(39) ParOldGen: 106375K(5592576K)->106811K(5592576K)
[48.372s][info][gc,metaspace   ] GC(39) Metaspace: 22099K(22400K)->22099K(22400K) NonClass: 19310K(19456K)->19310K(19456K) Class: 2789K(2944K)->2789K(2944K)
[48.372s][info][gc             ] GC(39) Pause Young (Allocation Failure) 2529M->199M(7947M) 76.222ms
[48.372s][info][gc,cpu         ] GC(39) User=0.38s Sys=0.00s Real=0.06s
[49.583s][info][gc,start       ] GC(40) Pause Young (Allocation Failure)
[49.718s][info][gc,heap        ] GC(40) PSYoungGen: 2387920K(2545152K)->192608K(2483712K) Eden: 2290688K(2290688K)->0K(2290688K) From: 97232K(254464K)->192608K(193024K)
[49.718s][info][gc,heap        ] GC(40) ParOldGen: 106811K(5592576K)->106891K(5592576K)
[49.718s][info][gc,metaspace   ] GC(40) Metaspace: 22105K(22400K)->22105K(22400K) NonClass: 19316K(19456K)->19316K(19456K) Class: 2789K(2944K)->2789K(2944K)
[49.718s][info][gc             ] GC(40) Pause Young (Allocation Failure) 2436M->292M(7887M) 135.174ms
[49.718s][info][gc,cpu         ] GC(40) User=0.77s Sys=0.00s Real=0.14s
[51.213s][info][gc,start       ] GC(41) Pause Young (Allocation Failure)
[51.305s][info][gc,heap        ] GC(41) PSYoungGen: 2483296K(2483712K)->113632K(2542592K) Eden: 2290688K(2290688K)->0K(2282496K) From: 192608K(193024K)->113632K(260096K)
[51.305s][info][gc,heap        ] GC(41) ParOldGen: 106891K(5592576K)->107227K(5592576K)
[51.305s][info][gc,metaspace   ] GC(41) Metaspace: 22111K(22400K)->22111K(22400K) NonClass: 19322K(19456K)->19322K(19456K) Class: 2789K(2944K)->2789K(2944K)
[51.305s][info][gc             ] GC(41) Pause Young (Allocation Failure) 2529M->215M(7944M) 91.841ms
[51.305s][info][gc,cpu         ] GC(41) User=0.52s Sys=0.00s Real=0.08s
[52.109s][info][gc,start       ] GC(42) Pause Young (System.gc())
[52.188s][info][gc,heap        ] GC(42) PSYoungGen: 1507295K(2542592K)->89408K(2535936K) Eden: 1393663K(2282496K)->0K(2282496K) From: 113632K(260096K)->89408K(253440K)
[52.188s][info][gc,heap        ] GC(42) ParOldGen: 107227K(5592576K)->115247K(5592576K)
[52.188s][info][gc,metaspace   ] GC(42) Metaspace: 22113K(22400K)->22113K(22400K) NonClass: 19323K(19456K)->19323K(19456K) Class: 2789K(2944K)->2789K(2944K)
[52.188s][info][gc             ] GC(42) Pause Young (System.gc()) 1576M->199M(7938M) 79.518ms
[52.188s][info][gc,cpu         ] GC(42) User=0.48s Sys=0.00s Real=0.09s
[52.188s][info][gc,start       ] GC(43) Pause Full (System.gc())
[52.188s][info][gc,phases,start] GC(43) Marking Phase
[52.232s][info][gc,phases      ] GC(43) Marking Phase 43.295ms
[52.232s][info][gc,phases,start] GC(43) Summary Phase
[52.232s][info][gc,phases      ] GC(43) Summary Phase 0.011ms
[52.232s][info][gc,phases,start] GC(43) Adjust Roots
[52.236s][info][gc,phases      ] GC(43) Adjust Roots 3.939ms
[52.236s][info][gc,phases,start] GC(43) Compaction Phase
[52.336s][info][gc,phases      ] GC(43) Compaction Phase 100.421ms
[52.336s][info][gc,phases,start] GC(43) Post Compact
[52.337s][info][gc,phases      ] GC(43) Post Compact 1.108ms
[52.337s][info][gc,heap        ] GC(43) PSYoungGen: 89408K(2535936K)->0K(2535936K) Eden: 0K(2282496K)->0K(2282496K) From: 89408K(253440K)->0K(253440K)
[52.337s][info][gc,heap        ] GC(43) ParOldGen: 115247K(5592576K)->104086K(5592576K)
[52.337s][info][gc,metaspace   ] GC(43) Metaspace: 22113K(22400K)->22113K(22400K) NonClass: 19323K(19456K)->19323K(19456K) Class: 2789K(2944K)->2789K(2944K)
[52.337s][info][gc             ] GC(43) Pause Full (System.gc()) 199M->101M(7938M) 149.035ms
[52.337s][info][gc,cpu         ] GC(43) User=0.59s Sys=0.00s Real=0.15s
[53.558s][info][gc,start       ] GC(44) Pause Young (Allocation Failure)
[53.688s][info][gc,heap        ] GC(44) PSYoungGen: 2282496K(2535936K)->181328K(2533888K) Eden: 2282496K(2282496K)->0K(2283008K) From: 0K(253440K)->181328K(250880K)
[53.688s][info][gc,heap        ] GC(44) ParOldGen: 104086K(5592576K)->104086K(5592576K)
[53.688s][info][gc,metaspace   ] GC(44) Metaspace: 22137K(22464K)->22137K(22464K) NonClass: 19348K(19520K)->19348K(19520K) Class: 2789K(2944K)->2789K(2944K)
[53.688s][info][gc             ] GC(44) Pause Young (Allocation Failure) 2330M->278M(7936M) 130.303ms
[53.688s][info][gc,cpu         ] GC(44) User=0.75s Sys=0.00s Real=0.12s
[55.209s][info][gc,start       ] GC(45) Pause Young (Allocation Failure)
[55.287s][info][gc,heap        ] GC(45) PSYoungGen: 2464336K(2533888K)->97392K(2539520K) Eden: 2283008K(2283008K)->0K(2283008K) From: 181328K(250880K)->97392K(256512K)
[55.287s][info][gc,heap        ] GC(45) ParOldGen: 104086K(5592576K)->104118K(5592576K)
[55.287s][info][gc,metaspace   ] GC(45) Metaspace: 22149K(22464K)->22149K(22464K) NonClass: 19360K(19520K)->19360K(19520K) Class: 2789K(2944K)->2789K(2944K)
[55.287s][info][gc             ] GC(45) Pause Young (Allocation Failure) 2508M->196M(7941M) 78.268ms
[55.287s][info][gc,cpu         ] GC(45) User=0.38s Sys=0.00s Real=0.08s
[56.352s][info][gc,start       ] GC(46) Pause Young (Allocation Failure)
[56.485s][info][gc,heap        ] GC(46) PSYoungGen: 2380400K(2539520K)->187024K(2529792K) Eden: 2283008K(2283008K)->0K(2277888K) From: 97392K(256512K)->187024K(251904K)
[56.485s][info][gc,heap        ] GC(46) ParOldGen: 104118K(5592576K)->104190K(5592576K)
[56.485s][info][gc,metaspace   ] GC(46) Metaspace: 22170K(22464K)->22170K(22464K) NonClass: 19381K(19520K)->19381K(19520K) Class: 2789K(2944K)->2789K(2944K)
[56.485s][info][gc             ] GC(46) Pause Young (Allocation Failure) 2426M->284M(7932M) 132.984ms
[56.485s][info][gc,cpu         ] GC(46) User=0.80s Sys=0.00s Real=0.14s
[57.953s][info][gc,start       ] GC(47) Pause Young (Allocation Failure)
[58.037s][info][gc,heap        ] GC(47) PSYoungGen: 2464912K(2529792K)->105712K(2536960K) Eden: 2277888K(2277888K)->0K(2277888K) From: 187024K(251904K)->105712K(259072K)
[58.037s][info][gc,heap        ] GC(47) ParOldGen: 104190K(5592576K)->104738K(5592576K)
[58.037s][info][gc,metaspace   ] GC(47) Metaspace: 22171K(22464K)->22171K(22464K) NonClass: 19382K(19520K)->19382K(19520K) Class: 2789K(2944K)->2789K(2944K)
[58.037s][info][gc             ] GC(47) Pause Young (Allocation Failure) 2508M->205M(7939M) 84.614ms
[58.037s][info][gc,cpu         ] GC(47) User=0.47s Sys=0.00s Real=0.08s
[59.251s][info][gc,start       ] GC(48) Pause Young (Allocation Failure)
[59.371s][info][gc,heap        ] GC(48) PSYoungGen: 2383600K(2536960K)->172160K(2539520K) Eden: 2277888K(2277888K)->0K(2286080K) From: 105712K(259072K)->172160K(253440K)
[59.371s][info][gc,heap        ] GC(48) ParOldGen: 104738K(5592576K)->105627K(5592576K)
[59.371s][info][gc,metaspace   ] GC(48) Metaspace: 22177K(22464K)->22177K(22464K) NonClass: 19388K(19520K)->19388K(19520K) Class: 2789K(2944K)->2789K(2944K)
[59.371s][info][gc             ] GC(48) Pause Young (Allocation Failure) 2430M->271M(7941M) 119.972ms
[59.371s][info][gc,cpu         ] GC(48) User=0.66s Sys=0.00s Real=0.11s
[60.695s][info][gc,start       ] GC(49) Pause Young (Allocation Failure)
[60.811s][info][gc,heap        ] GC(49) PSYoungGen: 2458240K(2539520K)->155376K(2541056K) Eden: 2286080K(2286080K)->0K(2286080K) From: 172160K(253440K)->155376K(254976K)
[60.811s][info][gc,heap        ] GC(49) ParOldGen: 105627K(5592576K)->109303K(5592576K)
[60.811s][info][gc,metaspace   ] GC(49) Metaspace: 22177K(22464K)->22177K(22464K) NonClass: 19388K(19520K)->19388K(19520K) Class: 2789K(2944K)->2789K(2944K)
[60.811s][info][gc             ] GC(49) Pause Young (Allocation Failure) 2503M->258M(7943M) 115.616ms
[60.811s][info][gc,cpu         ] GC(49) User=0.73s Sys=0.00s Real=0.13s
[62.043s][info][gc,start       ] GC(50) Pause Young (System.gc())
[62.109s][info][gc,heap        ] GC(50) PSYoungGen: 1854461K(2541056K)->84016K(2547712K) Eden: 1699085K(2286080K)->0K(2298880K) From: 155376K(254976K)->84016K(248832K)
[62.109s][info][gc,heap        ] GC(50) ParOldGen: 109303K(5592576K)->109751K(5592576K)
[62.109s][info][gc,metaspace   ] GC(50) Metaspace: 22181K(22528K)->22181K(22528K) NonClass: 19391K(19584K)->19391K(19584K) Class: 2789K(2944K)->2789K(2944K)
[62.109s][info][gc             ] GC(50) Pause Young (System.gc()) 1917M->189M(7949M) 66.375ms
[62.109s][info][gc,cpu         ] GC(50) User=0.38s Sys=0.00s Real=0.06s
[62.109s][info][gc,start       ] GC(51) Pause Full (System.gc())
[62.109s][info][gc,phases,start] GC(51) Marking Phase
[62.144s][info][gc,phases      ] GC(51) Marking Phase 34.722ms
[62.144s][info][gc,phases,start] GC(51) Summary Phase
[62.144s][info][gc,phases      ] GC(51) Summary Phase 0.010ms
[62.144s][info][gc,phases,start] GC(51) Adjust Roots
[62.147s][info][gc,phases      ] GC(51) Adjust Roots 3.205ms
[62.148s][info][gc,phases,start] GC(51) Compaction Phase
[62.250s][info][gc,phases      ] GC(51) Compaction Phase 102.763ms
[62.250s][info][gc,phases,start] GC(51) Post Compact
[62.251s][info][gc,phases      ] GC(51) Post Compact 1.066ms
[62.251s][info][gc,heap        ] GC(51) PSYoungGen: 84016K(2547712K)->0K(2547712K) Eden: 0K(2298880K)->0K(2298880K) From: 84016K(248832K)->0K(248832K)
[62.252s][info][gc,heap        ] GC(51) ParOldGen: 109751K(5592576K)->90700K(5592576K)
[62.252s][info][gc,metaspace   ] GC(51) Metaspace: 22181K(22528K)->22181K(22528K) NonClass: 19391K(19584K)->19391K(19584K) Class: 2789K(2944K)->2789K(2944K)
[62.252s][info][gc             ] GC(51) Pause Full (System.gc()) 189M->88M(7949M) 142.084ms
[62.252s][info][gc,cpu         ] GC(51) User=0.67s Sys=0.00s Real=0.14s
[63.399s][info][gc,start       ] GC(52) Pause Young (Allocation Failure)
[63.537s][info][gc,heap        ] GC(52) PSYoungGen: 2298880K(2547712K)->188736K(2487808K) Eden: 2298880K(2298880K)->0K(2298880K) From: 0K(248832K)->188736K(188928K)
[63.537s][info][gc,heap        ] GC(52) ParOldGen: 90700K(5592576K)->90700K(5592576K)
[63.537s][info][gc,metaspace   ] GC(52) Metaspace: 22184K(22528K)->22184K(22528K) NonClass: 19395K(19584K)->19395K(19584K) Class: 2789K(2944K)->2789K(2944K)
[63.537s][info][gc             ] GC(52) Pause Young (Allocation Failure) 2333M->272M(7891M) 137.549ms
[63.537s][info][gc,cpu         ] GC(52) User=0.80s Sys=0.00s Real=0.13s
[65.133s][info][gc,start       ] GC(53) Pause Young (Allocation Failure)
[65.210s][info][gc,heap        ] GC(53) PSYoungGen: 2487616K(2487808K)->100960K(2544128K) Eden: 2298880K(2298880K)->0K(2288128K) From: 188736K(188928K)->100960K(256000K)
[65.210s][info][gc,heap        ] GC(53) ParOldGen: 90700K(5592576K)->90732K(5592576K)
[65.211s][info][gc,metaspace   ] GC(53) Metaspace: 22199K(22528K)->22199K(22528K) NonClass: 19409K(19584K)->19409K(19584K) Class: 2789K(2944K)->2789K(2944K)
[65.211s][info][gc             ] GC(53) Pause Young (Allocation Failure) 2517M->187M(7946M) 77.350ms
[65.211s][info][gc,cpu         ] GC(53) User=0.38s Sys=0.00s Real=0.06s
[66.386s][info][gc,start       ] GC(54) Pause Young (Allocation Failure)
[66.524s][info][gc,heap        ] GC(54) PSYoungGen: 2389088K(2544128K)->187504K(2476032K) Eden: 2288128K(2288128K)->0K(2288128K) From: 100960K(256000K)->187504K(187904K)
[66.524s][info][gc,heap        ] GC(54) ParOldGen: 90732K(5592576K)->91816K(5592576K)
[66.524s][info][gc,metaspace   ] GC(54) Metaspace: 22213K(22592K)->22213K(22592K) NonClass: 19423K(19648K)->19423K(19648K) Class: 2789K(2944K)->2789K(2944K)
[66.524s][info][gc             ] GC(54) Pause Young (Allocation Failure) 2421M->272M(7879M) 137.732ms
[66.524s][info][gc,cpu         ] GC(54) User=0.75s Sys=0.00s Real=0.13s
[68.029s][info][gc,start       ] GC(55) Pause Young (Allocation Failure)
[68.109s][info][gc,heap        ] GC(55) PSYoungGen: 2475632K(2476032K)->105088K(2542592K) Eden: 2288128K(2288128K)->0K(2284032K) From: 187504K(187904K)->105088K(258560K)
[68.109s][info][gc,heap        ] GC(55) ParOldGen: 91816K(5592576K)->92504K(5592576K)
[68.109s][info][gc,metaspace   ] GC(55) Metaspace: 22223K(22592K)->22223K(22592K) NonClass: 19433K(19648K)->19433K(19648K) Class: 2789K(2944K)->2789K(2944K)
[68.109s][info][gc             ] GC(55) Pause Young (Allocation Failure) 2507M->192M(7944M) 79.290ms
[68.109s][info][gc,cpu         ] GC(55) User=0.39s Sys=0.00s Real=0.08s
[69.423s][info][gc,start       ] GC(56) Pause Young (Allocation Failure)
[69.546s][info][gc,heap        ] GC(56) PSYoungGen: 2389120K(2542592K)->169216K(2537472K) Eden: 2284032K(2284032K)->0K(2284032K) From: 105088K(258560K)->169216K(253440K)
[69.546s][info][gc,heap        ] GC(56) ParOldGen: 92504K(5592576K)->92528K(5592576K)
[69.546s][info][gc,metaspace   ] GC(56) Metaspace: 22236K(22592K)->22236K(22592K) NonClass: 19447K(19648K)->19447K(19648K) Class: 2789K(2944K)->2789K(2944K)
[69.546s][info][gc             ] GC(56) Pause Young (Allocation Failure) 2423M->255M(7939M) 122.896ms
[69.546s][info][gc,cpu         ] GC(56) User=0.66s Sys=0.00s Real=0.13s
[71.068s][info][gc,start       ] GC(57) Pause Young (Allocation Failure)
[71.138s][info][gc,heap        ] GC(57) PSYoungGen: 2453248K(2537472K)->91232K(2545152K) Eden: 2284032K(2284032K)->0K(2291712K) From: 169216K(253440K)->91232K(253440K)
[71.138s][info][gc,heap        ] GC(57) ParOldGen: 92528K(5592576K)->92544K(5592576K)
[71.138s][info][gc,metaspace   ] GC(57) Metaspace: 22241K(22592K)->22241K(22592K) NonClass: 19451K(19648K)->19451K(19648K) Class: 2789K(2944K)->2789K(2944K)
[71.138s][info][gc             ] GC(57) Pause Young (Allocation Failure) 2486M->179M(7947M) 69.915ms
[71.138s][info][gc,cpu         ] GC(57) User=0.38s Sys=0.02s Real=0.06s
[72.056s][info][gc,start       ] GC(58) Pause Young (System.gc())
[72.138s][info][gc,heap        ] GC(58) PSYoungGen: 1566993K(2545152K)->95760K(2542592K) Eden: 1475761K(2291712K)->0K(2291712K) From: 91232K(253440K)->95760K(250880K)
[72.138s][info][gc,heap        ] GC(58) ParOldGen: 92544K(5592576K)->94068K(5592576K)
[72.138s][info][gc,metaspace   ] GC(58) Metaspace: 22241K(22592K)->22241K(22592K) NonClass: 19451K(19648K)->19451K(19648K) Class: 2789K(2944K)->2789K(2944K)
[72.138s][info][gc             ] GC(58) Pause Young (System.gc()) 1620M->185M(7944M) 82.793ms
[72.138s][info][gc,cpu         ] GC(58) User=0.47s Sys=0.00s Real=0.08s
[72.138s][info][gc,start       ] GC(59) Pause Full (System.gc())
[72.138s][info][gc,phases,start] GC(59) Marking Phase
[72.181s][info][gc,phases      ] GC(59) Marking Phase 42.765ms
[72.181s][info][gc,phases,start] GC(59) Summary Phase
[72.181s][info][gc,phases      ] GC(59) Summary Phase 0.011ms
[72.181s][info][gc,phases,start] GC(59) Adjust Roots
[72.184s][info][gc,phases      ] GC(59) Adjust Roots 2.889ms
[72.184s][info][gc,phases,start] GC(59) Compaction Phase
[72.307s][info][gc,phases      ] GC(59) Compaction Phase 122.498ms
[72.307s][info][gc,phases,start] GC(59) Post Compact
[72.308s][info][gc,phases      ] GC(59) Post Compact 1.050ms
[72.308s][info][gc,heap        ] GC(59) PSYoungGen: 95760K(2542592K)->0K(2542592K) Eden: 0K(2291712K)->0K(2291712K) From: 95760K(250880K)->0K(250880K)
[72.308s][info][gc,heap        ] GC(59) ParOldGen: 94068K(5592576K)->103961K(5592576K)
[72.308s][info][gc,metaspace   ] GC(59) Metaspace: 22241K(22592K)->22241K(22592K) NonClass: 19451K(19648K)->19451K(19648K) Class: 2789K(2944K)->2789K(2944K)
[72.308s][info][gc             ] GC(59) Pause Full (System.gc()) 185M->101M(7944M) 169.488ms
[72.308s][info][gc,cpu         ] GC(59) User=0.69s Sys=0.00s Real=0.17s
[73.762s][info][gc,start       ] GC(60) Pause Young (Allocation Failure)
[73.910s][info][gc,heap        ] GC(60) PSYoungGen: 2291712K(2542592K)->218832K(2508800K) Eden: 2291712K(2291712K)->0K(2262528K) From: 0K(250880K)->218832K(246272K)
[73.910s][info][gc,heap        ] GC(60) ParOldGen: 103961K(5592576K)->103961K(5592576K)
[73.910s][info][gc,metaspace   ] GC(60) Metaspace: 22241K(22592K)->22241K(22592K) NonClass: 19452K(19648K)->19452K(19648K) Class: 2789K(2944K)->2789K(2944K)
[73.910s][info][gc             ] GC(60) Pause Young (Allocation Failure) 2339M->315M(7911M) 148.001ms
[73.910s][info][gc,cpu         ] GC(60) User=0.84s Sys=0.00s Real=0.14s
[75.308s][info][gc,start       ] GC(61) Pause Young (Allocation Failure)
[75.407s][info][gc,heap        ] GC(61) PSYoungGen: 2481360K(2508800K)->137600K(2529280K) Eden: 2262528K(2262528K)->0K(2262528K) From: 218832K(246272K)->137600K(266752K)
[75.407s][info][gc,heap        ] GC(61) ParOldGen: 103961K(5592576K)->103985K(5592576K)
[75.407s][info][gc,metaspace   ] GC(61) Metaspace: 22245K(22592K)->22245K(22592K) NonClass: 19455K(19648K)->19455K(19648K) Class: 2789K(2944K)->2789K(2944K)
[75.407s][info][gc             ] GC(61) Pause Young (Allocation Failure) 2524M->235M(7931M) 98.409ms
[75.407s][info][gc,cpu         ] GC(61) User=0.58s Sys=0.00s Real=0.09s
[76.454s][info][gc,start       ] GC(62) Pause Young (Allocation Failure)
[76.606s][info][gc,heap        ] GC(62) PSYoungGen: 2400128K(2529280K)->195088K(2523648K) Eden: 2262528K(2262528K)->0K(2268672K) From: 137600K(266752K)->195088K(254976K)
[76.606s][info][gc,heap        ] GC(62) ParOldGen: 103985K(5592576K)->121629K(5592576K)
[76.606s][info][gc,metaspace   ] GC(62) Metaspace: 22249K(22592K)->22249K(22592K) NonClass: 19459K(19648K)->19459K(19648K) Class: 2789K(2944K)->2789K(2944K)
[76.606s][info][gc             ] GC(62) Pause Young (Allocation Failure) 2445M->309M(7926M) 152.145ms
[76.606s][info][gc,cpu         ] GC(62) User=0.84s Sys=0.00s Real=0.16s
[78.083s][info][gc,start       ] GC(63) Pause Young (Allocation Failure)
[78.183s][info][gc,heap        ] GC(63) PSYoungGen: 2463760K(2523648K)->135152K(2532352K) Eden: 2268672K(2268672K)->0K(2268672K) From: 195088K(254976K)->135152K(263680K)
[78.183s][info][gc,heap        ] GC(63) ParOldGen: 121629K(5592576K)->123925K(5592576K)
[78.183s][info][gc,metaspace   ] GC(63) Metaspace: 22258K(22592K)->22258K(22592K) NonClass: 19468K(19648K)->19468K(19648K) Class: 2789K(2944K)->2789K(2944K)
[78.183s][info][gc             ] GC(63) Pause Young (Allocation Failure) 2524M->253M(7934M) 99.969ms
[78.183s][info][gc,cpu         ] GC(63) User=0.48s Sys=0.00s Real=0.10s
[79.330s][info][gc,start       ] GC(64) Pause Young (Allocation Failure)
[79.477s][info][gc,heap        ] GC(64) PSYoungGen: 2403824K(2532352K)->202608K(2521600K) Eden: 2268672K(2268672K)->0K(2267648K) From: 135152K(263680K)->202608K(253952K)
[79.477s][info][gc,heap        ] GC(64) ParOldGen: 123925K(5592576K)->133873K(5592576K)
[79.477s][info][gc,metaspace   ] GC(64) Metaspace: 22262K(22592K)->22262K(22592K) NonClass: 19472K(19648K)->19472K(19648K) Class: 2789K(2944K)->2789K(2944K)
[79.477s][info][gc             ] GC(64) Pause Young (Allocation Failure) 2468M->328M(7924M) 147.153ms
[79.477s][info][gc,cpu         ] GC(64) User=0.91s Sys=0.00s Real=0.16s
[80.898s][info][gc,start       ] GC(65) Pause Young (Allocation Failure)
[80.999s][info][gc,heap        ] GC(65) PSYoungGen: 2470256K(2521600K)->140784K(2531840K) Eden: 2267648K(2267648K)->0K(2267648K) From: 202608K(253952K)->140784K(264192K)
[81.000s][info][gc,heap        ] GC(65) ParOldGen: 133873K(5592576K)->135465K(5592576K)
[81.000s][info][gc,metaspace   ] GC(65) Metaspace: 22275K(22592K)->22275K(22592K) NonClass: 19486K(19648K)->19486K(19648K) Class: 2789K(2944K)->2789K(2944K)
[81.000s][info][gc             ] GC(65) Pause Young (Allocation Failure) 2543M->269M(7934M) 101.919ms
[81.000s][info][gc,cpu         ] GC(65) User=0.58s Sys=0.00s Real=0.11s
[81.682s][info][gc,start       ] GC(66) Pause Young (System.gc())
[81.755s][info][gc,heap        ] GC(66) PSYoungGen: 1298803K(2531840K)->72224K(2535936K) Eden: 1158019K(2267648K)->0K(2280960K) From: 140784K(264192K)->72224K(254976K)
[81.755s][info][gc,heap        ] GC(66) ParOldGen: 135465K(5592576K)->160801K(5592576K)
[81.755s][info][gc,metaspace   ] GC(66) Metaspace: 22275K(22592K)->22275K(22592K) NonClass: 19486K(19648K)->19486K(19648K) Class: 2789K(2944K)->2789K(2944K)
[81.755s][info][gc             ] GC(66) Pause Young (System.gc()) 1400M->227M(7938M) 73.554ms
[81.755s][info][gc,cpu         ] GC(66) User=0.34s Sys=0.06s Real=0.08s
[81.755s][info][gc,start       ] GC(67) Pause Full (System.gc())
[81.755s][info][gc,phases,start] GC(67) Marking Phase
[81.796s][info][gc,phases      ] GC(67) Marking Phase 40.818ms
[81.796s][info][gc,phases,start] GC(67) Summary Phase
[81.796s][info][gc,phases      ] GC(67) Summary Phase 0.011ms
[81.796s][info][gc,phases,start] GC(67) Adjust Roots
[81.800s][info][gc,phases      ] GC(67) Adjust Roots 3.420ms
[81.800s][info][gc,phases,start] GC(67) Compaction Phase
[81.912s][info][gc,phases      ] GC(67) Compaction Phase 112.401ms
[81.912s][info][gc,phases,start] GC(67) Post Compact
[81.914s][info][gc,phases      ] GC(67) Post Compact 1.240ms
[81.914s][info][gc,heap        ] GC(67) PSYoungGen: 72224K(2535936K)->0K(2535936K) Eden: 0K(2280960K)->0K(2280960K) From: 72224K(254976K)->0K(254976K)
[81.914s][info][gc,heap        ] GC(67) ParOldGen: 160801K(5592576K)->104111K(5592576K)
[81.914s][info][gc,metaspace   ] GC(67) Metaspace: 22275K(22592K)->22275K(22592K) NonClass: 19486K(19648K)->19486K(19648K) Class: 2789K(2944K)->2789K(2944K)
[81.914s][info][gc             ] GC(67) Pause Full (System.gc()) 227M->101M(7938M) 158.148ms
[81.914s][info][gc,cpu         ] GC(67) User=0.64s Sys=0.00s Real=0.16s
[83.077s][info][gc,start       ] GC(68) Pause Young (Allocation Failure)
[83.204s][info][gc,heap        ] GC(68) PSYoungGen: 2280960K(2535936K)->179168K(2460160K) Eden: 2280960K(2280960K)->0K(2280960K) From: 0K(254976K)->179168K(179200K)
[83.204s][info][gc,heap        ] GC(68) ParOldGen: 104111K(5592576K)->104111K(5592576K)
[83.204s][info][gc,metaspace   ] GC(68) Metaspace: 22283K(22592K)->22283K(22592K) NonClass: 19494K(19648K)->19494K(19648K) Class: 2789K(2944K)->2789K(2944K)
[83.204s][info][gc             ] GC(68) Pause Young (Allocation Failure) 2329M->276M(7864M) 127.363ms
[83.204s][info][gc,cpu         ] GC(68) User=0.73s Sys=0.00s Real=0.13s
[84.656s][info][gc,start       ] GC(69) Pause Young (Allocation Failure)
[84.749s][info][gc,heap        ] GC(69) PSYoungGen: 2460128K(2460160K)->124608K(2544128K) Eden: 2280960K(2280960K)->0K(2284544K) From: 179168K(179200K)->124608K(259584K)
[84.749s][info][gc,heap        ] GC(69) ParOldGen: 104111K(5592576K)->104759K(5592576K)
[84.749s][info][gc,metaspace   ] GC(69) Metaspace: 22283K(22592K)->22283K(22592K) NonClass: 19494K(19648K)->19494K(19648K) Class: 2789K(2944K)->2789K(2944K)
[84.749s][info][gc             ] GC(69) Pause Young (Allocation Failure) 2504M->223M(7946M) 92.721ms
[84.749s][info][gc,cpu         ] GC(69) User=0.48s Sys=0.00s Real=0.09s
[86.249s][info][gc,start       ] GC(70) Pause Young (Allocation Failure)
[86.336s][info][gc,heap        ] GC(70) PSYoungGen: 2409152K(2544128K)->128976K(2536448K) Eden: 2284544K(2284544K)->0K(2284544K) From: 124608K(259584K)->128976K(251904K)
[86.336s][info][gc,heap        ] GC(70) ParOldGen: 104759K(5592576K)->105400K(5592576K)
[86.336s][info][gc,metaspace   ] GC(70) Metaspace: 22288K(22592K)->22288K(22592K) NonClass: 19498K(19648K)->19498K(19648K) Class: 2789K(2944K)->2789K(2944K)
[86.336s][info][gc             ] GC(70) Pause Young (Allocation Failure) 2454M->228M(7938M) 87.099ms
[86.336s][info][gc,cpu         ] GC(70) User=0.48s Sys=0.00s Real=0.08s
[87.810s][info][gc,start       ] GC(71) Pause Young (Allocation Failure)
[87.886s][info][gc,heap        ] GC(71) PSYoungGen: 2413520K(2536448K)->99520K(2555392K) Eden: 2284544K(2284544K)->0K(2311680K) From: 128976K(251904K)->99520K(243712K)
[87.886s][info][gc,heap        ] GC(71) ParOldGen: 105400K(5592576K)->105432K(5592576K)
[87.886s][info][gc,metaspace   ] GC(71) Metaspace: 22315K(22656K)->22315K(22656K) NonClass: 19525K(19712K)->19525K(19712K) Class: 2789K(2944K)->2789K(2944K)
[87.886s][info][gc             ] GC(71) Pause Young (Allocation Failure) 2459M->200M(7957M) 75.420ms
[87.886s][info][gc,cpu         ] GC(71) User=0.45s Sys=0.02s Real=0.08s
[89.042s][info][gc,start       ] GC(72) Pause Young (Allocation Failure)
[89.169s][info][gc,heap        ] GC(72) PSYoungGen: 2411200K(2555392K)->186528K(2498560K) Eden: 2311680K(2311680K)->0K(2311680K) From: 99520K(243712K)->186528K(186880K)
[89.169s][info][gc,heap        ] GC(72) ParOldGen: 105432K(5592576K)->106068K(5592576K)
[89.169s][info][gc,metaspace   ] GC(72) Metaspace: 22322K(22656K)->22322K(22656K) NonClass: 19532K(19712K)->19532K(19712K) Class: 2789K(2944K)->2789K(2944K)
[89.169s][info][gc             ] GC(72) Pause Young (Allocation Failure) 2457M->285M(7901M) 127.804ms
[89.169s][info][gc,cpu         ] GC(72) User=0.69s Sys=0.00s Real=0.12s
[90.556s][info][gc,start       ] GC(73) Pause Young (Allocation Failure)
[90.644s][info][gc,heap        ] GC(73) PSYoungGen: 2498208K(2498560K)->117248K(2553856K) Eden: 2311680K(2311680K)->0K(2305536K) From: 186528K(186880K)->117248K(248320K)
[90.644s][info][gc,heap        ] GC(73) ParOldGen: 106068K(5592576K)->106748K(5592576K)
[90.644s][info][gc,metaspace   ] GC(73) Metaspace: 22322K(22656K)->22322K(22656K) NonClass: 19532K(19712K)->19532K(19712K) Class: 2789K(2944K)->2789K(2944K)
[90.644s][info][gc             ] GC(73) Pause Young (Allocation Failure) 2543M->218M(7955M) 87.791ms
[90.644s][info][gc,cpu         ] GC(73) User=0.45s Sys=0.00s Real=0.08s
[91.490s][info][gc,start       ] GC(74) Pause Young (System.gc())
[91.571s][info][gc,heap        ] GC(74) PSYoungGen: 1501678K(2553856K)->87744K(2547712K) Eden: 1384429K(2305536K)->0K(2305536K) From: 117248K(248320K)->87744K(242176K)
[91.571s][info][gc,heap        ] GC(74) ParOldGen: 106748K(5592576K)->117008K(5592576K)
[91.571s][info][gc,metaspace   ] GC(74) Metaspace: 22322K(22656K)->22322K(22656K) NonClass: 19532K(19712K)->19532K(19712K) Class: 2789K(2944K)->2789K(2944K)
[91.571s][info][gc             ] GC(74) Pause Young (System.gc()) 1570M->199M(7949M) 81.016ms
[91.571s][info][gc,cpu         ] GC(74) User=0.39s Sys=0.00s Real=0.08s
[91.571s][info][gc,start       ] GC(75) Pause Full (System.gc())
[91.571s][info][gc,phases,start] GC(75) Marking Phase
[91.614s][info][gc,phases      ] GC(75) Marking Phase 43.045ms
[91.614s][info][gc,phases,start] GC(75) Summary Phase
[91.614s][info][gc,phases      ] GC(75) Summary Phase 0.012ms
[91.614s][info][gc,phases,start] GC(75) Adjust Roots
[91.618s][info][gc,phases      ] GC(75) Adjust Roots 3.279ms
[91.618s][info][gc,phases,start] GC(75) Compaction Phase
[91.725s][info][gc,phases      ] GC(75) Compaction Phase 107.598ms
[91.725s][info][gc,phases,start] GC(75) Post Compact
[91.726s][info][gc,phases      ] GC(75) Post Compact 1.135ms
[91.726s][info][gc,heap        ] GC(75) PSYoungGen: 87744K(2547712K)->0K(2547712K) Eden: 0K(2305536K)->0K(2305536K) From: 87744K(242176K)->0K(242176K)
[91.726s][info][gc,heap        ] GC(75) ParOldGen: 117008K(5592576K)->104068K(5592576K)
[91.726s][info][gc,metaspace   ] GC(75) Metaspace: 22322K(22656K)->22322K(22656K) NonClass: 19532K(19712K)->19532K(19712K) Class: 2789K(2944K)->2789K(2944K)
[91.727s][info][gc             ] GC(75) Pause Full (System.gc()) 199M->101M(7949M) 155.374ms
[91.727s][info][gc,cpu         ] GC(75) User=0.61s Sys=0.00s Real=0.16s
[92.922s][info][gc,start       ] GC(76) Pause Young (Allocation Failure)
[93.054s][info][gc,heap        ] GC(76) PSYoungGen: 2305536K(2547712K)->183760K(2540544K) Eden: 2305536K(2305536K)->0K(2299392K) From: 0K(242176K)->183760K(241152K)
[93.054s][info][gc,heap        ] GC(76) ParOldGen: 104068K(5592576K)->104076K(5592576K)
[93.054s][info][gc,metaspace   ] GC(76) Metaspace: 22324K(22656K)->22324K(22656K) NonClass: 19535K(19712K)->19535K(19712K) Class: 2789K(2944K)->2789K(2944K)
[93.054s][info][gc             ] GC(76) Pause Young (Allocation Failure) 2353M->281M(7942M) 131.752ms
[93.054s][info][gc,cpu         ] GC(76) User=0.77s Sys=0.00s Real=0.14s
[94.444s][info][gc,start       ] GC(77) Pause Young (Allocation Failure)
[94.528s][info][gc,heap        ] GC(77) PSYoungGen: 2483152K(2540544K)->112416K(2547712K) Eden: 2299392K(2299392K)->0K(2299392K) From: 183760K(241152K)->112416K(248320K)
[94.528s][info][gc,heap        ] GC(77) ParOldGen: 104076K(5592576K)->104176K(5592576K)
[94.528s][info][gc,metaspace   ] GC(77) Metaspace: 22325K(22656K)->22325K(22656K) NonClass: 19535K(19712K)->19535K(19712K) Class: 2789K(2944K)->2789K(2944K)
[94.528s][info][gc             ] GC(77) Pause Young (Allocation Failure) 2526M->211M(7949M) 83.861ms
[94.528s][info][gc,cpu         ] GC(77) User=0.48s Sys=0.00s Real=0.09s
[95.610s][info][gc,start       ] GC(78) Pause Young (Allocation Failure)
[95.736s][info][gc,heap        ] GC(78) PSYoungGen: 2411808K(2547712K)->182432K(2540544K) Eden: 2299392K(2299392K)->0K(2298368K) From: 112416K(248320K)->182432K(242176K)
[95.736s][info][gc,heap        ] GC(78) ParOldGen: 104176K(5592576K)->104697K(5592576K)
[95.736s][info][gc,metaspace   ] GC(78) Metaspace: 22325K(22656K)->22325K(22656K) NonClass: 19535K(19712K)->19535K(19712K) Class: 2789K(2944K)->2789K(2944K)
[95.736s][info][gc             ] GC(78) Pause Young (Allocation Failure) 2457M->280M(7942M) 125.527ms
[95.736s][info][gc,cpu         ] GC(78) User=0.67s Sys=0.00s Real=0.13s
[97.054s][info][gc,start       ] GC(79) Pause Young (Allocation Failure)
[97.141s][info][gc,heap        ] GC(79) PSYoungGen: 2480800K(2540544K)->122240K(2547200K) Eden: 2298368K(2298368K)->0K(2298368K) From: 182432K(242176K)->122240K(248832K)
[97.141s][info][gc,heap        ] GC(79) ParOldGen: 104697K(5592576K)->104729K(5592576K)
[97.141s][info][gc,metaspace   ] GC(79) Metaspace: 22347K(22656K)->22347K(22656K) NonClass: 19557K(19712K)->19557K(19712K) Class: 2789K(2944K)->2789K(2944K)
[97.141s][info][gc             ] GC(79) Pause Young (Allocation Failure) 2524M->221M(7949M) 86.576ms
[97.141s][info][gc,cpu         ] GC(79) User=0.53s Sys=0.00s Real=0.09s
[98.184s][info][gc,start       ] GC(80) Pause Young (Allocation Failure)
[98.318s][info][gc,heap        ] GC(80) PSYoungGen: 2420608K(2547200K)->197120K(2532352K) Eden: 2298368K(2298368K)->0K(2291200K) From: 122240K(248832K)->197120K(241152K)
[98.318s][info][gc,heap        ] GC(80) ParOldGen: 104729K(5592576K)->114469K(5592576K)
[98.318s][info][gc,metaspace   ] GC(80) Metaspace: 22347K(22656K)->22347K(22656K) NonClass: 19558K(19712K)->19558K(19712K) Class: 2789K(2944K)->2789K(2944K)
[98.318s][info][gc             ] GC(80) Pause Young (Allocation Failure) 2466M->304M(7934M) 134.118ms
[98.318s][info][gc,cpu         ] GC(80) User=0.77s Sys=0.00s Real=0.14s
[99.716s][info][gc,start       ] GC(81) Pause Young (Allocation Failure)
[99.808s][info][gc,heap        ] GC(81) PSYoungGen: 2488320K(2532352K)->130560K(2543616K) Eden: 2291200K(2291200K)->0K(2291200K) From: 197120K(241152K)->130560K(252416K)
[99.808s][info][gc,heap        ] GC(81) ParOldGen: 114469K(5592576K)->116381K(5592576K)
[99.808s][info][gc,metaspace   ] GC(81) Metaspace: 22349K(22656K)->22349K(22656K) NonClass: 19559K(19712K)->19559K(19712K) Class: 2789K(2944K)->2789K(2944K)
[99.808s][info][gc             ] GC(81) Pause Young (Allocation Failure) 2541M->241M(7945M) 91.656ms
[99.808s][info][gc,cpu         ] GC(81) User=0.53s Sys=0.00s Real=0.08s
[100.580s][info][gc,start       ] GC(82) Pause Young (System.gc())
[100.648s][info][gc,heap        ] GC(82) PSYoungGen: 1427484K(2543616K)->80496K(2549760K) Eden: 1296924K(2291200K)->0K(2305536K) From: 130560K(252416K)->80496K(244224K)
[100.649s][info][gc,heap        ] GC(82) ParOldGen: 116381K(5592576K)->133561K(5592576K)
[100.649s][info][gc,metaspace   ] GC(82) Metaspace: 22350K(22656K)->22350K(22656K) NonClass: 19560K(19712K)->19560K(19712K) Class: 2789K(2944K)->2789K(2944K)
[100.649s][info][gc             ] GC(82) Pause Young (System.gc()) 1507M->209M(7951M) 68.705ms
[100.649s][info][gc,cpu         ] GC(82) User=0.38s Sys=0.00s Real=0.06s
[100.649s][info][gc,start       ] GC(83) Pause Full (System.gc())
[100.649s][info][gc,phases,start] GC(83) Marking Phase
[100.684s][info][gc,phases      ] GC(83) Marking Phase 35.163ms
[100.684s][info][gc,phases,start] GC(83) Summary Phase
[100.684s][info][gc,phases      ] GC(83) Summary Phase 0.011ms
[100.684s][info][gc,phases,start] GC(83) Adjust Roots
[100.687s][info][gc,phases      ] GC(83) Adjust Roots 3.058ms
[100.687s][info][gc,phases,start] GC(83) Compaction Phase
[100.773s][info][gc,phases      ] GC(83) Compaction Phase 85.963ms
[100.773s][info][gc,phases,start] GC(83) Post Compact
[100.774s][info][gc,phases      ] GC(83) Post Compact 1.143ms
[100.774s][info][gc,heap        ] GC(83) PSYoungGen: 80496K(2549760K)->0K(2549760K) Eden: 0K(2305536K)->0K(2305536K) From: 80496K(244224K)->0K(244224K)
[100.774s][info][gc,heap        ] GC(83) ParOldGen: 133561K(5592576K)->104301K(5592576K)
[100.774s][info][gc,metaspace   ] GC(83) Metaspace: 22350K(22656K)->22350K(22656K) NonClass: 19560K(19712K)->19560K(19712K) Class: 2789K(2944K)->2789K(2944K)
[100.774s][info][gc             ] GC(83) Pause Full (System.gc()) 209M->101M(7951M) 125.589ms
[100.774s][info][gc,cpu         ] GC(83) User=0.55s Sys=0.00s Real=0.13s
[101.865s][info][gc,start       ] GC(84) Pause Young (Allocation Failure)
[101.993s][info][gc,heap        ] GC(84) PSYoungGen: 2305536K(2549760K)->192752K(2498560K) Eden: 2305536K(2305536K)->0K(2305536K) From: 0K(244224K)->192752K(193024K)
[101.993s][info][gc,heap        ] GC(84) ParOldGen: 104301K(5592576K)->104301K(5592576K)
[101.993s][info][gc,metaspace   ] GC(84) Metaspace: 22360K(22656K)->22360K(22656K) NonClass: 19571K(19712K)->19571K(19712K) Class: 2789K(2944K)->2789K(2944K)
[101.993s][info][gc             ] GC(84) Pause Young (Allocation Failure) 2353M->290M(7901M) 127.726ms
[101.993s][info][gc,cpu         ] GC(84) User=0.69s Sys=0.00s Real=0.13s
[103.318s][info][gc,start       ] GC(85) Pause Young (Allocation Failure)
[103.401s][info][gc,heap        ] GC(85) PSYoungGen: 2498288K(2498560K)->113664K(2547200K) Eden: 2305536K(2305536K)->0K(2292224K) From: 192752K(193024K)->113664K(254976K)
[103.401s][info][gc,heap        ] GC(85) ParOldGen: 104301K(5592576K)->104333K(5592576K)
[103.401s][info][gc,metaspace   ] GC(85) Metaspace: 22362K(22656K)->22362K(22656K) NonClass: 19572K(19712K)->19572K(19712K) Class: 2789K(2944K)->2789K(2944K)
[103.401s][info][gc             ] GC(85) Pause Young (Allocation Failure) 2541M->212M(7949M) 83.008ms
[103.401s][info][gc,cpu         ] GC(85) User=0.47s Sys=0.00s Real=0.08s
[104.462s][info][gc,start       ] GC(86) Pause Young (Allocation Failure)
[104.600s][info][gc,heap        ] GC(86) PSYoungGen: 2405888K(2547200K)->193120K(2485760K) Eden: 2292224K(2292224K)->0K(2292224K) From: 113664K(254976K)->193120K(193536K)
[104.600s][info][gc,heap        ] GC(86) ParOldGen: 104333K(5592576K)->109729K(5592576K)
[104.600s][info][gc,metaspace   ] GC(86) Metaspace: 22362K(22656K)->22362K(22656K) NonClass: 19572K(19712K)->19572K(19712K) Class: 2789K(2944K)->2789K(2944K)
[104.600s][info][gc             ] GC(86) Pause Young (Allocation Failure) 2451M->295M(7889M) 138.266ms
[104.600s][info][gc,cpu         ] GC(86) User=0.77s Sys=0.00s Real=0.14s
[106.000s][info][gc,start       ] GC(87) Pause Young (Allocation Failure)
[106.092s][info][gc,heap        ] GC(87) PSYoungGen: 2485344K(2485760K)->121840K(2545664K) Eden: 2292224K(2292224K)->0K(2288128K) From: 193120K(193536K)->121840K(257536K)
[106.092s][info][gc,heap        ] GC(87) ParOldGen: 109729K(5592576K)->111409K(5592576K)
[106.092s][info][gc,metaspace   ] GC(87) Metaspace: 22368K(22656K)->22368K(22656K) NonClass: 19578K(19712K)->19578K(19712K) Class: 2789K(2944K)->2789K(2944K)
[106.092s][info][gc             ] GC(87) Pause Young (Allocation Failure) 2534M->227M(7947M) 92.136ms
[106.092s][info][gc,cpu         ] GC(87) User=0.53s Sys=0.00s Real=0.09s
[107.245s][info][gc,start       ] GC(88) Pause Young (Allocation Failure)
[107.378s][info][gc,heap        ] GC(88) PSYoungGen: 2409968K(2545664K)->196224K(2484736K) Eden: 2288128K(2288128K)->0K(2288128K) From: 121840K(257536K)->196224K(196608K)
[107.379s][info][gc,heap        ] GC(88) ParOldGen: 111409K(5592576K)->119925K(5592576K)
[107.379s][info][gc,metaspace   ] GC(88) Metaspace: 22369K(22656K)->22369K(22656K) NonClass: 19579K(19712K)->19579K(19712K) Class: 2789K(2944K)->2789K(2944K)
[107.379s][info][gc             ] GC(88) Pause Young (Allocation Failure) 2462M->308M(7888M) 133.253ms
[107.379s][info][gc,cpu         ] GC(88) User=0.77s Sys=0.00s Real=0.14s
[108.792s][info][gc,start       ] GC(89) Pause Young (Allocation Failure)
[108.884s][info][gc,heap        ] GC(89) PSYoungGen: 2484352K(2484736K)->126176K(2544128K) Eden: 2288128K(2288128K)->0K(2285056K) From: 196224K(196608K)->126176K(259072K)
[108.884s][info][gc,heap        ] GC(89) ParOldGen: 119925K(5592576K)->121949K(5592576K)
[108.884s][info][gc,metaspace   ] GC(89) Metaspace: 22371K(22656K)->22371K(22656K) NonClass: 19582K(19712K)->19582K(19712K) Class: 2789K(2944K)->2789K(2944K)
[108.884s][info][gc             ] GC(89) Pause Young (Allocation Failure) 2543M->242M(7946M) 91.496ms
[108.884s][info][gc,cpu         ] GC(89) User=0.50s Sys=0.00s Real=0.10s
[109.672s][info][gc,start       ] GC(90) Pause Young (System.gc())
[109.744s][info][gc,heap        ] GC(90) PSYoungGen: 1517517K(2544128K)->81760K(2536960K) Eden: 1391341K(2285056K)->0K(2285056K) From: 126176K(259072K)->81760K(251904K)
[109.744s][info][gc,heap        ] GC(90) ParOldGen: 121949K(5592576K)->137633K(5592576K)
[109.744s][info][gc,metaspace   ] GC(90) Metaspace: 22371K(22656K)->22371K(22656K) NonClass: 19582K(19712K)->19582K(19712K) Class: 2789K(2944K)->2789K(2944K)
[109.744s][info][gc             ] GC(90) Pause Young (System.gc()) 1601M->214M(7939M) 72.154ms
[109.744s][info][gc,cpu         ] GC(90) User=0.38s Sys=0.00s Real=0.07s
[109.744s][info][gc,start       ] GC(91) Pause Full (System.gc())
[109.744s][info][gc,phases,start] GC(91) Marking Phase
[109.777s][info][gc,phases      ] GC(91) Marking Phase 33.353ms
[109.777s][info][gc,phases,start] GC(91) Summary Phase
[109.777s][info][gc,phases      ] GC(91) Summary Phase 0.011ms
[109.777s][info][gc,phases,start] GC(91) Adjust Roots
[109.781s][info][gc,phases      ] GC(91) Adjust Roots 3.673ms
[109.781s][info][gc,phases,start] GC(91) Compaction Phase
[109.873s][info][gc,phases      ] GC(91) Compaction Phase 92.110ms
[109.873s][info][gc,phases,start] GC(91) Post Compact
[109.875s][info][gc,phases      ] GC(91) Post Compact 1.298ms
[109.875s][info][gc,heap        ] GC(91) PSYoungGen: 81760K(2536960K)->0K(2536960K) Eden: 0K(2285056K)->0K(2285056K) From: 81760K(251904K)->0K(251904K)
[109.875s][info][gc,heap        ] GC(91) ParOldGen: 137633K(5592576K)->104028K(5592576K)
[109.875s][info][gc,metaspace   ] GC(91) Metaspace: 22371K(22656K)->22371K(22656K) NonClass: 19582K(19712K)->19582K(19712K) Class: 2789K(2944K)->2789K(2944K)
[109.875s][info][gc             ] GC(91) Pause Full (System.gc()) 214M->101M(7939M) 130.721ms
[109.875s][info][gc,cpu         ] GC(91) User=0.52s Sys=0.00s Real=0.14s
[110.850s][info][gc,start       ] GC(92) Pause Young (Allocation Failure)
[110.978s][info][gc,heap        ] GC(92) PSYoungGen: 2285056K(2536960K)->194656K(2525184K) Eden: 2285056K(2285056K)->0K(2272768K) From: 0K(251904K)->194656K(252416K)
[110.978s][info][gc,heap        ] GC(92) ParOldGen: 104028K(5592576K)->104036K(5592576K)
[110.978s][info][gc,metaspace   ] GC(92) Metaspace: 22372K(22656K)->22372K(22656K) NonClass: 19583K(19712K)->19583K(19712K) Class: 2789K(2944K)->2789K(2944K)
[110.978s][info][gc             ] GC(92) Pause Young (Allocation Failure) 2333M->291M(7927M) 127.628ms
[110.978s][info][gc,cpu         ] GC(92) User=0.69s Sys=0.00s Real=0.12s
[112.642s][info][gc,start       ] GC(93) Pause Young (Allocation Failure)
[112.737s][info][gc,heap        ] GC(93) PSYoungGen: 2467424K(2525184K)->134576K(2534400K) Eden: 2272768K(2272768K)->0K(2272768K) From: 194656K(252416K)->134576K(261632K)
[112.737s][info][gc,heap        ] GC(93) ParOldGen: 104036K(5592576K)->104076K(5592576K)
[112.737s][info][gc,metaspace   ] GC(93) Metaspace: 22373K(22656K)->22373K(22656K) NonClass: 19583K(19712K)->19583K(19712K) Class: 2789K(2944K)->2789K(2944K)
[112.737s][info][gc             ] GC(93) Pause Young (Allocation Failure) 2511M->233M(7936M) 95.371ms
[112.737s][info][gc,cpu         ] GC(93) User=0.48s Sys=0.00s Real=0.09s
[113.777s][info][gc,start       ] GC(94) Pause Young (Allocation Failure)
[113.917s][info][gc,heap        ] GC(94) PSYoungGen: 2407344K(2534400K)->210272K(2516992K) Eden: 2272768K(2272768K)->0K(2265600K) From: 134576K(261632K)->210272K(251392K)
[113.917s][info][gc,heap        ] GC(94) ParOldGen: 104076K(5592576K)->117056K(5592576K)
[113.917s][info][gc,metaspace   ] GC(94) Metaspace: 22378K(22656K)->22378K(22656K) NonClass: 19588K(19712K)->19588K(19712K) Class: 2789K(2944K)->2789K(2944K)
[113.917s][info][gc             ] GC(94) Pause Young (Allocation Failure) 2452M->319M(7919M) 140.629ms
[113.918s][info][gc,cpu         ] GC(94) User=0.77s Sys=0.00s Real=0.14s
[115.174s][info][gc,start       ] GC(95) Pause Young (Allocation Failure)
[115.279s][info][gc,heap        ] GC(95) PSYoungGen: 2475872K(2516992K)->148128K(2530816K) Eden: 2265600K(2265600K)->0K(2265600K) From: 210272K(251392K)->148128K(265216K)
[115.279s][info][gc,heap        ] GC(95) ParOldGen: 117056K(5592576K)->119576K(5592576K)
[115.279s][info][gc,metaspace   ] GC(95) Metaspace: 22379K(22656K)->22379K(22656K) NonClass: 19589K(19712K)->19589K(19712K) Class: 2789K(2944K)->2789K(2944K)
[115.279s][info][gc             ] GC(95) Pause Young (Allocation Failure) 2532M->261M(7933M) 105.137ms
[115.279s][info][gc,cpu         ] GC(95) User=0.66s Sys=0.00s Real=0.11s
[116.406s][info][gc,start       ] GC(96) Pause Young (Allocation Failure)
[116.523s][info][gc,heap        ] GC(96) PSYoungGen: 2413728K(2530816K)->174256K(2543104K) Eden: 2265600K(2265600K)->0K(2288640K) From: 148128K(265216K)->174256K(254464K)
[116.523s][info][gc,heap        ] GC(96) ParOldGen: 119576K(5592576K)->123648K(5592576K)
[116.523s][info][gc,metaspace   ] GC(96) Metaspace: 22380K(22656K)->22380K(22656K) NonClass: 19590K(19712K)->19590K(19712K) Class: 2789K(2944K)->2789K(2944K)
[116.523s][info][gc             ] GC(96) Pause Young (Allocation Failure) 2473M->290M(7945M) 117.246ms
[116.523s][info][gc,cpu         ] GC(96) User=0.66s Sys=0.00s Real=0.13s
[117.906s][info][gc,start       ] GC(97) Pause Young (Allocation Failure)
[118.012s][info][gc,heap        ] GC(97) PSYoungGen: 2462896K(2543104K)->152960K(2541568K) Eden: 2288640K(2288640K)->0K(2288640K) From: 174256K(254464K)->152960K(252928K)
[118.012s][info][gc,heap        ] GC(97) ParOldGen: 123648K(5592576K)->124864K(5592576K)
[118.012s][info][gc,metaspace   ] GC(97) Metaspace: 22381K(22656K)->22381K(22656K) NonClass: 19591K(19712K)->19591K(19712K) Class: 2789K(2944K)->2789K(2944K)
[118.012s][info][gc             ] GC(97) Pause Young (Allocation Failure) 2525M->271M(7943M) 105.670ms
[118.012s][info][gc,cpu         ] GC(97) User=0.56s Sys=0.00s Real=0.10s
[118.701s][info][gc,start       ] GC(98) Pause Young (System.gc())
[118.768s][info][gc,heap        ] GC(98) PSYoungGen: 1243491K(2541568K)->68064K(2542080K) Eden: 1090531K(2288640K)->0K(2299392K) From: 152960K(252928K)->68064K(242688K)
[118.768s][info][gc,heap        ] GC(98) ParOldGen: 124864K(5592576K)->154097K(5592576K)
[118.768s][info][gc,metaspace   ] GC(98) Metaspace: 22381K(22656K)->22381K(22656K) NonClass: 19591K(19712K)->19591K(19712K) Class: 2789K(2944K)->2789K(2944K)
[118.768s][info][gc             ] GC(98) Pause Young (System.gc()) 1336M->216M(7944M) 67.423ms
[118.768s][info][gc,cpu         ] GC(98) User=0.38s Sys=0.00s Real=0.06s
[118.768s][info][gc,start       ] GC(99) Pause Full (System.gc())
[118.768s][info][gc,phases,start] GC(99) Marking Phase
[118.805s][info][gc,phases      ] GC(99) Marking Phase 36.271ms
[118.805s][info][gc,phases,start] GC(99) Summary Phase
[118.805s][info][gc,phases      ] GC(99) Summary Phase 0.011ms
[118.805s][info][gc,phases,start] GC(99) Adjust Roots
[118.808s][info][gc,phases      ] GC(99) Adjust Roots 3.194ms
[118.808s][info][gc,phases,start] GC(99) Compaction Phase
[118.897s][info][gc,phases      ] GC(99) Compaction Phase 89.626ms
[118.897s][info][gc,phases,start] GC(99) Post Compact
[118.899s][info][gc,phases      ] GC(99) Post Compact 1.318ms
[118.899s][info][gc,heap        ] GC(99) PSYoungGen: 68064K(2542080K)->0K(2542080K) Eden: 0K(2299392K)->0K(2299392K) From: 68064K(242688K)->0K(242688K)
[118.899s][info][gc,heap        ] GC(99) ParOldGen: 154097K(5592576K)->103877K(5592576K)
[118.899s][info][gc,metaspace   ] GC(99) Metaspace: 22381K(22656K)->22381K(22656K) NonClass: 19591K(19712K)->19591K(19712K) Class: 2789K(2944K)->2789K(2944K)
[118.899s][info][gc             ] GC(99) Pause Full (System.gc()) 216M->101M(7944M) 130.655ms
[118.899s][info][gc,cpu         ] GC(99) User=0.56s Sys=0.00s Real=0.14s
[120.011s][info][gc,start       ] GC(100) Pause Young (Allocation Failure)
[120.136s][info][gc,heap        ] GC(100) PSYoungGen: 2299392K(2542080K)->187200K(2486784K) Eden: 2299392K(2299392K)->0K(2299392K) From: 0K(242688K)->187200K(187392K)
[120.137s][info][gc,heap        ] GC(100) ParOldGen: 103877K(5592576K)->103877K(5592576K)
[120.137s][info][gc,metaspace   ] GC(100) Metaspace: 22383K(22656K)->22383K(22656K) NonClass: 19594K(19712K)->19594K(19712K) Class: 2789K(2944K)->2789K(2944K)
[120.137s][info][gc             ] GC(100) Pause Young (Allocation Failure) 2346M->284M(7890M) 125.334ms
[120.137s][info][gc,cpu         ] GC(100) User=0.70s Sys=0.00s Real=0.12s
[121.688s][info][gc,start       ] GC(101) Pause Young (Allocation Failure)
[121.760s][info][gc,heap        ] GC(101) PSYoungGen: 2486592K(2486784K)->94144K(2543616K) Eden: 2299392K(2299392K)->0K(2289664K) From: 187200K(187392K)->94144K(253952K)
[121.760s][info][gc,heap        ] GC(101) ParOldGen: 103877K(5592576K)->103917K(5592576K)
[121.760s][info][gc,metaspace   ] GC(101) Metaspace: 22384K(22656K)->22384K(22656K) NonClass: 19594K(19712K)->19594K(19712K) Class: 2789K(2944K)->2789K(2944K)
[121.760s][info][gc             ] GC(101) Pause Young (Allocation Failure) 2529M->193M(7945M) 71.631ms
[121.760s][info][gc,cpu         ] GC(101) User=0.38s Sys=0.00s Real=0.07s
[122.905s][info][gc,start       ] GC(102) Pause Young (Allocation Failure)
[123.026s][info][gc,heap        ] GC(102) PSYoungGen: 2383808K(2543616K)->185008K(2475008K) Eden: 2289664K(2289664K)->0K(2289664K) From: 94144K(253952K)->185008K(185344K)
[123.026s][info][gc,heap        ] GC(102) ParOldGen: 103917K(5592576K)->103917K(5592576K)
[123.026s][info][gc,metaspace   ] GC(102) Metaspace: 22387K(22656K)->22387K(22656K) NonClass: 19597K(19712K)->19597K(19712K) Class: 2789K(2944K)->2789K(2944K)
[123.026s][info][gc             ] GC(102) Pause Young (Allocation Failure) 2429M->282M(7878M) 121.328ms
[123.026s][info][gc,cpu         ] GC(102) User=0.69s Sys=0.00s Real=0.11s
[124.524s][info][gc,start       ] GC(103) Pause Young (Allocation Failure)
[124.594s][info][gc,heap        ] GC(103) PSYoungGen: 2474672K(2475008K)->92336K(2540544K) Eden: 2289664K(2289664K)->0K(2283520K) From: 185008K(185344K)->92336K(257024K)
[124.594s][info][gc,heap        ] GC(103) ParOldGen: 103917K(5592576K)->103925K(5592576K)
[124.594s][info][gc,metaspace   ] GC(103) Metaspace: 22398K(22784K)->22398K(22784K) NonClass: 19608K(19840K)->19608K(19840K) Class: 2789K(2944K)->2789K(2944K)
[124.594s][info][gc             ] GC(103) Pause Young (Allocation Failure) 2518M->191M(7942M) 70.359ms
[124.594s][info][gc,cpu         ] GC(103) User=0.38s Sys=0.00s Real=0.06s
[125.631s][info][gc,start       ] GC(104) Pause Young (Allocation Failure)
[125.759s][info][gc,heap        ] GC(104) PSYoungGen: 2375856K(2540544K)->196912K(2480640K) Eden: 2283520K(2283520K)->0K(2283520K) From: 92336K(257024K)->196912K(197120K)
[125.759s][info][gc,heap        ] GC(104) ParOldGen: 103925K(5592576K)->103949K(5592576K)
[125.759s][info][gc,metaspace   ] GC(104) Metaspace: 22461K(22848K)->22461K(22848K) NonClass: 19662K(19904K)->19662K(19904K) Class: 2799K(2944K)->2799K(2944K)
[125.759s][info][gc             ] GC(104) Pause Young (Allocation Failure) 2421M->293M(7884M) 128.216ms
[125.759s][info][gc,cpu         ] GC(104) User=0.67s Sys=0.02s Real=0.13s
[127.176s][info][gc,start       ] GC(105) Pause Young (Allocation Failure)
[127.263s][info][gc,heap        ] GC(105) PSYoungGen: 2480432K(2480640K)->120288K(2538496K) Eden: 2283520K(2283520K)->0K(2273792K) From: 196912K(197120K)->120288K(264704K)
[127.263s][info][gc,heap        ] GC(105) ParOldGen: 103949K(5592576K)->104025K(5592576K)
[127.263s][info][gc,metaspace   ] GC(105) Metaspace: 22493K(22848K)->22493K(22848K) NonClass: 19694K(19904K)->19694K(19904K) Class: 2799K(2944K)->2799K(2944K)
[127.263s][info][gc             ] GC(105) Pause Young (Allocation Failure) 2523M->219M(7940M) 87.317ms
[127.263s][info][gc,cpu         ] GC(105) User=0.59s Sys=0.00s Real=0.10s
[128.083s][info][gc,start       ] GC(106) Pause Young (System.gc())
[128.156s][info][gc,heap        ] GC(106) PSYoungGen: 1473578K(2538496K)->86352K(2531328K) Eden: 1353290K(2273792K)->0K(2273792K) From: 120288K(264704K)->86352K(257536K)
[128.156s][info][gc,heap        ] GC(106) ParOldGen: 104025K(5592576K)->115141K(5592576K)
[128.156s][info][gc,metaspace   ] GC(106) Metaspace: 22496K(22848K)->22496K(22848K) NonClass: 19697K(19904K)->19697K(19904K) Class: 2799K(2944K)->2799K(2944K)
[128.156s][info][gc             ] GC(106) Pause Young (System.gc()) 1540M->196M(7933M) 72.706ms
[128.156s][info][gc,cpu         ] GC(106) User=0.38s Sys=0.00s Real=0.06s
[128.156s][info][gc,start       ] GC(107) Pause Full (System.gc())
[128.156s][info][gc,phases,start] GC(107) Marking Phase
[128.191s][info][gc,phases      ] GC(107) Marking Phase 35.556ms
[128.191s][info][gc,phases,start] GC(107) Summary Phase
[128.191s][info][gc,phases      ] GC(107) Summary Phase 0.012ms
[128.191s][info][gc,phases,start] GC(107) Adjust Roots
[128.195s][info][gc,phases      ] GC(107) Adjust Roots 3.782ms
[128.195s][info][gc,phases,start] GC(107) Compaction Phase
[128.283s][info][gc,phases      ] GC(107) Compaction Phase 87.545ms
[128.283s][info][gc,phases,start] GC(107) Post Compact
[128.284s][info][gc,phases      ] GC(107) Post Compact 1.222ms
[128.284s][info][gc,heap        ] GC(107) PSYoungGen: 86352K(2531328K)->0K(2531328K) Eden: 0K(2273792K)->0K(2273792K) From: 86352K(257536K)->0K(257536K)
[128.284s][info][gc,heap        ] GC(107) ParOldGen: 115141K(5592576K)->104068K(5592576K)
[128.284s][info][gc,metaspace   ] GC(107) Metaspace: 22496K(22848K)->22496K(22848K) NonClass: 19697K(19904K)->19697K(19904K) Class: 2799K(2944K)->2799K(2944K)
[128.284s][info][gc             ] GC(107) Pause Full (System.gc()) 196M->101M(7933M) 128.388ms
[128.284s][info][gc,cpu         ] GC(107) User=0.56s Sys=0.00s Real=0.14s
[129.396s][info][gc,start       ] GC(108) Pause Young (Allocation Failure)
[129.525s][info][gc,heap        ] GC(108) PSYoungGen: 2273792K(2531328K)->186752K(2527744K) Eden: 2273792K(2273792K)->0K(2271744K) From: 0K(257536K)->186752K(256000K)
[129.525s][info][gc,heap        ] GC(108) ParOldGen: 104068K(5592576K)->104076K(5592576K)
[129.525s][info][gc,metaspace   ] GC(108) Metaspace: 22512K(22848K)->22512K(22848K) NonClass: 19712K(19904K)->19712K(19904K) Class: 2799K(2944K)->2799K(2944K)
[129.525s][info][gc             ] GC(108) Pause Young (Allocation Failure) 2322M->284M(7930M) 129.305ms
[129.525s][info][gc,cpu         ] GC(108) User=0.80s Sys=0.00s Real=0.13s
[130.912s][info][gc,start       ] GC(109) Pause Young (Allocation Failure)
[130.991s][info][gc,heap        ] GC(109) PSYoungGen: 2458496K(2527744K)->97152K(2533888K) Eden: 2271744K(2271744K)->0K(2271744K) From: 186752K(256000K)->97152K(262144K)
[130.991s][info][gc,heap        ] GC(109) ParOldGen: 104076K(5592576K)->104100K(5592576K)
[130.991s][info][gc,metaspace   ] GC(109) Metaspace: 22522K(22848K)->22522K(22848K) NonClass: 19723K(19904K)->19723K(19904K) Class: 2799K(2944K)->2799K(2944K)
[130.991s][info][gc             ] GC(109) Pause Young (Allocation Failure) 2502M->196M(7936M) 78.984ms
[130.991s][info][gc,cpu         ] GC(109) User=0.47s Sys=0.00s Real=0.08s
[132.051s][info][gc,start       ] GC(110) Pause Young (Allocation Failure)
[132.179s][info][gc,heap        ] GC(110) PSYoungGen: 2368896K(2533888K)->197936K(2517504K) Eden: 2271744K(2271744K)->0K(2259456K) From: 97152K(262144K)->197936K(258048K)
[132.179s][info][gc,heap        ] GC(110) ParOldGen: 104100K(5592576K)->104188K(5592576K)
[132.179s][info][gc,metaspace   ] GC(110) Metaspace: 22522K(22848K)->22522K(22848K) NonClass: 19723K(19904K)->19723K(19904K) Class: 2799K(2944K)->2799K(2944K)
[132.179s][info][gc             ] GC(110) Pause Young (Allocation Failure) 2415M->295M(7920M) 128.105ms
[132.179s][info][gc,cpu         ] GC(110) User=0.69s Sys=0.02s Real=0.13s
[133.481s][info][gc,start       ] GC(111) Pause Young (Allocation Failure)
[133.573s][info][gc,heap        ] GC(111) PSYoungGen: 2457392K(2517504K)->121648K(2527744K) Eden: 2259456K(2259456K)->0K(2259456K) From: 197936K(258048K)->121648K(268288K)
[133.573s][info][gc,heap        ] GC(111) ParOldGen: 104188K(5592576K)->104844K(5592576K)
[133.573s][info][gc,metaspace   ] GC(111) Metaspace: 22523K(22848K)->22523K(22848K) NonClass: 19724K(19904K)->19724K(19904K) Class: 2799K(2944K)->2799K(2944K)
[133.573s][info][gc             ] GC(111) Pause Young (Allocation Failure) 2501M->221M(7930M) 91.600ms
[133.573s][info][gc,cpu         ] GC(111) User=0.52s Sys=0.00s Real=0.09s
[134.651s][info][gc,start       ] GC(112) Pause Young (Allocation Failure)
[134.781s][info][gc,heap        ] GC(112) PSYoungGen: 2381104K(2527744K)->191856K(2523136K) Eden: 2259456K(2259456K)->0K(2263552K) From: 121648K(268288K)->191856K(259584K)
[134.781s][info][gc,heap        ] GC(112) ParOldGen: 104844K(5592576K)->112588K(5592576K)
[134.781s][info][gc,metaspace   ] GC(112) Metaspace: 22526K(22848K)->22526K(22848K) NonClass: 19727K(19904K)->19727K(19904K) Class: 2799K(2944K)->2799K(2944K)
[134.781s][info][gc             ] GC(112) Pause Young (Allocation Failure) 2427M->297M(7925M) 130.204ms
[134.781s][info][gc,cpu         ] GC(112) User=0.75s Sys=0.00s Real=0.13s
[136.182s][info][gc,start       ] GC(113) Pause Young (Allocation Failure)
[136.271s][info][gc,heap        ] GC(113) PSYoungGen: 2455408K(2523136K)->119840K(2529792K) Eden: 2263552K(2263552K)->0K(2263552K) From: 191856K(259584K)->119840K(266240K)
[136.271s][info][gc,heap        ] GC(113) ParOldGen: 112588K(5592576K)->114472K(5592576K)
[136.271s][info][gc,metaspace   ] GC(113) Metaspace: 22526K(22848K)->22526K(22848K) NonClass: 19727K(19904K)->19727K(19904K) Class: 2799K(2944K)->2799K(2944K)
[136.271s][info][gc             ] GC(113) Pause Young (Allocation Failure) 2507M->228M(7932M) 89.103ms
[136.271s][info][gc,cpu         ] GC(113) User=0.52s Sys=0.00s Real=0.08s
[137.021s][info][gc,start       ] GC(114) Pause Young (System.gc())
[137.091s][info][gc,heap        ] GC(114) PSYoungGen: 1421230K(2529792K)->85472K(2537984K) Eden: 1301390K(2263552K)->0K(2278912K) From: 119840K(266240K)->85472K(259072K)
[137.091s][info][gc,heap        ] GC(114) ParOldGen: 114472K(5592576K)->126608K(5592576K)
[137.091s][info][gc,metaspace   ] GC(114) Metaspace: 22527K(22848K)->22527K(22848K) NonClass: 19728K(19904K)->19728K(19904K) Class: 2799K(2944K)->2799K(2944K)
[137.091s][info][gc             ] GC(114) Pause Young (System.gc()) 1499M->207M(7940M) 69.695ms
[137.091s][info][gc,cpu         ] GC(114) User=0.38s Sys=0.00s Real=0.06s
[137.091s][info][gc,start       ] GC(115) Pause Full (System.gc())
[137.091s][info][gc,phases,start] GC(115) Marking Phase
[137.127s][info][gc,phases      ] GC(115) Marking Phase 35.611ms
[137.127s][info][gc,phases,start] GC(115) Summary Phase
[137.127s][info][gc,phases      ] GC(115) Summary Phase 0.011ms
[137.127s][info][gc,phases,start] GC(115) Adjust Roots
[137.131s][info][gc,phases      ] GC(115) Adjust Roots 4.093ms
[137.131s][info][gc,phases,start] GC(115) Compaction Phase
[137.226s][info][gc,phases      ] GC(115) Compaction Phase 95.512ms
[137.227s][info][gc,phases,start] GC(115) Post Compact
[137.228s][info][gc,phases      ] GC(115) Post Compact 1.262ms
[137.228s][info][gc,heap        ] GC(115) PSYoungGen: 85472K(2537984K)->0K(2537984K) Eden: 0K(2278912K)->0K(2278912K) From: 85472K(259072K)->0K(259072K)
[137.228s][info][gc,heap        ] GC(115) ParOldGen: 126608K(5592576K)->104256K(5592576K)
[137.228s][info][gc,metaspace   ] GC(115) Metaspace: 22527K(22848K)->22527K(22848K) NonClass: 19728K(19904K)->19728K(19904K) Class: 2799K(2944K)->2799K(2944K)
[137.228s][info][gc             ] GC(115) Pause Full (System.gc()) 207M->101M(7940M) 136.754ms
[137.228s][info][gc,cpu         ] GC(115) User=0.55s Sys=0.00s Real=0.14s
[138.401s][info][gc,start       ] GC(116) Pause Young (Allocation Failure)
[138.527s][info][gc,heap        ] GC(116) PSYoungGen: 2278912K(2537984K)->189728K(2468864K) Eden: 2278912K(2278912K)->0K(2278912K) From: 0K(259072K)->189728K(189952K)
[138.527s][info][gc,heap        ] GC(116) ParOldGen: 104256K(5592576K)->104256K(5592576K)
[138.527s][info][gc,metaspace   ] GC(116) Metaspace: 22529K(22848K)->22529K(22848K) NonClass: 19730K(19904K)->19730K(19904K) Class: 2799K(2944K)->2799K(2944K)
[138.527s][info][gc             ] GC(116) Pause Young (Allocation Failure) 2327M->287M(7872M) 125.753ms
[138.527s][info][gc,cpu         ] GC(116) User=0.69s Sys=0.00s Real=0.13s
[140.047s][info][gc,start       ] GC(117) Pause Young (Allocation Failure)
[140.128s][info][gc,heap        ] GC(117) PSYoungGen: 2468640K(2468864K)->107840K(2536960K) Eden: 2278912K(2278912K)->0K(2272256K) From: 189728K(189952K)->107840K(264704K)
[140.128s][info][gc,heap        ] GC(117) ParOldGen: 104256K(5592576K)->104296K(5592576K)
[140.128s][info][gc,metaspace   ] GC(117) Metaspace: 22529K(22848K)->22529K(22848K) NonClass: 19730K(19904K)->19730K(19904K) Class: 2799K(2944K)->2799K(2944K)
[140.128s][info][gc             ] GC(117) Pause Young (Allocation Failure) 2512M->207M(7939M) 80.884ms
[140.128s][info][gc,cpu         ] GC(117) User=0.38s Sys=0.06s Real=0.09s
[141.236s][info][gc,start       ] GC(118) Pause Young (Allocation Failure)
[141.359s][info][gc,heap        ] GC(118) PSYoungGen: 2380096K(2536960K)->188800K(2461184K) Eden: 2272256K(2272256K)->0K(2272256K) From: 107840K(264704K)->188800K(188928K)
[141.359s][info][gc,heap        ] GC(118) ParOldGen: 104296K(5592576K)->106928K(5592576K)
[141.359s][info][gc,metaspace   ] GC(118) Metaspace: 22529K(22848K)->22529K(22848K) NonClass: 19730K(19904K)->19730K(19904K) Class: 2799K(2944K)->2799K(2944K)
[141.359s][info][gc             ] GC(118) Pause Young (Allocation Failure) 2426M->288M(7865M) 123.433ms
[141.359s][info][gc,cpu         ] GC(118) User=0.70s Sys=0.00s Real=0.12s
[142.736s][info][gc,start       ] GC(119) Pause Young (Allocation Failure)
[142.817s][info][gc,heap        ] GC(119) PSYoungGen: 2461056K(2461184K)->111008K(2536960K) Eden: 2272256K(2272256K)->0K(2271744K) From: 188800K(188928K)->111008K(265216K)
[142.817s][info][gc,heap        ] GC(119) ParOldGen: 106928K(5592576K)->107632K(5592576K)
[142.817s][info][gc,metaspace   ] GC(119) Metaspace: 22529K(22848K)->22529K(22848K) NonClass: 19730K(19904K)->19730K(19904K) Class: 2799K(2944K)->2799K(2944K)
[142.817s][info][gc             ] GC(119) Pause Young (Allocation Failure) 2507M->213M(7939M) 80.844ms
[142.817s][info][gc,cpu         ] GC(119) User=0.44s Sys=0.00s Real=0.08s
[143.879s][info][gc,start       ] GC(120) Pause Young (Allocation Failure)
[144.007s][info][gc,heap        ] GC(120) PSYoungGen: 2382752K(2536960K)->190800K(2530816K) Eden: 2271744K(2271744K)->0K(2271744K) From: 111008K(265216K)->190800K(259072K)
[144.007s][info][gc,heap        ] GC(120) ParOldGen: 107632K(5592576K)->111736K(5592576K)
[144.007s][info][gc,metaspace   ] GC(120) Metaspace: 22530K(22848K)->22530K(22848K) NonClass: 19731K(19904K)->19731K(19904K) Class: 2799K(2944K)->2799K(2944K)
[144.007s][info][gc             ] GC(120) Pause Young (Allocation Failure) 2432M->295M(7933M) 128.318ms
[144.007s][info][gc,cpu         ] GC(120) User=0.70s Sys=0.02s Real=0.12s
[145.382s][info][gc,start       ] GC(121) Pause Young (Allocation Failure)
[145.460s][info][gc,heap        ] GC(121) PSYoungGen: 2462544K(2530816K)->107360K(2535936K) Eden: 2271744K(2271744K)->0K(2270720K) From: 190800K(259072K)->107360K(265216K)
[145.460s][info][gc,heap        ] GC(121) ParOldGen: 111736K(5592576K)->113149K(5592576K)
[145.460s][info][gc,metaspace   ] GC(121) Metaspace: 22530K(22848K)->22530K(22848K) NonClass: 19731K(19904K)->19731K(19904K) Class: 2799K(2944K)->2799K(2944K)
[145.460s][info][gc             ] GC(121) Pause Young (Allocation Failure) 2513M->215M(7938M) 77.964ms
[145.460s][info][gc,cpu         ] GC(121) User=0.41s Sys=0.00s Real=0.08s
[146.316s][info][gc,start       ] GC(122) Pause Young (System.gc())
[146.389s][info][gc,heap        ] GC(122) PSYoungGen: 1554363K(2535936K)->92320K(2530816K) Eden: 1447002K(2270720K)->0K(2270720K) From: 107360K(265216K)->92320K(260096K)
[146.389s][info][gc,heap        ] GC(122) ParOldGen: 113149K(5592576K)->118165K(5592576K)
[146.389s][info][gc,metaspace   ] GC(122) Metaspace: 22531K(22848K)->22531K(22848K) NonClass: 19731K(19904K)->19731K(19904K) Class: 2799K(2944K)->2799K(2944K)
[146.389s][info][gc             ] GC(122) Pause Young (System.gc()) 1628M->205M(7933M) 73.616ms
[146.389s][info][gc,cpu         ] GC(122) User=0.44s Sys=0.00s Real=0.08s
[146.390s][info][gc,start       ] GC(123) Pause Full (System.gc())
[146.390s][info][gc,phases,start] GC(123) Marking Phase
[146.425s][info][gc,phases      ] GC(123) Marking Phase 35.586ms
[146.425s][info][gc,phases,start] GC(123) Summary Phase
[146.425s][info][gc,phases      ] GC(123) Summary Phase 0.012ms
[146.425s][info][gc,phases,start] GC(123) Adjust Roots
[146.429s][info][gc,phases      ] GC(123) Adjust Roots 3.941ms
[146.429s][info][gc,phases,start] GC(123) Compaction Phase
[146.525s][info][gc,phases      ] GC(123) Compaction Phase 95.526ms
[146.525s][info][gc,phases,start] GC(123) Post Compact
[146.526s][info][gc,phases      ] GC(123) Post Compact 1.408ms
[146.526s][info][gc,heap        ] GC(123) PSYoungGen: 92320K(2530816K)->0K(2530816K) Eden: 0K(2270720K)->0K(2270720K) From: 92320K(260096K)->0K(260096K)
[146.526s][info][gc,heap        ] GC(123) ParOldGen: 118165K(5592576K)->103955K(5592576K)
[146.526s][info][gc,metaspace   ] GC(123) Metaspace: 22531K(22848K)->22531K(22848K) NonClass: 19731K(19904K)->19731K(19904K) Class: 2799K(2944K)->2799K(2944K)
[146.526s][info][gc             ] GC(123) Pause Full (System.gc()) 205M->101M(7933M) 136.744ms
[146.526s][info][gc,cpu         ] GC(123) User=0.50s Sys=0.00s Real=0.14s
[147.606s][info][gc,start       ] GC(124) Pause Young (Allocation Failure)
[147.731s][info][gc,heap        ] GC(124) PSYoungGen: 2270720K(2530816K)->187344K(2525696K) Eden: 2270720K(2270720K)->0K(2268672K) From: 0K(260096K)->187344K(257024K)
[147.732s][info][gc,heap        ] GC(124) ParOldGen: 103955K(5592576K)->103955K(5592576K)
[147.732s][info][gc,metaspace   ] GC(124) Metaspace: 22531K(22848K)->22531K(22848K) NonClass: 19731K(19904K)->19731K(19904K) Class: 2799K(2944K)->2799K(2944K)
[147.732s][info][gc             ] GC(124) Pause Young (Allocation Failure) 2319M->284M(7928M) 125.079ms
[147.732s][info][gc,cpu         ] GC(124) User=0.69s Sys=0.00s Real=0.13s
[149.107s][info][gc,start       ] GC(125) Pause Young (Allocation Failure)
[149.186s][info][gc,heap        ] GC(125) PSYoungGen: 2456016K(2525696K)->104032K(2532352K) Eden: 2268672K(2268672K)->0K(2268672K) From: 187344K(257024K)->104032K(263680K)
[149.186s][info][gc,heap        ] GC(125) ParOldGen: 103955K(5592576K)->103987K(5592576K)
[149.186s][info][gc,metaspace   ] GC(125) Metaspace: 22531K(22848K)->22531K(22848K) NonClass: 19731K(19904K)->19731K(19904K) Class: 2799K(2944K)->2799K(2944K)
[149.186s][info][gc             ] GC(125) Pause Young (Allocation Failure) 2499M->203M(7934M) 78.783ms
[149.186s][info][gc,cpu         ] GC(125) User=0.39s Sys=0.00s Real=0.08s
[150.274s][info][gc,start       ] GC(126) Pause Young (Allocation Failure)
[150.393s][info][gc,heap        ] GC(126) PSYoungGen: 2372704K(2532352K)->182800K(2529792K) Eden: 2268672K(2268672K)->0K(2271744K) From: 104032K(263680K)->182800K(258048K)
[150.393s][info][gc,heap        ] GC(126) ParOldGen: 103987K(5592576K)->106203K(5592576K)
[150.393s][info][gc,metaspace   ] GC(126) Metaspace: 22531K(22848K)->22531K(22848K) NonClass: 19731K(19904K)->19731K(19904K) Class: 2799K(2944K)->2799K(2944K)
[150.393s][info][gc             ] GC(126) Pause Young (Allocation Failure) 2418M->282M(7932M) 119.681ms
[150.394s][info][gc,cpu         ] GC(126) User=0.67s Sys=0.00s Real=0.11s
[151.864s][info][gc,start       ] GC(127) Pause Young (Allocation Failure)
[151.942s][info][gc,heap        ] GC(127) PSYoungGen: 2454544K(2529792K)->102992K(2533888K) Eden: 2271744K(2271744K)->0K(2271744K) From: 182800K(258048K)->102992K(262144K)
[151.942s][info][gc,heap        ] GC(127) ParOldGen: 106203K(5592576K)->106619K(5592576K)
[151.942s][info][gc,metaspace   ] GC(127) Metaspace: 22531K(22848K)->22531K(22848K) NonClass: 19732K(19904K)->19732K(19904K) Class: 2799K(2944K)->2799K(2944K)
[151.942s][info][gc             ] GC(127) Pause Young (Allocation Failure) 2500M->204M(7936M) 78.278ms
[151.942s][info][gc,cpu         ] GC(127) User=0.39s Sys=0.00s Real=0.08s
[152.995s][info][gc,start       ] GC(128) Pause Young (Allocation Failure)
[153.121s][info][gc,heap        ] GC(128) PSYoungGen: 2374736K(2533888K)->190752K(2524160K) Eden: 2271744K(2271744K)->0K(2266624K) From: 102992K(262144K)->190752K(257536K)
[153.122s][info][gc,heap        ] GC(128) ParOldGen: 106619K(5592576K)->108611K(5592576K)
[153.122s][info][gc,metaspace   ] GC(128) Metaspace: 22531K(22848K)->22531K(22848K) NonClass: 19732K(19904K)->19732K(19904K) Class: 2799K(2944K)->2799K(2944K)
[153.122s][info][gc             ] GC(128) Pause Young (Allocation Failure) 2423M->292M(7926M) 126.831ms
[153.122s][info][gc,cpu         ] GC(128) User=0.72s Sys=0.00s Real=0.13s
[154.551s][info][gc,start       ] GC(129) Pause Young (Allocation Failure)
[154.628s][info][gc,heap        ] GC(129) PSYoungGen: 2457376K(2524160K)->103376K(2531328K) Eden: 2266624K(2266624K)->0K(2266624K) From: 190752K(257536K)->103376K(264704K)
[154.628s][info][gc,heap        ] GC(129) ParOldGen: 108611K(5592576K)->109519K(5592576K)
[154.628s][info][gc,metaspace   ] GC(129) Metaspace: 22531K(22848K)->22531K(22848K) NonClass: 19732K(19904K)->19732K(19904K) Class: 2799K(2944K)->2799K(2944K)
[154.628s][info][gc             ] GC(129) Pause Young (Allocation Failure) 2505M->207M(7933M) 77.539ms
[154.628s][info][gc,cpu         ] GC(129) User=0.41s Sys=0.00s Real=0.08s
[155.514s][info][gc,start       ] GC(130) Pause Young (System.gc())
[155.588s][info][gc,heap        ] GC(130) PSYoungGen: 1589951K(2531328K)->93920K(2540544K) Eden: 1486575K(2266624K)->0K(2280960K) From: 103376K(264704K)->93920K(259584K)
[155.588s][info][gc,heap        ] GC(130) ParOldGen: 109519K(5592576K)->113051K(5592576K)
[155.588s][info][gc,metaspace   ] GC(130) Metaspace: 22531K(22848K)->22531K(22848K) NonClass: 19732K(19904K)->19732K(19904K) Class: 2799K(2944K)->2799K(2944K)
[155.588s][info][gc             ] GC(130) Pause Young (System.gc()) 1659M->202M(7942M) 73.722ms
[155.588s][info][gc,cpu         ] GC(130) User=0.38s Sys=0.00s Real=0.07s
[155.588s][info][gc,start       ] GC(131) Pause Full (System.gc())
[155.588s][info][gc,phases,start] GC(131) Marking Phase
[155.622s][info][gc,phases      ] GC(131) Marking Phase 34.271ms
[155.622s][info][gc,phases,start] GC(131) Summary Phase
[155.622s][info][gc,phases      ] GC(131) Summary Phase 0.017ms
[155.622s][info][gc,phases,start] GC(131) Adjust Roots
[155.626s][info][gc,phases      ] GC(131) Adjust Roots 3.446ms
[155.626s][info][gc,phases,start] GC(131) Compaction Phase
[155.716s][info][gc,phases      ] GC(131) Compaction Phase 90.650ms
[155.716s][info][gc,phases,start] GC(131) Post Compact
[155.717s][info][gc,phases      ] GC(131) Post Compact 1.090ms
[155.717s][info][gc,heap        ] GC(131) PSYoungGen: 93920K(2540544K)->0K(2540544K) Eden: 0K(2280960K)->0K(2280960K) From: 93920K(259584K)->0K(259584K)
[155.717s][info][gc,heap        ] GC(131) ParOldGen: 113051K(5592576K)->104106K(5592576K)
[155.717s][info][gc,metaspace   ] GC(131) Metaspace: 22531K(22848K)->22531K(22848K) NonClass: 19732K(19904K)->19732K(19904K) Class: 2799K(2944K)->2799K(2944K)
[155.718s][info][gc             ] GC(131) Pause Full (System.gc()) 202M->101M(7942M) 129.754ms
[155.718s][info][gc,cpu         ] GC(131) User=0.52s Sys=0.00s Real=0.13s
[156.721s][info][gc,start       ] GC(132) Pause Young (Allocation Failure)
[156.845s][info][gc,heap        ] GC(132) PSYoungGen: 2280960K(2540544K)->186256K(2467328K) Eden: 2280960K(2280960K)->0K(2280960K) From: 0K(259584K)->186256K(186368K)
[156.845s][info][gc,heap        ] GC(132) ParOldGen: 104106K(5592576K)->104106K(5592576K)
[156.845s][info][gc,metaspace   ] GC(132) Metaspace: 22531K(22848K)->22531K(22848K) NonClass: 19732K(19904K)->19732K(19904K) Class: 2799K(2944K)->2799K(2944K)
[156.845s][info][gc             ] GC(132) Pause Young (Allocation Failure) 2329M->283M(7871M) 123.605ms
[156.845s][info][gc,cpu         ] GC(132) User=0.75s Sys=0.00s Real=0.12s
[158.365s][info][gc,start       ] GC(133) Pause Young (Allocation Failure)
[158.442s][info][gc,heap        ] GC(133) PSYoungGen: 2467216K(2467328K)->103936K(2539520K) Eden: 2280960K(2280960K)->0K(2277376K) From: 186256K(186368K)->103936K(262144K)
[158.443s][info][gc,heap        ] GC(133) ParOldGen: 104106K(5592576K)->104146K(5592576K)
[158.443s][info][gc,metaspace   ] GC(133) Metaspace: 22531K(22848K)->22531K(22848K) NonClass: 19732K(19904K)->19732K(19904K) Class: 2799K(2944K)->2799K(2944K)
[158.443s][info][gc             ] GC(133) Pause Young (Allocation Failure) 2511M->203M(7941M) 77.570ms
[158.443s][info][gc,cpu         ] GC(133) User=0.41s Sys=0.00s Real=0.08s
[159.539s][info][gc,start       ] GC(134) Pause Young (Allocation Failure)
[159.668s][info][gc,heap        ] GC(134) PSYoungGen: 2381312K(2539520K)->188208K(2465792K) Eden: 2277376K(2277376K)->0K(2277376K) From: 103936K(262144K)->188208K(188416K)
[159.668s][info][gc,heap        ] GC(134) ParOldGen: 104146K(5592576K)->106526K(5592576K)
[159.668s][info][gc,metaspace   ] GC(134) Metaspace: 22531K(22848K)->22531K(22848K) NonClass: 19732K(19904K)->19732K(19904K) Class: 2799K(2944K)->2799K(2944K)
[159.668s][info][gc             ] GC(134) Pause Young (Allocation Failure) 2427M->287M(7869M) 129.680ms
[159.668s][info][gc,cpu         ] GC(134) User=0.83s Sys=0.00s Real=0.14s
[161.022s][info][gc,start       ] GC(135) Pause Young (Allocation Failure)
[161.100s][info][gc,heap        ] GC(135) PSYoungGen: 2465584K(2465792K)->108192K(2539008K) Eden: 2277376K(2277376K)->0K(2275328K) From: 188208K(188416K)->108192K(263680K)
[161.100s][info][gc,heap        ] GC(135) ParOldGen: 106526K(5592576K)->107098K(5592576K)
[161.100s][info][gc,metaspace   ] GC(135) Metaspace: 22531K(22848K)->22531K(22848K) NonClass: 19732K(19904K)->19732K(19904K) Class: 2799K(2944K)->2799K(2944K)
[161.100s][info][gc             ] GC(135) Pause Young (Allocation Failure) 2511M->210M(7941M) 77.910ms
[161.100s][info][gc,cpu         ] GC(135) User=0.39s Sys=0.00s Real=0.07s
[162.246s][info][gc,start       ] GC(136) Pause Young (Allocation Failure)
[162.369s][info][gc,heap        ] GC(136) PSYoungGen: 2383520K(2539008K)->184928K(2532352K) Eden: 2275328K(2275328K)->0K(2275328K) From: 108192K(263680K)->184928K(257024K)
[162.369s][info][gc,heap        ] GC(136) ParOldGen: 107098K(5592576K)->107114K(5592576K)
[162.369s][info][gc,metaspace   ] GC(136) Metaspace: 22531K(22848K)->22531K(22848K) NonClass: 19732K(19904K)->19732K(19904K) Class: 2799K(2944K)->2799K(2944K)
[162.369s][info][gc             ] GC(136) Pause Young (Allocation Failure) 2432M->285M(7934M) 123.544ms
[162.369s][info][gc,cpu         ] GC(136) User=0.69s Sys=0.00s Real=0.13s
[163.833s][info][gc,start       ] GC(137) Pause Young (Allocation Failure)
[163.905s][info][gc,heap        ] GC(137) PSYoungGen: 2460256K(2532352K)->96928K(2537472K) Eden: 2275328K(2275328K)->0K(2275328K) From: 184928K(257024K)->96928K(262144K)
[163.905s][info][gc,heap        ] GC(137) ParOldGen: 107114K(5592576K)->107122K(5592576K)
[163.905s][info][gc,metaspace   ] GC(137) Metaspace: 22531K(22848K)->22531K(22848K) NonClass: 19732K(19904K)->19732K(19904K) Class: 2799K(2944K)->2799K(2944K)
[163.905s][info][gc             ] GC(137) Pause Young (Allocation Failure) 2507M->199M(7939M) 71.876ms
[163.905s][info][gc,cpu         ] GC(137) User=0.39s Sys=0.00s Real=0.08s
[164.734s][info][gc,start       ] GC(138) Pause Young (System.gc())
[164.809s][info][gc,heap        ] GC(138) PSYoungGen: 1561093K(2537472K)->97408K(2533888K) Eden: 1464165K(2275328K)->0K(2275328K) From: 96928K(262144K)->97408K(258560K)
[164.809s][info][gc,heap        ] GC(138) ParOldGen: 107122K(5592576K)->107222K(5592576K)
[164.809s][info][gc,metaspace   ] GC(138) Metaspace: 22531K(22848K)->22531K(22848K) NonClass: 19732K(19904K)->19732K(19904K) Class: 2799K(2944K)->2799K(2944K)
[164.809s][info][gc             ] GC(138) Pause Young (System.gc()) 1629M->199M(7936M) 75.186ms
[164.809s][info][gc,cpu         ] GC(138) User=0.39s Sys=0.00s Real=0.08s
[164.809s][info][gc,start       ] GC(139) Pause Full (System.gc())
[164.809s][info][gc,phases,start] GC(139) Marking Phase
[164.843s][info][gc,phases      ] GC(139) Marking Phase 33.736ms
[164.843s][info][gc,phases,start] GC(139) Summary Phase
[164.843s][info][gc,phases      ] GC(139) Summary Phase 0.011ms
[164.843s][info][gc,phases,start] GC(139) Adjust Roots
[164.846s][info][gc,phases      ] GC(139) Adjust Roots 3.341ms
[164.846s][info][gc,phases,start] GC(139) Compaction Phase
[164.930s][info][gc,phases      ] GC(139) Compaction Phase 83.522ms
[164.930s][info][gc,phases,start] GC(139) Post Compact
[164.931s][info][gc,phases      ] GC(139) Post Compact 1.091ms
[164.931s][info][gc,heap        ] GC(139) PSYoungGen: 97408K(2533888K)->0K(2533888K) Eden: 0K(2275328K)->0K(2275328K) From: 97408K(258560K)->0K(258560K)
[164.931s][info][gc,heap        ] GC(139) ParOldGen: 107222K(5592576K)->104200K(5592576K)
[164.931s][info][gc,metaspace   ] GC(139) Metaspace: 22531K(22848K)->22531K(22848K) NonClass: 19732K(19904K)->19732K(19904K) Class: 2799K(2944K)->2799K(2944K)
[164.931s][info][gc             ] GC(139) Pause Full (System.gc()) 199M->101M(7936M) 121.952ms
[164.931s][info][gc,cpu         ] GC(139) User=0.56s Sys=0.00s Real=0.12s
[166.045s][info][gc,start       ] GC(140) Pause Young (Allocation Failure)
[166.166s][info][gc,heap        ] GC(140) PSYoungGen: 2275328K(2533888K)->183392K(2530304K) Eden: 2275328K(2275328K)->0K(2276864K) From: 0K(258560K)->183392K(253440K)
[166.166s][info][gc,heap        ] GC(140) ParOldGen: 104200K(5592576K)->104208K(5592576K)
[166.166s][info][gc,metaspace   ] GC(140) Metaspace: 22555K(22848K)->22555K(22848K) NonClass: 19756K(19904K)->19756K(19904K) Class: 2799K(2944K)->2799K(2944K)
[166.166s][info][gc             ] GC(140) Pause Young (Allocation Failure) 2323M->280M(7932M) 120.957ms
[166.166s][info][gc,cpu         ] GC(140) User=0.75s Sys=0.00s Real=0.13s
[167.459s][info][gc,start       ] GC(141) Pause Young (Allocation Failure)
[167.542s][info][gc,heap        ] GC(141) PSYoungGen: 2460256K(2530304K)->108512K(2536448K) Eden: 2276864K(2276864K)->0K(2276864K) From: 183392K(253440K)->108512K(259584K)
[167.542s][info][gc,heap        ] GC(141) ParOldGen: 104208K(5592576K)->104524K(5592576K)
[167.542s][info][gc,metaspace   ] GC(141) Metaspace: 22557K(22848K)->22557K(22848K) NonClass: 19758K(19904K)->19758K(19904K) Class: 2799K(2944K)->2799K(2944K)
[167.542s][info][gc             ] GC(141) Pause Young (Allocation Failure) 2504M->208M(7938M) 83.007ms
[167.542s][info][gc,cpu         ] GC(141) User=0.44s Sys=0.00s Real=0.08s
[168.617s][info][gc,start       ] GC(142) Pause Young (Allocation Failure)
[168.744s][info][gc,heap        ] GC(142) PSYoungGen: 2385376K(2536448K)->192528K(2524672K) Eden: 2276864K(2276864K)->0K(2271744K) From: 108512K(259584K)->192528K(252928K)
[168.744s][info][gc,heap        ] GC(142) ParOldGen: 104524K(5592576K)->108284K(5592576K)
[168.744s][info][gc,metaspace   ] GC(142) Metaspace: 22560K(22848K)->22560K(22848K) NonClass: 19761K(19904K)->19761K(19904K) Class: 2799K(2944K)->2799K(2944K)
[168.744s][info][gc             ] GC(142) Pause Young (Allocation Failure) 2431M->293M(7927M) 127.317ms
[168.744s][info][gc,cpu         ] GC(142) User=0.69s Sys=0.00s Real=0.13s
[170.066s][info][gc,start       ] GC(143) Pause Young (Allocation Failure)
[170.146s][info][gc,heap        ] GC(143) PSYoungGen: 2464272K(2524672K)->114144K(2533888K) Eden: 2271744K(2271744K)->0K(2271744K) From: 192528K(252928K)->114144K(262144K)
[170.146s][info][gc,heap        ] GC(143) ParOldGen: 108284K(5592576K)->108936K(5592576K)
[170.146s][info][gc,metaspace   ] GC(143) Metaspace: 22560K(22848K)->22560K(22848K) NonClass: 19761K(19904K)->19761K(19904K) Class: 2799K(2944K)->2799K(2944K)
[170.146s][info][gc             ] GC(143) Pause Young (Allocation Failure) 2512M->217M(7936M) 80.186ms
[170.146s][info][gc,cpu         ] GC(143) User=0.50s Sys=0.00s Real=0.08s
[171.241s][info][gc,start       ] GC(144) Pause Young (Allocation Failure)
[171.357s][info][gc,heap        ] GC(144) PSYoungGen: 2385888K(2533888K)->176448K(2536960K) Eden: 2271744K(2271744K)->0K(2281984K) From: 114144K(262144K)->176448K(254976K)
[171.357s][info][gc,heap        ] GC(144) ParOldGen: 108936K(5592576K)->112100K(5592576K)
[171.357s][info][gc,metaspace   ] GC(144) Metaspace: 22560K(22848K)->22560K(22848K) NonClass: 19761K(19904K)->19761K(19904K) Class: 2799K(2944K)->2799K(2944K)
[171.357s][info][gc             ] GC(144) Pause Young (Allocation Failure) 2436M->281M(7939M) 115.314ms
[171.357s][info][gc,cpu         ] GC(144) User=0.67s Sys=0.00s Real=0.11s
[172.680s][info][gc,start       ] GC(145) Pause Young (Allocation Failure)
[172.786s][info][gc,heap        ] GC(145) PSYoungGen: 2458432K(2536960K)->133952K(2539008K) Eden: 2281984K(2281984K)->0K(2281984K) From: 176448K(254976K)->133952K(257024K)
[172.787s][info][gc,heap        ] GC(145) ParOldGen: 112100K(5592576K)->113004K(5592576K)
[172.787s][info][gc,metaspace   ] GC(145) Metaspace: 22560K(22848K)->22560K(22848K) NonClass: 19761K(19904K)->19761K(19904K) Class: 2799K(2944K)->2799K(2944K)
[172.787s][info][gc             ] GC(145) Pause Young (Allocation Failure) 2510M->241M(7941M) 106.121ms
[172.787s][info][gc,cpu         ] GC(145) User=0.58s Sys=0.00s Real=0.11s
[173.486s][info][gc,start       ] GC(146) Pause Young (System.gc())
[173.563s][info][gc,heap        ] GC(146) PSYoungGen: 1388657K(2539008K)->78832K(2548736K) Eden: 1254705K(2281984K)->0K(2301440K) From: 133952K(257024K)->78832K(247296K)
[173.563s][info][gc,heap        ] GC(146) ParOldGen: 113004K(5592576K)->131660K(5592576K)
[173.563s][info][gc,metaspace   ] GC(146) Metaspace: 22561K(22848K)->22561K(22848K) NonClass: 19762K(19904K)->19762K(19904K) Class: 2799K(2944K)->2799K(2944K)
[173.563s][info][gc             ] GC(146) Pause Young (System.gc()) 1466M->205M(7950M) 77.446ms
[173.563s][info][gc,cpu         ] GC(146) User=0.47s Sys=0.00s Real=0.08s
[173.563s][info][gc,start       ] GC(147) Pause Full (System.gc())
[173.563s][info][gc,phases,start] GC(147) Marking Phase
[173.600s][info][gc,phases      ] GC(147) Marking Phase 36.725ms
[173.600s][info][gc,phases,start] GC(147) Summary Phase
[173.600s][info][gc,phases      ] GC(147) Summary Phase 0.012ms
[173.600s][info][gc,phases,start] GC(147) Adjust Roots
[173.604s][info][gc,phases      ] GC(147) Adjust Roots 4.019ms
[173.604s][info][gc,phases,start] GC(147) Compaction Phase
[173.702s][info][gc,phases      ] GC(147) Compaction Phase 97.591ms
[173.702s][info][gc,phases,start] GC(147) Post Compact
[173.703s][info][gc,phases      ] GC(147) Post Compact 1.120ms
[173.703s][info][gc,heap        ] GC(147) PSYoungGen: 78832K(2548736K)->0K(2548736K) Eden: 0K(2301440K)->0K(2301440K) From: 78832K(247296K)->0K(247296K)
[173.703s][info][gc,heap        ] GC(147) ParOldGen: 131660K(5592576K)->104104K(5592576K)
[173.703s][info][gc,metaspace   ] GC(147) Metaspace: 22561K(22848K)->22561K(22848K) NonClass: 19762K(19904K)->19762K(19904K) Class: 2799K(2944K)->2799K(2944K)
[173.703s][info][gc             ] GC(147) Pause Full (System.gc()) 205M->101M(7950M) 139.784ms
[173.703s][info][gc,cpu         ] GC(147) User=0.72s Sys=0.00s Real=0.14s
[174.760s][info][gc,start       ] GC(148) Pause Young (Allocation Failure)
[174.885s][info][gc,heap        ] GC(148) PSYoungGen: 2301440K(2548736K)->189360K(2490880K) Eden: 2301440K(2301440K)->0K(2301440K) From: 0K(247296K)->189360K(189440K)
[174.885s][info][gc,heap        ] GC(148) ParOldGen: 104104K(5592576K)->104104K(5592576K)
[174.885s][info][gc,metaspace   ] GC(148) Metaspace: 22562K(22848K)->22562K(22848K) NonClass: 19763K(19904K)->19763K(19904K) Class: 2799K(2944K)->2799K(2944K)
[174.885s][info][gc             ] GC(148) Pause Young (Allocation Failure) 2349M->286M(7894M) 125.154ms
[174.885s][info][gc,cpu         ] GC(148) User=0.73s Sys=0.00s Real=0.12s
[176.280s][info][gc,start       ] GC(149) Pause Young (Allocation Failure)
[176.367s][info][gc,heap        ] GC(149) PSYoungGen: 2490800K(2490880K)->117072K(2547200K) Eden: 2301440K(2301440K)->0K(2291200K) From: 189360K(189440K)->117072K(256000K)
[176.367s][info][gc,heap        ] GC(149) ParOldGen: 104104K(5592576K)->104136K(5592576K)
[176.367s][info][gc,metaspace   ] GC(149) Metaspace: 22562K(22848K)->22562K(22848K) NonClass: 19763K(19904K)->19763K(19904K) Class: 2799K(2944K)->2799K(2944K)
[176.367s][info][gc             ] GC(149) Pause Young (Allocation Failure) 2534M->216M(7949M) 86.467ms
[176.367s][info][gc,cpu         ] GC(149) User=0.50s Sys=0.00s Real=0.08s
[177.358s][info][gc,start       ] GC(150) Pause Young (Allocation Failure)
[177.496s][info][gc,heap        ] GC(150) PSYoungGen: 2408272K(2547200K)->193232K(2484736K) Eden: 2291200K(2291200K)->0K(2291200K) From: 117072K(256000K)->193232K(193536K)
[177.496s][info][gc,heap        ] GC(150) ParOldGen: 104136K(5592576K)->110864K(5592576K)
[177.496s][info][gc,metaspace   ] GC(150) Metaspace: 22562K(22848K)->22562K(22848K) NonClass: 19763K(19904K)->19763K(19904K) Class: 2799K(2944K)->2799K(2944K)
[177.496s][info][gc             ] GC(150) Pause Young (Allocation Failure) 2453M->296M(7888M) 137.771ms
[177.496s][info][gc,cpu         ] GC(150) User=0.73s Sys=0.00s Real=0.14s
[178.945s][info][gc,start       ] GC(151) Pause Young (Allocation Failure)
[179.030s][info][gc,heap        ] GC(151) PSYoungGen: 2484432K(2484736K)->117088K(2544640K) Eden: 2291200K(2291200K)->0K(2286592K) From: 193232K(193536K)->117088K(258048K)
[179.030s][info][gc,heap        ] GC(151) ParOldGen: 110864K(5592576K)->111968K(5592576K)
[179.030s][info][gc,metaspace   ] GC(151) Metaspace: 22562K(22848K)->22562K(22848K) NonClass: 19763K(19904K)->19763K(19904K) Class: 2799K(2944K)->2799K(2944K)
[179.031s][info][gc             ] GC(151) Pause Young (Allocation Failure) 2534M->223M(7946M) 85.860ms
[179.031s][info][gc,cpu         ] GC(151) User=0.39s Sys=0.02s Real=0.09s
[180.078s][info][gc,start       ] GC(152) Pause Young (Allocation Failure)
[180.205s][info][gc,heap        ] GC(152) PSYoungGen: 2403680K(2544640K)->186672K(2537984K) Eden: 2286592K(2286592K)->0K(2286592K) From: 117088K(258048K)->186672K(251392K)
[180.206s][info][gc,heap        ] GC(152) ParOldGen: 111968K(5592576K)->119916K(5592576K)
[180.206s][info][gc,metaspace   ] GC(152) Metaspace: 22566K(22848K)->22566K(22848K) NonClass: 19766K(19904K)->19766K(19904K) Class: 2799K(2944K)->2799K(2944K)
[180.206s][info][gc             ] GC(152) Pause Young (Allocation Failure) 2456M->299M(7940M) 127.947ms
[180.206s][info][gc,cpu         ] GC(152) User=0.69s Sys=0.00s Real=0.12s
[181.774s][info][gc,start       ] GC(153) Pause Young (Allocation Failure)
[181.853s][info][gc,heap        ] GC(153) PSYoungGen: 2473264K(2537984K)->103376K(2543104K) Eden: 2286592K(2286592K)->0K(2286080K) From: 186672K(251392K)->103376K(257024K)
[181.853s][info][gc,heap        ] GC(153) ParOldGen: 119916K(5592576K)->121748K(5592576K)
[181.853s][info][gc,metaspace   ] GC(153) Metaspace: 22566K(22848K)->22566K(22848K) NonClass: 19767K(19904K)->19767K(19904K) Class: 2799K(2944K)->2799K(2944K)
[181.853s][info][gc             ] GC(153) Pause Young (Allocation Failure) 2532M->219M(7945M) 79.175ms
[181.853s][info][gc,cpu         ] GC(153) User=0.48s Sys=0.00s Real=0.09s
[182.733s][info][gc,start       ] GC(154) Pause Young (System.gc())
[182.809s][info][gc,heap        ] GC(154) PSYoungGen: 1567608K(2543104K)->94080K(2539008K) Eden: 1464232K(2286080K)->0K(2286080K) From: 103376K(257024K)->94080K(252928K)
[182.809s][info][gc,heap        ] GC(154) ParOldGen: 121748K(5592576K)->125024K(5592576K)
[182.809s][info][gc,metaspace   ] GC(154) Metaspace: 22570K(22848K)->22570K(22848K) NonClass: 19771K(19904K)->19771K(19904K) Class: 2799K(2944K)->2799K(2944K)
[182.809s][info][gc             ] GC(154) Pause Young (System.gc()) 1649M->213M(7941M) 76.219ms
[182.809s][info][gc,cpu         ] GC(154) User=0.39s Sys=0.00s Real=0.08s
[182.809s][info][gc,start       ] GC(155) Pause Full (System.gc())
[182.809s][info][gc,phases,start] GC(155) Marking Phase
[182.843s][info][gc,phases      ] GC(155) Marking Phase 33.103ms
[182.843s][info][gc,phases,start] GC(155) Summary Phase
[182.843s][info][gc,phases      ] GC(155) Summary Phase 0.011ms
[182.843s][info][gc,phases,start] GC(155) Adjust Roots
[182.846s][info][gc,phases      ] GC(155) Adjust Roots 3.379ms
[182.846s][info][gc,phases,start] GC(155) Compaction Phase
[182.937s][info][gc,phases      ] GC(155) Compaction Phase 91.207ms
[182.937s][info][gc,phases,start] GC(155) Post Compact
[182.939s][info][gc,phases      ] GC(155) Post Compact 1.636ms
[182.939s][info][gc,heap        ] GC(155) PSYoungGen: 94080K(2539008K)->0K(2539008K) Eden: 0K(2286080K)->0K(2286080K) From: 94080K(252928K)->0K(252928K)
[182.939s][info][gc,heap        ] GC(155) ParOldGen: 125024K(5592576K)->104021K(5592576K)
[182.939s][info][gc,metaspace   ] GC(155) Metaspace: 22570K(22848K)->22570K(22848K) NonClass: 19771K(19904K)->19771K(19904K) Class: 2799K(2944K)->2799K(2944K)
[182.939s][info][gc             ] GC(155) Pause Full (System.gc()) 213M->101M(7941M) 129.606ms
[182.939s][info][gc,cpu         ] GC(155) User=0.55s Sys=0.00s Real=0.12s
[184.052s][info][gc,start       ] GC(156) Pause Young (Allocation Failure)
[184.176s][info][gc,heap        ] GC(156) PSYoungGen: 2286080K(2539008K)->188048K(2531328K) Eden: 2286080K(2286080K)->0K(2280960K) From: 0K(252928K)->188048K(250368K)
[184.176s][info][gc,heap        ] GC(156) ParOldGen: 104021K(5592576K)->104029K(5592576K)
[184.176s][info][gc,metaspace   ] GC(156) Metaspace: 22588K(22912K)->22588K(22912K) NonClass: 19789K(19968K)->19789K(19968K) Class: 2799K(2944K)->2799K(2944K)
[184.176s][info][gc             ] GC(156) Pause Young (Allocation Failure) 2334M->285M(7933M) 123.833ms
[184.176s][info][gc,cpu         ] GC(156) User=0.77s Sys=0.00s Real=0.13s
[185.623s][info][gc,start       ] GC(157) Pause Young (Allocation Failure)
[185.697s][info][gc,heap        ] GC(157) PSYoungGen: 2469008K(2531328K)->97728K(2538496K) Eden: 2280960K(2280960K)->0K(2280960K) From: 188048K(250368K)->97728K(257536K)
[185.698s][info][gc,heap        ] GC(157) ParOldGen: 104029K(5592576K)->104061K(5592576K)
[185.698s][info][gc,metaspace   ] GC(157) Metaspace: 22610K(22912K)->22610K(22912K) NonClass: 19811K(19968K)->19811K(19968K) Class: 2799K(2944K)->2799K(2944K)
[185.698s][info][gc             ] GC(157) Pause Young (Allocation Failure) 2512M->197M(7940M) 74.467ms
[185.698s][info][gc,cpu         ] GC(157) User=0.39s Sys=0.00s Real=0.08s
[186.809s][info][gc,start       ] GC(158) Pause Young (Allocation Failure)
[186.938s][info][gc,heap        ] GC(158) PSYoungGen: 2378688K(2538496K)->192608K(2524672K) Eden: 2280960K(2280960K)->0K(2270720K) From: 97728K(257536K)->192608K(253952K)
[186.938s][info][gc,heap        ] GC(158) ParOldGen: 104061K(5592576K)->104345K(5592576K)
[186.938s][info][gc,metaspace   ] GC(158) Metaspace: 22611K(22912K)->22611K(22912K) NonClass: 19812K(19968K)->19812K(19968K) Class: 2799K(2944K)->2799K(2944K)
[186.938s][info][gc             ] GC(158) Pause Young (Allocation Failure) 2424M->289M(7927M) 129.711ms
[186.938s][info][gc,cpu         ] GC(158) User=0.75s Sys=0.00s Real=0.12s
[188.264s][info][gc,start       ] GC(159) Pause Young (Allocation Failure)
[188.348s][info][gc,heap        ] GC(159) PSYoungGen: 2463328K(2524672K)->113712K(2533376K) Eden: 2270720K(2270720K)->0K(2270720K) From: 192608K(253952K)->113712K(262656K)
[188.348s][info][gc,heap        ] GC(159) ParOldGen: 104345K(5592576K)->104789K(5592576K)
[188.348s][info][gc,metaspace   ] GC(159) Metaspace: 22615K(22912K)->22615K(22912K) NonClass: 19816K(19968K)->19816K(19968K) Class: 2799K(2944K)->2799K(2944K)
[188.348s][info][gc             ] GC(159) Pause Young (Allocation Failure) 2507M->213M(7935M) 84.109ms
[188.348s][info][gc,cpu         ] GC(159) User=0.48s Sys=0.00s Real=0.08s
[189.423s][info][gc,start       ] GC(160) Pause Young (Allocation Failure)
[189.556s][info][gc,heap        ] GC(160) PSYoungGen: 2384432K(2533376K)->193712K(2524160K) Eden: 2270720K(2270720K)->0K(2268672K) From: 113712K(262656K)->193712K(255488K)
[189.556s][info][gc,heap        ] GC(160) ParOldGen: 104789K(5592576K)->110461K(5592576K)
[189.556s][info][gc,metaspace   ] GC(160) Metaspace: 22615K(22912K)->22615K(22912K) NonClass: 19816K(19968K)->19816K(19968K) Class: 2799K(2944K)->2799K(2944K)
[189.556s][info][gc             ] GC(160) Pause Young (Allocation Failure) 2430M->297M(7926M) 132.957ms
[189.556s][info][gc,cpu         ] GC(160) User=0.72s Sys=0.00s Real=0.12s
[191.030s][info][gc,start       ] GC(161) Pause Young (Allocation Failure)
[191.113s][info][gc,heap        ] GC(161) PSYoungGen: 2462384K(2524160K)->112144K(2532352K) Eden: 2268672K(2268672K)->0K(2268672K) From: 193712K(255488K)->112144K(263680K)
[191.114s][info][gc,heap        ] GC(161) ParOldGen: 110461K(5592576K)->111549K(5592576K)
[191.114s][info][gc,metaspace   ] GC(161) Metaspace: 22615K(22912K)->22615K(22912K) NonClass: 19816K(19968K)->19816K(19968K) Class: 2799K(2944K)->2799K(2944K)
[191.114s][info][gc             ] GC(161) Pause Young (Allocation Failure) 2512M->218M(7934M) 84.022ms
[191.114s][info][gc,cpu         ] GC(161) User=0.48s Sys=0.00s Real=0.08s
[191.941s][info][gc,start       ] GC(162) Pause Young (System.gc())
[192.014s][info][gc,heap        ] GC(162) PSYoungGen: 1550459K(2532352K)->90096K(2541056K) Eden: 1438315K(2268672K)->0K(2283520K) From: 112144K(263680K)->90096K(257536K)
[192.014s][info][gc,heap        ] GC(162) ParOldGen: 111549K(5592576K)->118697K(5592576K)
[192.014s][info][gc,metaspace   ] GC(162) Metaspace: 22616K(22912K)->22616K(22912K) NonClass: 19816K(19968K)->19816K(19968K) Class: 2799K(2944K)->2799K(2944K)
[192.014s][info][gc             ] GC(162) Pause Young (System.gc()) 1623M->203M(7943M) 72.740ms
[192.014s][info][gc,cpu         ] GC(162) User=0.47s Sys=0.00s Real=0.08s
[192.014s][info][gc,start       ] GC(163) Pause Full (System.gc())
[192.014s][info][gc,phases,start] GC(163) Marking Phase
[192.050s][info][gc,phases      ] GC(163) Marking Phase 35.542ms
[192.050s][info][gc,phases,start] GC(163) Summary Phase
[192.050s][info][gc,phases      ] GC(163) Summary Phase 0.011ms
[192.050s][info][gc,phases,start] GC(163) Adjust Roots
[192.053s][info][gc,phases      ] GC(163) Adjust Roots 3.429ms
[192.053s][info][gc,phases,start] GC(163) Compaction Phase
[192.138s][info][gc,phases      ] GC(163) Compaction Phase 85.283ms
[192.139s][info][gc,phases,start] GC(163) Post Compact
[192.140s][info][gc,phases      ] GC(163) Post Compact 1.126ms
[192.140s][info][gc,heap        ] GC(163) PSYoungGen: 90096K(2541056K)->0K(2541056K) Eden: 0K(2283520K)->0K(2283520K) From: 90096K(257536K)->0K(257536K)
[192.140s][info][gc,heap        ] GC(163) ParOldGen: 118697K(5592576K)->103889K(5592576K)
[192.140s][info][gc,metaspace   ] GC(163) Metaspace: 22616K(22912K)->22616K(22912K) NonClass: 19816K(19968K)->19816K(19968K) Class: 2799K(2944K)->2799K(2944K)
[192.140s][info][gc             ] GC(163) Pause Full (System.gc()) 203M->101M(7943M) 125.683ms
[192.140s][info][gc,cpu         ] GC(163) User=0.50s Sys=0.00s Real=0.13s
[193.199s][info][gc,start       ] GC(164) Pause Young (Allocation Failure)
[193.320s][info][gc,heap        ] GC(164) PSYoungGen: 2283520K(2541056K)->181216K(2464768K) Eden: 2283520K(2283520K)->0K(2283520K) From: 0K(257536K)->181216K(181248K)
[193.320s][info][gc,heap        ] GC(164) ParOldGen: 103889K(5592576K)->103889K(5592576K)
[193.320s][info][gc,metaspace   ] GC(164) Metaspace: 22616K(22912K)->22616K(22912K) NonClass: 19816K(19968K)->19816K(19968K) Class: 2799K(2944K)->2799K(2944K)
[193.320s][info][gc             ] GC(164) Pause Young (Allocation Failure) 2331M->278M(7868M) 121.347ms
[193.321s][info][gc,cpu         ] GC(164) User=0.66s Sys=0.00s Real=0.11s
[194.605s][info][gc,start       ] GC(165) Pause Young (Allocation Failure)
[194.730s][info][gc,heap        ] GC(165) PSYoungGen: 2464736K(2464768K)->166768K(2539008K) Eden: 2283520K(2283520K)->0K(2279424K) From: 181216K(181248K)->166768K(259584K)
[194.730s][info][gc,heap        ] GC(165) ParOldGen: 103889K(5592576K)->116873K(5592576K)
[194.730s][info][gc,metaspace   ] GC(165) Metaspace: 22616K(22912K)->22616K(22912K) NonClass: 19816K(19968K)->19816K(19968K) Class: 2799K(2944K)->2799K(2944K)
[194.730s][info][gc             ] GC(165) Pause Young (Allocation Failure) 2508M->276M(7941M) 125.021ms
[194.730s][info][gc,cpu         ] GC(165) User=0.70s Sys=0.00s Real=0.12s
[195.725s][info][gc,start       ] GC(166) Pause Young (Allocation Failure)
[195.858s][info][gc,heap        ] GC(166) PSYoungGen: 2446192K(2539008K)->191104K(2470912K) Eden: 2279424K(2279424K)->0K(2279424K) From: 166768K(259584K)->191104K(191488K)
[195.858s][info][gc,heap        ] GC(166) ParOldGen: 116873K(5592576K)->132781K(5592576K)
[195.858s][info][gc,metaspace   ] GC(166) Metaspace: 22616K(22912K)->22616K(22912K) NonClass: 19816K(19968K)->19816K(19968K) Class: 2799K(2944K)->2799K(2944K)
[195.858s][info][gc             ] GC(166) Pause Young (Allocation Failure) 2502M->316M(7874M) 133.060ms
[195.858s][info][gc,cpu         ] GC(166) User=0.75s Sys=0.00s Real=0.12s
[197.306s][info][gc,start       ] GC(167) Pause Young (Allocation Failure)
[197.383s][info][gc,heap        ] GC(167) PSYoungGen: 2470528K(2470912K)->113392K(2537984K) Eden: 2279424K(2279424K)->0K(2274816K) From: 191104K(191488K)->113392K(263168K)
[197.383s][info][gc,heap        ] GC(167) ParOldGen: 132781K(5592576K)->135641K(5592576K)
[197.383s][info][gc,metaspace   ] GC(167) Metaspace: 22617K(22912K)->22617K(22912K) NonClass: 19818K(19968K)->19818K(19968K) Class: 2799K(2944K)->2799K(2944K)
[197.383s][info][gc             ] GC(167) Pause Young (Allocation Failure) 2542M->243M(7940M) 76.790ms
[197.383s][info][gc,cpu         ] GC(167) User=0.41s Sys=0.00s Real=0.08s
[198.645s][info][gc,start       ] GC(168) Pause Young (Allocation Failure)
[198.787s][info][gc,heap        ] GC(168) PSYoungGen: 2388208K(2537984K)->212672K(2487808K) Eden: 2274816K(2274816K)->0K(2274816K) From: 113392K(263168K)->212672K(212992K)
[198.787s][info][gc,heap        ] GC(168) ParOldGen: 135641K(5592576K)->150177K(5592576K)
[198.787s][info][gc,metaspace   ] GC(168) Metaspace: 22617K(22912K)->22617K(22912K) NonClass: 19818K(19968K)->19818K(19968K) Class: 2799K(2944K)->2799K(2944K)
[198.787s][info][gc             ] GC(168) Pause Young (Allocation Failure) 2464M->354M(7891M) 142.073ms
[198.787s][info][gc,cpu         ] GC(168) User=0.86s Sys=0.00s Real=0.15s
[200.046s][info][gc,start       ] GC(169) Pause Young (Allocation Failure)
[200.154s][info][gc,heap        ] GC(169) PSYoungGen: 2487488K(2487808K)->158064K(2533888K) Eden: 2274816K(2274816K)->0K(2262016K) From: 212672K(212992K)->158064K(271872K)
[200.154s][info][gc,heap        ] GC(169) ParOldGen: 150177K(5592576K)->152865K(5592576K)
[200.154s][info][gc,metaspace   ] GC(169) Metaspace: 22617K(22912K)->22617K(22912K) NonClass: 19818K(19968K)->19818K(19968K) Class: 2799K(2944K)->2799K(2944K)
[200.154s][info][gc             ] GC(169) Pause Young (Allocation Failure) 2575M->303M(7936M) 108.932ms
[200.154s][info][gc,cpu         ] GC(169) User=0.59s Sys=0.00s Real=0.11s
[200.845s][info][gc,start       ] GC(170) Pause Young (System.gc())
[200.913s][info][gc,heap        ] GC(170) PSYoungGen: 1210366K(2533888K)->65232K(2524160K) Eden: 1052302K(2262016K)->0K(2262016K) From: 158064K(271872K)->65232K(262144K)
[200.913s][info][gc,heap        ] GC(170) ParOldGen: 152865K(5592576K)->185197K(5592576K)
[200.913s][info][gc,metaspace   ] GC(170) Metaspace: 22617K(22912K)->22617K(22912K) NonClass: 19818K(19968K)->19818K(19968K) Class: 2799K(2944K)->2799K(2944K)
[200.913s][info][gc             ] GC(170) Pause Young (System.gc()) 1331M->244M(7926M) 68.537ms
[200.913s][info][gc,cpu         ] GC(170) User=0.38s Sys=0.00s Real=0.06s
[200.913s][info][gc,start       ] GC(171) Pause Full (System.gc())
[200.913s][info][gc,phases,start] GC(171) Marking Phase
[200.949s][info][gc,phases      ] GC(171) Marking Phase 35.909ms
[200.949s][info][gc,phases,start] GC(171) Summary Phase
[200.949s][info][gc,phases      ] GC(171) Summary Phase 0.011ms
[200.949s][info][gc,phases,start] GC(171) Adjust Roots
[200.953s][info][gc,phases      ] GC(171) Adjust Roots 3.848ms
[200.953s][info][gc,phases,start] GC(171) Compaction Phase
[201.043s][info][gc,phases      ] GC(171) Compaction Phase 89.496ms
[201.043s][info][gc,phases,start] GC(171) Post Compact
[201.044s][info][gc,phases      ] GC(171) Post Compact 1.259ms
[201.044s][info][gc,heap        ] GC(171) PSYoungGen: 65232K(2524160K)->0K(2524160K) Eden: 0K(2262016K)->0K(2262016K) From: 65232K(262144K)->0K(262144K)
[201.044s][info][gc,heap        ] GC(171) ParOldGen: 185197K(5592576K)->104125K(5592576K)
[201.044s][info][gc,metaspace   ] GC(171) Metaspace: 22617K(22912K)->22617K(22912K) NonClass: 19818K(19968K)->19818K(19968K) Class: 2799K(2944K)->2799K(2944K)
[201.044s][info][gc             ] GC(171) Pause Full (System.gc()) 244M->101M(7926M) 130.790ms
[201.044s][info][gc,cpu         ] GC(171) User=0.48s Sys=0.00s Real=0.14s
[202.142s][info][gc,start       ] GC(172) Pause Young (Allocation Failure)
[202.265s][info][gc,heap        ] GC(172) PSYoungGen: 2262016K(2524160K)->187232K(2522112K) Eden: 2262016K(2262016K)->0K(2256384K) From: 0K(262144K)->187232K(265728K)
[202.266s][info][gc,heap        ] GC(172) ParOldGen: 104125K(5592576K)->104125K(5592576K)
[202.266s][info][gc,metaspace   ] GC(172) Metaspace: 22619K(22912K)->22619K(22912K) NonClass: 19820K(19968K)->19820K(19968K) Class: 2799K(2944K)->2799K(2944K)
[202.266s][info][gc             ] GC(172) Pause Young (Allocation Failure) 2310M->284M(7924M) 124.020ms
[202.266s][info][gc,cpu         ] GC(172) User=0.69s Sys=0.00s Real=0.12s
[203.617s][info][gc,start       ] GC(173) Pause Young (Allocation Failure)
[203.698s][info][gc,heap        ] GC(173) PSYoungGen: 2443616K(2522112K)->114976K(2526208K) Eden: 2256384K(2256384K)->0K(2256384K) From: 187232K(265728K)->114976K(269824K)
[203.698s][info][gc,heap        ] GC(173) ParOldGen: 104125K(5592576K)->104341K(5592576K)
[203.698s][info][gc,metaspace   ] GC(173) Metaspace: 22619K(22912K)->22619K(22912K) NonClass: 19820K(19968K)->19820K(19968K) Class: 2799K(2944K)->2799K(2944K)
[203.698s][info][gc             ] GC(173) Pause Young (Allocation Failure) 2488M->214M(7928M) 81.329ms
[203.698s][info][gc,cpu         ] GC(173) User=0.42s Sys=0.00s Real=0.09s
[204.757s][info][gc,start       ] GC(174) Pause Young (Allocation Failure)
[204.889s][info][gc,heap        ] GC(174) PSYoungGen: 2371360K(2526208K)->197408K(2517504K) Eden: 2256384K(2256384K)->0K(2254336K) From: 114976K(269824K)->197408K(263168K)
[204.889s][info][gc,heap        ] GC(174) ParOldGen: 104341K(5592576K)->109101K(5592576K)
[204.889s][info][gc,metaspace   ] GC(174) Metaspace: 22619K(22912K)->22619K(22912K) NonClass: 19820K(19968K)->19820K(19968K) Class: 2799K(2944K)->2799K(2944K)
[204.889s][info][gc             ] GC(174) Pause Young (Allocation Failure) 2417M->299M(7920M) 131.742ms
[204.889s][info][gc,cpu         ] GC(174) User=0.75s Sys=0.00s Real=0.13s
[206.181s][info][gc,start       ] GC(175) Pause Young (Allocation Failure)
[206.271s][info][gc,heap        ] GC(175) PSYoungGen: 2451744K(2517504K)->118960K(2525184K) Eden: 2254336K(2254336K)->0K(2254336K) From: 197408K(263168K)->118960K(270848K)
[206.271s][info][gc,heap        ] GC(175) ParOldGen: 109101K(5592576K)->110062K(5592576K)
[206.271s][info][gc,metaspace   ] GC(175) Metaspace: 22619K(22912K)->22619K(22912K) NonClass: 19820K(19968K)->19820K(19968K) Class: 2799K(2944K)->2799K(2944K)
[206.271s][info][gc             ] GC(175) Pause Young (Allocation Failure) 2500M->223M(7927M) 90.724ms
[206.271s][info][gc,cpu         ] GC(175) User=0.53s Sys=0.00s Real=0.10s
[207.383s][info][gc,start       ] GC(176) Pause Young (Allocation Failure)
[207.517s][info][gc,heap        ] GC(176) PSYoungGen: 2373296K(2525184K)->194896K(2519552K) Eden: 2254336K(2254336K)->0K(2255360K) From: 118960K(270848K)->194896K(264192K)
[207.517s][info][gc,heap        ] GC(176) ParOldGen: 110062K(5592576K)->116730K(5592576K)
[207.517s][info][gc,metaspace   ] GC(176) Metaspace: 22619K(22912K)->22619K(22912K) NonClass: 19820K(19968K)->19820K(19968K) Class: 2799K(2944K)->2799K(2944K)
[207.517s][info][gc             ] GC(176) Pause Young (Allocation Failure) 2425M->304M(7922M) 134.236ms
[207.517s][info][gc,cpu         ] GC(176) User=0.81s Sys=0.00s Real=0.14s
[208.893s][info][gc,start       ] GC(177) Pause Young (Allocation Failure)
[208.983s][info][gc,heap        ] GC(177) PSYoungGen: 2450256K(2519552K)->126960K(2525696K) Eden: 2255360K(2255360K)->0K(2255360K) From: 194896K(264192K)->126960K(270336K)
[208.983s][info][gc,heap        ] GC(177) ParOldGen: 116730K(5592576K)->118586K(5592576K)
[208.983s][info][gc,metaspace   ] GC(177) Metaspace: 22619K(22912K)->22619K(22912K) NonClass: 19820K(19968K)->19820K(19968K) Class: 2799K(2944K)->2799K(2944K)
[208.983s][info][gc             ] GC(177) Pause Young (Allocation Failure) 2506M->239M(7928M) 89.426ms
[208.983s][info][gc,cpu         ] GC(177) User=0.41s Sys=0.00s Real=0.09s
[209.712s][info][gc,start       ] GC(178) Pause Young (System.gc())
[209.782s][info][gc,heap        ] GC(178) PSYoungGen: 1421737K(2525696K)->82736K(2533376K) Eden: 1294777K(2255360K)->0K(2270720K) From: 126960K(270336K)->82736K(262656K)
[209.783s][info][gc,heap        ] GC(178) ParOldGen: 118586K(5592576K)->133734K(5592576K)
[209.783s][info][gc,metaspace   ] GC(178) Metaspace: 22619K(22912K)->22619K(22912K) NonClass: 19820K(19968K)->19820K(19968K) Class: 2799K(2944K)->2799K(2944K)
[209.783s][info][gc             ] GC(178) Pause Young (System.gc()) 1504M->211M(7935M) 70.895ms
[209.783s][info][gc,cpu         ] GC(178) User=0.38s Sys=0.00s Real=0.07s
[209.783s][info][gc,start       ] GC(179) Pause Full (System.gc())
[209.783s][info][gc,phases,start] GC(179) Marking Phase
[209.816s][info][gc,phases      ] GC(179) Marking Phase 33.384ms
[209.816s][info][gc,phases,start] GC(179) Summary Phase
[209.816s][info][gc,phases      ] GC(179) Summary Phase 0.011ms
[209.816s][info][gc,phases,start] GC(179) Adjust Roots
[209.819s][info][gc,phases      ] GC(179) Adjust Roots 3.395ms
[209.820s][info][gc,phases,start] GC(179) Compaction Phase
[209.901s][info][gc,phases      ] GC(179) Compaction Phase 81.558ms
[209.901s][info][gc,phases,start] GC(179) Post Compact
[209.902s][info][gc,phases      ] GC(179) Post Compact 1.110ms
[209.902s][info][gc,heap        ] GC(179) PSYoungGen: 82736K(2533376K)->0K(2533376K) Eden: 0K(2270720K)->0K(2270720K) From: 82736K(262656K)->0K(262656K)
[209.902s][info][gc,heap        ] GC(179) ParOldGen: 133734K(5592576K)->104515K(5592576K)
[209.902s][info][gc,metaspace   ] GC(179) Metaspace: 22619K(22912K)->22619K(22912K) NonClass: 19820K(19968K)->19820K(19968K) Class: 2799K(2944K)->2799K(2944K)
[209.902s][info][gc             ] GC(179) Pause Full (System.gc()) 211M->102M(7935M) 119.732ms
[209.902s][info][gc,cpu         ] GC(179) User=0.56s Sys=0.00s Real=0.12s
[211.219s][info][gc,start       ] GC(180) Pause Young (Allocation Failure)
[211.357s][info][gc,heap        ] GC(180) PSYoungGen: 2270720K(2533376K)->210304K(2481152K) Eden: 2270720K(2270720K)->0K(2270720K) From: 0K(262656K)->210304K(210432K)
[211.357s][info][gc,heap        ] GC(180) ParOldGen: 104515K(5592576K)->104515K(5592576K)
[211.357s][info][gc,metaspace   ] GC(180) Metaspace: 22621K(22912K)->22621K(22912K) NonClass: 19822K(19968K)->19822K(19968K) Class: 2799K(2944K)->2799K(2944K)
[211.358s][info][gc             ] GC(180) Pause Young (Allocation Failure) 2319M->307M(7884M) 138.003ms
[211.358s][info][gc,cpu         ] GC(180) User=0.84s Sys=0.00s Real=0.14s
[212.876s][info][gc,start       ] GC(181) Pause Young (Allocation Failure)
[212.972s][info][gc,heap        ] GC(181) PSYoungGen: 2481024K(2481152K)->139408K(2531328K) Eden: 2270720K(2270720K)->0K(2255872K) From: 210304K(210432K)->139408K(275456K)
[212.972s][info][gc,heap        ] GC(181) ParOldGen: 104515K(5592576K)->104547K(5592576K)
[212.973s][info][gc,metaspace   ] GC(181) Metaspace: 22621K(22912K)->22621K(22912K) NonClass: 19822K(19968K)->19822K(19968K) Class: 2799K(2944K)->2799K(2944K)
[212.973s][info][gc             ] GC(181) Pause Young (Allocation Failure) 2524M->238M(7933M) 96.958ms
[212.973s][info][gc,cpu         ] GC(181) User=0.50s Sys=0.00s Real=0.09s
[214.005s][info][gc,start       ] GC(182) Pause Young (Allocation Failure)
[214.143s][info][gc,heap        ] GC(182) PSYoungGen: 2395280K(2531328K)->197088K(2520576K) Eden: 2255872K(2255872K)->0K(2255872K) From: 139408K(275456K)->197088K(264704K)
[214.143s][info][gc,heap        ] GC(182) ParOldGen: 104547K(5592576K)->121375K(5592576K)
[214.143s][info][gc,metaspace   ] GC(182) Metaspace: 22622K(22912K)->22622K(22912K) NonClass: 19823K(19968K)->19823K(19968K) Class: 2799K(2944K)->2799K(2944K)
[214.143s][info][gc             ] GC(182) Pause Young (Allocation Failure) 2441M->310M(7923M) 138.521ms
[214.143s][info][gc,cpu         ] GC(182) User=0.72s Sys=0.02s Real=0.14s
[215.573s][info][gc,start       ] GC(183) Pause Young (Allocation Failure)
[215.672s][info][gc,heap        ] GC(183) PSYoungGen: 2452960K(2520576K)->145936K(2535424K) Eden: 2255872K(2255872K)->0K(2264064K) From: 197088K(264704K)->145936K(271360K)
[215.672s][info][gc,heap        ] GC(183) ParOldGen: 121375K(5592576K)->125391K(5592576K)
[215.672s][info][gc,metaspace   ] GC(183) Metaspace: 22622K(22912K)->22622K(22912K) NonClass: 19823K(19968K)->19823K(19968K) Class: 2799K(2944K)->2799K(2944K)
[215.672s][info][gc             ] GC(183) Pause Young (Allocation Failure) 2513M->264M(7937M) 98.984ms
[215.672s][info][gc,cpu         ] GC(183) User=0.58s Sys=0.00s Real=0.09s
[216.620s][info][gc,start       ] GC(184) Pause Young (Allocation Failure)
[216.768s][info][gc,heap        ] GC(184) PSYoungGen: 2410000K(2535424K)->208208K(2524672K) Eden: 2264064K(2264064K)->0K(2264064K) From: 145936K(271360K)->208208K(260608K)
[216.768s][info][gc,heap        ] GC(184) ParOldGen: 125391K(5592576K)->147751K(5592576K)
[216.768s][info][gc,metaspace   ] GC(184) Metaspace: 22622K(22912K)->22622K(22912K) NonClass: 19823K(19968K)->19823K(19968K) Class: 2799K(2944K)->2799K(2944K)
[216.768s][info][gc             ] GC(184) Pause Young (Allocation Failure) 2475M->347M(7927M) 148.443ms
[216.768s][info][gc,cpu         ] GC(184) User=0.88s Sys=0.00s Real=0.14s
[218.237s][info][gc,start       ] GC(185) Pause Young (Allocation Failure)
[218.345s][info][gc,heap        ] GC(185) PSYoungGen: 2472272K(2524672K)->152256K(2535936K) Eden: 2264064K(2264064K)->0K(2265600K) From: 208208K(260608K)->152256K(270336K)
[218.345s][info][gc,heap        ] GC(185) ParOldGen: 147751K(5592576K)->151751K(5592576K)
[218.345s][info][gc,metaspace   ] GC(185) Metaspace: 22622K(22912K)->22622K(22912K) NonClass: 19823K(19968K)->19823K(19968K) Class: 2799K(2944K)->2799K(2944K)
[218.345s][info][gc             ] GC(185) Pause Young (Allocation Failure) 2558M->296M(7938M) 108.668ms
[218.345s][info][gc,cpu         ] GC(185) User=0.56s Sys=0.00s Real=0.11s
[219.034s][info][gc,start       ] GC(186) Pause Young (System.gc())
[219.108s][info][gc,heap        ] GC(186) PSYoungGen: 1211992K(2535936K)->68352K(2525696K) Eden: 1059736K(2265600K)->0K(2265600K) From: 152256K(270336K)->68352K(260096K)
[219.108s][info][gc,heap        ] GC(186) ParOldGen: 151751K(5592576K)->180991K(5592576K)
[219.108s][info][gc,metaspace   ] GC(186) Metaspace: 22622K(22912K)->22622K(22912K) NonClass: 19823K(19968K)->19823K(19968K) Class: 2799K(2944K)->2799K(2944K)
[219.108s][info][gc             ] GC(186) Pause Young (System.gc()) 1331M->243M(7928M) 74.124ms
[219.108s][info][gc,cpu         ] GC(186) User=0.38s Sys=0.00s Real=0.06s
[219.108s][info][gc,start       ] GC(187) Pause Full (System.gc())
[219.108s][info][gc,phases,start] GC(187) Marking Phase
[219.145s][info][gc,phases      ] GC(187) Marking Phase 37.119ms
[219.145s][info][gc,phases,start] GC(187) Summary Phase
[219.145s][info][gc,phases      ] GC(187) Summary Phase 0.011ms
[219.145s][info][gc,phases,start] GC(187) Adjust Roots
[219.149s][info][gc,phases      ] GC(187) Adjust Roots 4.212ms
[219.150s][info][gc,phases,start] GC(187) Compaction Phase
[219.241s][info][gc,phases      ] GC(187) Compaction Phase 91.139ms
[219.241s][info][gc,phases,start] GC(187) Post Compact
[219.242s][info][gc,phases      ] GC(187) Post Compact 1.351ms
[219.242s][info][gc,heap        ] GC(187) PSYoungGen: 68352K(2525696K)->0K(2525696K) Eden: 0K(2265600K)->0K(2265600K) From: 68352K(260096K)->0K(260096K)
[219.242s][info][gc,heap        ] GC(187) ParOldGen: 180991K(5592576K)->104148K(5592576K)
[219.242s][info][gc,metaspace   ] GC(187) Metaspace: 22622K(22912K)->22622K(22912K) NonClass: 19823K(19968K)->19823K(19968K) Class: 2799K(2944K)->2799K(2944K)
[219.242s][info][gc             ] GC(187) Pause Full (System.gc()) 243M->101M(7928M) 134.131ms
[219.242s][info][gc,cpu         ] GC(187) User=0.58s Sys=0.00s Real=0.14s
[220.410s][info][gc,start       ] GC(188) Pause Young (Allocation Failure)
[220.554s][info][gc,heap        ] GC(188) PSYoungGen: 2265600K(2525696K)->194656K(2520576K) Eden: 2265600K(2265600K)->0K(2255360K) From: 0K(260096K)->194656K(265216K)
[220.554s][info][gc,heap        ] GC(188) ParOldGen: 104148K(5592576K)->104148K(5592576K)
[220.554s][info][gc,metaspace   ] GC(188) Metaspace: 22623K(22912K)->22623K(22912K) NonClass: 19824K(19968K)->19824K(19968K) Class: 2799K(2944K)->2799K(2944K)
[220.554s][info][gc             ] GC(188) Pause Young (Allocation Failure) 2314M->291M(7923M) 144.099ms
[220.554s][info][gc,cpu         ] GC(188) User=0.77s Sys=0.02s Real=0.14s
[221.911s][info][gc,start       ] GC(189) Pause Young (Allocation Failure)
[221.993s][info][gc,heap        ] GC(189) PSYoungGen: 2450016K(2520576K)->110992K(2525696K) Eden: 2255360K(2255360K)->0K(2255360K) From: 194656K(265216K)->110992K(270336K)
[221.993s][info][gc,heap        ] GC(189) ParOldGen: 104148K(5592576K)->104180K(5592576K)
[221.993s][info][gc,metaspace   ] GC(189) Metaspace: 22624K(22912K)->22624K(22912K) NonClass: 19825K(19968K)->19825K(19968K) Class: 2799K(2944K)->2799K(2944K)
[221.993s][info][gc             ] GC(189) Pause Young (Allocation Failure) 2494M->210M(7928M) 81.803ms
[221.993s][info][gc,cpu         ] GC(189) User=0.45s Sys=0.00s Real=0.08s
[223.008s][info][gc,start       ] GC(190) Pause Young (Allocation Failure)
[223.138s][info][gc,heap        ] GC(190) PSYoungGen: 2366352K(2525696K)->191008K(2522624K) Eden: 2255360K(2255360K)->0K(2256384K) From: 110992K(270336K)->191008K(266240K)
[223.138s][info][gc,heap        ] GC(190) ParOldGen: 104180K(5592576K)->108444K(5592576K)
[223.138s][info][gc,metaspace   ] GC(190) Metaspace: 22624K(22912K)->22624K(22912K) NonClass: 19825K(19968K)->19825K(19968K) Class: 2799K(2944K)->2799K(2944K)
[223.138s][info][gc             ] GC(190) Pause Young (Allocation Failure) 2412M->292M(7925M) 129.693ms
[223.138s][info][gc,cpu         ] GC(190) User=0.84s Sys=0.00s Real=0.13s
[224.577s][info][gc,start       ] GC(191) Pause Young (Allocation Failure)
[224.663s][info][gc,heap        ] GC(191) PSYoungGen: 2447392K(2522624K)->107296K(2526208K) Eden: 2256384K(2256384K)->0K(2256384K) From: 191008K(266240K)->107296K(269824K)
[224.663s][info][gc,heap        ] GC(191) ParOldGen: 108444K(5592576K)->109812K(5592576K)
[224.663s][info][gc,metaspace   ] GC(191) Metaspace: 22624K(22912K)->22624K(22912K) NonClass: 19825K(19968K)->19825K(19968K) Class: 2799K(2944K)->2799K(2944K)
[224.663s][info][gc             ] GC(191) Pause Young (Allocation Failure) 2495M->212M(7928M) 85.426ms
[224.663s][info][gc,cpu         ] GC(191) User=0.48s Sys=0.00s Real=0.08s
[225.702s][info][gc,start       ] GC(192) Pause Young (Allocation Failure)
[225.828s][info][gc,heap        ] GC(192) PSYoungGen: 2363680K(2526208K)->189536K(2523648K) Eden: 2256384K(2256384K)->0K(2257408K) From: 107296K(269824K)->189536K(266240K)
[225.828s][info][gc,heap        ] GC(192) ParOldGen: 109812K(5592576K)->113056K(5592576K)
[225.828s][info][gc,metaspace   ] GC(192) Metaspace: 22624K(22912K)->22624K(22912K) NonClass: 19825K(19968K)->19825K(19968K) Class: 2799K(2944K)->2799K(2944K)
[225.828s][info][gc             ] GC(192) Pause Young (Allocation Failure) 2415M->295M(7926M) 125.807ms
[225.828s][info][gc,cpu         ] GC(192) User=0.69s Sys=0.00s Real=0.14s
[227.293s][info][gc,start       ] GC(193) Pause Young (Allocation Failure)
[227.374s][info][gc,heap        ] GC(193) PSYoungGen: 2446944K(2523648K)->105600K(2526720K) Eden: 2257408K(2257408K)->0K(2257408K) From: 189536K(266240K)->105600K(269312K)
[227.374s][info][gc,heap        ] GC(193) ParOldGen: 113056K(5592576K)->114000K(5592576K)
[227.374s][info][gc,metaspace   ] GC(193) Metaspace: 22625K(22912K)->22625K(22912K) NonClass: 19826K(19968K)->19826K(19968K) Class: 2799K(2944K)->2799K(2944K)
[227.374s][info][gc             ] GC(193) Pause Young (Allocation Failure) 2500M->214M(7929M) 81.400ms
[227.374s][info][gc,cpu         ] GC(193) User=0.48s Sys=0.02s Real=0.09s
[228.187s][info][gc,start       ] GC(194) Pause Young (System.gc())
[228.260s][info][gc,heap        ] GC(194) PSYoungGen: 1516235K(2526720K)->93264K(2532864K) Eden: 1410635K(2257408K)->0K(2267136K) From: 105600K(269312K)->93264K(265728K)
[228.260s][info][gc,heap        ] GC(194) ParOldGen: 114000K(5592576K)->118284K(5592576K)
[228.260s][info][gc,metaspace   ] GC(194) Metaspace: 22625K(22912K)->22625K(22912K) NonClass: 19826K(19968K)->19826K(19968K) Class: 2799K(2944K)->2799K(2944K)
[228.260s][info][gc             ] GC(194) Pause Young (System.gc()) 1592M->206M(7935M) 72.662ms
[228.260s][info][gc,cpu         ] GC(194) User=0.44s Sys=0.00s Real=0.08s
[228.260s][info][gc,start       ] GC(195) Pause Full (System.gc())
[228.260s][info][gc,phases,start] GC(195) Marking Phase
[228.297s][info][gc,phases      ] GC(195) Marking Phase 36.641ms
[228.297s][info][gc,phases,start] GC(195) Summary Phase
[228.297s][info][gc,phases      ] GC(195) Summary Phase 0.011ms
[228.297s][info][gc,phases,start] GC(195) Adjust Roots
[228.300s][info][gc,phases      ] GC(195) Adjust Roots 3.705ms
[228.301s][info][gc,phases,start] GC(195) Compaction Phase
[228.388s][info][gc,phases      ] GC(195) Compaction Phase 87.516ms
[228.388s][info][gc,phases,start] GC(195) Post Compact
[228.389s][info][gc,phases      ] GC(195) Post Compact 1.210ms
[228.389s][info][gc,heap        ] GC(195) PSYoungGen: 93264K(2532864K)->0K(2532864K) Eden: 0K(2267136K)->0K(2267136K) From: 93264K(265728K)->0K(265728K)
[228.389s][info][gc,heap        ] GC(195) ParOldGen: 118284K(5592576K)->104236K(5592576K)
[228.389s][info][gc,metaspace   ] GC(195) Metaspace: 22625K(22912K)->22625K(22912K) NonClass: 19826K(19968K)->19826K(19968K) Class: 2799K(2944K)->2799K(2944K)
[228.389s][info][gc             ] GC(195) Pause Full (System.gc()) 206M->101M(7935M) 129.341ms
[228.389s][info][gc,cpu         ] GC(195) User=0.53s Sys=0.00s Real=0.13s
[229.468s][info][gc,start       ] GC(196) Pause Young (Allocation Failure)
[229.603s][info][gc,heap        ] GC(196) PSYoungGen: 2267136K(2532864K)->192784K(2460160K) Eden: 2267136K(2267136K)->0K(2267136K) From: 0K(265728K)->192784K(193024K)
[229.603s][info][gc,heap        ] GC(196) ParOldGen: 104236K(5592576K)->104236K(5592576K)
[229.603s][info][gc,metaspace   ] GC(196) Metaspace: 22625K(22912K)->22625K(22912K) NonClass: 19826K(19968K)->19826K(19968K) Class: 2799K(2944K)->2799K(2944K)
[229.603s][info][gc             ] GC(196) Pause Young (Allocation Failure) 2315M->290M(7864M) 134.706ms
[229.603s][info][gc,cpu         ] GC(196) User=0.70s Sys=0.00s Real=0.13s
[231.007s][info][gc,start       ] GC(197) Pause Young (Allocation Failure)
[231.082s][info][gc,heap        ] GC(197) PSYoungGen: 2459920K(2460160K)->101120K(2530304K) Eden: 2267136K(2267136K)->0K(2260480K) From: 192784K(193024K)->101120K(269824K)
[231.082s][info][gc,heap        ] GC(197) ParOldGen: 104236K(5592576K)->104260K(5592576K)
[231.082s][info][gc,metaspace   ] GC(197) Metaspace: 22627K(22912K)->22627K(22912K) NonClass: 19828K(19968K)->19828K(19968K) Class: 2799K(2944K)->2799K(2944K)
[231.082s][info][gc             ] GC(197) Pause Young (Allocation Failure) 2504M->200M(7932M) 75.314ms
[231.082s][info][gc,cpu         ] GC(197) User=0.38s Sys=0.00s Real=0.06s
[232.078s][info][gc,start       ] GC(198) Pause Young (Allocation Failure)
[232.199s][info][gc,heap        ] GC(198) PSYoungGen: 2361600K(2530304K)->182368K(2526208K) Eden: 2260480K(2260480K)->0K(2260480K) From: 101120K(269824K)->182368K(265728K)
[232.199s][info][gc,heap        ] GC(198) ParOldGen: 104260K(5592576K)->105532K(5592576K)
[232.199s][info][gc,metaspace   ] GC(198) Metaspace: 22627K(22912K)->22627K(22912K) NonClass: 19828K(19968K)->19828K(19968K) Class: 2799K(2944K)->2799K(2944K)
[232.199s][info][gc             ] GC(198) Pause Young (Allocation Failure) 2408M->281M(7928M) 120.858ms
[232.199s][info][gc,cpu         ] GC(198) User=0.70s Sys=0.00s Real=0.13s
[233.579s][info][gc,start       ] GC(199) Pause Young (Allocation Failure)
[233.665s][info][gc,heap        ] GC(199) PSYoungGen: 2442848K(2526208K)->118688K(2535424K) Eden: 2260480K(2260480K)->0K(2267648K) From: 182368K(265728K)->118688K(267776K)
[233.665s][info][gc,heap        ] GC(199) ParOldGen: 105532K(5592576K)->107088K(5592576K)
[233.665s][info][gc,metaspace   ] GC(199) Metaspace: 22630K(22912K)->22630K(22912K) NonClass: 19831K(19968K)->19831K(19968K) Class: 2799K(2944K)->2799K(2944K)
[233.665s][info][gc             ] GC(199) Pause Young (Allocation Failure) 2488M->220M(7937M) 85.910ms
[233.665s][info][gc,cpu         ] GC(199) User=0.48s Sys=0.00s Real=0.08s
[234.663s][info][gc,start       ] GC(200) Pause Young (Allocation Failure)
[234.791s][info][gc,heap        ] GC(200) PSYoungGen: 2386336K(2535424K)->190672K(2528256K) Eden: 2267648K(2267648K)->0K(2267648K) From: 118688K(267776K)->190672K(260608K)
[234.792s][info][gc,heap        ] GC(200) ParOldGen: 107088K(5592576K)->112037K(5592576K)
[234.792s][info][gc,metaspace   ] GC(200) Metaspace: 22632K(22976K)->22632K(22976K) NonClass: 19833K(20032K)->19833K(20032K) Class: 2799K(2944K)->2799K(2944K)
[234.792s][info][gc             ] GC(200) Pause Young (Allocation Failure) 2434M->295M(7930M) 128.659ms
[234.792s][info][gc,cpu         ] GC(200) User=0.77s Sys=0.00s Real=0.13s
[236.263s][info][gc,start       ] GC(201) Pause Young (Allocation Failure)
[236.344s][info][gc,heap        ] GC(201) PSYoungGen: 2458320K(2528256K)->113392K(2535424K) Eden: 2267648K(2267648K)->0K(2269184K) From: 190672K(260608K)->113392K(266240K)
[236.344s][info][gc,heap        ] GC(201) ParOldGen: 112037K(5592576K)->112757K(5592576K)
[236.344s][info][gc,metaspace   ] GC(201) Metaspace: 22633K(22976K)->22633K(22976K) NonClass: 19834K(20032K)->19834K(20032K) Class: 2799K(2944K)->2799K(2944K)
[236.344s][info][gc             ] GC(201) Pause Young (Allocation Failure) 2510M->220M(7937M) 81.716ms
[236.344s][info][gc,cpu         ] GC(201) User=0.45s Sys=0.00s Real=0.08s
[237.161s][info][gc,start       ] GC(202) Pause Young (System.gc())
[237.234s][info][gc,heap        ] GC(202) PSYoungGen: 1516560K(2535424K)->89072K(2529792K) Eden: 1403168K(2269184K)->0K(2269184K) From: 113392K(266240K)->89072K(260608K)
[237.234s][info][gc,heap        ] GC(202) ParOldGen: 112757K(5592576K)->121113K(5592576K)
[237.234s][info][gc,metaspace   ] GC(202) Metaspace: 22633K(22976K)->22633K(22976K) NonClass: 19834K(20032K)->19834K(20032K) Class: 2799K(2944K)->2799K(2944K)
[237.234s][info][gc             ] GC(202) Pause Young (System.gc()) 1591M->205M(7932M) 72.614ms
[237.234s][info][gc,cpu         ] GC(202) User=0.39s Sys=0.00s Real=0.08s
[237.234s][info][gc,start       ] GC(203) Pause Full (System.gc())
[237.234s][info][gc,phases,start] GC(203) Marking Phase
[237.269s][info][gc,phases      ] GC(203) Marking Phase 34.862ms
[237.269s][info][gc,phases,start] GC(203) Summary Phase
[237.269s][info][gc,phases      ] GC(203) Summary Phase 0.011ms
[237.269s][info][gc,phases,start] GC(203) Adjust Roots
[237.273s][info][gc,phases      ] GC(203) Adjust Roots 3.773ms
[237.273s][info][gc,phases,start] GC(203) Compaction Phase
[237.358s][info][gc,phases      ] GC(203) Compaction Phase 85.206ms
[237.358s][info][gc,phases,start] GC(203) Post Compact
[237.359s][info][gc,phases      ] GC(203) Post Compact 1.198ms
[237.359s][info][gc,heap        ] GC(203) PSYoungGen: 89072K(2529792K)->0K(2529792K) Eden: 0K(2269184K)->0K(2269184K) From: 89072K(260608K)->0K(260608K)
[237.359s][info][gc,heap        ] GC(203) ParOldGen: 121113K(5592576K)->104117K(5592576K)
[237.359s][info][gc,metaspace   ] GC(203) Metaspace: 22633K(22976K)->22633K(22976K) NonClass: 19834K(20032K)->19834K(20032K) Class: 2799K(2944K)->2799K(2944K)
[237.359s][info][gc             ] GC(203) Pause Full (System.gc()) 205M->101M(7932M) 125.311ms
[237.359s][info][gc,cpu         ] GC(203) User=0.55s Sys=0.00s Real=0.13s
[238.367s][info][gc,start       ] GC(204) Pause Young (Allocation Failure)
[238.493s][info][gc,heap        ] GC(204) PSYoungGen: 2269184K(2529792K)->187248K(2526208K) Eden: 2269184K(2269184K)->0K(2267648K) From: 0K(260608K)->187248K(258560K)
[238.493s][info][gc,heap        ] GC(204) ParOldGen: 104117K(5592576K)->104117K(5592576K)
[238.493s][info][gc,metaspace   ] GC(204) Metaspace: 22636K(22976K)->22636K(22976K) NonClass: 19837K(20032K)->19837K(20032K) Class: 2799K(2944K)->2799K(2944K)
[238.493s][info][gc             ] GC(204) Pause Young (Allocation Failure) 2317M->284M(7928M) 126.318ms
[238.493s][info][gc,cpu         ] GC(204) User=0.67s Sys=0.00s Real=0.12s
[239.916s][info][gc,start       ] GC(205) Pause Young (Allocation Failure)
[239.995s][info][gc,heap        ] GC(205) PSYoungGen: 2454896K(2526208K)->110960K(2531840K) Eden: 2267648K(2267648K)->0K(2267648K) From: 187248K(258560K)->110960K(264192K)
[239.995s][info][gc,heap        ] GC(205) ParOldGen: 104117K(5592576K)->104133K(5592576K)
[239.995s][info][gc,metaspace   ] GC(205) Metaspace: 22647K(22976K)->22647K(22976K) NonClass: 19848K(20032K)->19848K(20032K) Class: 2799K(2944K)->2799K(2944K)
[239.995s][info][gc             ] GC(205) Pause Young (Allocation Failure) 2499M->210M(7934M) 79.259ms
[239.995s][info][gc,cpu         ] GC(205) User=0.47s Sys=0.00s Real=0.08s
[241.037s][info][gc,start       ] GC(206) Pause Young (Allocation Failure)
[241.164s][info][gc,heap        ] GC(206) PSYoungGen: 2378608K(2531840K)->185312K(2528768K) Eden: 2267648K(2267648K)->0K(2270720K) From: 110960K(264192K)->185312K(258048K)
[241.164s][info][gc,heap        ] GC(206) ParOldGen: 104133K(5592576K)->108865K(5592576K)
[241.164s][info][gc,metaspace   ] GC(206) Metaspace: 22649K(22976K)->22649K(22976K) NonClass: 19850K(20032K)->19850K(20032K) Class: 2799K(2944K)->2799K(2944K)
[241.164s][info][gc             ] GC(206) Pause Young (Allocation Failure) 2424M->287M(7931M) 127.079ms
[241.164s][info][gc,cpu         ] GC(206) User=0.61s Sys=0.00s Real=0.13s
[242.645s][info][gc,start       ] GC(207) Pause Young (Allocation Failure)
[242.731s][info][gc,heap        ] GC(207) PSYoungGen: 2456032K(2528768K)->115200K(2533376K) Eden: 2270720K(2270720K)->0K(2270720K) From: 185312K(258048K)->115200K(262656K)
[242.731s][info][gc,heap        ] GC(207) ParOldGen: 108865K(5592576K)->109577K(5592576K)
[242.731s][info][gc,metaspace   ] GC(207) Metaspace: 22748K(23104K)->22748K(23104K) NonClass: 19949K(20160K)->19949K(20160K) Class: 2799K(2944K)->2799K(2944K)
[242.731s][info][gc             ] GC(207) Pause Young (Allocation Failure) 2504M->219M(7935M) 85.784ms
[242.731s][info][gc,cpu         ] GC(207) User=0.56s Sys=0.00s Real=0.08s
[243.781s][info][gc,start       ] GC(208) Pause Young (Allocation Failure)
[243.908s][info][gc,heap        ] GC(208) PSYoungGen: 2385920K(2533376K)->191200K(2526720K) Eden: 2270720K(2270720K)->0K(2270720K) From: 115200K(262656K)->191200K(256000K)
[243.908s][info][gc,heap        ] GC(208) ParOldGen: 109577K(5592576K)->115685K(5592576K)
[243.908s][info][gc,metaspace   ] GC(208) Metaspace: 22771K(23104K)->22771K(23104K) NonClass: 19972K(20160K)->19972K(20160K) Class: 2799K(2944K)->2799K(2944K)
[243.908s][info][gc             ] GC(208) Pause Young (Allocation Failure) 2437M->299M(7929M) 127.514ms
[243.908s][info][gc,cpu         ] GC(208) User=0.72s Sys=0.00s Real=0.13s
[245.308s][info][gc,start       ] GC(209) Pause Young (Allocation Failure)
[245.397s][info][gc,heap        ] GC(209) PSYoungGen: 2461920K(2526720K)->122432K(2533376K) Eden: 2270720K(2270720K)->0K(2270720K) From: 191200K(256000K)->122432K(262656K)
[245.397s][info][gc,heap        ] GC(209) ParOldGen: 115685K(5592576K)->116609K(5592576K)
[245.397s][info][gc,metaspace   ] GC(209) Metaspace: 22772K(23104K)->22772K(23104K) NonClass: 19973K(20160K)->19973K(20160K) Class: 2799K(2944K)->2799K(2944K)
[245.397s][info][gc             ] GC(209) Pause Young (Allocation Failure) 2517M->233M(7935M) 88.947ms
[245.397s][info][gc,cpu         ] GC(209) User=0.47s Sys=0.00s Real=0.09s
[246.246s][info][gc,start       ] GC(210) Pause Young (System.gc())
[246.311s][info][gc,heap        ] GC(210) PSYoungGen: 1498244K(2533376K)->80032K(2540544K) Eden: 1375812K(2270720K)->0K(2285056K) From: 122432K(262656K)->80032K(255488K)
[246.311s][info][gc,heap        ] GC(210) ParOldGen: 116609K(5592576K)->125229K(5592576K)
[246.311s][info][gc,metaspace   ] GC(210) Metaspace: 22773K(23104K)->22773K(23104K) NonClass: 19974K(20160K)->19974K(20160K) Class: 2799K(2944K)->2799K(2944K)
[246.311s][info][gc             ] GC(210) Pause Young (System.gc()) 1577M->200M(7942M) 65.688ms
[246.311s][info][gc,cpu         ] GC(210) User=0.34s Sys=0.02s Real=0.06s
[246.311s][info][gc,start       ] GC(211) Pause Full (System.gc())
[246.311s][info][gc,phases,start] GC(211) Marking Phase
[246.343s][info][gc,phases      ] GC(211) Marking Phase 31.129ms
[246.343s][info][gc,phases,start] GC(211) Summary Phase
[246.343s][info][gc,phases      ] GC(211) Summary Phase 0.011ms
[246.343s][info][gc,phases,start] GC(211) Adjust Roots
[246.347s][info][gc,phases      ] GC(211) Adjust Roots 3.918ms
[246.347s][info][gc,phases,start] GC(211) Compaction Phase
[246.424s][info][gc,phases      ] GC(211) Compaction Phase 77.424ms
[246.424s][info][gc,phases,start] GC(211) Post Compact
[246.425s][info][gc,phases      ] GC(211) Post Compact 1.187ms
[246.425s][info][gc,heap        ] GC(211) PSYoungGen: 80032K(2540544K)->0K(2540544K) Eden: 0K(2285056K)->0K(2285056K) From: 80032K(255488K)->0K(255488K)
[246.425s][info][gc,heap        ] GC(211) ParOldGen: 125229K(5592576K)->95292K(5592576K)
[246.425s][info][gc,metaspace   ] GC(211) Metaspace: 22773K(23104K)->22773K(23104K) NonClass: 19974K(20160K)->19974K(20160K) Class: 2799K(2944K)->2799K(2944K)
[246.425s][info][gc             ] GC(211) Pause Full (System.gc()) 200M->93M(7942M) 113.932ms
[246.425s][info][gc,cpu         ] GC(211) User=0.44s Sys=0.00s Real=0.11s
[247.466s][info][gc,start       ] GC(212) Pause Young (Allocation Failure)
[247.597s][info][gc,heap        ] GC(212) PSYoungGen: 2285056K(2540544K)->189488K(2475008K) Eden: 2285056K(2285056K)->0K(2285056K) From: 0K(255488K)->189488K(189952K)
[247.597s][info][gc,heap        ] GC(212) ParOldGen: 95292K(5592576K)->95292K(5592576K)
[247.597s][info][gc,metaspace   ] GC(212) Metaspace: 22773K(23104K)->22773K(23104K) NonClass: 19974K(20160K)->19974K(20160K) Class: 2799K(2944K)->2799K(2944K)
[247.597s][info][gc             ] GC(212) Pause Young (Allocation Failure) 2324M->278M(7878M) 131.180ms
[247.597s][info][gc,cpu         ] GC(212) User=0.66s Sys=0.00s Real=0.13s
[248.998s][info][gc,start       ] GC(213) Pause Young (Allocation Failure)
[249.077s][info][gc,heap        ] GC(213) PSYoungGen: 2474544K(2475008K)->109152K(2539520K) Eden: 2285056K(2285056K)->0K(2276864K) From: 189488K(189952K)->109152K(262656K)
[249.077s][info][gc,heap        ] GC(213) ParOldGen: 95292K(5592576K)->95332K(5592576K)
[249.077s][info][gc,metaspace   ] GC(213) Metaspace: 22776K(23104K)->22776K(23104K) NonClass: 19977K(20160K)->19977K(20160K) Class: 2799K(2944K)->2799K(2944K)
[249.077s][info][gc             ] GC(213) Pause Young (Allocation Failure) 2509M->199M(7941M) 78.916ms
[249.077s][info][gc,cpu         ] GC(213) User=0.39s Sys=0.00s Real=0.08s
[250.149s][info][gc,start       ] GC(214) Pause Young (Allocation Failure)
[250.277s][info][gc,heap        ] GC(214) PSYoungGen: 2386016K(2539520K)->190064K(2467328K) Eden: 2276864K(2276864K)->0K(2276864K) From: 109152K(262656K)->190064K(190464K)
[250.277s][info][gc,heap        ] GC(214) ParOldGen: 95332K(5592576K)->99364K(5592576K)
[250.277s][info][gc,metaspace   ] GC(214) Metaspace: 22776K(23104K)->22776K(23104K) NonClass: 19977K(20160K)->19977K(20160K) Class: 2799K(2944K)->2799K(2944K)
[250.277s][info][gc             ] GC(214) Pause Young (Allocation Failure) 2423M->282M(7871M) 128.612ms
[250.277s][info][gc,cpu         ] GC(214) User=0.75s Sys=0.00s Real=0.13s
[251.674s][info][gc,start       ] GC(215) Pause Young (Allocation Failure)
[251.755s][info][gc,heap        ] GC(215) PSYoungGen: 2466928K(2467328K)->112960K(2539008K) Eden: 2276864K(2276864K)->0K(2275328K) From: 190064K(190464K)->112960K(263680K)
[251.755s][info][gc,heap        ] GC(215) ParOldGen: 99364K(5592576K)->100752K(5592576K)
[251.755s][info][gc,metaspace   ] GC(215) Metaspace: 22776K(23104K)->22776K(23104K) NonClass: 19977K(20160K)->19977K(20160K) Class: 2799K(2944K)->2799K(2944K)
[251.755s][info][gc             ] GC(215) Pause Young (Allocation Failure) 2506M->208M(7941M) 81.080ms
[251.755s][info][gc,cpu         ] GC(215) User=0.39s Sys=0.00s Real=0.08s
[252.831s][info][gc,start       ] GC(216) Pause Young (Allocation Failure)
[252.956s][info][gc,heap        ] GC(216) PSYoungGen: 2388288K(2539008K)->187232K(2532352K) Eden: 2275328K(2275328K)->0K(2275328K) From: 112960K(263680K)->187232K(257024K)
[252.956s][info][gc,heap        ] GC(216) ParOldGen: 100752K(5592576K)->104248K(5592576K)
[252.956s][info][gc,metaspace   ] GC(216) Metaspace: 22776K(23104K)->22776K(23104K) NonClass: 19977K(20160K)->19977K(20160K) Class: 2799K(2944K)->2799K(2944K)
[252.956s][info][gc             ] GC(216) Pause Young (Allocation Failure) 2430M->284M(7934M) 124.666ms
[252.956s][info][gc,cpu         ] GC(216) User=0.67s Sys=0.00s Real=0.13s
[254.627s][info][gc,start       ] GC(217) Pause Young (Allocation Failure)
[254.726s][info][gc,heap        ] GC(217) PSYoungGen: 2462560K(2532352K)->142208K(2544640K) Eden: 2275328K(2275328K)->0K(2281984K) From: 187232K(257024K)->142208K(262656K)
[254.726s][info][gc,heap        ] GC(217) ParOldGen: 104248K(5592576K)->105136K(5592576K)
[254.726s][info][gc,metaspace   ] GC(217) Metaspace: 22776K(23104K)->22776K(23104K) NonClass: 19977K(20160K)->19977K(20160K) Class: 2799K(2944K)->2799K(2944K)
[254.726s][info][gc             ] GC(217) Pause Young (Allocation Failure) 2506M->241M(7946M) 99.244ms
[254.726s][info][gc,cpu         ] GC(217) User=0.58s Sys=0.00s Real=0.11s
[255.433s][info][gc,start       ] GC(218) Pause Young (System.gc())
[255.503s][info][gc,heap        ] GC(218) PSYoungGen: 1288492K(2544640K)->73472K(2533376K) Eden: 1146284K(2281984K)->0K(2281984K) From: 142208K(262656K)->73472K(251392K)
[255.503s][info][gc,heap        ] GC(218) ParOldGen: 105136K(5592576K)->129184K(5592576K)
[255.503s][info][gc,metaspace   ] GC(218) Metaspace: 22776K(23104K)->22776K(23104K) NonClass: 19977K(20160K)->19977K(20160K) Class: 2799K(2944K)->2799K(2944K)
[255.503s][info][gc             ] GC(218) Pause Young (System.gc()) 1360M->197M(7935M) 70.601ms
[255.503s][info][gc,cpu         ] GC(218) User=0.45s Sys=0.00s Real=0.08s
[255.503s][info][gc,start       ] GC(219) Pause Full (System.gc())
[255.503s][info][gc,phases,start] GC(219) Marking Phase
[255.541s][info][gc,phases      ] GC(219) Marking Phase 37.085ms
[255.541s][info][gc,phases,start] GC(219) Summary Phase
[255.541s][info][gc,phases      ] GC(219) Summary Phase 0.016ms
[255.541s][info][gc,phases,start] GC(219) Adjust Roots
[255.545s][info][gc,phases      ] GC(219) Adjust Roots 4.272ms
[255.545s][info][gc,phases,start] GC(219) Compaction Phase
[255.642s][info][gc,phases      ] GC(219) Compaction Phase 97.555ms
[255.643s][info][gc,phases,start] GC(219) Post Compact
[255.644s][info][gc,phases      ] GC(219) Post Compact 1.272ms
[255.644s][info][gc,heap        ] GC(219) PSYoungGen: 73472K(2533376K)->0K(2533376K) Eden: 0K(2281984K)->0K(2281984K) From: 73472K(251392K)->0K(251392K)
[255.644s][info][gc,heap        ] GC(219) ParOldGen: 129184K(5592576K)->104149K(5592576K)
[255.644s][info][gc,metaspace   ] GC(219) Metaspace: 22776K(23104K)->22776K(23104K) NonClass: 19977K(20160K)->19977K(20160K) Class: 2799K(2944K)->2799K(2944K)
[255.644s][info][gc             ] GC(219) Pause Full (System.gc()) 197M->101M(7935M) 140.552ms
[255.644s][info][gc,cpu         ] GC(219) User=0.72s Sys=0.00s Real=0.14s
[256.618s][info][gc,start       ] GC(220) Pause Young (Allocation Failure)
[256.751s][info][gc,heap        ] GC(220) PSYoungGen: 2281984K(2533376K)->198416K(2521088K) Eden: 2281984K(2281984K)->0K(2267648K) From: 0K(251392K)->198416K(253440K)
[256.751s][info][gc,heap        ] GC(220) ParOldGen: 104149K(5592576K)->104149K(5592576K)
[256.751s][info][gc,metaspace   ] GC(220) Metaspace: 22776K(23104K)->22776K(23104K) NonClass: 19977K(20160K)->19977K(20160K) Class: 2799K(2944K)->2799K(2944K)
[256.751s][info][gc             ] GC(220) Pause Young (Allocation Failure) 2330M->295M(7923M) 133.172ms
[256.751s][info][gc,cpu         ] GC(220) User=0.78s Sys=0.00s Real=0.13s
[258.208s][info][gc,start       ] GC(221) Pause Young (Allocation Failure)
[258.290s][info][gc,heap        ] GC(221) PSYoungGen: 2466064K(2521088K)->109952K(2531840K) Eden: 2267648K(2267648K)->0K(2267648K) From: 198416K(253440K)->109952K(264192K)
[258.290s][info][gc,heap        ] GC(221) ParOldGen: 104149K(5592576K)->104189K(5592576K)
[258.290s][info][gc,metaspace   ] GC(221) Metaspace: 22776K(23104K)->22776K(23104K) NonClass: 19977K(20160K)->19977K(20160K) Class: 2799K(2944K)->2799K(2944K)
[258.290s][info][gc             ] GC(221) Pause Young (Allocation Failure) 2509M->209M(7934M) 82.048ms
[258.290s][info][gc,cpu         ] GC(221) User=0.55s Sys=0.00s Real=0.09s
[259.381s][info][gc,start       ] GC(222) Pause Young (Allocation Failure)
[259.509s][info][gc,heap        ] GC(222) PSYoungGen: 2377600K(2531840K)->189264K(2525696K) Eden: 2267648K(2267648K)->0K(2267648K) From: 109952K(264192K)->189264K(258048K)
[259.510s][info][gc,heap        ] GC(222) ParOldGen: 104189K(5592576K)->108593K(5592576K)
[259.510s][info][gc,metaspace   ] GC(222) Metaspace: 22780K(23104K)->22780K(23104K) NonClass: 19980K(20160K)->19980K(20160K) Class: 2799K(2944K)->2799K(2944K)
[259.510s][info][gc             ] GC(222) Pause Young (Allocation Failure) 2423M->290M(7928M) 128.144ms
[259.510s][info][gc,cpu         ] GC(222) User=0.70s Sys=0.00s Real=0.13s
[260.842s][info][gc,start       ] GC(223) Pause Young (Allocation Failure)
[260.920s][info][gc,heap        ] GC(223) PSYoungGen: 2456912K(2525696K)->106816K(2531840K) Eden: 2267648K(2267648K)->0K(2267648K) From: 189264K(258048K)->106816K(264192K)
[260.920s][info][gc,heap        ] GC(223) ParOldGen: 108593K(5592576K)->109869K(5592576K)
[260.920s][info][gc,metaspace   ] GC(223) Metaspace: 22780K(23104K)->22780K(23104K) NonClass: 19980K(20160K)->19980K(20160K) Class: 2799K(2944K)->2799K(2944K)
[260.921s][info][gc             ] GC(223) Pause Young (Allocation Failure) 2505M->211M(7934M) 78.760ms
[260.921s][info][gc,cpu         ] GC(223) User=0.39s Sys=0.00s Real=0.08s
[262.027s][info][gc,start       ] GC(224) Pause Young (Allocation Failure)
[262.152s][info][gc,heap        ] GC(224) PSYoungGen: 2374464K(2531840K)->188064K(2526720K) Eden: 2267648K(2267648K)->0K(2267648K) From: 106816K(264192K)->188064K(259072K)
[262.152s][info][gc,heap        ] GC(224) ParOldGen: 109869K(5592576K)->112209K(5592576K)
[262.152s][info][gc,metaspace   ] GC(224) Metaspace: 22780K(23104K)->22780K(23104K) NonClass: 19980K(20160K)->19980K(20160K) Class: 2799K(2944K)->2799K(2944K)
[262.152s][info][gc             ] GC(224) Pause Young (Allocation Failure) 2426M->293M(7929M) 125.836ms
[262.152s][info][gc,cpu         ] GC(224) User=0.69s Sys=0.00s Real=0.12s
[263.544s][info][gc,start       ] GC(225) Pause Young (Allocation Failure)
[263.629s][info][gc,heap        ] GC(225) PSYoungGen: 2455712K(2526720K)->110720K(2531840K) Eden: 2267648K(2267648K)->0K(2267648K) From: 188064K(259072K)->110720K(264192K)
[263.629s][info][gc,heap        ] GC(225) ParOldGen: 112209K(5592576K)->113277K(5592576K)
[263.629s][info][gc,metaspace   ] GC(225) Metaspace: 22782K(23104K)->22782K(23104K) NonClass: 19982K(20160K)->19982K(20160K) Class: 2799K(2944K)->2799K(2944K)
[263.629s][info][gc             ] GC(225) Pause Young (Allocation Failure) 2507M->218M(7934M) 84.522ms
[263.629s][info][gc,cpu         ] GC(225) User=0.53s Sys=0.00s Real=0.08s
[264.459s][info][gc,start       ] GC(226) Pause Young (System.gc())
[264.534s][info][gc,heap        ] GC(226) PSYoungGen: 1515743K(2531840K)->89344K(2539520K) Eden: 1405023K(2267648K)->0K(2280960K) From: 110720K(264192K)->89344K(258560K)
[264.534s][info][gc,heap        ] GC(226) ParOldGen: 113277K(5592576K)->121181K(5592576K)
[264.534s][info][gc,metaspace   ] GC(226) Metaspace: 22782K(23104K)->22782K(23104K) NonClass: 19982K(20160K)->19982K(20160K) Class: 2799K(2944K)->2799K(2944K)
[264.534s][info][gc             ] GC(226) Pause Young (System.gc()) 1590M->205M(7941M) 75.401ms
[264.534s][info][gc,cpu         ] GC(226) User=0.39s Sys=0.00s Real=0.08s
[264.534s][info][gc,start       ] GC(227) Pause Full (System.gc())
[264.534s][info][gc,phases,start] GC(227) Marking Phase
[264.569s][info][gc,phases      ] GC(227) Marking Phase 34.905ms
[264.569s][info][gc,phases,start] GC(227) Summary Phase
[264.569s][info][gc,phases      ] GC(227) Summary Phase 0.012ms
[264.569s][info][gc,phases,start] GC(227) Adjust Roots
[264.573s][info][gc,phases      ] GC(227) Adjust Roots 3.591ms
[264.573s][info][gc,phases,start] GC(227) Compaction Phase
[264.655s][info][gc,phases      ] GC(227) Compaction Phase 82.771ms
[264.656s][info][gc,phases,start] GC(227) Post Compact
[264.657s][info][gc,phases      ] GC(227) Post Compact 1.127ms
[264.657s][info][gc,heap        ] GC(227) PSYoungGen: 89344K(2539520K)->0K(2539520K) Eden: 0K(2280960K)->0K(2280960K) From: 89344K(258560K)->0K(258560K)
[264.657s][info][gc,heap        ] GC(227) ParOldGen: 121181K(5592576K)->103935K(5592576K)
[264.657s][info][gc,metaspace   ] GC(227) Metaspace: 22782K(23104K)->22782K(23104K) NonClass: 19982K(20160K)->19982K(20160K) Class: 2799K(2944K)->2799K(2944K)
[264.657s][info][gc             ] GC(227) Pause Full (System.gc()) 205M->101M(7941M) 122.713ms
[264.657s][info][gc,cpu         ] GC(227) User=0.55s Sys=0.00s Real=0.13s
[265.740s][info][gc,start       ] GC(228) Pause Young (Allocation Failure)
[265.865s][info][gc,heap        ] GC(228) PSYoungGen: 2280960K(2539520K)->181520K(2462720K) Eden: 2280960K(2280960K)->0K(2280960K) From: 0K(258560K)->181520K(181760K)
[265.865s][info][gc,heap        ] GC(228) ParOldGen: 103935K(5592576K)->103935K(5592576K)
[265.865s][info][gc,metaspace   ] GC(228) Metaspace: 22782K(23104K)->22782K(23104K) NonClass: 19982K(20160K)->19982K(20160K) Class: 2799K(2944K)->2799K(2944K)
[265.865s][info][gc             ] GC(228) Pause Young (Allocation Failure) 2328M->278M(7866M) 124.641ms
[265.865s][info][gc,cpu         ] GC(228) User=0.75s Sys=0.00s Real=0.12s
[267.306s][info][gc,start       ] GC(229) Pause Young (Allocation Failure)
[267.380s][info][gc,heap        ] GC(229) PSYoungGen: 2462480K(2462720K)->99696K(2540032K) Eden: 2280960K(2280960K)->0K(2279424K) From: 181520K(181760K)->99696K(260608K)
[267.380s][info][gc,heap        ] GC(229) ParOldGen: 103935K(5592576K)->103967K(5592576K)
[267.380s][info][gc,metaspace   ] GC(229) Metaspace: 22782K(23104K)->22782K(23104K) NonClass: 19982K(20160K)->19982K(20160K) Class: 2799K(2944K)->2799K(2944K)
[267.380s][info][gc             ] GC(229) Pause Young (Allocation Failure) 2506M->198M(7942M) 74.213ms
[267.380s][info][gc,cpu         ] GC(229) User=0.41s Sys=0.00s Real=0.07s
[268.514s][info][gc,start       ] GC(230) Pause Young (Allocation Failure)
[268.648s][info][gc,heap        ] GC(230) PSYoungGen: 2379120K(2540032K)->197216K(2477056K) Eden: 2279424K(2279424K)->0K(2279424K) From: 99696K(260608K)->197216K(197632K)
[268.649s][info][gc,heap        ] GC(230) ParOldGen: 103967K(5592576K)->104791K(5592576K)
[268.649s][info][gc,metaspace   ] GC(230) Metaspace: 22782K(23104K)->22782K(23104K) NonClass: 19982K(20160K)->19982K(20160K) Class: 2799K(2944K)->2799K(2944K)
[268.649s][info][gc             ] GC(230) Pause Young (Allocation Failure) 2424M->294M(7880M) 134.419ms
[268.649s][info][gc,cpu         ] GC(230) User=0.77s Sys=0.00s Real=0.14s
[269.959s][info][gc,start       ] GC(231) Pause Young (Allocation Failure)
[270.042s][info][gc,heap        ] GC(231) PSYoungGen: 2476640K(2477056K)->113936K(2536960K) Eden: 2279424K(2279424K)->0K(2270720K) From: 197216K(197632K)->113936K(266240K)
[270.042s][info][gc,heap        ] GC(231) ParOldGen: 104791K(5592576K)->105423K(5592576K)
[270.042s][info][gc,metaspace   ] GC(231) Metaspace: 22782K(23104K)->22782K(23104K) NonClass: 19982K(20160K)->19982K(20160K) Class: 2799K(2944K)->2799K(2944K)
[270.042s][info][gc             ] GC(231) Pause Young (Allocation Failure) 2520M->214M(7939M) 83.368ms
[270.042s][info][gc,cpu         ] GC(231) User=0.50s Sys=0.00s Real=0.08s
[271.098s][info][gc,start       ] GC(232) Pause Young (Allocation Failure)
[271.225s][info][gc,heap        ] GC(232) PSYoungGen: 2384656K(2536960K)->185360K(2529792K) Eden: 2270720K(2270720K)->0K(2270720K) From: 113936K(266240K)->185360K(259072K)
[271.225s][info][gc,heap        ] GC(232) ParOldGen: 105423K(5592576K)->111979K(5592576K)
[271.225s][info][gc,metaspace   ] GC(232) Metaspace: 22782K(23104K)->22782K(23104K) NonClass: 19982K(20160K)->19982K(20160K) Class: 2799K(2944K)->2799K(2944K)
[271.225s][info][gc             ] GC(232) Pause Young (Allocation Failure) 2431M->290M(7932M) 126.734ms
[271.225s][info][gc,cpu         ] GC(232) User=0.70s Sys=0.00s Real=0.13s
[272.685s][info][gc,start       ] GC(233) Pause Young (Allocation Failure)
[272.766s][info][gc,heap        ] GC(233) PSYoungGen: 2456080K(2529792K)->107840K(2537472K) Eden: 2270720K(2270720K)->0K(2273792K) From: 185360K(259072K)->107840K(263680K)
[272.766s][info][gc,heap        ] GC(233) ParOldGen: 111979K(5592576K)->112683K(5592576K)
[272.766s][info][gc,metaspace   ] GC(233) Metaspace: 22782K(23104K)->22782K(23104K) NonClass: 19982K(20160K)->19982K(20160K) Class: 2799K(2944K)->2799K(2944K)
[272.766s][info][gc             ] GC(233) Pause Young (Allocation Failure) 2507M->215M(7939M) 80.662ms
[272.766s][info][gc,cpu         ] GC(233) User=0.47s Sys=0.00s Real=0.08s
[273.650s][info][gc,start       ] GC(234) Pause Young (System.gc())
[273.724s][info][gc,heap        ] GC(234) PSYoungGen: 1587974K(2537472K)->92112K(2532352K) Eden: 1480134K(2273792K)->0K(2273792K) From: 107840K(263680K)->92112K(258560K)
[273.724s][info][gc,heap        ] GC(234) ParOldGen: 112683K(5592576K)->117856K(5592576K)
[273.724s][info][gc,metaspace   ] GC(234) Metaspace: 22783K(23104K)->22783K(23104K) NonClass: 19984K(20160K)->19984K(20160K) Class: 2799K(2944K)->2799K(2944K)
[273.724s][info][gc             ] GC(234) Pause Young (System.gc()) 1660M->205M(7934M) 73.841ms
[273.724s][info][gc,cpu         ] GC(234) User=0.47s Sys=0.00s Real=0.08s
[273.724s][info][gc,start       ] GC(235) Pause Full (System.gc())
[273.724s][info][gc,phases,start] GC(235) Marking Phase
[273.759s][info][gc,phases      ] GC(235) Marking Phase 35.479ms
[273.759s][info][gc,phases,start] GC(235) Summary Phase
[273.759s][info][gc,phases      ] GC(235) Summary Phase 0.011ms
[273.759s][info][gc,phases,start] GC(235) Adjust Roots
[273.763s][info][gc,phases      ] GC(235) Adjust Roots 3.988ms
[273.763s][info][gc,phases,start] GC(235) Compaction Phase
[273.841s][info][gc,phases      ] GC(235) Compaction Phase 77.736ms
[273.841s][info][gc,phases,start] GC(235) Post Compact
[273.842s][info][gc,phases      ] GC(235) Post Compact 1.091ms
[273.842s][info][gc,heap        ] GC(235) PSYoungGen: 92112K(2532352K)->0K(2532352K) Eden: 0K(2273792K)->0K(2273792K) From: 92112K(258560K)->0K(258560K)
[273.842s][info][gc,heap        ] GC(235) ParOldGen: 117856K(5592576K)->103968K(5592576K)
[273.842s][info][gc,metaspace   ] GC(235) Metaspace: 22783K(23104K)->22783K(23104K) NonClass: 19984K(20160K)->19984K(20160K) Class: 2799K(2944K)->2799K(2944K)
[273.842s][info][gc             ] GC(235) Pause Full (System.gc()) 205M->101M(7934M) 118.561ms
[273.842s][info][gc,cpu         ] GC(235) User=0.41s Sys=0.00s Real=0.12s
[274.946s][info][gc,start       ] GC(236) Pause Young (Allocation Failure)
[275.068s][info][gc,heap        ] GC(236) PSYoungGen: 2273792K(2532352K)->186720K(2527744K) Eden: 2273792K(2273792K)->0K(2272768K) From: 0K(258560K)->186720K(254976K)
[275.068s][info][gc,heap        ] GC(236) ParOldGen: 103968K(5592576K)->103968K(5592576K)
[275.068s][info][gc,metaspace   ] GC(236) Metaspace: 22788K(23104K)->22788K(23104K) NonClass: 19988K(20160K)->19988K(20160K) Class: 2799K(2944K)->2799K(2944K)
[275.068s][info][gc             ] GC(236) Pause Young (Allocation Failure) 2322M->283M(7930M) 121.343ms
[275.068s][info][gc,cpu         ] GC(236) User=0.69s Sys=0.00s Real=0.12s
[276.462s][info][gc,start       ] GC(237) Pause Young (Allocation Failure)
[276.540s][info][gc,heap        ] GC(237) PSYoungGen: 2459488K(2527744K)->105344K(2534400K) Eden: 2272768K(2272768K)->0K(2272768K) From: 186720K(254976K)->105344K(261632K)
[276.540s][info][gc,heap        ] GC(237) ParOldGen: 103968K(5592576K)->104008K(5592576K)
[276.540s][info][gc,metaspace   ] GC(237) Metaspace: 22800K(23104K)->22800K(23104K) NonClass: 20001K(20160K)->20001K(20160K) Class: 2799K(2944K)->2799K(2944K)
[276.540s][info][gc             ] GC(237) Pause Young (Allocation Failure) 2503M->204M(7936M) 78.421ms
[276.540s][info][gc,cpu         ] GC(237) User=0.44s Sys=0.00s Real=0.08s
[277.572s][info][gc,start       ] GC(238) Pause Young (Allocation Failure)
[277.704s][info][gc,heap        ] GC(238) PSYoungGen: 2378112K(2534400K)->193248K(2522624K) Eden: 2272768K(2272768K)->0K(2266624K) From: 105344K(261632K)->193248K(256000K)
[277.704s][info][gc,heap        ] GC(238) ParOldGen: 104008K(5592576K)->108308K(5592576K)
[277.704s][info][gc,metaspace   ] GC(238) Metaspace: 22800K(23104K)->22800K(23104K) NonClass: 20001K(20160K)->20001K(20160K) Class: 2799K(2944K)->2799K(2944K)
[277.704s][info][gc             ] GC(238) Pause Young (Allocation Failure) 2423M->294M(7925M) 132.142ms
[277.704s][info][gc,cpu         ] GC(238) User=0.77s Sys=0.00s Real=0.14s
[279.201s][info][gc,start       ] GC(239) Pause Young (Allocation Failure)
[279.282s][info][gc,heap        ] GC(239) PSYoungGen: 2459872K(2522624K)->109104K(2531328K) Eden: 2266624K(2266624K)->0K(2266624K) From: 193248K(256000K)->109104K(264704K)
[279.282s][info][gc,heap        ] GC(239) ParOldGen: 108308K(5592576K)->108988K(5592576K)
[279.282s][info][gc,metaspace   ] GC(239) Metaspace: 22800K(23104K)->22800K(23104K) NonClass: 20001K(20160K)->20001K(20160K) Class: 2799K(2944K)->2799K(2944K)
[279.282s][info][gc             ] GC(239) Pause Young (Allocation Failure) 2507M->212M(7933M) 81.240ms
[279.282s][info][gc,cpu         ] GC(239) User=0.33s Sys=0.00s Real=0.09s
[280.323s][info][gc,start       ] GC(240) Pause Young (Allocation Failure)
[280.460s][info][gc,heap        ] GC(240) PSYoungGen: 2375728K(2531328K)->195968K(2520064K) Eden: 2266624K(2266624K)->0K(2261504K) From: 109104K(264704K)->195968K(258560K)
[280.460s][info][gc,heap        ] GC(240) ParOldGen: 108988K(5592576K)->113296K(5592576K)
[280.460s][info][gc,metaspace   ] GC(240) Metaspace: 22800K(23104K)->22800K(23104K) NonClass: 20001K(20160K)->20001K(20160K) Class: 2799K(2944K)->2799K(2944K)
[280.460s][info][gc             ] GC(240) Pause Young (Allocation Failure) 2426M->302M(7922M) 137.187ms
[280.460s][info][gc,cpu         ] GC(240) User=0.86s Sys=0.00s Real=0.13s
[281.827s][info][gc,start       ] GC(241) Pause Young (Allocation Failure)
[281.914s][info][gc,heap        ] GC(241) PSYoungGen: 2457472K(2520064K)->128480K(2528768K) Eden: 2261504K(2261504K)->0K(2261504K) From: 195968K(258560K)->128480K(267264K)
[281.914s][info][gc,heap        ] GC(241) ParOldGen: 113296K(5592576K)->114524K(5592576K)
[281.914s][info][gc,metaspace   ] GC(241) Metaspace: 22801K(23104K)->22801K(23104K) NonClass: 20002K(20160K)->20002K(20160K) Class: 2799K(2944K)->2799K(2944K)
[281.914s][info][gc             ] GC(241) Pause Young (Allocation Failure) 2510M->237M(7931M) 87.363ms
[281.914s][info][gc,cpu         ] GC(241) User=0.39s Sys=0.00s Real=0.08s
[282.753s][info][gc,start       ] GC(242) Pause Young (System.gc())
[282.824s][info][gc,heap        ] GC(242) PSYoungGen: 1434690K(2528768K)->81152K(2538496K) Eden: 1306210K(2261504K)->0K(2280448K) From: 128480K(267264K)->81152K(258048K)
[282.824s][info][gc,heap        ] GC(242) ParOldGen: 114524K(5592576K)->130896K(5592576K)
[282.824s][info][gc,metaspace   ] GC(242) Metaspace: 22801K(23104K)->22801K(23104K) NonClass: 20002K(20160K)->20002K(20160K) Class: 2799K(2944K)->2799K(2944K)
[282.824s][info][gc             ] GC(242) Pause Young (System.gc()) 1512M->207M(7940M) 71.370ms
[282.824s][info][gc,cpu         ] GC(242) User=0.39s Sys=0.00s Real=0.08s
[282.825s][info][gc,start       ] GC(243) Pause Full (System.gc())
[282.825s][info][gc,phases,start] GC(243) Marking Phase
[282.860s][info][gc,phases      ] GC(243) Marking Phase 35.925ms
[282.860s][info][gc,phases,start] GC(243) Summary Phase
[282.861s][info][gc,phases      ] GC(243) Summary Phase 0.011ms
[282.861s][info][gc,phases,start] GC(243) Adjust Roots
[282.864s][info][gc,phases      ] GC(243) Adjust Roots 3.565ms
[282.864s][info][gc,phases,start] GC(243) Compaction Phase
[282.956s][info][gc,phases      ] GC(243) Compaction Phase 91.891ms
[282.956s][info][gc,phases,start] GC(243) Post Compact
[282.957s][info][gc,phases      ] GC(243) Post Compact 1.132ms
[282.957s][info][gc,heap        ] GC(243) PSYoungGen: 81152K(2538496K)->0K(2538496K) Eden: 0K(2280448K)->0K(2280448K) From: 81152K(258048K)->0K(258048K)
[282.957s][info][gc,heap        ] GC(243) ParOldGen: 130896K(5592576K)->104156K(5592576K)
[282.957s][info][gc,metaspace   ] GC(243) Metaspace: 22801K(23104K)->22801K(23104K) NonClass: 20002K(20160K)->20002K(20160K) Class: 2799K(2944K)->2799K(2944K)
[282.957s][info][gc             ] GC(243) Pause Full (System.gc()) 207M->101M(7940M) 132.794ms
[282.957s][info][gc,cpu         ] GC(243) User=0.62s Sys=0.00s Real=0.13s
[284.017s][info][gc,start       ] GC(244) Pause Young (Allocation Failure)
[284.143s][info][gc,heap        ] GC(244) PSYoungGen: 2280448K(2538496K)->192864K(2473472K) Eden: 2280448K(2280448K)->0K(2280448K) From: 0K(258048K)->192864K(193024K)
[284.143s][info][gc,heap        ] GC(244) ParOldGen: 104156K(5592576K)->104156K(5592576K)
[284.143s][info][gc,metaspace   ] GC(244) Metaspace: 22801K(23104K)->22801K(23104K) NonClass: 20002K(20160K)->20002K(20160K) Class: 2799K(2944K)->2799K(2944K)
[284.143s][info][gc             ] GC(244) Pause Young (Allocation Failure) 2328M->290M(7877M) 125.608ms
[284.143s][info][gc,cpu         ] GC(244) User=0.69s Sys=0.00s Real=0.13s
[285.573s][info][gc,start       ] GC(245) Pause Young (Allocation Failure)
[285.652s][info][gc,heap        ] GC(245) PSYoungGen: 2473312K(2473472K)->108416K(2536448K) Eden: 2280448K(2280448K)->0K(2270720K) From: 192864K(193024K)->108416K(265728K)
[285.652s][info][gc,heap        ] GC(245) ParOldGen: 104156K(5592576K)->104204K(5592576K)
[285.652s][info][gc,metaspace   ] GC(245) Metaspace: 22806K(23104K)->22806K(23104K) NonClass: 20007K(20160K)->20007K(20160K) Class: 2799K(2944K)->2799K(2944K)
[285.652s][info][gc             ] GC(245) Pause Young (Allocation Failure) 2517M->207M(7938M) 79.098ms
[285.652s][info][gc,cpu         ] GC(245) User=0.42s Sys=0.00s Real=0.08s
[286.755s][info][gc,start       ] GC(246) Pause Young (Allocation Failure)
[286.886s][info][gc,heap        ] GC(246) PSYoungGen: 2379136K(2536448K)->196416K(2467328K) Eden: 2270720K(2270720K)->0K(2270720K) From: 108416K(265728K)->196416K(196608K)
[286.886s][info][gc,heap        ] GC(246) ParOldGen: 104204K(5592576K)->107752K(5592576K)
[286.886s][info][gc,metaspace   ] GC(246) Metaspace: 22806K(23104K)->22806K(23104K) NonClass: 20007K(20160K)->20007K(20160K) Class: 2799K(2944K)->2799K(2944K)
[286.886s][info][gc             ] GC(246) Pause Young (Allocation Failure) 2425M->297M(7871M) 130.673ms
[286.886s][info][gc,cpu         ] GC(246) User=0.77s Sys=0.00s Real=0.14s
[288.249s][info][gc,start       ] GC(247) Pause Young (Allocation Failure)
[288.326s][info][gc,heap        ] GC(247) PSYoungGen: 2467136K(2467328K)->98560K(2531840K) Eden: 2270720K(2270720K)->0K(2263552K) From: 196416K(196608K)->98560K(268288K)
[288.326s][info][gc,heap        ] GC(247) ParOldGen: 107752K(5592576K)->108760K(5592576K)
[288.326s][info][gc,metaspace   ] GC(247) Metaspace: 22806K(23104K)->22806K(23104K) NonClass: 20007K(20160K)->20007K(20160K) Class: 2799K(2944K)->2799K(2944K)
[288.326s][info][gc             ] GC(247) Pause Young (Allocation Failure) 2514M->202M(7934M) 76.901ms
[288.326s][info][gc,cpu         ] GC(247) User=0.39s Sys=0.00s Real=0.08s
[289.409s][info][gc,start       ] GC(248) Pause Young (Allocation Failure)
[289.549s][info][gc,heap        ] GC(248) PSYoungGen: 2362112K(2531840K)->190896K(2454528K) Eden: 2263552K(2263552K)->0K(2263552K) From: 98560K(268288K)->190896K(190976K)
[289.549s][info][gc,heap        ] GC(248) ParOldGen: 108760K(5592576K)->111212K(5592576K)
[289.549s][info][gc,metaspace   ] GC(248) Metaspace: 22806K(23104K)->22806K(23104K) NonClass: 20007K(20160K)->20007K(20160K) Class: 2799K(2944K)->2799K(2944K)
[289.549s][info][gc             ] GC(248) Pause Young (Allocation Failure) 2412M->295M(7858M) 139.873ms
[289.549s][info][gc,cpu         ] GC(248) User=0.83s Sys=0.00s Real=0.14s
[290.933s][info][gc,start       ] GC(249) Pause Young (Allocation Failure)
[291.009s][info][gc,heap        ] GC(249) PSYoungGen: 2454448K(2454528K)->99648K(2530304K) Eden: 2263552K(2263552K)->0K(2259968K) From: 190896K(190976K)->99648K(270336K)
[291.009s][info][gc,heap        ] GC(249) ParOldGen: 111212K(5592576K)->112228K(5592576K)
[291.009s][info][gc,metaspace   ] GC(249) Metaspace: 22806K(23104K)->22806K(23104K) NonClass: 20007K(20160K)->20007K(20160K) Class: 2799K(2944K)->2799K(2944K)
[291.009s][info][gc             ] GC(249) Pause Young (Allocation Failure) 2505M->206M(7932M) 76.725ms
[291.009s][info][gc,cpu         ] GC(249) User=0.41s Sys=0.00s Real=0.08s
[291.882s][info][gc,start       ] GC(250) Pause Young (System.gc())
[291.955s][info][gc,heap        ] GC(250) PSYoungGen: 1615239K(2530304K)->95824K(2525696K) Eden: 1515591K(2259968K)->0K(2259968K) From: 99648K(270336K)->95824K(265728K)
[291.955s][info][gc,heap        ] GC(250) ParOldGen: 112228K(5592576K)->113632K(5592576K)
[291.955s][info][gc,metaspace   ] GC(250) Metaspace: 22807K(23104K)->22807K(23104K) NonClass: 20008K(20160K)->20008K(20160K) Class: 2799K(2944K)->2799K(2944K)
[291.955s][info][gc             ] GC(250) Pause Young (System.gc()) 1686M->204M(7928M) 73.563ms
[291.955s][info][gc,cpu         ] GC(250) User=0.39s Sys=0.00s Real=0.08s
[291.956s][info][gc,start       ] GC(251) Pause Full (System.gc())
[291.956s][info][gc,phases,start] GC(251) Marking Phase
[291.990s][info][gc,phases      ] GC(251) Marking Phase 34.872ms
[291.990s][info][gc,phases,start] GC(251) Summary Phase
[291.990s][info][gc,phases      ] GC(251) Summary Phase 0.012ms
[291.990s][info][gc,phases,start] GC(251) Adjust Roots
[291.995s][info][gc,phases      ] GC(251) Adjust Roots 4.081ms
[291.995s][info][gc,phases,start] GC(251) Compaction Phase
[292.076s][info][gc,phases      ] GC(251) Compaction Phase 81.269ms
[292.076s][info][gc,phases,start] GC(251) Post Compact
[292.077s][info][gc,phases      ] GC(251) Post Compact 1.205ms
[292.077s][info][gc,heap        ] GC(251) PSYoungGen: 95824K(2525696K)->0K(2525696K) Eden: 0K(2259968K)->0K(2259968K) From: 95824K(265728K)->0K(265728K)
[292.077s][info][gc,heap        ] GC(251) ParOldGen: 113632K(5592576K)->103897K(5592576K)
[292.077s][info][gc,metaspace   ] GC(251) Metaspace: 22807K(23104K)->22807K(23104K) NonClass: 20008K(20160K)->20008K(20160K) Class: 2799K(2944K)->2799K(2944K)
[292.077s][info][gc             ] GC(251) Pause Full (System.gc()) 204M->101M(7928M) 121.714ms
[292.077s][info][gc,cpu         ] GC(251) User=0.53s Sys=0.00s Real=0.12s
[293.061s][info][gc,start       ] GC(252) Pause Young (Allocation Failure)
[293.184s][info][gc,heap        ] GC(252) PSYoungGen: 2259968K(2525696K)->183984K(2524672K) Eden: 2259968K(2259968K)->0K(2263552K) From: 0K(265728K)->183984K(261120K)
[293.184s][info][gc,heap        ] GC(252) ParOldGen: 103897K(5592576K)->103897K(5592576K)
[293.184s][info][gc,metaspace   ] GC(252) Metaspace: 22807K(23104K)->22807K(23104K) NonClass: 20008K(20160K)->20008K(20160K) Class: 2799K(2944K)->2799K(2944K)
[293.184s][info][gc             ] GC(252) Pause Young (Allocation Failure) 2308M->281M(7927M) 122.802ms
[293.184s][info][gc,cpu         ] GC(252) User=0.77s Sys=0.00s Real=0.12s
[294.686s][info][gc,start       ] GC(253) Pause Young (Allocation Failure)
[294.758s][info][gc,heap        ] GC(253) PSYoungGen: 2447536K(2524672K)->98560K(2529792K) Eden: 2263552K(2263552K)->0K(2263552K) From: 183984K(261120K)->98560K(266240K)
[294.758s][info][gc,heap        ] GC(253) ParOldGen: 103897K(5592576K)->103929K(5592576K)
[294.758s][info][gc,metaspace   ] GC(253) Metaspace: 22807K(23104K)->22807K(23104K) NonClass: 20008K(20160K)->20008K(20160K) Class: 2799K(2944K)->2799K(2944K)
[294.758s][info][gc             ] GC(253) Pause Young (Allocation Failure) 2491M->197M(7932M) 71.511ms
[294.758s][info][gc,cpu         ] GC(253) User=0.38s Sys=0.00s Real=0.06s
[295.763s][info][gc,start       ] GC(254) Pause Young (Allocation Failure)
[295.887s][info][gc,heap        ] GC(254) PSYoungGen: 2362112K(2529792K)->185072K(2524672K) Eden: 2263552K(2263552K)->0K(2263552K) From: 98560K(266240K)->185072K(261120K)
[295.887s][info][gc,heap        ] GC(254) ParOldGen: 103929K(5592576K)->103929K(5592576K)
[295.887s][info][gc,metaspace   ] GC(254) Metaspace: 22807K(23104K)->22807K(23104K) NonClass: 20008K(20160K)->20008K(20160K) Class: 2799K(2944K)->2799K(2944K)
[295.887s][info][gc             ] GC(254) Pause Young (Allocation Failure) 2408M->282M(7927M) 124.129ms
[295.887s][info][gc,cpu         ] GC(254) User=0.61s Sys=0.00s Real=0.11s
[297.290s][info][gc,start       ] GC(255) Pause Young (Allocation Failure)
[297.374s][info][gc,heap        ] GC(255) PSYoungGen: 2448624K(2524672K)->113856K(2529792K) Eden: 2263552K(2263552K)->0K(2263552K) From: 185072K(261120K)->113856K(266240K)
[297.374s][info][gc,heap        ] GC(255) ParOldGen: 103929K(5592576K)->104725K(5592576K)
[297.374s][info][gc,metaspace   ] GC(255) Metaspace: 22807K(23104K)->22807K(23104K) NonClass: 20008K(20160K)->20008K(20160K) Class: 2799K(2944K)->2799K(2944K)
[297.374s][info][gc             ] GC(255) Pause Young (Allocation Failure) 2492M->213M(7932M) 84.022ms
[297.374s][info][gc,cpu         ] GC(255) User=0.48s Sys=0.00s Real=0.10s
[298.400s][info][gc,start       ] GC(256) Pause Young (Allocation Failure)
[298.521s][info][gc,heap        ] GC(256) PSYoungGen: 2377408K(2529792K)->182800K(2528256K) Eden: 2263552K(2263552K)->0K(2269696K) From: 113856K(266240K)->182800K(258560K)
[298.521s][info][gc,heap        ] GC(256) ParOldGen: 104725K(5592576K)->105386K(5592576K)
[298.521s][info][gc,metaspace   ] GC(256) Metaspace: 22807K(23104K)->22807K(23104K) NonClass: 20008K(20160K)->20008K(20160K) Class: 2799K(2944K)->2799K(2944K)
[298.521s][info][gc             ] GC(256) Pause Young (Allocation Failure) 2423M->281M(7930M) 121.835ms
[298.521s][info][gc,cpu         ] GC(256) User=0.69s Sys=0.00s Real=0.11s
[299.991s][info][gc,start       ] GC(257) Pause Young (Allocation Failure)
[300.064s][info][gc,heap        ] GC(257) PSYoungGen: 2452496K(2528256K)->99984K(2532864K) Eden: 2269696K(2269696K)->0K(2269696K) From: 182800K(258560K)->99984K(263168K)
[300.064s][info][gc,heap        ] GC(257) ParOldGen: 105386K(5592576K)->105426K(5592576K)
[300.064s][info][gc,metaspace   ] GC(257) Metaspace: 22808K(23168K)->22808K(23168K) NonClass: 20009K(20224K)->20009K(20224K) Class: 2799K(2944K)->2799K(2944K)
[300.064s][info][gc             ] GC(257) Pause Young (Allocation Failure) 2497M->200M(7935M) 73.224ms
[300.064s][info][gc,cpu         ] GC(257) User=0.41s Sys=0.00s Real=0.07s
[300.877s][info][gc,start       ] GC(258) Pause Young (System.gc())
[300.951s][info][gc,heap        ] GC(258) PSYoungGen: 1588294K(2532864K)->96032K(2542080K) Eden: 1488309K(2269696K)->0K(2283520K) From: 99984K(263168K)->96032K(258560K)
[300.951s][info][gc,heap        ] GC(258) ParOldGen: 105426K(5592576K)->106950K(5592576K)
[300.951s][info][gc,metaspace   ] GC(258) Metaspace: 22808K(23168K)->22808K(23168K) NonClass: 20009K(20224K)->20009K(20224K) Class: 2799K(2944K)->2799K(2944K)
[300.951s][info][gc             ] GC(258) Pause Young (System.gc()) 1654M->198M(7944M) 73.463ms
[300.951s][info][gc,cpu         ] GC(258) User=0.39s Sys=0.00s Real=0.08s
[300.951s][info][gc,start       ] GC(259) Pause Full (System.gc())
[300.951s][info][gc,phases,start] GC(259) Marking Phase
[300.987s][info][gc,phases      ] GC(259) Marking Phase 35.608ms
[300.987s][info][gc,phases,start] GC(259) Summary Phase
[300.987s][info][gc,phases      ] GC(259) Summary Phase 0.011ms
[300.987s][info][gc,phases,start] GC(259) Adjust Roots
[300.991s][info][gc,phases      ] GC(259) Adjust Roots 3.978ms
[300.991s][info][gc,phases,start] GC(259) Compaction Phase
[301.078s][info][gc,phases      ] GC(259) Compaction Phase 87.016ms
[301.078s][info][gc,phases,start] GC(259) Post Compact
[301.079s][info][gc,phases      ] GC(259) Post Compact 1.094ms
[301.079s][info][gc,heap        ] GC(259) PSYoungGen: 96032K(2542080K)->0K(2542080K) Eden: 0K(2283520K)->0K(2283520K) From: 96032K(258560K)->0K(258560K)
[301.079s][info][gc,heap        ] GC(259) ParOldGen: 106950K(5592576K)->104230K(5592576K)
[301.079s][info][gc,metaspace   ] GC(259) Metaspace: 22808K(23168K)->22808K(23168K) NonClass: 20009K(20224K)->20009K(20224K) Class: 2799K(2944K)->2799K(2944K)
[301.079s][info][gc             ] GC(259) Pause Full (System.gc()) 198M->101M(7944M) 127.970ms
[301.079s][info][gc,cpu         ] GC(259) User=0.59s Sys=0.00s Real=0.13s
[302.123s][info][gc,start       ] GC(260) Pause Young (Allocation Failure)
[302.251s][info][gc,heap        ] GC(260) PSYoungGen: 2283520K(2542080K)->194608K(2478592K) Eden: 2283520K(2283520K)->0K(2283520K) From: 0K(258560K)->194608K(195072K)
[302.251s][info][gc,heap        ] GC(260) ParOldGen: 104230K(5592576K)->104230K(5592576K)
[302.251s][info][gc,metaspace   ] GC(260) Metaspace: 22811K(23168K)->22811K(23168K) NonClass: 20011K(20224K)->20011K(20224K) Class: 2799K(2944K)->2799K(2944K)
[302.251s][info][gc             ] GC(260) Pause Young (Allocation Failure) 2331M->291M(7882M) 128.021ms
[302.251s][info][gc,cpu         ] GC(260) User=0.75s Sys=0.00s Real=0.13s
[303.751s][info][gc,start       ] GC(261) Pause Young (Allocation Failure)
[303.826s][info][gc,heap        ] GC(261) PSYoungGen: 2478128K(2478592K)->97040K(2536960K) Eden: 2283520K(2283520K)->0K(2272768K) From: 194608K(195072K)->97040K(264192K)
[303.826s][info][gc,heap        ] GC(261) ParOldGen: 104230K(5592576K)->104270K(5592576K)
[303.826s][info][gc,metaspace   ] GC(261) Metaspace: 22811K(23168K)->22811K(23168K) NonClass: 20011K(20224K)->20011K(20224K) Class: 2799K(2944K)->2799K(2944K)
[303.826s][info][gc             ] GC(261) Pause Young (Allocation Failure) 2521M->196M(7939M) 74.837ms
[303.826s][info][gc,cpu         ] GC(261) User=0.39s Sys=0.00s Real=0.08s
[304.887s][info][gc,start       ] GC(262) Pause Young (Allocation Failure)
[305.010s][info][gc,heap        ] GC(262) PSYoungGen: 2369808K(2536960K)->185744K(2458624K) Eden: 2272768K(2272768K)->0K(2272768K) From: 97040K(264192K)->185744K(185856K)
[305.010s][info][gc,heap        ] GC(262) ParOldGen: 104270K(5592576K)->104370K(5592576K)
[305.010s][info][gc,metaspace   ] GC(262) Metaspace: 22811K(23168K)->22811K(23168K) NonClass: 20011K(20224K)->20011K(20224K) Class: 2799K(2944K)->2799K(2944K)
[305.010s][info][gc             ] GC(262) Pause Young (Allocation Failure) 2416M->283M(7862M) 123.226ms
[305.010s][info][gc,cpu         ] GC(262) User=0.75s Sys=0.00s Real=0.13s
[306.356s][info][gc,start       ] GC(263) Pause Young (Allocation Failure)
[306.431s][info][gc,heap        ] GC(263) PSYoungGen: 2458512K(2458624K)->98816K(2535936K) Eden: 2272768K(2272768K)->0K(2270720K) From: 185744K(185856K)->98816K(265216K)
[306.431s][info][gc,heap        ] GC(263) ParOldGen: 104370K(5592576K)->104670K(5592576K)
[306.431s][info][gc,metaspace   ] GC(263) Metaspace: 22811K(23168K)->22811K(23168K) NonClass: 20011K(20224K)->20011K(20224K) Class: 2799K(2944K)->2799K(2944K)
[306.431s][info][gc             ] GC(263) Pause Young (Allocation Failure) 2502M->198M(7938M) 74.649ms
[306.431s][info][gc,cpu         ] GC(263) User=0.39s Sys=0.00s Real=0.08s
[307.517s][info][gc,start       ] GC(264) Pause Young (Allocation Failure)
[307.643s][info][gc,heap        ] GC(264) PSYoungGen: 2369536K(2535936K)->185952K(2457088K) Eden: 2270720K(2270720K)->0K(2270720K) From: 98816K(265216K)->185952K(186368K)
[307.643s][info][gc,heap        ] GC(264) ParOldGen: 104670K(5592576K)->104686K(5592576K)
[307.643s][info][gc,metaspace   ] GC(264) Metaspace: 22811K(23168K)->22811K(23168K) NonClass: 20012K(20224K)->20012K(20224K) Class: 2799K(2944K)->2799K(2944K)
[307.644s][info][gc             ] GC(264) Pause Young (Allocation Failure) 2416M->283M(7861M) 126.766ms
[307.644s][info][gc,cpu         ] GC(264) User=0.72s Sys=0.00s Real=0.13s
[309.053s][info][gc,start       ] GC(265) Pause Young (Allocation Failure)
[309.125s][info][gc,heap        ] GC(265) PSYoungGen: 2456672K(2457088K)->97024K(2534912K) Eden: 2270720K(2270720K)->0K(2269184K) From: 185952K(186368K)->97024K(265728K)
[309.125s][info][gc,heap        ] GC(265) ParOldGen: 104686K(5592576K)->104694K(5592576K)
[309.125s][info][gc,metaspace   ] GC(265) Metaspace: 22811K(23168K)->22811K(23168K) NonClass: 20012K(20224K)->20012K(20224K) Class: 2799K(2944K)->2799K(2944K)
[309.125s][info][gc             ] GC(265) Pause Young (Allocation Failure) 2501M->196M(7937M) 71.473ms
[309.125s][info][gc,cpu         ] GC(265) User=0.47s Sys=0.00s Real=0.08s
[309.958s][info][gc,start       ] GC(266) Pause Young (System.gc())
[310.031s][info][gc,heap        ] GC(266) PSYoungGen: 1558466K(2534912K)->97392K(2530304K) Eden: 1461442K(2269184K)->0K(2269184K) From: 97024K(265728K)->97392K(261120K)
[310.032s][info][gc,heap        ] GC(266) ParOldGen: 104694K(5592576K)->104798K(5592576K)
[310.032s][info][gc,metaspace   ] GC(266) Metaspace: 22811K(23168K)->22811K(23168K) NonClass: 20012K(20224K)->20012K(20224K) Class: 2799K(2944K)->2799K(2944K)
[310.032s][info][gc             ] GC(266) Pause Young (System.gc()) 1624M->197M(7932M) 73.628ms
[310.032s][info][gc,cpu         ] GC(266) User=0.39s Sys=0.00s Real=0.08s
[310.032s][info][gc,start       ] GC(267) Pause Full (System.gc())
[310.032s][info][gc,phases,start] GC(267) Marking Phase
[310.067s][info][gc,phases      ] GC(267) Marking Phase 35.381ms
[310.067s][info][gc,phases,start] GC(267) Summary Phase
[310.067s][info][gc,phases      ] GC(267) Summary Phase 0.011ms
[310.067s][info][gc,phases,start] GC(267) Adjust Roots
[310.072s][info][gc,phases      ] GC(267) Adjust Roots 4.514ms
[310.072s][info][gc,phases,start] GC(267) Compaction Phase
[310.151s][info][gc,phases      ] GC(267) Compaction Phase 78.887ms
[310.151s][info][gc,phases,start] GC(267) Post Compact
[310.152s][info][gc,phases      ] GC(267) Post Compact 1.013ms
[310.152s][info][gc,heap        ] GC(267) PSYoungGen: 97392K(2530304K)->0K(2530304K) Eden: 0K(2269184K)->0K(2269184K) From: 97392K(261120K)->0K(261120K)
[310.152s][info][gc,heap        ] GC(267) ParOldGen: 104798K(5592576K)->104179K(5592576K)
[310.152s][info][gc,metaspace   ] GC(267) Metaspace: 22811K(23168K)->22811K(23168K) NonClass: 20012K(20224K)->20012K(20224K) Class: 2799K(2944K)->2799K(2944K)
[310.152s][info][gc             ] GC(267) Pause Full (System.gc()) 197M->101M(7932M) 120.192ms
[310.152s][info][gc,cpu         ] GC(267) User=0.45s Sys=0.00s Real=0.11s
[311.196s][info][gc,start       ] GC(268) Pause Young (Allocation Failure)
[311.318s][info][gc,heap        ] GC(268) PSYoungGen: 2269184K(2530304K)->182048K(2528256K) Eden: 2269184K(2269184K)->0K(2272768K) From: 0K(261120K)->182048K(255488K)
[311.318s][info][gc,heap        ] GC(268) ParOldGen: 104179K(5592576K)->104179K(5592576K)
[311.318s][info][gc,metaspace   ] GC(268) Metaspace: 22811K(23168K)->22811K(23168K) NonClass: 20012K(20224K)->20012K(20224K) Class: 2799K(2944K)->2799K(2944K)
[311.318s][info][gc             ] GC(268) Pause Young (Allocation Failure) 2317M->279M(7930M) 121.501ms
[311.318s][info][gc,cpu         ] GC(268) User=0.69s Sys=0.00s Real=0.12s
[312.589s][info][gc,start       ] GC(269) Pause Young (Allocation Failure)
[312.690s][info][gc,heap        ] GC(269) PSYoungGen: 2454816K(2528256K)->141792K(2534400K) Eden: 2272768K(2272768K)->0K(2272768K) From: 182048K(255488K)->141792K(261632K)
[312.690s][info][gc,heap        ] GC(269) ParOldGen: 104179K(5592576K)->106523K(5592576K)
[312.690s][info][gc,metaspace   ] GC(269) Metaspace: 22811K(23168K)->22811K(23168K) NonClass: 20012K(20224K)->20012K(20224K) Class: 2799K(2944K)->2799K(2944K)
[312.690s][info][gc             ] GC(269) Pause Young (Allocation Failure) 2499M->242M(7936M) 101.460ms
[312.690s][info][gc,cpu         ] GC(269) User=0.56s Sys=0.00s Real=0.09s
[313.953s][info][gc,start       ] GC(270) Pause Young (Allocation Failure)
[314.072s][info][gc,heap        ] GC(270) PSYoungGen: 2414560K(2534400K)->179520K(2537472K) Eden: 2272768K(2272768K)->0K(2287104K) From: 141792K(261632K)->179520K(250368K)
[314.072s][info][gc,heap        ] GC(270) ParOldGen: 106523K(5592576K)->107475K(5592576K)
[314.072s][info][gc,metaspace   ] GC(270) Metaspace: 22811K(23168K)->22811K(23168K) NonClass: 20012K(20224K)->20012K(20224K) Class: 2799K(2944K)->2799K(2944K)
[314.072s][info][gc             ] GC(270) Pause Young (Allocation Failure) 2461M->280M(7939M) 119.050ms
[314.072s][info][gc,cpu         ] GC(270) User=0.67s Sys=0.00s Real=0.12s
[315.390s][info][gc,start       ] GC(271) Pause Young (Allocation Failure)
[315.460s][info][gc,heap        ] GC(271) PSYoungGen: 2466624K(2537472K)->92688K(2541568K) Eden: 2287104K(2287104K)->0K(2287104K) From: 179520K(250368K)->92688K(254464K)
[315.460s][info][gc,heap        ] GC(271) ParOldGen: 107475K(5592576K)->107491K(5592576K)
[315.460s][info][gc,metaspace   ] GC(271) Metaspace: 22811K(23168K)->22811K(23168K) NonClass: 20012K(20224K)->20012K(20224K) Class: 2799K(2944K)->2799K(2944K)
[315.460s][info][gc             ] GC(271) Pause Young (Allocation Failure) 2513M->195M(7943M) 70.154ms
[315.460s][info][gc,cpu         ] GC(271) User=0.38s Sys=0.00s Real=0.06s
[316.644s][info][gc,start       ] GC(272) Pause Young (Allocation Failure)
[316.767s][info][gc,heap        ] GC(272) PSYoungGen: 2379792K(2541568K)->181584K(2534912K) Eden: 2287104K(2287104K)->0K(2283008K) From: 92688K(254464K)->181584K(251904K)
[316.767s][info][gc,heap        ] GC(272) ParOldGen: 107491K(5592576K)->107499K(5592576K)
[316.767s][info][gc,metaspace   ] GC(272) Metaspace: 22811K(23168K)->22811K(23168K) NonClass: 20012K(20224K)->20012K(20224K) Class: 2799K(2944K)->2799K(2944K)
[316.767s][info][gc             ] GC(272) Pause Young (Allocation Failure) 2428M->282M(7937M) 123.704ms
[316.767s][info][gc,cpu         ] GC(272) User=0.67s Sys=0.00s Real=0.12s
[318.225s][info][gc,start       ] GC(273) Pause Young (Allocation Failure)
[318.300s][info][gc,heap        ] GC(273) PSYoungGen: 2464592K(2534912K)->96992K(2539520K) Eden: 2283008K(2283008K)->0K(2283008K) From: 181584K(251904K)->96992K(256512K)
[318.300s][info][gc,heap        ] GC(273) ParOldGen: 107499K(5592576K)->107515K(5592576K)
[318.300s][info][gc,metaspace   ] GC(273) Metaspace: 22811K(23168K)->22811K(23168K) NonClass: 20012K(20224K)->20012K(20224K) Class: 2799K(2944K)->2799K(2944K)
[318.300s][info][gc             ] GC(273) Pause Young (Allocation Failure) 2511M->199M(7941M) 75.595ms
[318.300s][info][gc,cpu         ] GC(273) User=0.48s Sys=0.00s Real=0.08s
[319.174s][info][gc,start       ] GC(274) Pause Young (System.gc())
[319.248s][info][gc,heap        ] GC(274) PSYoungGen: 1591808K(2539520K)->97344K(2547712K) Eden: 1494816K(2283008K)->0K(2294784K) From: 96992K(256512K)->97344K(252928K)
[319.248s][info][gc,heap        ] GC(274) ParOldGen: 107515K(5592576K)->107615K(5592576K)
[319.248s][info][gc,metaspace   ] GC(274) Metaspace: 22811K(23168K)->22811K(23168K) NonClass: 20012K(20224K)->20012K(20224K) Class: 2799K(2944K)->2799K(2944K)
[319.248s][info][gc             ] GC(274) Pause Young (System.gc()) 1659M->200M(7949M) 73.879ms
[319.248s][info][gc,cpu         ] GC(274) User=0.38s Sys=0.00s Real=0.06s
[319.248s][info][gc,start       ] GC(275) Pause Full (System.gc())
[319.248s][info][gc,phases,start] GC(275) Marking Phase
[319.283s][info][gc,phases      ] GC(275) Marking Phase 35.084ms
[319.284s][info][gc,phases,start] GC(275) Summary Phase
[319.284s][info][gc,phases      ] GC(275) Summary Phase 0.011ms
[319.284s][info][gc,phases,start] GC(275) Adjust Roots
[319.287s][info][gc,phases      ] GC(275) Adjust Roots 3.584ms
[319.287s][info][gc,phases,start] GC(275) Compaction Phase
[319.375s][info][gc,phases      ] GC(275) Compaction Phase 87.952ms
[319.375s][info][gc,phases,start] GC(275) Post Compact
[319.376s][info][gc,phases      ] GC(275) Post Compact 1.124ms
[319.376s][info][gc,heap        ] GC(275) PSYoungGen: 97344K(2547712K)->0K(2547712K) Eden: 0K(2294784K)->0K(2294784K) From: 97344K(252928K)->0K(252928K)
[319.376s][info][gc,heap        ] GC(275) ParOldGen: 107615K(5592576K)->104162K(5592576K)
[319.376s][info][gc,metaspace   ] GC(275) Metaspace: 22811K(23168K)->22811K(23168K) NonClass: 20012K(20224K)->20012K(20224K) Class: 2799K(2944K)->2799K(2944K)
[319.376s][info][gc             ] GC(275) Pause Full (System.gc()) 200M->101M(7949M) 128.079ms
[319.376s][info][gc,cpu         ] GC(275) User=0.52s Sys=0.00s Real=0.14s
[320.468s][info][gc,start       ] GC(276) Pause Young (Allocation Failure)
[320.605s][info][gc,heap        ] GC(276) PSYoungGen: 2294784K(2547712K)->198192K(2493440K) Eden: 2294784K(2294784K)->0K(2294784K) From: 0K(252928K)->198192K(198656K)
[320.605s][info][gc,heap        ] GC(276) ParOldGen: 104162K(5592576K)->104162K(5592576K)
[320.605s][info][gc,metaspace   ] GC(276) Metaspace: 22812K(23168K)->22812K(23168K) NonClass: 20012K(20224K)->20012K(20224K) Class: 2799K(2944K)->2799K(2944K)
[320.605s][info][gc             ] GC(276) Pause Young (Allocation Failure) 2342M->295M(7896M) 136.778ms
[320.605s][info][gc,cpu         ] GC(276) User=0.72s Sys=0.00s Real=0.13s
[321.996s][info][gc,start       ] GC(277) Pause Young (Allocation Failure)
[322.082s][info][gc,heap        ] GC(277) PSYoungGen: 2492976K(2493440K)->122944K(2544640K) Eden: 2294784K(2294784K)->0K(2284032K) From: 198192K(198656K)->122944K(260608K)
[322.082s][info][gc,heap        ] GC(277) ParOldGen: 104162K(5592576K)->104194K(5592576K)
[322.082s][info][gc,metaspace   ] GC(277) Metaspace: 22812K(23168K)->22812K(23168K) NonClass: 20012K(20224K)->20012K(20224K) Class: 2799K(2944K)->2799K(2944K)
[322.082s][info][gc             ] GC(277) Pause Young (Allocation Failure) 2536M->221M(7946M) 85.250ms
[322.082s][info][gc,cpu         ] GC(277) User=0.52s Sys=0.00s Real=0.07s
[323.131s][info][gc,start       ] GC(278) Pause Young (Allocation Failure)
[323.261s][info][gc,heap        ] GC(278) PSYoungGen: 2406976K(2544640K)->192064K(2535424K) Eden: 2284032K(2284032K)->0K(2284032K) From: 122944K(260608K)->192064K(251392K)
[323.261s][info][gc,heap        ] GC(278) ParOldGen: 104194K(5592576K)->115182K(5592576K)
[323.261s][info][gc,metaspace   ] GC(278) Metaspace: 22812K(23168K)->22812K(23168K) NonClass: 20012K(20224K)->20012K(20224K) Class: 2799K(2944K)->2799K(2944K)
[323.261s][info][gc             ] GC(278) Pause Young (Allocation Failure) 2452M->300M(7937M) 129.397ms
[323.261s][info][gc,cpu         ] GC(278) User=0.77s Sys=0.00s Real=0.13s
[324.700s][info][gc,start       ] GC(279) Pause Young (Allocation Failure)
[324.789s][info][gc,heap        ] GC(279) PSYoungGen: 2476096K(2535424K)->120016K(2543616K) Eden: 2284032K(2284032K)->0K(2283520K) From: 192064K(251392K)->120016K(260096K)
[324.789s][info][gc,heap        ] GC(279) ParOldGen: 115182K(5592576K)->116190K(5592576K)
[324.789s][info][gc,metaspace   ] GC(279) Metaspace: 22812K(23168K)->22812K(23168K) NonClass: 20012K(20224K)->20012K(20224K) Class: 2799K(2944K)->2799K(2944K)
[324.789s][info][gc             ] GC(279) Pause Young (Allocation Failure) 2530M->230M(7945M) 88.892ms
[324.789s][info][gc,cpu         ] GC(279) User=0.48s Sys=0.00s Real=0.08s
[325.824s][info][gc,start       ] GC(280) Pause Young (Allocation Failure)
[325.954s][info][gc,heap        ] GC(280) PSYoungGen: 2403536K(2543616K)->195280K(2479104K) Eden: 2283520K(2283520K)->0K(2283520K) From: 120016K(260096K)->195280K(195584K)
[325.954s][info][gc,heap        ] GC(280) ParOldGen: 116190K(5592576K)->123834K(5592576K)
[325.954s][info][gc,metaspace   ] GC(280) Metaspace: 22812K(23168K)->22812K(23168K) NonClass: 20012K(20224K)->20012K(20224K) Class: 2799K(2944K)->2799K(2944K)
[325.954s][info][gc             ] GC(280) Pause Young (Allocation Failure) 2460M->311M(7882M) 129.526ms
[325.954s][info][gc,cpu         ] GC(280) User=0.72s Sys=0.00s Real=0.13s
[327.306s][info][gc,start       ] GC(281) Pause Young (Allocation Failure)
[327.399s][info][gc,heap        ] GC(281) PSYoungGen: 2478800K(2479104K)->129824K(2543104K) Eden: 2283520K(2283520K)->0K(2281472K) From: 195280K(195584K)->129824K(261632K)
[327.399s][info][gc,heap        ] GC(281) ParOldGen: 123834K(5592576K)->124642K(5592576K)
[327.399s][info][gc,metaspace   ] GC(281) Metaspace: 22812K(23168K)->22812K(23168K) NonClass: 20012K(20224K)->20012K(20224K) Class: 2799K(2944K)->2799K(2944K)
[327.399s][info][gc             ] GC(281) Pause Young (Allocation Failure) 2541M->248M(7945M) 92.474ms
[327.399s][info][gc,cpu         ] GC(281) User=0.47s Sys=0.00s Real=0.08s
[328.090s][info][gc,start       ] GC(282) Pause Young (System.gc())
[328.163s][info][gc,heap        ] GC(282) PSYoungGen: 1363640K(2543104K)->81264K(2534400K) Eden: 1233816K(2281472K)->0K(2281472K) From: 129824K(261632K)->81264K(252928K)
[328.163s][info][gc,heap        ] GC(282) ParOldGen: 124642K(5592576K)->140946K(5592576K)
[328.163s][info][gc,metaspace   ] GC(282) Metaspace: 22812K(23168K)->22812K(23168K) NonClass: 20012K(20224K)->20012K(20224K) Class: 2799K(2944K)->2799K(2944K)
[328.163s][info][gc             ] GC(282) Pause Young (System.gc()) 1453M->217M(7936M) 73.024ms
[328.163s][info][gc,cpu         ] GC(282) User=0.38s Sys=0.00s Real=0.06s
[328.163s][info][gc,start       ] GC(283) Pause Full (System.gc())
[328.163s][info][gc,phases,start] GC(283) Marking Phase
[328.200s][info][gc,phases      ] GC(283) Marking Phase 36.998ms
[328.200s][info][gc,phases,start] GC(283) Summary Phase
[328.200s][info][gc,phases      ] GC(283) Summary Phase 0.011ms
[328.200s][info][gc,phases,start] GC(283) Adjust Roots
[328.204s][info][gc,phases      ] GC(283) Adjust Roots 3.691ms
[328.204s][info][gc,phases,start] GC(283) Compaction Phase
[328.284s][info][gc,phases      ] GC(283) Compaction Phase 80.062ms
[328.284s][info][gc,phases,start] GC(283) Post Compact
[328.285s][info][gc,phases      ] GC(283) Post Compact 1.177ms
[328.285s][info][gc,heap        ] GC(283) PSYoungGen: 81264K(2534400K)->0K(2534400K) Eden: 0K(2281472K)->0K(2281472K) From: 81264K(252928K)->0K(252928K)
[328.285s][info][gc,heap        ] GC(283) ParOldGen: 140946K(5592576K)->104200K(5592576K)
[328.285s][info][gc,metaspace   ] GC(283) Metaspace: 22812K(23168K)->22812K(23168K) NonClass: 20012K(20224K)->20012K(20224K) Class: 2799K(2944K)->2799K(2944K)
[328.285s][info][gc             ] GC(283) Pause Full (System.gc()) 217M->101M(7936M) 122.218ms
[328.285s][info][gc,cpu         ] GC(283) User=0.45s Sys=0.00s Real=0.13s
[329.433s][info][gc,start       ] GC(284) Pause Young (Allocation Failure)
[329.550s][info][gc,heap        ] GC(284) PSYoungGen: 2281472K(2534400K)->169248K(2543104K) Eden: 2281472K(2281472K)->0K(2290176K) From: 0K(252928K)->169248K(252928K)
[329.550s][info][gc,heap        ] GC(284) ParOldGen: 104200K(5592576K)->104200K(5592576K)
[329.550s][info][gc,metaspace   ] GC(284) Metaspace: 22814K(23168K)->22814K(23168K) NonClass: 20015K(20224K)->20015K(20224K) Class: 2799K(2944K)->2799K(2944K)
[329.550s][info][gc             ] GC(284) Pause Young (Allocation Failure) 2329M->267M(7945M) 116.703ms
[329.550s][info][gc,cpu         ] GC(284) User=0.64s Sys=0.00s Real=0.11s
[331.023s][info][gc,start       ] GC(285) Pause Young (Allocation Failure)
[331.098s][info][gc,heap        ] GC(285) PSYoungGen: 2459424K(2543104K)->101664K(2543104K) Eden: 2290176K(2290176K)->0K(2290176K) From: 169248K(252928K)->101664K(252928K)
[331.098s][info][gc,heap        ] GC(285) ParOldGen: 104200K(5592576K)->104232K(5592576K)
[331.098s][info][gc,metaspace   ] GC(285) Metaspace: 22814K(23168K)->22814K(23168K) NonClass: 20015K(20224K)->20015K(20224K) Class: 2799K(2944K)->2799K(2944K)
[331.098s][info][gc             ] GC(285) Pause Young (Allocation Failure) 2503M->201M(7945M) 75.316ms
[331.098s][info][gc,cpu         ] GC(285) User=0.39s Sys=0.00s Real=0.08s
[332.220s][info][gc,start       ] GC(286) Pause Young (Allocation Failure)
[332.341s][info][gc,heap        ] GC(286) PSYoungGen: 2391840K(2543104K)->179632K(2538496K) Eden: 2290176K(2290176K)->0K(2290176K) From: 101664K(252928K)->179632K(248320K)
[332.341s][info][gc,heap        ] GC(286) ParOldGen: 104232K(5592576K)->104240K(5592576K)
[332.341s][info][gc,metaspace   ] GC(286) Metaspace: 22814K(23168K)->22814K(23168K) NonClass: 20015K(20224K)->20015K(20224K) Class: 2799K(2944K)->2799K(2944K)
[332.341s][info][gc             ] GC(286) Pause Young (Allocation Failure) 2437M->277M(7940M) 121.136ms
[332.341s][info][gc,cpu         ] GC(286) User=0.69s Sys=0.00s Real=0.12s
[333.673s][info][gc,start       ] GC(287) Pause Young (Allocation Failure)
[333.767s][info][gc,heap        ] GC(287) PSYoungGen: 2469808K(2538496K)->124320K(2543104K) Eden: 2290176K(2290176K)->0K(2290176K) From: 179632K(248320K)->124320K(252928K)
[333.767s][info][gc,heap        ] GC(287) ParOldGen: 104240K(5592576K)->106420K(5592576K)
[333.767s][info][gc,metaspace   ] GC(287) Metaspace: 22814K(23168K)->22814K(23168K) NonClass: 20015K(20224K)->20015K(20224K) Class: 2799K(2944K)->2799K(2944K)
[333.767s][info][gc             ] GC(287) Pause Young (Allocation Failure) 2513M->225M(7945M) 93.928ms
[333.767s][info][gc,cpu         ] GC(287) User=0.48s Sys=0.00s Real=0.09s
[334.950s][info][gc,start       ] GC(288) Pause Young (Allocation Failure)
[335.070s][info][gc,heap        ] GC(288) PSYoungGen: 2414496K(2543104K)->183760K(2540032K) Eden: 2290176K(2290176K)->0K(2295296K) From: 124320K(252928K)->183760K(244736K)
[335.070s][info][gc,heap        ] GC(288) ParOldGen: 106420K(5592576K)->107028K(5592576K)
[335.070s][info][gc,metaspace   ] GC(288) Metaspace: 22814K(23168K)->22814K(23168K) NonClass: 20015K(20224K)->20015K(20224K) Class: 2799K(2944K)->2799K(2944K)
[335.070s][info][gc             ] GC(288) Pause Young (Allocation Failure) 2461M->283M(7942M) 120.623ms
[335.070s][info][gc,cpu         ] GC(288) User=0.77s Sys=0.00s Real=0.11s
[336.472s][info][gc,start       ] GC(289) Pause Young (Allocation Failure)
[336.549s][info][gc,heap        ] GC(289) PSYoungGen: 2479056K(2540032K)->96960K(2545664K) Eden: 2295296K(2295296K)->0K(2295296K) From: 183760K(244736K)->96960K(250368K)
[336.549s][info][gc,heap        ] GC(289) ParOldGen: 107028K(5592576K)->107052K(5592576K)
[336.549s][info][gc,metaspace   ] GC(289) Metaspace: 22814K(23168K)->22814K(23168K) NonClass: 20015K(20224K)->20015K(20224K) Class: 2799K(2944K)->2799K(2944K)
[336.549s][info][gc             ] GC(289) Pause Young (Allocation Failure) 2525M->199M(7947M) 77.581ms
[336.549s][info][gc,cpu         ] GC(289) User=0.36s Sys=0.00s Real=0.08s
[337.417s][info][gc,start       ] GC(290) Pause Young (System.gc())
[337.490s][info][gc,heap        ] GC(290) PSYoungGen: 1618290K(2545664K)->97504K(2551808K) Eden: 1521330K(2295296K)->0K(2303488K) From: 96960K(250368K)->97504K(248320K)
[337.490s][info][gc,heap        ] GC(290) ParOldGen: 107052K(5592576K)->107192K(5592576K)
[337.490s][info][gc,metaspace   ] GC(290) Metaspace: 22814K(23168K)->22814K(23168K) NonClass: 20015K(20224K)->20015K(20224K) Class: 2799K(2944K)->2799K(2944K)
[337.490s][info][gc             ] GC(290) Pause Young (System.gc()) 1684M->199M(7953M) 73.889ms
[337.491s][info][gc,cpu         ] GC(290) User=0.45s Sys=0.00s Real=0.08s
[337.491s][info][gc,start       ] GC(291) Pause Full (System.gc())
[337.491s][info][gc,phases,start] GC(291) Marking Phase
[337.526s][info][gc,phases      ] GC(291) Marking Phase 35.752ms
[337.526s][info][gc,phases,start] GC(291) Summary Phase
[337.526s][info][gc,phases      ] GC(291) Summary Phase 0.011ms
[337.526s][info][gc,phases,start] GC(291) Adjust Roots
[337.530s][info][gc,phases      ] GC(291) Adjust Roots 3.603ms
[337.530s][info][gc,phases,start] GC(291) Compaction Phase
[337.630s][info][gc,phases      ] GC(291) Compaction Phase 99.738ms
[337.630s][info][gc,phases,start] GC(291) Post Compact
[337.631s][info][gc,phases      ] GC(291) Post Compact 1.030ms
[337.631s][info][gc,heap        ] GC(291) PSYoungGen: 97504K(2551808K)->0K(2551808K) Eden: 0K(2303488K)->0K(2303488K) From: 97504K(248320K)->0K(248320K)
[337.631s][info][gc,heap        ] GC(291) ParOldGen: 107192K(5592576K)->104270K(5592576K)
[337.631s][info][gc,metaspace   ] GC(291) Metaspace: 22814K(23168K)->22814K(23168K) NonClass: 20015K(20224K)->20015K(20224K) Class: 2799K(2944K)->2799K(2944K)
[337.631s][info][gc             ] GC(291) Pause Full (System.gc()) 199M->101M(7953M) 140.444ms
[337.631s][info][gc,cpu         ] GC(291) User=0.64s Sys=0.00s Real=0.14s
[338.694s][info][gc,start       ] GC(292) Pause Young (Allocation Failure)
[338.822s][info][gc,heap        ] GC(292) PSYoungGen: 2303488K(2551808K)->191040K(2494976K) Eden: 2303488K(2303488K)->0K(2303488K) From: 0K(248320K)->191040K(191488K)
[338.822s][info][gc,heap        ] GC(292) ParOldGen: 104270K(5592576K)->104270K(5592576K)
[338.822s][info][gc,metaspace   ] GC(292) Metaspace: 22814K(23168K)->22814K(23168K) NonClass: 20015K(20224K)->20015K(20224K) Class: 2799K(2944K)->2799K(2944K)
[338.822s][info][gc             ] GC(292) Pause Young (Allocation Failure) 2351M->288M(7898M) 127.922ms
[338.822s][info][gc,cpu         ] GC(292) User=0.77s Sys=0.00s Real=0.14s
[340.237s][info][gc,start       ] GC(293) Pause Young (Allocation Failure)
[340.319s][info][gc,heap        ] GC(293) PSYoungGen: 2494528K(2494976K)->112064K(2548224K) Eden: 2303488K(2303488K)->0K(2294272K) From: 191040K(191488K)->112064K(253952K)
[340.320s][info][gc,heap        ] GC(293) ParOldGen: 104270K(5592576K)->104318K(5592576K)
[340.320s][info][gc,metaspace   ] GC(293) Metaspace: 22814K(23168K)->22814K(23168K) NonClass: 20015K(20224K)->20015K(20224K) Class: 2799K(2944K)->2799K(2944K)
[340.320s][info][gc             ] GC(293) Pause Young (Allocation Failure) 2537M->211M(7950M) 82.689ms
[340.320s][info][gc,cpu         ] GC(293) User=0.48s Sys=0.00s Real=0.08s
[341.391s][info][gc,start       ] GC(294) Pause Young (Allocation Failure)
[341.520s][info][gc,heap        ] GC(294) PSYoungGen: 2406336K(2548224K)->187872K(2482176K) Eden: 2294272K(2294272K)->0K(2294272K) From: 112064K(253952K)->187872K(187904K)
[341.520s][info][gc,heap        ] GC(294) ParOldGen: 104318K(5592576K)->110326K(5592576K)
[341.520s][info][gc,metaspace   ] GC(294) Metaspace: 22814K(23168K)->22814K(23168K) NonClass: 20015K(20224K)->20015K(20224K) Class: 2799K(2944K)->2799K(2944K)
[341.521s][info][gc             ] GC(294) Pause Young (Allocation Failure) 2451M->291M(7885M) 129.498ms
[341.521s][info][gc,cpu         ] GC(294) User=0.81s Sys=0.00s Real=0.14s
[343.077s][info][gc,start       ] GC(295) Pause Young (Allocation Failure)
[343.159s][info][gc,heap        ] GC(295) PSYoungGen: 2482144K(2482176K)->112176K(2546688K) Eden: 2294272K(2294272K)->0K(2291200K) From: 187872K(187904K)->112176K(255488K)
[343.159s][info][gc,heap        ] GC(295) ParOldGen: 110326K(5592576K)->110911K(5592576K)
[343.159s][info][gc,metaspace   ] GC(295) Metaspace: 22814K(23168K)->22814K(23168K) NonClass: 20015K(20224K)->20015K(20224K) Class: 2799K(2944K)->2799K(2944K)
[343.159s][info][gc             ] GC(295) Pause Young (Allocation Failure) 2531M->217M(7948M) 81.934ms
[343.159s][info][gc,cpu         ] GC(295) User=0.45s Sys=0.00s Real=0.08s
[344.260s][info][gc,start       ] GC(296) Pause Young (Allocation Failure)
[344.388s][info][gc,heap        ] GC(296) PSYoungGen: 2403376K(2546688K)->192432K(2483712K) Eden: 2291200K(2291200K)->0K(2291200K) From: 112176K(255488K)->192432K(192512K)
[344.388s][info][gc,heap        ] GC(296) ParOldGen: 110911K(5592576K)->115643K(5592576K)
[344.388s][info][gc,metaspace   ] GC(296) Metaspace: 22814K(23168K)->22814K(23168K) NonClass: 20015K(20224K)->20015K(20224K) Class: 2799K(2944K)->2799K(2944K)
[344.388s][info][gc             ] GC(296) Pause Young (Allocation Failure) 2455M->300M(7887M) 128.324ms
[344.388s][info][gc,cpu         ] GC(296) User=0.77s Sys=0.00s Real=0.13s
[345.751s][info][gc,start       ] GC(297) Pause Young (Allocation Failure)
[345.838s][info][gc,heap        ] GC(297) PSYoungGen: 2483632K(2483712K)->123776K(2545664K) Eden: 2291200K(2291200K)->0K(2287616K) From: 192432K(192512K)->123776K(258048K)
[345.839s][info][gc,heap        ] GC(297) ParOldGen: 115643K(5592576K)->116227K(5592576K)
[345.839s][info][gc,metaspace   ] GC(297) Metaspace: 22814K(23168K)->22814K(23168K) NonClass: 20015K(20224K)->20015K(20224K) Class: 2799K(2944K)->2799K(2944K)
[345.839s][info][gc             ] GC(297) Pause Young (Allocation Failure) 2538M->234M(7947M) 87.645ms
[345.839s][info][gc,cpu         ] GC(297) User=0.48s Sys=0.00s Real=0.09s
[346.564s][info][gc,start       ] GC(298) Pause Young (System.gc())
[346.638s][info][gc,heap        ] GC(298) PSYoungGen: 1439073K(2545664K)->83872K(2537984K) Eden: 1315297K(2287616K)->0K(2287616K) From: 123776K(258048K)->83872K(250368K)
[346.638s][info][gc,heap        ] GC(298) ParOldGen: 116227K(5592576K)->129815K(5592576K)
[346.638s][info][gc,metaspace   ] GC(298) Metaspace: 22814K(23168K)->22814K(23168K) NonClass: 20015K(20224K)->20015K(20224K) Class: 2799K(2944K)->2799K(2944K)
[346.638s][info][gc             ] GC(298) Pause Young (System.gc()) 1518M->208M(7940M) 73.810ms
[346.638s][info][gc,cpu         ] GC(298) User=0.39s Sys=0.00s Real=0.08s
[346.638s][info][gc,start       ] GC(299) Pause Full (System.gc())
[346.638s][info][gc,phases,start] GC(299) Marking Phase
[346.674s][info][gc,phases      ] GC(299) Marking Phase 35.491ms
[346.674s][info][gc,phases,start] GC(299) Summary Phase
[346.674s][info][gc,phases      ] GC(299) Summary Phase 0.011ms
[346.674s][info][gc,phases,start] GC(299) Adjust Roots
[346.678s][info][gc,phases      ] GC(299) Adjust Roots 4.145ms
[346.678s][info][gc,phases,start] GC(299) Compaction Phase
[346.763s][info][gc,phases      ] GC(299) Compaction Phase 85.320ms
[346.763s][info][gc,phases,start] GC(299) Post Compact
[346.764s][info][gc,phases      ] GC(299) Post Compact 1.117ms
[346.764s][info][gc,heap        ] GC(299) PSYoungGen: 83872K(2537984K)->0K(2537984K) Eden: 0K(2287616K)->0K(2287616K) From: 83872K(250368K)->0K(250368K)
[346.764s][info][gc,heap        ] GC(299) ParOldGen: 129815K(5592576K)->104130K(5592576K)
[346.764s][info][gc,metaspace   ] GC(299) Metaspace: 22814K(23168K)->22814K(23168K) NonClass: 20015K(20224K)->20015K(20224K) Class: 2799K(2944K)->2799K(2944K)
[346.764s][info][gc             ] GC(299) Pause Full (System.gc()) 208M->101M(7940M) 126.377ms
[346.764s][info][gc,cpu         ] GC(299) User=0.50s Sys=0.00s Real=0.11s
[347.823s][info][gc,start       ] GC(300) Pause Young (Allocation Failure)
[347.950s][info][gc,heap        ] GC(300) PSYoungGen: 2287616K(2537984K)->191072K(2528768K) Eden: 2287616K(2287616K)->0K(2278912K) From: 0K(250368K)->191072K(249856K)
[347.950s][info][gc,heap        ] GC(300) ParOldGen: 104130K(5592576K)->104130K(5592576K)
[347.950s][info][gc,metaspace   ] GC(300) Metaspace: 22815K(23168K)->22815K(23168K) NonClass: 20016K(20224K)->20016K(20224K) Class: 2799K(2944K)->2799K(2944K)
[347.950s][info][gc             ] GC(300) Pause Young (Allocation Failure) 2335M->288M(7931M) 127.278ms
[347.950s][info][gc,cpu         ] GC(300) User=0.67s Sys=0.00s Real=0.13s
[349.349s][info][gc,start       ] GC(301) Pause Young (Allocation Failure)
[349.431s][info][gc,heap        ] GC(301) PSYoungGen: 2469984K(2528768K)->106880K(2537472K) Eden: 2278912K(2278912K)->0K(2278912K) From: 191072K(249856K)->106880K(258560K)
[349.431s][info][gc,heap        ] GC(301) ParOldGen: 104130K(5592576K)->104178K(5592576K)
[349.431s][info][gc,metaspace   ] GC(301) Metaspace: 22815K(23168K)->22815K(23168K) NonClass: 20016K(20224K)->20016K(20224K) Class: 2799K(2944K)->2799K(2944K)
[349.431s][info][gc             ] GC(301) Pause Young (Allocation Failure) 2513M->206M(7939M) 81.859ms
[349.431s][info][gc,cpu         ] GC(301) User=0.42s Sys=0.00s Real=0.08s
[350.484s][info][gc,start       ] GC(302) Pause Young (Allocation Failure)
[350.610s][info][gc,heap        ] GC(302) PSYoungGen: 2385792K(2537472K)->188896K(2528768K) Eden: 2278912K(2278912K)->0K(2275840K) From: 106880K(258560K)->188896K(252928K)
[350.610s][info][gc,heap        ] GC(302) ParOldGen: 104178K(5592576K)->106054K(5592576K)
[350.610s][info][gc,metaspace   ] GC(302) Metaspace: 22815K(23168K)->22815K(23168K) NonClass: 20016K(20224K)->20016K(20224K) Class: 2799K(2944K)->2799K(2944K)
[350.610s][info][gc             ] GC(302) Pause Young (Allocation Failure) 2431M->288M(7931M) 126.159ms
[350.610s][info][gc,cpu         ] GC(302) User=0.67s Sys=0.00s Real=0.12s
[351.914s][info][gc,start       ] GC(303) Pause Young (Allocation Failure)
[352.002s][info][gc,heap        ] GC(303) PSYoungGen: 2464736K(2528768K)->120544K(2535936K) Eden: 2275840K(2275840K)->0K(2275840K) From: 188896K(252928K)->120544K(260096K)
[352.002s][info][gc,heap        ] GC(303) ParOldGen: 106054K(5592576K)->106974K(5592576K)
[352.002s][info][gc,metaspace   ] GC(303) Metaspace: 22815K(23168K)->22815K(23168K) NonClass: 20016K(20224K)->20016K(20224K) Class: 2799K(2944K)->2799K(2944K)
[352.002s][info][gc             ] GC(303) Pause Young (Allocation Failure) 2510M->222M(7938M) 88.622ms
[352.002s][info][gc,cpu         ] GC(303) User=0.58s Sys=0.00s Real=0.09s
[353.019s][info][gc,start       ] GC(304) Pause Young (Allocation Failure)
[353.157s][info][gc,heap        ] GC(304) PSYoungGen: 2396384K(2535936K)->199776K(2523136K) Eden: 2275840K(2275840K)->0K(2270720K) From: 120544K(260096K)->199776K(252416K)
[353.157s][info][gc,heap        ] GC(304) ParOldGen: 106974K(5592576K)->116130K(5592576K)
[353.157s][info][gc,metaspace   ] GC(304) Metaspace: 22815K(23168K)->22815K(23168K) NonClass: 20016K(20224K)->20016K(20224K) Class: 2799K(2944K)->2799K(2944K)
[353.157s][info][gc             ] GC(304) Pause Young (Allocation Failure) 2444M->308M(7925M) 137.315ms
[353.157s][info][gc,cpu         ] GC(304) User=0.80s Sys=0.00s Real=0.14s
[354.474s][info][gc,start       ] GC(305) Pause Young (Allocation Failure)
[354.571s][info][gc,heap        ] GC(305) PSYoungGen: 2470496K(2523136K)->131200K(2533376K) Eden: 2270720K(2270720K)->0K(2270720K) From: 199776K(252416K)->131200K(262656K)
[354.571s][info][gc,heap        ] GC(305) ParOldGen: 116130K(5592576K)->118218K(5592576K)
[354.571s][info][gc,metaspace   ] GC(305) Metaspace: 22815K(23168K)->22815K(23168K) NonClass: 20016K(20224K)->20016K(20224K) Class: 2799K(2944K)->2799K(2944K)
[354.571s][info][gc             ] GC(305) Pause Young (Allocation Failure) 2526M->243M(7935M) 96.411ms
[354.571s][info][gc,cpu         ] GC(305) User=0.50s Sys=0.00s Real=0.09s
[355.331s][info][gc,start       ] GC(306) Pause Young (System.gc())
[355.404s][info][gc,heap        ] GC(306) PSYoungGen: 1393349K(2533376K)->80176K(2541056K) Eden: 1262149K(2270720K)->0K(2287104K) From: 131200K(262656K)->80176K(253952K)
[355.404s][info][gc,heap        ] GC(306) ParOldGen: 118218K(5592576K)->135382K(5592576K)
[355.404s][info][gc,metaspace   ] GC(306) Metaspace: 22815K(23168K)->22815K(23168K) NonClass: 20016K(20224K)->20016K(20224K) Class: 2799K(2944K)->2799K(2944K)
[355.404s][info][gc             ] GC(306) Pause Young (System.gc()) 1476M->210M(7943M) 72.938ms
[355.404s][info][gc,cpu         ] GC(306) User=0.39s Sys=0.00s Real=0.08s
[355.404s][info][gc,start       ] GC(307) Pause Full (System.gc())
[355.404s][info][gc,phases,start] GC(307) Marking Phase
[355.439s][info][gc,phases      ] GC(307) Marking Phase 35.439ms
[355.439s][info][gc,phases,start] GC(307) Summary Phase
[355.439s][info][gc,phases      ] GC(307) Summary Phase 0.013ms
[355.439s][info][gc,phases,start] GC(307) Adjust Roots
[355.443s][info][gc,phases      ] GC(307) Adjust Roots 3.576ms
[355.443s][info][gc,phases,start] GC(307) Compaction Phase
[355.525s][info][gc,phases      ] GC(307) Compaction Phase 81.700ms
[355.525s][info][gc,phases,start] GC(307) Post Compact
[355.526s][info][gc,phases      ] GC(307) Post Compact 1.145ms
[355.526s][info][gc,heap        ] GC(307) PSYoungGen: 80176K(2541056K)->0K(2541056K) Eden: 0K(2287104K)->0K(2287104K) From: 80176K(253952K)->0K(253952K)
[355.526s][info][gc,heap        ] GC(307) ParOldGen: 135382K(5592576K)->103950K(5592576K)
[355.526s][info][gc,metaspace   ] GC(307) Metaspace: 22815K(23168K)->22815K(23168K) NonClass: 20016K(20224K)->20016K(20224K) Class: 2799K(2944K)->2799K(2944K)
[355.526s][info][gc             ] GC(307) Pause Full (System.gc()) 210M->101M(7943M) 122.144ms
[355.526s][info][gc,cpu         ] GC(307) User=0.55s Sys=0.00s Real=0.12s
[356.637s][info][gc,start       ] GC(308) Pause Young (Allocation Failure)
[356.761s][info][gc,heap        ] GC(308) PSYoungGen: 2287104K(2541056K)->189696K(2477056K) Eden: 2287104K(2287104K)->0K(2287104K) From: 0K(253952K)->189696K(189952K)
[356.761s][info][gc,heap        ] GC(308) ParOldGen: 103950K(5592576K)->103950K(5592576K)
[356.761s][info][gc,metaspace   ] GC(308) Metaspace: 22823K(23168K)->22823K(23168K) NonClass: 20023K(20224K)->20023K(20224K) Class: 2799K(2944K)->2799K(2944K)
[356.761s][info][gc             ] GC(308) Pause Young (Allocation Failure) 2335M->286M(7880M) 124.533ms
[356.761s][info][gc,cpu         ] GC(308) User=0.75s Sys=0.00s Real=0.13s
[358.149s][info][gc,start       ] GC(309) Pause Young (Allocation Failure)
[358.231s][info][gc,heap        ] GC(309) PSYoungGen: 2476800K(2477056K)->112976K(2540544K) Eden: 2287104K(2287104K)->0K(2278912K) From: 189696K(189952K)->112976K(261632K)
[358.231s][info][gc,heap        ] GC(309) ParOldGen: 103950K(5592576K)->103990K(5592576K)
[358.231s][info][gc,metaspace   ] GC(309) Metaspace: 22848K(23168K)->22848K(23168K) NonClass: 20049K(20224K)->20049K(20224K) Class: 2799K(2944K)->2799K(2944K)
[358.231s][info][gc             ] GC(309) Pause Young (Allocation Failure) 2520M->211M(7942M) 81.477ms
[358.231s][info][gc,cpu         ] GC(309) User=0.39s Sys=0.02s Real=0.08s
[359.365s][info][gc,start       ] GC(310) Pause Young (Allocation Failure)
[359.495s][info][gc,heap        ] GC(310) PSYoungGen: 2391888K(2540544K)->194304K(2473472K) Eden: 2278912K(2278912K)->0K(2278912K) From: 112976K(261632K)->194304K(194560K)
[359.495s][info][gc,heap        ] GC(310) ParOldGen: 103990K(5592576K)->107990K(5592576K)
[359.495s][info][gc,metaspace   ] GC(310) Metaspace: 22853K(23168K)->22853K(23168K) NonClass: 20053K(20224K)->20053K(20224K) Class: 2799K(2944K)->2799K(2944K)
[359.495s][info][gc             ] GC(310) Pause Young (Allocation Failure) 2437M->295M(7877M) 129.952ms
[359.495s][info][gc,cpu         ] GC(310) User=0.75s Sys=0.00s Real=0.12s
[360.807s][info][gc,start       ] GC(311) Pause Young (Allocation Failure)
[360.897s][info][gc,heap        ] GC(311) PSYoungGen: 2473216K(2473472K)->130464K(2541568K) Eden: 2278912K(2278912K)->0K(2277888K) From: 194304K(194560K)->130464K(263680K)
[360.897s][info][gc,heap        ] GC(311) ParOldGen: 107990K(5592576K)->109214K(5592576K)
[360.897s][info][gc,metaspace   ] GC(311) Metaspace: 22864K(23168K)->22864K(23168K) NonClass: 20065K(20224K)->20065K(20224K) Class: 2799K(2944K)->2799K(2944K)
[360.897s][info][gc             ] GC(311) Pause Young (Allocation Failure) 2520M->234M(7943M) 90.555ms
[360.897s][info][gc,cpu         ] GC(311) User=0.48s Sys=0.00s Real=0.09s
[361.852s][info][gc,start       ] GC(312) Pause Young (Allocation Failure)
[361.985s][info][gc,heap        ] GC(312) PSYoungGen: 2408352K(2541568K)->196480K(2532352K) Eden: 2277888K(2277888K)->0K(2277888K) From: 130464K(263680K)->196480K(254464K)
[361.985s][info][gc,heap        ] GC(312) ParOldGen: 109214K(5592576K)->118642K(5592576K)
[361.985s][info][gc,metaspace   ] GC(312) Metaspace: 22864K(23168K)->22864K(23168K) NonClass: 20065K(20224K)->20065K(20224K) Class: 2799K(2944K)->2799K(2944K)
[361.985s][info][gc             ] GC(312) Pause Young (Allocation Failure) 2458M->307M(7934M) 132.966ms
[361.985s][info][gc,cpu         ] GC(312) User=0.78s Sys=0.00s Real=0.13s
[363.446s][info][gc,start       ] GC(313) Pause Young (Allocation Failure)
[363.546s][info][gc,heap        ] GC(313) PSYoungGen: 2474368K(2532352K)->137040K(2542592K) Eden: 2277888K(2277888K)->0K(2279936K) From: 196480K(254464K)->137040K(262656K)
[363.546s][info][gc,heap        ] GC(313) ParOldGen: 118642K(5592576K)->120378K(5592576K)
[363.546s][info][gc,metaspace   ] GC(313) Metaspace: 22864K(23168K)->22864K(23168K) NonClass: 20065K(20224K)->20065K(20224K) Class: 2799K(2944K)->2799K(2944K)
[363.546s][info][gc             ] GC(313) Pause Young (Allocation Failure) 2532M->251M(7944M) 100.029ms
[363.546s][info][gc,cpu         ] GC(313) User=0.55s Sys=0.00s Real=0.09s
[364.355s][info][gc,start       ] GC(314) Pause Young (System.gc())
[364.424s][info][gc,heap        ] GC(314) PSYoungGen: 1343113K(2542592K)->77376K(2533376K) Eden: 1206073K(2279936K)->0K(2279936K) From: 137040K(262656K)->77376K(253440K)
[364.424s][info][gc,heap        ] GC(314) ParOldGen: 120378K(5592576K)->140662K(5592576K)
[364.424s][info][gc,metaspace   ] GC(314) Metaspace: 22864K(23168K)->22864K(23168K) NonClass: 20065K(20224K)->20065K(20224K) Class: 2799K(2944K)->2799K(2944K)
[364.424s][info][gc             ] GC(314) Pause Young (System.gc()) 1429M->212M(7935M) 69.333ms
[364.424s][info][gc,cpu         ] GC(314) User=0.39s Sys=0.00s Real=0.08s
[364.424s][info][gc,start       ] GC(315) Pause Full (System.gc())
[364.424s][info][gc,phases,start] GC(315) Marking Phase
[364.461s][info][gc,phases      ] GC(315) Marking Phase 36.165ms
[364.461s][info][gc,phases,start] GC(315) Summary Phase
[364.461s][info][gc,phases      ] GC(315) Summary Phase 0.011ms
[364.461s][info][gc,phases,start] GC(315) Adjust Roots
[364.464s][info][gc,phases      ] GC(315) Adjust Roots 3.719ms
[364.464s][info][gc,phases,start] GC(315) Compaction Phase
[364.551s][info][gc,phases      ] GC(315) Compaction Phase 86.794ms
[364.551s][info][gc,phases,start] GC(315) Post Compact
[364.552s][info][gc,phases      ] GC(315) Post Compact 1.188ms
[364.553s][info][gc,heap        ] GC(315) PSYoungGen: 77376K(2533376K)->0K(2533376K) Eden: 0K(2279936K)->0K(2279936K) From: 77376K(253440K)->0K(253440K)
[364.553s][info][gc,heap        ] GC(315) ParOldGen: 140662K(5592576K)->104287K(5592576K)
[364.553s][info][gc,metaspace   ] GC(315) Metaspace: 22864K(23168K)->22864K(23168K) NonClass: 20065K(20224K)->20065K(20224K) Class: 2799K(2944K)->2799K(2944K)
[364.553s][info][gc             ] GC(315) Pause Full (System.gc()) 212M->101M(7935M) 128.177ms
[364.553s][info][gc,cpu         ] GC(315) User=0.45s Sys=0.00s Real=0.12s
[365.539s][info][gc,start       ] GC(316) Pause Young (Allocation Failure)
[365.673s][info][gc,heap        ] GC(316) PSYoungGen: 2279936K(2533376K)->204688K(2516992K) Eden: 2279936K(2279936K)->0K(2261504K) From: 0K(253440K)->204688K(255488K)
[365.673s][info][gc,heap        ] GC(316) ParOldGen: 104287K(5592576K)->104287K(5592576K)
[365.673s][info][gc,metaspace   ] GC(316) Metaspace: 22867K(23168K)->22867K(23168K) NonClass: 20068K(20224K)->20068K(20224K) Class: 2799K(2944K)->2799K(2944K)
[365.673s][info][gc             ] GC(316) Pause Young (Allocation Failure) 2328M->301M(7919M) 133.954ms
[365.673s][info][gc,cpu         ] GC(316) User=0.77s Sys=0.00s Real=0.13s
[367.007s][info][gc,start       ] GC(317) Pause Young (Allocation Failure)
[367.097s][info][gc,heap        ] GC(317) PSYoungGen: 2466192K(2516992K)->120096K(2528768K) Eden: 2261504K(2261504K)->0K(2261504K) From: 204688K(255488K)->120096K(267264K)
[367.097s][info][gc,heap        ] GC(317) ParOldGen: 104287K(5592576K)->104335K(5592576K)
[367.097s][info][gc,metaspace   ] GC(317) Metaspace: 22870K(23168K)->22870K(23168K) NonClass: 20070K(20224K)->20070K(20224K) Class: 2799K(2944K)->2799K(2944K)
[367.097s][info][gc             ] GC(317) Pause Young (Allocation Failure) 2510M->219M(7931M) 89.766ms
[367.097s][info][gc,cpu         ] GC(317) User=0.59s Sys=0.00s Real=0.09s
[368.159s][info][gc,start       ] GC(318) Pause Young (Allocation Failure)
[368.293s][info][gc,heap        ] GC(318) PSYoungGen: 2381600K(2528768K)->196992K(2520576K) Eden: 2261504K(2261504K)->0K(2260480K) From: 120096K(267264K)->196992K(260096K)
[368.293s][info][gc,heap        ] GC(318) ParOldGen: 104335K(5592576K)->111491K(5592576K)
[368.293s][info][gc,metaspace   ] GC(318) Metaspace: 22870K(23168K)->22870K(23168K) NonClass: 20070K(20224K)->20070K(20224K) Class: 2799K(2944K)->2799K(2944K)
[368.293s][info][gc             ] GC(318) Pause Young (Allocation Failure) 2427M->301M(7923M) 134.254ms
[368.293s][info][gc,cpu         ] GC(318) User=0.70s Sys=0.00s Real=0.13s
[369.674s][info][gc,start       ] GC(319) Pause Young (Allocation Failure)
[369.762s][info][gc,heap        ] GC(319) PSYoungGen: 2457472K(2520576K)->120848K(2528256K) Eden: 2260480K(2260480K)->0K(2260480K) From: 196992K(260096K)->120848K(267776K)
[369.762s][info][gc,heap        ] GC(319) ParOldGen: 111491K(5592576K)->113003K(5592576K)
[369.762s][info][gc,metaspace   ] GC(319) Metaspace: 22870K(23168K)->22870K(23168K) NonClass: 20070K(20224K)->20070K(20224K) Class: 2799K(2944K)->2799K(2944K)
[369.762s][info][gc             ] GC(319) Pause Young (Allocation Failure) 2508M->228M(7930M) 87.945ms
[369.762s][info][gc,cpu         ] GC(319) User=0.50s Sys=0.00s Real=0.08s
[370.764s][info][gc,start       ] GC(320) Pause Young (Allocation Failure)
[370.898s][info][gc,heap        ] GC(320) PSYoungGen: 2381328K(2528256K)->197696K(2520576K) Eden: 2260480K(2260480K)->0K(2259456K) From: 120848K(267776K)->197696K(261120K)
[370.898s][info][gc,heap        ] GC(320) ParOldGen: 113003K(5592576K)->120791K(5592576K)
[370.898s][info][gc,metaspace   ] GC(320) Metaspace: 22870K(23168K)->22870K(23168K) NonClass: 20070K(20224K)->20070K(20224K) Class: 2799K(2944K)->2799K(2944K)
[370.898s][info][gc             ] GC(320) Pause Young (Allocation Failure) 2435M->311M(7923M) 133.777ms
[370.898s][info][gc,cpu         ] GC(320) User=0.86s Sys=0.00s Real=0.13s
[372.360s][info][gc,start       ] GC(321) Pause Young (Allocation Failure)
[372.454s][info][gc,heap        ] GC(321) PSYoungGen: 2457152K(2520576K)->128864K(2527744K) Eden: 2259456K(2259456K)->0K(2259456K) From: 197696K(261120K)->128864K(268288K)
[372.454s][info][gc,heap        ] GC(321) ParOldGen: 120791K(5592576K)->121623K(5592576K)
[372.454s][info][gc,metaspace   ] GC(321) Metaspace: 22870K(23168K)->22870K(23168K) NonClass: 20070K(20224K)->20070K(20224K) Class: 2799K(2944K)->2799K(2944K)
[372.454s][info][gc             ] GC(321) Pause Young (Allocation Failure) 2517M->244M(7930M) 94.169ms
[372.454s][info][gc,cpu         ] GC(321) User=0.50s Sys=0.00s Real=0.09s
[373.221s][info][gc,start       ] GC(322) Pause Young (System.gc())
[373.292s][info][gc,heap        ] GC(322) PSYoungGen: 1397547K(2527744K)->81216K(2533376K) Eden: 1268682K(2259456K)->0K(2272768K) From: 128864K(268288K)->81216K(260608K)
[373.292s][info][gc,heap        ] GC(322) ParOldGen: 121623K(5592576K)->138059K(5592576K)
[373.292s][info][gc,metaspace   ] GC(322) Metaspace: 22870K(23168K)->22870K(23168K) NonClass: 20070K(20224K)->20070K(20224K) Class: 2799K(2944K)->2799K(2944K)
[373.292s][info][gc             ] GC(322) Pause Young (System.gc()) 1483M->214M(7935M) 70.644ms
[373.292s][info][gc,cpu         ] GC(322) User=0.47s Sys=0.00s Real=0.08s
[373.292s][info][gc,start       ] GC(323) Pause Full (System.gc())
[373.292s][info][gc,phases,start] GC(323) Marking Phase
[373.327s][info][gc,phases      ] GC(323) Marking Phase 34.781ms
[373.327s][info][gc,phases,start] GC(323) Summary Phase
[373.327s][info][gc,phases      ] GC(323) Summary Phase 0.011ms
[373.327s][info][gc,phases,start] GC(323) Adjust Roots
[373.331s][info][gc,phases      ] GC(323) Adjust Roots 3.699ms
[373.331s][info][gc,phases,start] GC(323) Compaction Phase
[373.419s][info][gc,phases      ] GC(323) Compaction Phase 88.081ms
[373.419s][info][gc,phases,start] GC(323) Post Compact
[373.420s][info][gc,phases      ] GC(323) Post Compact 1.145ms
[373.420s][info][gc,heap        ] GC(323) PSYoungGen: 81216K(2533376K)->0K(2533376K) Eden: 0K(2272768K)->0K(2272768K) From: 81216K(260608K)->0K(260608K)
[373.420s][info][gc,heap        ] GC(323) ParOldGen: 138059K(5592576K)->104287K(5592576K)
[373.420s][info][gc,metaspace   ] GC(323) Metaspace: 22870K(23168K)->22870K(23168K) NonClass: 20070K(20224K)->20070K(20224K) Class: 2799K(2944K)->2799K(2944K)
[373.420s][info][gc             ] GC(323) Pause Full (System.gc()) 214M->101M(7935M) 128.000ms
[373.420s][info][gc,cpu         ] GC(323) User=0.52s Sys=0.00s Real=0.12s
[374.492s][info][gc,start       ] GC(324) Pause Young (Allocation Failure)
[374.625s][info][gc,heap        ] GC(324) PSYoungGen: 2272768K(2533376K)->191312K(2464256K) Eden: 2272768K(2272768K)->0K(2272768K) From: 0K(260608K)->191312K(191488K)
[374.625s][info][gc,heap        ] GC(324) ParOldGen: 104287K(5592576K)->104287K(5592576K)
[374.625s][info][gc,metaspace   ] GC(324) Metaspace: 22870K(23168K)->22870K(23168K) NonClass: 20070K(20224K)->20070K(20224K) Class: 2799K(2944K)->2799K(2944K)
[374.625s][info][gc             ] GC(324) Pause Young (Allocation Failure) 2321M->288M(7868M) 133.221ms
[374.625s][info][gc,cpu         ] GC(324) User=0.70s Sys=0.00s Real=0.13s
[376.053s][info][gc,start       ] GC(325) Pause Young (Allocation Failure)
[376.130s][info][gc,heap        ] GC(325) PSYoungGen: 2464080K(2464256K)->106272K(2533376K) Eden: 2272768K(2272768K)->0K(2266112K) From: 191312K(191488K)->106272K(267264K)
[376.130s][info][gc,heap        ] GC(325) ParOldGen: 104287K(5592576K)->104319K(5592576K)
[376.130s][info][gc,metaspace   ] GC(325) Metaspace: 22870K(23168K)->22870K(23168K) NonClass: 20070K(20224K)->20070K(20224K) Class: 2799K(2944K)->2799K(2944K)
[376.130s][info][gc             ] GC(325) Pause Young (Allocation Failure) 2508M->205M(7935M) 77.834ms
[376.130s][info][gc,cpu         ] GC(325) User=0.39s Sys=0.00s Real=0.08s
[377.166s][info][gc,start       ] GC(326) Pause Young (Allocation Failure)
[377.290s][info][gc,heap        ] GC(326) PSYoungGen: 2372384K(2533376K)->183088K(2528768K) Eden: 2266112K(2266112K)->0K(2266112K) From: 106272K(267264K)->183088K(262656K)
[377.290s][info][gc,heap        ] GC(326) ParOldGen: 104319K(5592576K)->107675K(5592576K)
[377.290s][info][gc,metaspace   ] GC(326) Metaspace: 22870K(23168K)->22870K(23168K) NonClass: 20070K(20224K)->20070K(20224K) Class: 2799K(2944K)->2799K(2944K)
[377.290s][info][gc             ] GC(326) Pause Young (Allocation Failure) 2418M->283M(7931M) 123.531ms
[377.290s][info][gc,cpu         ] GC(326) User=0.69s Sys=0.00s Real=0.13s
[378.628s][info][gc,start       ] GC(327) Pause Young (Allocation Failure)
[378.723s][info][gc,heap        ] GC(327) PSYoungGen: 2449200K(2528768K)->135552K(2540544K) Eden: 2266112K(2266112K)->0K(2275328K) From: 183088K(262656K)->135552K(265216K)
[378.723s][info][gc,heap        ] GC(327) ParOldGen: 107675K(5592576K)->110055K(5592576K)
[378.723s][info][gc,metaspace   ] GC(327) Metaspace: 22870K(23168K)->22870K(23168K) NonClass: 20071K(20224K)->20071K(20224K) Class: 2799K(2944K)->2799K(2944K)
[378.723s][info][gc             ] GC(327) Pause Young (Allocation Failure) 2496M->239M(7942M) 95.173ms
[378.723s][info][gc,cpu         ] GC(327) User=0.55s Sys=0.00s Real=0.09s
[379.739s][info][gc,start       ] GC(328) Pause Young (Allocation Failure)
[379.870s][info][gc,heap        ] GC(328) PSYoungGen: 2410880K(2540544K)->193776K(2530816K) Eden: 2275328K(2275328K)->0K(2275328K) From: 135552K(265216K)->193776K(255488K)
[379.870s][info][gc,heap        ] GC(328) ParOldGen: 110055K(5592576K)->118403K(5592576K)
[379.870s][info][gc,metaspace   ] GC(328) Metaspace: 22870K(23168K)->22870K(23168K) NonClass: 20071K(20224K)->20071K(20224K) Class: 2799K(2944K)->2799K(2944K)
[379.870s][info][gc             ] GC(328) Pause Young (Allocation Failure) 2461M->304M(7933M) 131.037ms
[379.870s][info][gc,cpu         ] GC(328) User=0.75s Sys=0.00s Real=0.13s
[381.310s][info][gc,start       ] GC(329) Pause Young (Allocation Failure)
[381.379s][info][gc,heap        ] GC(329) PSYoungGen: 2469104K(2530816K)->100512K(2536448K) Eden: 2275328K(2275328K)->0K(2274304K) From: 193776K(255488K)->100512K(262144K)
[381.379s][info][gc,heap        ] GC(329) ParOldGen: 118403K(5592576K)->119599K(5592576K)
[381.379s][info][gc,metaspace   ] GC(329) Metaspace: 22870K(23168K)->22870K(23168K) NonClass: 20071K(20224K)->20071K(20224K) Class: 2799K(2944K)->2799K(2944K)
[381.379s][info][gc             ] GC(329) Pause Young (Allocation Failure) 2526M->214M(7938M) 69.601ms
[381.379s][info][gc,cpu         ] GC(329) User=0.39s Sys=0.00s Real=0.08s
[382.105s][info][gc,start       ] GC(330) Pause Young (System.gc())
[382.175s][info][gc,heap        ] GC(330) PSYoungGen: 1292937K(2536448K)->80256K(2533888K) Eden: 1192425K(2274304K)->0K(2274304K) From: 100512K(262144K)->80256K(259584K)
[382.175s][info][gc,heap        ] GC(330) ParOldGen: 119599K(5592576K)->136923K(5592576K)
[382.175s][info][gc,metaspace   ] GC(330) Metaspace: 22870K(23168K)->22870K(23168K) NonClass: 20071K(20224K)->20071K(20224K) Class: 2799K(2944K)->2799K(2944K)
[382.175s][info][gc             ] GC(330) Pause Young (System.gc()) 1379M->212M(7936M) 69.786ms
[382.175s][info][gc,cpu         ] GC(330) User=0.38s Sys=0.00s Real=0.06s
[382.175s][info][gc,start       ] GC(331) Pause Full (System.gc())
[382.175s][info][gc,phases,start] GC(331) Marking Phase
[382.210s][info][gc,phases      ] GC(331) Marking Phase 34.871ms
[382.210s][info][gc,phases,start] GC(331) Summary Phase
[382.210s][info][gc,phases      ] GC(331) Summary Phase 0.012ms
[382.210s][info][gc,phases,start] GC(331) Adjust Roots
[382.214s][info][gc,phases      ] GC(331) Adjust Roots 3.746ms
[382.214s][info][gc,phases,start] GC(331) Compaction Phase
[382.305s][info][gc,phases      ] GC(331) Compaction Phase 91.305ms
[382.305s][info][gc,phases,start] GC(331) Post Compact
[382.307s][info][gc,phases      ] GC(331) Post Compact 1.286ms
[382.307s][info][gc,heap        ] GC(331) PSYoungGen: 80256K(2533888K)->0K(2533888K) Eden: 0K(2274304K)->0K(2274304K) From: 80256K(259584K)->0K(259584K)
[382.307s][info][gc,heap        ] GC(331) ParOldGen: 136923K(5592576K)->104233K(5592576K)
[382.307s][info][gc,metaspace   ] GC(331) Metaspace: 22870K(23168K)->22870K(23168K) NonClass: 20071K(20224K)->20071K(20224K) Class: 2799K(2944K)->2799K(2944K)
[382.307s][info][gc             ] GC(331) Pause Full (System.gc()) 212M->101M(7936M) 131.510ms
[382.307s][info][gc,cpu         ] GC(331) User=0.53s Sys=0.00s Real=0.14s
[383.586s][info][gc,start       ] GC(332) Pause Young (Allocation Failure)
[383.728s][info][gc,heap        ] GC(332) PSYoungGen: 2274304K(2533888K)->214736K(2504704K) Eden: 2274304K(2274304K)->0K(2245120K) From: 0K(259584K)->214736K(259584K)
[383.729s][info][gc,heap        ] GC(332) ParOldGen: 104233K(5592576K)->104233K(5592576K)
[383.729s][info][gc,metaspace   ] GC(332) Metaspace: 22879K(23168K)->22879K(23168K) NonClass: 20080K(20224K)->20080K(20224K) Class: 2799K(2944K)->2799K(2944K)
[383.729s][info][gc             ] GC(332) Pause Young (Allocation Failure) 2322M->311M(7907M) 142.461ms
[383.729s][info][gc,cpu         ] GC(332) User=0.84s Sys=0.00s Real=0.14s
[385.121s][info][gc,start       ] GC(333) Pause Young (Allocation Failure)
[385.209s][info][gc,heap        ] GC(333) PSYoungGen: 2459856K(2504704K)->122000K(2520576K) Eden: 2245120K(2245120K)->0K(2245120K) From: 214736K(259584K)->122000K(275456K)
[385.209s][info][gc,heap        ] GC(333) ParOldGen: 104233K(5592576K)->104265K(5592576K)
[385.209s][info][gc,metaspace   ] GC(333) Metaspace: 22879K(23168K)->22879K(23168K) NonClass: 20080K(20224K)->20080K(20224K) Class: 2799K(2944K)->2799K(2944K)
[385.209s][info][gc             ] GC(333) Pause Young (Allocation Failure) 2503M->220M(7923M) 87.907ms
[385.209s][info][gc,cpu         ] GC(333) User=0.66s Sys=0.00s Real=0.08s
[386.278s][info][gc,start       ] GC(334) Pause Young (Allocation Failure)
[386.409s][info][gc,heap        ] GC(334) PSYoungGen: 2367120K(2520576K)->193808K(2516992K) Eden: 2245120K(2245120K)->0K(2250240K) From: 122000K(275456K)->193808K(266752K)
[386.409s][info][gc,heap        ] GC(334) ParOldGen: 104265K(5592576K)->112677K(5592576K)
[386.409s][info][gc,metaspace   ] GC(334) Metaspace: 22879K(23168K)->22879K(23168K) NonClass: 20080K(20224K)->20080K(20224K) Class: 2799K(2944K)->2799K(2944K)
[386.409s][info][gc             ] GC(334) Pause Young (Allocation Failure) 2413M->299M(7919M) 131.113ms
[386.410s][info][gc,cpu         ] GC(334) User=0.75s Sys=0.00s Real=0.13s
[387.845s][info][gc,start       ] GC(335) Pause Young (Allocation Failure)
[387.931s][info][gc,heap        ] GC(335) PSYoungGen: 2444048K(2516992K)->122352K(2523136K) Eden: 2250240K(2250240K)->0K(2250240K) From: 193808K(266752K)->122352K(272896K)
[387.931s][info][gc,heap        ] GC(335) ParOldGen: 112677K(5592576K)->115737K(5592576K)
[387.931s][info][gc,metaspace   ] GC(335) Metaspace: 22879K(23168K)->22879K(23168K) NonClass: 20080K(20224K)->20080K(20224K) Class: 2799K(2944K)->2799K(2944K)
[387.931s][info][gc             ] GC(335) Pause Young (Allocation Failure) 2496M->232M(7925M) 85.770ms
[387.931s][info][gc,cpu         ] GC(335) User=0.47s Sys=0.00s Real=0.08s
[388.966s][info][gc,start       ] GC(336) Pause Young (Allocation Failure)
[389.099s][info][gc,heap        ] GC(336) PSYoungGen: 2372592K(2523136K)->195152K(2518528K) Eden: 2250240K(2250240K)->0K(2253312K) From: 122352K(272896K)->195152K(265216K)
[389.099s][info][gc,heap        ] GC(336) ParOldGen: 115737K(5592576K)->123485K(5592576K)
[389.099s][info][gc,metaspace   ] GC(336) Metaspace: 22879K(23168K)->22879K(23168K) NonClass: 20080K(20224K)->20080K(20224K) Class: 2799K(2944K)->2799K(2944K)
[389.099s][info][gc             ] GC(336) Pause Young (Allocation Failure) 2430M->311M(7921M) 132.952ms
[389.099s][info][gc,cpu         ] GC(336) User=0.75s Sys=0.00s Real=0.13s
[390.428s][info][gc,start       ] GC(337) Pause Young (Allocation Failure)
[390.518s][info][gc,heap        ] GC(337) PSYoungGen: 2448464K(2518528K)->125216K(2524672K) Eden: 2253312K(2253312K)->0K(2253312K) From: 195152K(265216K)->125216K(271360K)
[390.518s][info][gc,heap        ] GC(337) ParOldGen: 123485K(5592576K)->124789K(5592576K)
[390.518s][info][gc,metaspace   ] GC(337) Metaspace: 22879K(23168K)->22879K(23168K) NonClass: 20080K(20224K)->20080K(20224K) Class: 2799K(2944K)->2799K(2944K)
[390.518s][info][gc             ] GC(337) Pause Young (Allocation Failure) 2511M->244M(7927M) 90.497ms
[390.518s][info][gc,cpu         ] GC(337) User=0.50s Sys=0.00s Real=0.08s
[391.301s][info][gc,start       ] GC(338) Pause Young (System.gc())
[391.370s][info][gc,heap        ] GC(338) PSYoungGen: 1440957K(2524672K)->83136K(2532352K) Eden: 1315741K(2253312K)->0K(2268672K) From: 125216K(271360K)->83136K(263680K)
[391.370s][info][gc,heap        ] GC(338) ParOldGen: 124789K(5592576K)->139089K(5592576K)
[391.370s][info][gc,metaspace   ] GC(338) Metaspace: 22879K(23168K)->22879K(23168K) NonClass: 20080K(20224K)->20080K(20224K) Class: 2799K(2944K)->2799K(2944K)
[391.370s][info][gc             ] GC(338) Pause Young (System.gc()) 1529M->217M(7934M) 69.753ms
[391.370s][info][gc,cpu         ] GC(338) User=0.38s Sys=0.00s Real=0.06s
[391.370s][info][gc,start       ] GC(339) Pause Full (System.gc())
[391.370s][info][gc,phases,start] GC(339) Marking Phase
[391.405s][info][gc,phases      ] GC(339) Marking Phase 34.264ms
[391.405s][info][gc,phases,start] GC(339) Summary Phase
[391.405s][info][gc,phases      ] GC(339) Summary Phase 0.011ms
[391.405s][info][gc,phases,start] GC(339) Adjust Roots
[391.408s][info][gc,phases      ] GC(339) Adjust Roots 3.727ms
[391.409s][info][gc,phases,start] GC(339) Compaction Phase
[391.498s][info][gc,phases      ] GC(339) Compaction Phase 89.639ms
[391.498s][info][gc,phases,start] GC(339) Post Compact
[391.499s][info][gc,phases      ] GC(339) Post Compact 1.185ms
[391.499s][info][gc,heap        ] GC(339) PSYoungGen: 83136K(2532352K)->0K(2532352K) Eden: 0K(2268672K)->0K(2268672K) From: 83136K(263680K)->0K(263680K)
[391.499s][info][gc,heap        ] GC(339) ParOldGen: 139089K(5592576K)->104037K(5592576K)
[391.499s][info][gc,metaspace   ] GC(339) Metaspace: 22879K(23168K)->22879K(23168K) NonClass: 20080K(20224K)->20080K(20224K) Class: 2799K(2944K)->2799K(2944K)
[391.499s][info][gc             ] GC(339) Pause Full (System.gc()) 217M->101M(7934M) 129.113ms
[391.500s][info][gc,cpu         ] GC(339) User=0.55s Sys=0.00s Real=0.12s
[392.560s][info][gc,start       ] GC(340) Pause Young (Allocation Failure)
[392.692s][info][gc,heap        ] GC(340) PSYoungGen: 2268672K(2532352K)->199392K(2468352K) Eden: 2268672K(2268672K)->0K(2268672K) From: 0K(263680K)->199392K(199680K)
[392.692s][info][gc,heap        ] GC(340) ParOldGen: 104037K(5592576K)->104037K(5592576K)
[392.692s][info][gc,metaspace   ] GC(340) Metaspace: 22881K(23168K)->22881K(23168K) NonClass: 20082K(20224K)->20082K(20224K) Class: 2799K(2944K)->2799K(2944K)
[392.692s][info][gc             ] GC(340) Pause Young (Allocation Failure) 2317M->296M(7872M) 132.109ms
[392.692s][info][gc,cpu         ] GC(340) User=0.78s Sys=0.00s Real=0.13s
[394.112s][info][gc,start       ] GC(341) Pause Young (Allocation Failure)
[394.193s][info][gc,heap        ] GC(341) PSYoungGen: 2468064K(2468352K)->109680K(2529280K) Eden: 2268672K(2268672K)->0K(2256896K) From: 199392K(199680K)->109680K(272384K)
[394.193s][info][gc,heap        ] GC(341) ParOldGen: 104037K(5592576K)->104077K(5592576K)
[394.193s][info][gc,metaspace   ] GC(341) Metaspace: 22881K(23168K)->22881K(23168K) NonClass: 20082K(20224K)->20082K(20224K) Class: 2799K(2944K)->2799K(2944K)
[394.193s][info][gc             ] GC(341) Pause Young (Allocation Failure) 2511M->208M(7931M) 81.677ms
[394.193s][info][gc,cpu         ] GC(341) User=0.44s Sys=0.00s Real=0.08s
[395.312s][info][gc,start       ] GC(342) Pause Young (Allocation Failure)
[395.438s][info][gc,heap        ] GC(342) PSYoungGen: 2366576K(2529280K)->188592K(2523648K) Eden: 2256896K(2256896K)->0K(2256896K) From: 109680K(272384K)->188592K(266752K)
[395.438s][info][gc,heap        ] GC(342) ParOldGen: 104077K(5592576K)->107337K(5592576K)
[395.438s][info][gc,metaspace   ] GC(342) Metaspace: 22881K(23168K)->22881K(23168K) NonClass: 20082K(20224K)->20082K(20224K) Class: 2799K(2944K)->2799K(2944K)
[395.438s][info][gc             ] GC(342) Pause Young (Allocation Failure) 2412M->288M(7926M) 126.167ms
[395.438s][info][gc,cpu         ] GC(342) User=0.75s Sys=0.00s Real=0.13s
[396.860s][info][gc,start       ] GC(343) Pause Young (Allocation Failure)
[396.943s][info][gc,heap        ] GC(343) PSYoungGen: 2445488K(2523648K)->105072K(2529792K) Eden: 2256896K(2256896K)->0K(2258944K) From: 188592K(266752K)->105072K(270848K)
[396.943s][info][gc,heap        ] GC(343) ParOldGen: 107337K(5592576K)->108265K(5592576K)
[396.943s][info][gc,metaspace   ] GC(343) Metaspace: 22881K(23168K)->22881K(23168K) NonClass: 20082K(20224K)->20082K(20224K) Class: 2799K(2944K)->2799K(2944K)
[396.943s][info][gc             ] GC(343) Pause Young (Allocation Failure) 2492M->208M(7932M) 82.998ms
[396.943s][info][gc,cpu         ] GC(343) User=0.50s Sys=0.00s Real=0.08s
[398.033s][info][gc,start       ] GC(344) Pause Young (Allocation Failure)
[398.161s][info][gc,heap        ] GC(344) PSYoungGen: 2364016K(2529792K)->184768K(2525184K) Eden: 2258944K(2258944K)->0K(2258944K) From: 105072K(270848K)->184768K(266240K)
[398.161s][info][gc,heap        ] GC(344) ParOldGen: 108265K(5592576K)->110533K(5592576K)
[398.161s][info][gc,metaspace   ] GC(344) Metaspace: 22881K(23168K)->22881K(23168K) NonClass: 20082K(20224K)->20082K(20224K) Class: 2799K(2944K)->2799K(2944K)
[398.161s][info][gc             ] GC(344) Pause Young (Allocation Failure) 2414M->288M(7927M) 127.691ms
[398.161s][info][gc,cpu         ] GC(344) User=0.69s Sys=0.00s Real=0.12s
[399.583s][info][gc,start       ] GC(345) Pause Young (Allocation Failure)
[399.665s][info][gc,heap        ] GC(345) PSYoungGen: 2443712K(2525184K)->107776K(2532352K) Eden: 2258944K(2258944K)->0K(2263552K) From: 184768K(266240K)->107776K(268800K)
[399.665s][info][gc,heap        ] GC(345) ParOldGen: 110533K(5592576K)->111425K(5592576K)
[399.665s][info][gc,metaspace   ] GC(345) Metaspace: 22881K(23168K)->22881K(23168K) NonClass: 20082K(20224K)->20082K(20224K) Class: 2799K(2944K)->2799K(2944K)
[399.665s][info][gc             ] GC(345) Pause Young (Allocation Failure) 2494M->214M(7934M) 82.014ms
[399.665s][info][gc,cpu         ] GC(345) User=0.47s Sys=0.00s Real=0.08s
[400.592s][info][gc,start       ] GC(346) Pause Young (System.gc())
[400.668s][info][gc,heap        ] GC(346) PSYoungGen: 1608600K(2532352K)->94464K(2527232K) Eden: 1500824K(2263552K)->0K(2263552K) From: 107776K(268800K)->94464K(263680K)
[400.668s][info][gc,heap        ] GC(346) ParOldGen: 111425K(5592576K)->115269K(5592576K)
[400.668s][info][gc,metaspace   ] GC(346) Metaspace: 22881K(23168K)->22881K(23168K) NonClass: 20082K(20224K)->20082K(20224K) Class: 2799K(2944K)->2799K(2944K)
[400.668s][info][gc             ] GC(346) Pause Young (System.gc()) 1679M->204M(7929M) 75.895ms
[400.668s][info][gc,cpu         ] GC(346) User=0.47s Sys=0.00s Real=0.08s
[400.668s][info][gc,start       ] GC(347) Pause Full (System.gc())
[400.668s][info][gc,phases,start] GC(347) Marking Phase
[400.702s][info][gc,phases      ] GC(347) Marking Phase 33.745ms
[400.702s][info][gc,phases,start] GC(347) Summary Phase
[400.702s][info][gc,phases      ] GC(347) Summary Phase 0.011ms
[400.702s][info][gc,phases,start] GC(347) Adjust Roots
[400.705s][info][gc,phases      ] GC(347) Adjust Roots 3.727ms
[400.705s][info][gc,phases,start] GC(347) Compaction Phase
[400.802s][info][gc,phases      ] GC(347) Compaction Phase 96.275ms
[400.802s][info][gc,phases,start] GC(347) Post Compact
[400.803s][info][gc,phases      ] GC(347) Post Compact 1.150ms
[400.803s][info][gc,heap        ] GC(347) PSYoungGen: 94464K(2527232K)->0K(2527232K) Eden: 0K(2263552K)->0K(2263552K) From: 94464K(263680K)->0K(263680K)
[400.803s][info][gc,heap        ] GC(347) ParOldGen: 115269K(5592576K)->104126K(5592576K)
[400.803s][info][gc,metaspace   ] GC(347) Metaspace: 22881K(23168K)->22881K(23168K) NonClass: 20082K(20224K)->20082K(20224K) Class: 2799K(2944K)->2799K(2944K)
[400.803s][info][gc             ] GC(347) Pause Full (System.gc()) 204M->101M(7929M) 135.148ms
[400.803s][info][gc,cpu         ] GC(347) User=0.55s Sys=0.00s Real=0.14s
[401.775s][info][gc,start       ] GC(348) Pause Young (Allocation Failure)
[401.901s][info][gc,heap        ] GC(348) PSYoungGen: 2263552K(2527232K)->189744K(2522624K) Eden: 2263552K(2263552K)->0K(2262528K) From: 0K(263680K)->189744K(260096K)
[401.901s][info][gc,heap        ] GC(348) ParOldGen: 104126K(5592576K)->104126K(5592576K)
[401.901s][info][gc,metaspace   ] GC(348) Metaspace: 22882K(23168K)->22882K(23168K) NonClass: 20083K(20224K)->20083K(20224K) Class: 2799K(2944K)->2799K(2944K)
[401.901s][info][gc             ] GC(348) Pause Young (Allocation Failure) 2312M->286M(7925M) 126.048ms
[401.901s][info][gc,cpu         ] GC(348) User=0.69s Sys=0.00s Real=0.12s
[403.359s][info][gc,start       ] GC(349) Pause Young (Allocation Failure)
[403.419s][info][gc,heap        ] GC(349) PSYoungGen: 2452272K(2522624K)->85632K(2529280K) Eden: 2262528K(2262528K)->0K(2262528K) From: 189744K(260096K)->85632K(266752K)
[403.419s][info][gc,heap        ] GC(349) ParOldGen: 104126K(5592576K)->104166K(5592576K)
[403.419s][info][gc,metaspace   ] GC(349) Metaspace: 22882K(23168K)->22882K(23168K) NonClass: 20083K(20224K)->20083K(20224K) Class: 2799K(2944K)->2799K(2944K)
[403.419s][info][gc             ] GC(349) Pause Young (Allocation Failure) 2496M->185M(7931M) 59.523ms
[403.419s][info][gc,cpu         ] GC(349) User=0.31s Sys=0.00s Real=0.06s
[404.475s][info][gc,start       ] GC(350) Pause Young (Allocation Failure)
[404.613s][info][gc,heap        ] GC(350) PSYoungGen: 2348160K(2529280K)->198688K(2511872K) Eden: 2262528K(2262528K)->0K(2247168K) From: 85632K(266752K)->198688K(264704K)
[404.613s][info][gc,heap        ] GC(350) ParOldGen: 104166K(5592576K)->108898K(5592576K)
[404.613s][info][gc,metaspace   ] GC(350) Metaspace: 22882K(23168K)->22882K(23168K) NonClass: 20083K(20224K)->20083K(20224K) Class: 2799K(2944K)->2799K(2944K)
[404.613s][info][gc             ] GC(350) Pause Young (Allocation Failure) 2394M->300M(7914M) 137.909ms
[404.613s][info][gc,cpu         ] GC(350) User=0.64s Sys=0.00s Real=0.14s
[406.032s][info][gc,start       ] GC(351) Pause Young (Allocation Failure)
[406.118s][info][gc,heap        ] GC(351) PSYoungGen: 2445856K(2511872K)->117920K(2521600K) Eden: 2247168K(2247168K)->0K(2247168K) From: 198688K(264704K)->117920K(274432K)
[406.118s][info][gc,heap        ] GC(351) ParOldGen: 108898K(5592576K)->109874K(5592576K)
[406.118s][info][gc,metaspace   ] GC(351) Metaspace: 22882K(23168K)->22882K(23168K) NonClass: 20083K(20224K)->20083K(20224K) Class: 2799K(2944K)->2799K(2944K)
[406.118s][info][gc             ] GC(351) Pause Young (Allocation Failure) 2494M->222M(7924M) 85.589ms
[406.118s][info][gc,cpu         ] GC(351) User=0.52s Sys=0.00s Real=0.10s
[407.110s][info][gc,start       ] GC(352) Pause Young (Allocation Failure)
[407.239s][info][gc,heap        ] GC(352) PSYoungGen: 2365088K(2521600K)->186544K(2522112K) Eden: 2247168K(2247168K)->0K(2256384K) From: 117920K(274432K)->186544K(265728K)
[407.239s][info][gc,heap        ] GC(352) ParOldGen: 109874K(5592576K)->118162K(5592576K)
[407.239s][info][gc,metaspace   ] GC(352) Metaspace: 22883K(23168K)->22883K(23168K) NonClass: 20084K(20224K)->20084K(20224K) Class: 2799K(2944K)->2799K(2944K)
[407.239s][info][gc             ] GC(352) Pause Young (Allocation Failure) 2416M->297M(7924M) 128.396ms
[407.239s][info][gc,cpu         ] GC(352) User=0.73s Sys=0.00s Real=0.13s
[408.663s][info][gc,start       ] GC(353) Pause Young (Allocation Failure)
[408.745s][info][gc,heap        ] GC(353) PSYoungGen: 2442928K(2522112K)->107392K(2526208K) Eden: 2256384K(2256384K)->0K(2256384K) From: 186544K(265728K)->107392K(269824K)
[408.746s][info][gc,heap        ] GC(353) ParOldGen: 118162K(5592576K)->119346K(5592576K)
[408.746s][info][gc,metaspace   ] GC(353) Metaspace: 22883K(23168K)->22883K(23168K) NonClass: 20084K(20224K)->20084K(20224K) Class: 2799K(2944K)->2799K(2944K)
[408.746s][info][gc             ] GC(353) Pause Young (Allocation Failure) 2501M->221M(7928M) 82.432ms
[408.746s][info][gc,cpu         ] GC(353) User=0.47s Sys=0.00s Real=0.09s
[409.643s][info][gc,start       ] GC(354) Pause Young (System.gc())
[409.721s][info][gc,heap        ] GC(354) PSYoungGen: 1601998K(2526208K)->91904K(2535424K) Eden: 1494606K(2256384K)->0K(2271232K) From: 107392K(269824K)->91904K(264192K)
[409.721s][info][gc,heap        ] GC(354) ParOldGen: 119346K(5592576K)->124598K(5592576K)
[409.721s][info][gc,metaspace   ] GC(354) Metaspace: 22883K(23168K)->22883K(23168K) NonClass: 20084K(20224K)->20084K(20224K) Class: 2799K(2944K)->2799K(2944K)
[409.721s][info][gc             ] GC(354) Pause Young (System.gc()) 1681M->211M(7937M) 78.175ms
[409.721s][info][gc,cpu         ] GC(354) User=0.39s Sys=0.00s Real=0.08s
[409.721s][info][gc,start       ] GC(355) Pause Full (System.gc())
[409.721s][info][gc,phases,start] GC(355) Marking Phase
[409.757s][info][gc,phases      ] GC(355) Marking Phase 36.260ms
[409.757s][info][gc,phases,start] GC(355) Summary Phase
[409.757s][info][gc,phases      ] GC(355) Summary Phase 0.010ms
[409.757s][info][gc,phases,start] GC(355) Adjust Roots
[409.761s][info][gc,phases      ] GC(355) Adjust Roots 3.687ms
[409.761s][info][gc,phases,start] GC(355) Compaction Phase
[409.852s][info][gc,phases      ] GC(355) Compaction Phase 90.894ms
[409.852s][info][gc,phases,start] GC(355) Post Compact
[409.853s][info][gc,phases      ] GC(355) Post Compact 1.125ms
[409.853s][info][gc,heap        ] GC(355) PSYoungGen: 91904K(2535424K)->0K(2535424K) Eden: 0K(2271232K)->0K(2271232K) From: 91904K(264192K)->0K(264192K)
[409.853s][info][gc,heap        ] GC(355) ParOldGen: 124598K(5592576K)->103843K(5592576K)
[409.853s][info][gc,metaspace   ] GC(355) Metaspace: 22883K(23168K)->22883K(23168K) NonClass: 20084K(20224K)->20084K(20224K) Class: 2799K(2944K)->2799K(2944K)
[409.853s][info][gc             ] GC(355) Pause Full (System.gc()) 211M->101M(7937M) 132.255ms
[409.853s][info][gc,cpu         ] GC(355) User=0.56s Sys=0.00s Real=0.13s
[411.007s][info][gc,start       ] GC(356) Pause Young (Allocation Failure)
[411.085s][info][gc,heap        ] GC(356) PSYoungGen: 2271232K(2535424K)->123520K(2531840K) Eden: 2271232K(2271232K)->0K(2271232K) From: 0K(264192K)->123520K(260608K)
[411.085s][info][gc,heap        ] GC(356) ParOldGen: 103843K(5592576K)->103843K(5592576K)
[411.085s][info][gc,metaspace   ] GC(356) Metaspace: 22883K(23168K)->22883K(23168K) NonClass: 20084K(20224K)->20084K(20224K) Class: 2799K(2944K)->2799K(2944K)
[411.085s][info][gc             ] GC(356) Pause Young (Allocation Failure) 2319M->222M(7934M) 78.263ms
[411.085s][info][gc,cpu         ] GC(356) User=0.41s Sys=0.00s Real=0.08s
[412.550s][info][gc,start       ] GC(357) Pause Young (Allocation Failure)
[412.631s][info][gc,heap        ] GC(357) PSYoungGen: 2394752K(2531840K)->102656K(2550784K) Eden: 2271232K(2271232K)->0K(2299904K) From: 123520K(260608K)->102656K(250880K)
[412.631s][info][gc,heap        ] GC(357) ParOldGen: 103843K(5592576K)->103883K(5592576K)
[412.631s][info][gc,metaspace   ] GC(357) Metaspace: 22883K(23168K)->22883K(23168K) NonClass: 20084K(20224K)->20084K(20224K) Class: 2799K(2944K)->2799K(2944K)
[412.631s][info][gc             ] GC(357) Pause Young (Allocation Failure) 2440M->201M(7952M) 80.884ms
[412.631s][info][gc,cpu         ] GC(357) User=0.41s Sys=0.00s Real=0.08s
[413.747s][info][gc,start       ] GC(358) Pause Young (Allocation Failure)
[413.878s][info][gc,heap        ] GC(358) PSYoungGen: 2402560K(2550784K)->200992K(2501120K) Eden: 2299904K(2299904K)->0K(2299904K) From: 102656K(250880K)->200992K(201216K)
[413.878s][info][gc,heap        ] GC(358) ParOldGen: 103883K(5592576K)->105167K(5592576K)
[413.878s][info][gc,metaspace   ] GC(358) Metaspace: 22883K(23168K)->22883K(23168K) NonClass: 20084K(20224K)->20084K(20224K) Class: 2799K(2944K)->2799K(2944K)
[413.878s][info][gc             ] GC(358) Pause Young (Allocation Failure) 2447M->298M(7904M) 131.630ms
[413.879s][info][gc,cpu         ] GC(358) User=0.75s Sys=0.00s Real=0.13s
[415.129s][info][gc,start       ] GC(359) Pause Young (Allocation Failure)
[415.221s][info][gc,heap        ] GC(359) PSYoungGen: 2500896K(2501120K)->130480K(2547200K) Eden: 2299904K(2299904K)->0K(2288128K) From: 200992K(201216K)->130480K(259072K)
[415.221s][info][gc,heap        ] GC(359) ParOldGen: 105167K(5592576K)->105863K(5592576K)
[415.221s][info][gc,metaspace   ] GC(359) Metaspace: 22883K(23168K)->22883K(23168K) NonClass: 20084K(20224K)->20084K(20224K) Class: 2799K(2944K)->2799K(2944K)
[415.221s][info][gc             ] GC(359) Pause Young (Allocation Failure) 2544M->230M(7949M) 92.275ms
[415.221s][info][gc,cpu         ] GC(359) User=0.48s Sys=0.00s Real=0.08s
[416.236s][info][gc,start       ] GC(360) Pause Young (Allocation Failure)
[416.377s][info][gc,heap        ] GC(360) PSYoungGen: 2418608K(2547200K)->201984K(2490368K) Eden: 2288128K(2288128K)->0K(2288128K) From: 130480K(259072K)->201984K(202240K)
[416.377s][info][gc,heap        ] GC(360) ParOldGen: 105863K(5592576K)->116803K(5592576K)
[416.377s][info][gc,metaspace   ] GC(360) Metaspace: 22885K(23168K)->22885K(23168K) NonClass: 20086K(20224K)->20086K(20224K) Class: 2799K(2944K)->2799K(2944K)
[416.377s][info][gc             ] GC(360) Pause Young (Allocation Failure) 2465M->311M(7893M) 141.058ms
[416.377s][info][gc,cpu         ] GC(360) User=0.78s Sys=0.00s Real=0.14s
[417.714s][info][gc,start       ] GC(361) Pause Young (Allocation Failure)
[417.811s][info][gc,heap        ] GC(361) PSYoungGen: 2490112K(2490368K)->140608K(2545664K) Eden: 2288128K(2288128K)->0K(2284544K) From: 201984K(202240K)->140608K(261120K)
[417.811s][info][gc,heap        ] GC(361) ParOldGen: 116803K(5592576K)->118903K(5592576K)
[417.811s][info][gc,metaspace   ] GC(361) Metaspace: 22885K(23168K)->22885K(23168K) NonClass: 20086K(20224K)->20086K(20224K) Class: 2799K(2944K)->2799K(2944K)
[417.811s][info][gc             ] GC(361) Pause Young (Allocation Failure) 2545M->253M(7947M) 96.681ms
[417.811s][info][gc,cpu         ] GC(361) User=0.52s Sys=0.00s Real=0.09s
[418.481s][info][gc,start       ] GC(362) Pause Young (System.gc())
[418.551s][info][gc,heap        ] GC(362) PSYoungGen: 1302060K(2545664K)->71168K(2534912K) Eden: 1161452K(2284544K)->0K(2284544K) From: 140608K(261120K)->71168K(250368K)
[418.551s][info][gc,heap        ] GC(362) ParOldGen: 118903K(5592576K)->145283K(5592576K)
[418.551s][info][gc,metaspace   ] GC(362) Metaspace: 22885K(23168K)->22885K(23168K) NonClass: 20086K(20224K)->20086K(20224K) Class: 2799K(2944K)->2799K(2944K)
[418.551s][info][gc             ] GC(362) Pause Young (System.gc()) 1387M->211M(7937M) 70.072ms
[418.551s][info][gc,cpu         ] GC(362) User=0.39s Sys=0.00s Real=0.08s
[418.551s][info][gc,start       ] GC(363) Pause Full (System.gc())
[418.551s][info][gc,phases,start] GC(363) Marking Phase
[418.588s][info][gc,phases      ] GC(363) Marking Phase 37.303ms
[418.588s][info][gc,phases,start] GC(363) Summary Phase
[418.588s][info][gc,phases      ] GC(363) Summary Phase 0.012ms
[418.588s][info][gc,phases,start] GC(363) Adjust Roots
[418.592s][info][gc,phases      ] GC(363) Adjust Roots 3.968ms
[418.592s][info][gc,phases,start] GC(363) Compaction Phase
[418.690s][info][gc,phases      ] GC(363) Compaction Phase 97.408ms
[418.690s][info][gc,phases,start] GC(363) Post Compact
[418.691s][info][gc,phases      ] GC(363) Post Compact 1.126ms
[418.691s][info][gc,heap        ] GC(363) PSYoungGen: 71168K(2534912K)->0K(2534912K) Eden: 0K(2284544K)->0K(2284544K) From: 71168K(250368K)->0K(250368K)
[418.691s][info][gc,heap        ] GC(363) ParOldGen: 145283K(5592576K)->104119K(5592576K)
[418.691s][info][gc,metaspace   ] GC(363) Metaspace: 22885K(23168K)->22885K(23168K) NonClass: 20086K(20224K)->20086K(20224K) Class: 2799K(2944K)->2799K(2944K)
[418.691s][info][gc             ] GC(363) Pause Full (System.gc()) 211M->101M(7937M) 140.119ms
[418.691s][info][gc,cpu         ] GC(363) User=0.78s Sys=0.00s Real=0.14s
[419.805s][info][gc,start       ] GC(364) Pause Young (Allocation Failure)
[419.928s][info][gc,heap        ] GC(364) PSYoungGen: 2284544K(2534912K)->189856K(2528256K) Eden: 2284544K(2284544K)->0K(2275840K) From: 0K(250368K)->189856K(252416K)
[419.928s][info][gc,heap        ] GC(364) ParOldGen: 104119K(5592576K)->104119K(5592576K)
[419.928s][info][gc,metaspace   ] GC(364) Metaspace: 22885K(23168K)->22885K(23168K) NonClass: 20086K(20224K)->20086K(20224K) Class: 2799K(2944K)->2799K(2944K)
[419.928s][info][gc             ] GC(364) Pause Young (Allocation Failure) 2332M->287M(7930M) 122.938ms
[419.928s][info][gc,cpu         ] GC(364) User=0.75s Sys=0.00s Real=0.13s
[421.331s][info][gc,start       ] GC(365) Pause Young (Allocation Failure)
[421.409s][info][gc,heap        ] GC(365) PSYoungGen: 2465696K(2528256K)->106864K(2535936K) Eden: 2275840K(2275840K)->0K(2275840K) From: 189856K(252416K)->106864K(260096K)
[421.409s][info][gc,heap        ] GC(365) ParOldGen: 104119K(5592576K)->104159K(5592576K)
[421.409s][info][gc,metaspace   ] GC(365) Metaspace: 22888K(23168K)->22888K(23168K) NonClass: 20089K(20224K)->20089K(20224K) Class: 2799K(2944K)->2799K(2944K)
[421.409s][info][gc             ] GC(365) Pause Young (Allocation Failure) 2509M->206M(7938M) 77.817ms
[421.409s][info][gc,cpu         ] GC(365) User=0.41s Sys=0.00s Real=0.08s
[422.533s][info][gc,start       ] GC(366) Pause Young (Allocation Failure)
[422.667s][info][gc,heap        ] GC(366) PSYoungGen: 2382704K(2535936K)->195120K(2523136K) Eden: 2275840K(2275840K)->0K(2268672K) From: 106864K(260096K)->195120K(254464K)
[422.667s][info][gc,heap        ] GC(366) ParOldGen: 104159K(5592576K)->106727K(5592576K)
[422.667s][info][gc,metaspace   ] GC(366) Metaspace: 22888K(23168K)->22888K(23168K) NonClass: 20089K(20224K)->20089K(20224K) Class: 2799K(2944K)->2799K(2944K)
[422.667s][info][gc             ] GC(366) Pause Young (Allocation Failure) 2428M->294M(7925M) 134.744ms
[422.668s][info][gc,cpu         ] GC(366) User=0.72s Sys=0.00s Real=0.13s
[423.913s][info][gc,start       ] GC(367) Pause Young (Allocation Failure)
[424.008s][info][gc,heap        ] GC(367) PSYoungGen: 2463792K(2523136K)->129120K(2532352K) Eden: 2268672K(2268672K)->0K(2268672K) From: 195120K(254464K)->129120K(263680K)
[424.008s][info][gc,heap        ] GC(367) ParOldGen: 106727K(5592576K)->107335K(5592576K)
[424.008s][info][gc,metaspace   ] GC(367) Metaspace: 22888K(23168K)->22888K(23168K) NonClass: 20089K(20224K)->20089K(20224K) Class: 2799K(2944K)->2799K(2944K)
[424.008s][info][gc             ] GC(367) Pause Young (Allocation Failure) 2510M->230M(7934M) 95.100ms
[424.008s][info][gc,cpu         ] GC(367) User=0.48s Sys=0.00s Real=0.10s
[425.095s][info][gc,start       ] GC(368) Pause Young (Allocation Failure)
[425.233s][info][gc,heap        ] GC(368) PSYoungGen: 2397792K(2532352K)->198464K(2523136K) Eden: 2268672K(2268672K)->0K(2268672K) From: 129120K(263680K)->198464K(254464K)
[425.233s][info][gc,heap        ] GC(368) ParOldGen: 107335K(5592576K)->119779K(5592576K)
[425.233s][info][gc,metaspace   ] GC(368) Metaspace: 22888K(23168K)->22888K(23168K) NonClass: 20089K(20224K)->20089K(20224K) Class: 2799K(2944K)->2799K(2944K)
[425.233s][info][gc             ] GC(368) Pause Young (Allocation Failure) 2446M->310M(7925M) 138.024ms
[425.233s][info][gc,cpu         ] GC(368) User=0.78s Sys=0.00s Real=0.14s
[426.549s][info][gc,start       ] GC(369) Pause Young (Allocation Failure)
[426.659s][info][gc,heap        ] GC(369) PSYoungGen: 2467136K(2523136K)->152656K(2532352K) Eden: 2268672K(2268672K)->0K(2268672K) From: 198464K(254464K)->152656K(263680K)
[426.659s][info][gc,heap        ] GC(369) ParOldGen: 119779K(5592576K)->123163K(5592576K)
[426.659s][info][gc,metaspace   ] GC(369) Metaspace: 22888K(23168K)->22888K(23168K) NonClass: 20089K(20224K)->20089K(20224K) Class: 2799K(2944K)->2799K(2944K)
[426.659s][info][gc             ] GC(369) Pause Young (Allocation Failure) 2526M->269M(7934M) 109.505ms
[426.659s][info][gc,cpu         ] GC(369) User=0.58s Sys=0.00s Real=0.11s
[427.379s][info][gc,start       ] GC(370) Pause Young (System.gc())
[427.452s][info][gc,heap        ] GC(370) PSYoungGen: 1301971K(2532352K)->73120K(2536960K) Eden: 1149314K(2268672K)->0K(2283008K) From: 152656K(263680K)->73120K(253952K)
[427.452s][info][gc,heap        ] GC(370) ParOldGen: 123163K(5592576K)->148047K(5592576K)
[427.452s][info][gc,metaspace   ] GC(370) Metaspace: 22888K(23168K)->22888K(23168K) NonClass: 20089K(20224K)->20089K(20224K) Class: 2799K(2944K)->2799K(2944K)
[427.452s][info][gc             ] GC(370) Pause Young (System.gc()) 1391M->215M(7939M) 73.316ms
[427.452s][info][gc,cpu         ] GC(370) User=0.38s Sys=0.00s Real=0.06s
[427.452s][info][gc,start       ] GC(371) Pause Full (System.gc())
[427.452s][info][gc,phases,start] GC(371) Marking Phase
[427.487s][info][gc,phases      ] GC(371) Marking Phase 34.863ms
[427.487s][info][gc,phases,start] GC(371) Summary Phase
[427.487s][info][gc,phases      ] GC(371) Summary Phase 0.012ms
[427.487s][info][gc,phases,start] GC(371) Adjust Roots
[427.491s][info][gc,phases      ] GC(371) Adjust Roots 4.188ms
[427.491s][info][gc,phases,start] GC(371) Compaction Phase
[427.576s][info][gc,phases      ] GC(371) Compaction Phase 84.793ms
[427.576s][info][gc,phases,start] GC(371) Post Compact
[427.577s][info][gc,phases      ] GC(371) Post Compact 1.220ms
[427.578s][info][gc,heap        ] GC(371) PSYoungGen: 73120K(2536960K)->0K(2536960K) Eden: 0K(2283008K)->0K(2283008K) From: 73120K(253952K)->0K(253952K)
[427.578s][info][gc,heap        ] GC(371) ParOldGen: 148047K(5592576K)->104216K(5592576K)
[427.578s][info][gc,metaspace   ] GC(371) Metaspace: 22888K(23168K)->22888K(23168K) NonClass: 20089K(20224K)->20089K(20224K) Class: 2799K(2944K)->2799K(2944K)
[427.578s][info][gc             ] GC(371) Pause Full (System.gc()) 215M->101M(7939M) 125.360ms
[427.578s][info][gc,cpu         ] GC(371) User=0.56s Sys=0.00s Real=0.13s
[428.675s][info][gc,start       ] GC(372) Pause Young (Allocation Failure)
[428.801s][info][gc,heap        ] GC(372) PSYoungGen: 2283008K(2536960K)->187104K(2470400K) Eden: 2283008K(2283008K)->0K(2283008K) From: 0K(253952K)->187104K(187392K)
[428.801s][info][gc,heap        ] GC(372) ParOldGen: 104216K(5592576K)->104216K(5592576K)
[428.801s][info][gc,metaspace   ] GC(372) Metaspace: 22888K(23168K)->22888K(23168K) NonClass: 20089K(20224K)->20089K(20224K) Class: 2799K(2944K)->2799K(2944K)
[428.801s][info][gc             ] GC(372) Pause Young (Allocation Failure) 2331M->284M(7874M) 125.674ms
[428.801s][info][gc,cpu         ] GC(372) User=0.64s Sys=0.00s Real=0.12s
[430.273s][info][gc,start       ] GC(373) Pause Young (Allocation Failure)
[430.347s][info][gc,heap        ] GC(373) PSYoungGen: 2470112K(2470400K)->99152K(2537984K) Eden: 2283008K(2283008K)->0K(2276352K) From: 187104K(187392K)->99152K(261632K)
[430.347s][info][gc,heap        ] GC(373) ParOldGen: 104216K(5592576K)->104256K(5592576K)
[430.347s][info][gc,metaspace   ] GC(373) Metaspace: 22888K(23168K)->22888K(23168K) NonClass: 20089K(20224K)->20089K(20224K) Class: 2799K(2944K)->2799K(2944K)
[430.347s][info][gc             ] GC(373) Pause Young (Allocation Failure) 2513M->198M(7940M) 74.291ms
[430.347s][info][gc,cpu         ] GC(373) User=0.41s Sys=0.00s Real=0.08s
[431.451s][info][gc,start       ] GC(374) Pause Young (Allocation Failure)
[431.577s][info][gc,heap        ] GC(374) PSYoungGen: 2375504K(2537984K)->189632K(2466304K) Eden: 2276352K(2276352K)->0K(2276352K) From: 99152K(261632K)->189632K(189952K)
[431.577s][info][gc,heap        ] GC(374) ParOldGen: 104256K(5592576K)->104876K(5592576K)
[431.577s][info][gc,metaspace   ] GC(374) Metaspace: 22888K(23168K)->22888K(23168K) NonClass: 20089K(20224K)->20089K(20224K) Class: 2799K(2944K)->2799K(2944K)
[431.577s][info][gc             ] GC(374) Pause Young (Allocation Failure) 2421M->287M(7870M) 126.262ms
[431.577s][info][gc,cpu         ] GC(374) User=0.69s Sys=0.00s Real=0.14s
[432.898s][info][gc,start       ] GC(375) Pause Young (Allocation Failure)
[432.975s][info][gc,heap        ] GC(375) PSYoungGen: 2465984K(2466304K)->103632K(2536448K) Eden: 2276352K(2276352K)->0K(2272256K) From: 189632K(189952K)->103632K(264192K)
[432.975s][info][gc,heap        ] GC(375) ParOldGen: 104876K(5592576K)->105388K(5592576K)
[432.975s][info][gc,metaspace   ] GC(375) Metaspace: 22888K(23168K)->22888K(23168K) NonClass: 20089K(20224K)->20089K(20224K) Class: 2799K(2944K)->2799K(2944K)
[432.975s][info][gc             ] GC(375) Pause Young (Allocation Failure) 2510M->204M(7938M) 77.499ms
[432.975s][info][gc,cpu         ] GC(375) User=0.47s Sys=0.00s Real=0.08s
[434.099s][info][gc,start       ] GC(376) Pause Young (Allocation Failure)
[434.227s][info][gc,heap        ] GC(376) PSYoungGen: 2375888K(2536448K)->187760K(2460160K) Eden: 2272256K(2272256K)->0K(2272256K) From: 103632K(264192K)->187760K(187904K)
[434.227s][info][gc,heap        ] GC(376) ParOldGen: 105388K(5592576K)->107544K(5592576K)
[434.227s][info][gc,metaspace   ] GC(376) Metaspace: 22888K(23168K)->22888K(23168K) NonClass: 20089K(20224K)->20089K(20224K) Class: 2799K(2944K)->2799K(2944K)
[434.227s][info][gc             ] GC(376) Pause Young (Allocation Failure) 2423M->288M(7864M) 128.292ms
[434.227s][info][gc,cpu         ] GC(376) User=0.70s Sys=0.00s Real=0.13s
[435.651s][info][gc,start       ] GC(377) Pause Young (Allocation Failure)
[435.730s][info][gc,heap        ] GC(377) PSYoungGen: 2460016K(2460160K)->107296K(2535936K) Eden: 2272256K(2272256K)->0K(2270720K) From: 187760K(187904K)->107296K(265216K)
[435.730s][info][gc,heap        ] GC(377) ParOldGen: 107544K(5592576K)->108364K(5592576K)
[435.730s][info][gc,metaspace   ] GC(377) Metaspace: 22888K(23168K)->22888K(23168K) NonClass: 20089K(20224K)->20089K(20224K) Class: 2799K(2944K)->2799K(2944K)
[435.730s][info][gc             ] GC(377) Pause Young (Allocation Failure) 2507M->210M(7938M) 79.081ms
[435.730s][info][gc,cpu         ] GC(377) User=0.41s Sys=0.00s Real=0.08s
[436.589s][info][gc,start       ] GC(378) Pause Young (System.gc())
[436.662s][info][gc,heap        ] GC(378) PSYoungGen: 1589496K(2535936K)->92544K(2530816K) Eden: 1482200K(2270720K)->0K(2270720K) From: 107296K(265216K)->92544K(260096K)
[436.662s][info][gc,heap        ] GC(378) ParOldGen: 108364K(5592576K)->113168K(5592576K)
[436.662s][info][gc,metaspace   ] GC(378) Metaspace: 22888K(23168K)->22888K(23168K) NonClass: 20089K(20224K)->20089K(20224K) Class: 2799K(2944K)->2799K(2944K)
[436.662s][info][gc             ] GC(378) Pause Young (System.gc()) 1658M->200M(7933M) 73.594ms
[436.662s][info][gc,cpu         ] GC(378) User=0.47s Sys=0.00s Real=0.07s
[436.662s][info][gc,start       ] GC(379) Pause Full (System.gc())
[436.662s][info][gc,phases,start] GC(379) Marking Phase
[436.699s][info][gc,phases      ] GC(379) Marking Phase 37.124ms
[436.699s][info][gc,phases,start] GC(379) Summary Phase
[436.699s][info][gc,phases      ] GC(379) Summary Phase 0.011ms
[436.699s][info][gc,phases,start] GC(379) Adjust Roots
[436.703s][info][gc,phases      ] GC(379) Adjust Roots 3.741ms
[436.703s][info][gc,phases,start] GC(379) Compaction Phase
[436.785s][info][gc,phases      ] GC(379) Compaction Phase 81.557ms
[436.785s][info][gc,phases,start] GC(379) Post Compact
[436.786s][info][gc,phases      ] GC(379) Post Compact 1.097ms
[436.786s][info][gc,heap        ] GC(379) PSYoungGen: 92544K(2530816K)->0K(2530816K) Eden: 0K(2270720K)->0K(2270720K) From: 92544K(260096K)->0K(260096K)
[436.786s][info][gc,heap        ] GC(379) ParOldGen: 113168K(5592576K)->104010K(5592576K)
[436.786s][info][gc,metaspace   ] GC(379) Metaspace: 22888K(23168K)->22888K(23168K) NonClass: 20089K(20224K)->20089K(20224K) Class: 2799K(2944K)->2799K(2944K)
[436.786s][info][gc             ] GC(379) Pause Full (System.gc()) 200M->101M(7933M) 123.814ms
[436.786s][info][gc,cpu         ] GC(379) User=0.52s Sys=0.00s Real=0.13s
[437.854s][info][gc,start       ] GC(380) Pause Young (Allocation Failure)
[437.978s][info][gc,heap        ] GC(380) PSYoungGen: 2270720K(2530816K)->188416K(2525184K) Eden: 2270720K(2270720K)->0K(2268672K) From: 0K(260096K)->188416K(256512K)
[437.978s][info][gc,heap        ] GC(380) ParOldGen: 104010K(5592576K)->104010K(5592576K)
[437.978s][info][gc,metaspace   ] GC(380) Metaspace: 22888K(23168K)->22888K(23168K) NonClass: 20089K(20224K)->20089K(20224K) Class: 2799K(2944K)->2799K(2944K)
[437.978s][info][gc             ] GC(380) Pause Young (Allocation Failure) 2319M->285M(7927M) 123.822ms
[437.978s][info][gc,cpu         ] GC(380) User=0.75s Sys=0.00s Real=0.11s
[439.423s][info][gc,start       ] GC(381) Pause Young (Allocation Failure)
[439.499s][info][gc,heap        ] GC(381) PSYoungGen: 2457088K(2525184K)->105760K(2532352K) Eden: 2268672K(2268672K)->0K(2268672K) From: 188416K(256512K)->105760K(263680K)
[439.499s][info][gc,heap        ] GC(381) ParOldGen: 104010K(5592576K)->104034K(5592576K)
[439.499s][info][gc,metaspace   ] GC(381) Metaspace: 22888K(23168K)->22888K(23168K) NonClass: 20089K(20224K)->20089K(20224K) Class: 2799K(2944K)->2799K(2944K)
[439.499s][info][gc             ] GC(381) Pause Young (Allocation Failure) 2501M->204M(7934M) 75.998ms
[439.499s][info][gc,cpu         ] GC(381) User=0.39s Sys=0.00s Real=0.07s
[440.712s][info][gc,start       ] GC(382) Pause Young (Allocation Failure)
[440.830s][info][gc,heap        ] GC(382) PSYoungGen: 2374432K(2532352K)->178768K(2532352K) Eden: 2268672K(2268672K)->0K(2274816K) From: 105760K(263680K)->178768K(257536K)
[440.830s][info][gc,heap        ] GC(382) ParOldGen: 104034K(5592576K)->104034K(5592576K)
[440.830s][info][gc,metaspace   ] GC(382) Metaspace: 22888K(23168K)->22888K(23168K) NonClass: 20089K(20224K)->20089K(20224K) Class: 2799K(2944K)->2799K(2944K)
[440.830s][info][gc             ] GC(382) Pause Young (Allocation Failure) 2420M->276M(7934M) 117.753ms
[440.830s][info][gc,cpu         ] GC(382) User=0.67s Sys=0.00s Real=0.11s
[442.203s][info][gc,start       ] GC(383) Pause Young (Allocation Failure)
[442.277s][info][gc,heap        ] GC(383) PSYoungGen: 2453584K(2532352K)->98736K(2535424K) Eden: 2274816K(2274816K)->0K(2274816K) From: 178768K(257536K)->98736K(260608K)
[442.277s][info][gc,heap        ] GC(383) ParOldGen: 104034K(5592576K)->104042K(5592576K)
[442.277s][info][gc,metaspace   ] GC(383) Metaspace: 22888K(23168K)->22888K(23168K) NonClass: 20089K(20224K)->20089K(20224K) Class: 2799K(2944K)->2799K(2944K)
[442.277s][info][gc             ] GC(383) Pause Young (Allocation Failure) 2497M->198M(7937M) 74.321ms
[442.277s][info][gc,cpu         ] GC(383) User=0.39s Sys=0.00s Real=0.08s
[443.343s][info][gc,start       ] GC(384) Pause Young (Allocation Failure)
[443.466s][info][gc,heap        ] GC(384) PSYoungGen: 2373552K(2535424K)->184048K(2529280K) Eden: 2274816K(2274816K)->0K(2272768K) From: 98736K(260608K)->184048K(256512K)
[443.466s][info][gc,heap        ] GC(384) ParOldGen: 104042K(5592576K)->104042K(5592576K)
[443.466s][info][gc,metaspace   ] GC(384) Metaspace: 22888K(23168K)->22888K(23168K) NonClass: 20089K(20224K)->20089K(20224K) Class: 2799K(2944K)->2799K(2944K)
[443.466s][info][gc             ] GC(384) Pause Young (Allocation Failure) 2419M->281M(7931M) 123.716ms
[443.467s][info][gc,cpu         ] GC(384) User=0.69s Sys=0.00s Real=0.13s
[444.802s][info][gc,start       ] GC(385) Pause Young (Allocation Failure)
[444.882s][info][gc,heap        ] GC(385) PSYoungGen: 2456816K(2529280K)->114336K(2534400K) Eden: 2272768K(2272768K)->0K(2272768K) From: 184048K(256512K)->114336K(261632K)
[444.882s][info][gc,heap        ] GC(385) ParOldGen: 104042K(5592576K)->104826K(5592576K)
[444.882s][info][gc,metaspace   ] GC(385) Metaspace: 22888K(23168K)->22888K(23168K) NonClass: 20089K(20224K)->20089K(20224K) Class: 2799K(2944K)->2799K(2944K)
[444.882s][info][gc             ] GC(385) Pause Young (Allocation Failure) 2500M->214M(7936M) 80.940ms
[444.882s][info][gc,cpu         ] GC(385) User=0.39s Sys=0.00s Real=0.08s
[445.791s][info][gc,start       ] GC(386) Pause Young (System.gc())
[445.863s][info][gc,heap        ] GC(386) PSYoungGen: 1674349K(2534400K)->97536K(2545664K) Eden: 1560013K(2272768K)->0K(2291200K) From: 114336K(261632K)->97536K(254464K)
[445.863s][info][gc,heap        ] GC(386) ParOldGen: 104826K(5592576K)->105158K(5592576K)
[445.863s][info][gc,metaspace   ] GC(386) Metaspace: 22888K(23168K)->22888K(23168K) NonClass: 20089K(20224K)->20089K(20224K) Class: 2799K(2944K)->2799K(2944K)
[445.863s][info][gc             ] GC(386) Pause Young (System.gc()) 1737M->197M(7947M) 72.685ms
[445.863s][info][gc,cpu         ] GC(386) User=0.38s Sys=0.00s Real=0.06s
[445.863s][info][gc,start       ] GC(387) Pause Full (System.gc())
[445.863s][info][gc,phases,start] GC(387) Marking Phase
[445.899s][info][gc,phases      ] GC(387) Marking Phase 35.200ms
[445.899s][info][gc,phases,start] GC(387) Summary Phase
[445.899s][info][gc,phases      ] GC(387) Summary Phase 0.011ms
[445.899s][info][gc,phases,start] GC(387) Adjust Roots
[445.903s][info][gc,phases      ] GC(387) Adjust Roots 4.694ms
[445.903s][info][gc,phases,start] GC(387) Compaction Phase
[445.992s][info][gc,phases      ] GC(387) Compaction Phase 88.686ms
[445.992s][info][gc,phases,start] GC(387) Post Compact
[445.993s][info][gc,phases      ] GC(387) Post Compact 1.217ms
[445.993s][info][gc,heap        ] GC(387) PSYoungGen: 97536K(2545664K)->0K(2545664K) Eden: 0K(2291200K)->0K(2291200K) From: 97536K(254464K)->0K(254464K)
[445.993s][info][gc,heap        ] GC(387) ParOldGen: 105158K(5592576K)->104285K(5592576K)
[445.993s][info][gc,metaspace   ] GC(387) Metaspace: 22888K(23168K)->22888K(23168K) NonClass: 20089K(20224K)->20089K(20224K) Class: 2799K(2944K)->2799K(2944K)
[445.993s][info][gc             ] GC(387) Pause Full (System.gc()) 197M->101M(7947M) 130.136ms
[445.994s][info][gc,cpu         ] GC(387) User=0.41s Sys=0.00s Real=0.12s
[447.078s][info][gc,start       ] GC(388) Pause Young (Allocation Failure)
[447.202s][info][gc,heap        ] GC(388) PSYoungGen: 2291200K(2545664K)->178976K(2470400K) Eden: 2291200K(2291200K)->0K(2291200K) From: 0K(254464K)->178976K(179200K)
[447.203s][info][gc,heap        ] GC(388) ParOldGen: 104285K(5592576K)->104285K(5592576K)
[447.203s][info][gc,metaspace   ] GC(388) Metaspace: 22888K(23168K)->22888K(23168K) NonClass: 20089K(20224K)->20089K(20224K) Class: 2799K(2944K)->2799K(2944K)
[447.203s][info][gc             ] GC(388) Pause Young (Allocation Failure) 2339M->276M(7874M) 124.224ms
[447.203s][info][gc,cpu         ] GC(388) User=0.69s Sys=0.00s Real=0.12s
[448.681s][info][gc,start       ] GC(389) Pause Young (Allocation Failure)
[448.755s][info][gc,heap        ] GC(389) PSYoungGen: 2470176K(2470400K)->97328K(2545152K) Eden: 2291200K(2291200K)->0K(2290176K) From: 178976K(179200K)->97328K(254976K)
[448.755s][info][gc,heap        ] GC(389) ParOldGen: 104285K(5592576K)->104325K(5592576K)
[448.755s][info][gc,metaspace   ] GC(389) Metaspace: 22888K(23168K)->22888K(23168K) NonClass: 20089K(20224K)->20089K(20224K) Class: 2799K(2944K)->2799K(2944K)
[448.755s][info][gc             ] GC(389) Pause Young (Allocation Failure) 2514M->196M(7947M) 74.753ms
[448.755s][info][gc,cpu         ] GC(389) User=0.47s Sys=0.00s Real=0.08s
[449.832s][info][gc,start       ] GC(390) Pause Young (Allocation Failure)
[449.953s][info][gc,heap        ] GC(390) PSYoungGen: 2387504K(2545152K)->185760K(2476032K) Eden: 2290176K(2290176K)->0K(2290176K) From: 97328K(254976K)->185760K(185856K)
[449.953s][info][gc,heap        ] GC(390) ParOldGen: 104325K(5592576K)->104425K(5592576K)
[449.953s][info][gc,metaspace   ] GC(390) Metaspace: 22888K(23168K)->22888K(23168K) NonClass: 20089K(20224K)->20089K(20224K) Class: 2799K(2944K)->2799K(2944K)
[449.953s][info][gc             ] GC(390) Pause Young (Allocation Failure) 2433M->283M(7879M) 121.547ms
[449.953s][info][gc,cpu         ] GC(390) User=0.66s Sys=0.00s Real=0.11s
[451.320s][info][gc,start       ] GC(391) Pause Young (Allocation Failure)
[451.395s][info][gc,heap        ] GC(391) PSYoungGen: 2475936K(2476032K)->101392K(2543104K) Eden: 2290176K(2290176K)->0K(2285568K) From: 185760K(185856K)->101392K(257536K)
[451.395s][info][gc,heap        ] GC(391) ParOldGen: 104425K(5592576K)->104889K(5592576K)
[451.395s][info][gc,metaspace   ] GC(391) Metaspace: 22888K(23168K)->22888K(23168K) NonClass: 20089K(20224K)->20089K(20224K) Class: 2799K(2944K)->2799K(2944K)
[451.395s][info][gc             ] GC(391) Pause Young (Allocation Failure) 2519M->201M(7945M) 75.494ms
[451.395s][info][gc,cpu         ] GC(391) User=0.38s Sys=0.00s Real=0.07s
[452.488s][info][gc,start       ] GC(392) Pause Young (Allocation Failure)
[452.617s][info][gc,heap        ] GC(392) PSYoungGen: 2386960K(2543104K)->186352K(2471936K) Eden: 2285568K(2285568K)->0K(2285568K) From: 101392K(257536K)->186352K(186368K)
[452.617s][info][gc,heap        ] GC(392) ParOldGen: 104889K(5592576K)->105889K(5592576K)
[452.617s][info][gc,metaspace   ] GC(392) Metaspace: 22888K(23168K)->22888K(23168K) NonClass: 20089K(20224K)->20089K(20224K) Class: 2799K(2944K)->2799K(2944K)
[452.617s][info][gc             ] GC(392) Pause Young (Allocation Failure) 2433M->285M(7875M) 128.560ms
[452.617s][info][gc,cpu         ] GC(392) User=0.78s Sys=0.03s Real=0.13s
[454.054s][info][gc,start       ] GC(393) Pause Young (Allocation Failure)
[454.143s][info][gc,heap        ] GC(393) PSYoungGen: 2471920K(2471936K)->109360K(2542592K) Eden: 2285568K(2285568K)->0K(2283008K) From: 186352K(186368K)->109360K(259584K)
[454.144s][info][gc,heap        ] GC(393) ParOldGen: 105889K(5592576K)->106537K(5592576K)
[454.144s][info][gc,metaspace   ] GC(393) Metaspace: 22888K(23168K)->22888K(23168K) NonClass: 20089K(20224K)->20089K(20224K) Class: 2799K(2944K)->2799K(2944K)
[454.144s][info][gc             ] GC(393) Pause Young (Allocation Failure) 2517M->210M(7944M) 89.877ms
[454.144s][info][gc,cpu         ] GC(393) User=0.52s Sys=0.00s Real=0.10s
[454.991s][info][gc,start       ] GC(394) Pause Young (System.gc())
[455.065s][info][gc,heap        ] GC(394) PSYoungGen: 1541090K(2542592K)->91136K(2536448K) Eden: 1431730K(2283008K)->0K(2283008K) From: 109360K(259584K)->91136K(253440K)
[455.065s][info][gc,heap        ] GC(394) ParOldGen: 106537K(5592576K)->112677K(5592576K)
[455.065s][info][gc,metaspace   ] GC(394) Metaspace: 22888K(23168K)->22888K(23168K) NonClass: 20089K(20224K)->20089K(20224K) Class: 2799K(2944K)->2799K(2944K)
[455.065s][info][gc             ] GC(394) Pause Young (System.gc()) 1609M->199M(7938M) 73.539ms
[455.065s][info][gc,cpu         ] GC(394) User=0.39s Sys=0.00s Real=0.08s
[455.065s][info][gc,start       ] GC(395) Pause Full (System.gc())
[455.065s][info][gc,phases,start] GC(395) Marking Phase
[455.104s][info][gc,phases      ] GC(395) Marking Phase 38.653ms
[455.104s][info][gc,phases,start] GC(395) Summary Phase
[455.104s][info][gc,phases      ] GC(395) Summary Phase 0.011ms
[455.104s][info][gc,phases,start] GC(395) Adjust Roots
[455.108s][info][gc,phases      ] GC(395) Adjust Roots 3.764ms
[455.108s][info][gc,phases,start] GC(395) Compaction Phase
[455.199s][info][gc,phases      ] GC(395) Compaction Phase 90.997ms
[455.199s][info][gc,phases,start] GC(395) Post Compact
[455.200s][info][gc,phases      ] GC(395) Post Compact 1.093ms
[455.200s][info][gc,heap        ] GC(395) PSYoungGen: 91136K(2536448K)->0K(2536448K) Eden: 0K(2283008K)->0K(2283008K) From: 91136K(253440K)->0K(253440K)
[455.200s][info][gc,heap        ] GC(395) ParOldGen: 112677K(5592576K)->103949K(5592576K)
[455.200s][info][gc,metaspace   ] GC(395) Metaspace: 22888K(23168K)->22888K(23168K) NonClass: 20089K(20224K)->20089K(20224K) Class: 2799K(2944K)->2799K(2944K)
[455.200s][info][gc             ] GC(395) Pause Full (System.gc()) 199M->101M(7938M) 134.792ms
[455.200s][info][gc,cpu         ] GC(395) User=0.53s Sys=0.00s Real=0.13s
[456.279s][info][gc,start       ] GC(396) Pause Young (Allocation Failure)
[456.403s][info][gc,heap        ] GC(396) PSYoungGen: 2283008K(2536448K)->182864K(2532864K) Eden: 2283008K(2283008K)->0K(2283008K) From: 0K(253440K)->182864K(249856K)
[456.403s][info][gc,heap        ] GC(396) ParOldGen: 103949K(5592576K)->103949K(5592576K)
[456.403s][info][gc,metaspace   ] GC(396) Metaspace: 22888K(23168K)->22888K(23168K) NonClass: 20089K(20224K)->20089K(20224K) Class: 2799K(2944K)->2799K(2944K)
[456.403s][info][gc             ] GC(396) Pause Young (Allocation Failure) 2331M->280M(7935M) 123.907ms
[456.403s][info][gc,cpu         ] GC(396) User=0.67s Sys=0.00s Real=0.13s
[457.799s][info][gc,start       ] GC(397) Pause Young (Allocation Failure)
[457.873s][info][gc,heap        ] GC(397) PSYoungGen: 2465872K(2532864K)->100128K(2539520K) Eden: 2283008K(2283008K)->0K(2283008K) From: 182864K(249856K)->100128K(256512K)
[457.873s][info][gc,heap        ] GC(397) ParOldGen: 103949K(5592576K)->103981K(5592576K)
[457.873s][info][gc,metaspace   ] GC(397) Metaspace: 22888K(23168K)->22888K(23168K) NonClass: 20089K(20224K)->20089K(20224K) Class: 2799K(2944K)->2799K(2944K)
[457.873s][info][gc             ] GC(397) Pause Young (Allocation Failure) 2509M->199M(7941M) 74.617ms
[457.873s][info][gc,cpu         ] GC(397) User=0.39s Sys=0.00s Real=0.08s
[458.959s][info][gc,start       ] GC(398) Pause Young (Allocation Failure)
[459.082s][info][gc,heap        ] GC(398) PSYoungGen: 2383136K(2539520K)->185920K(2530304K) Eden: 2283008K(2283008K)->0K(2278912K) From: 100128K(256512K)->185920K(251392K)
[459.082s][info][gc,heap        ] GC(398) ParOldGen: 103981K(5592576K)->104714K(5592576K)
[459.082s][info][gc,metaspace   ] GC(398) Metaspace: 22888K(23168K)->22888K(23168K) NonClass: 20089K(20224K)->20089K(20224K) Class: 2799K(2944K)->2799K(2944K)
[459.082s][info][gc             ] GC(398) Pause Young (Allocation Failure) 2428M->283M(7932M) 122.791ms
[459.082s][info][gc,cpu         ] GC(398) User=0.67s Sys=0.00s Real=0.12s
[460.508s][info][gc,start       ] GC(399) Pause Young (Allocation Failure)
[460.586s][info][gc,heap        ] GC(399) PSYoungGen: 2464832K(2530304K)->97424K(2537472K) Eden: 2278912K(2278912K)->0K(2278912K) From: 185920K(251392K)->97424K(258560K)
[460.586s][info][gc,heap        ] GC(399) ParOldGen: 104714K(5592576K)->105178K(5592576K)
[460.586s][info][gc,metaspace   ] GC(399) Metaspace: 22888K(23168K)->22888K(23168K) NonClass: 20089K(20224K)->20089K(20224K) Class: 2799K(2944K)->2799K(2944K)
[460.586s][info][gc             ] GC(399) Pause Young (Allocation Failure) 2509M->197M(7939M) 77.801ms
[460.586s][info][gc,cpu         ] GC(399) User=0.34s Sys=0.00s Real=0.08s
[461.550s][info][gc,start       ] GC(400) Pause Young (Allocation Failure)
[461.690s][info][gc,heap        ] GC(400) PSYoungGen: 2376336K(2537472K)->201088K(2517504K) Eden: 2278912K(2278912K)->0K(2263552K) From: 97424K(258560K)->201088K(253952K)
[461.690s][info][gc,heap        ] GC(400) ParOldGen: 105178K(5592576K)->105266K(5592576K)
[461.690s][info][gc,metaspace   ] GC(400) Metaspace: 22888K(23168K)->22888K(23168K) NonClass: 20089K(20224K)->20089K(20224K) Class: 2799K(2944K)->2799K(2944K)
[461.690s][info][gc             ] GC(400) Pause Young (Allocation Failure) 2423M->299M(7920M) 139.759ms
[461.690s][info][gc,cpu         ] GC(400) User=0.70s Sys=0.00s Real=0.14s
[463.046s][info][gc,start       ] GC(401) Pause Young (Allocation Failure)
[463.135s][info][gc,heap        ] GC(401) PSYoungGen: 2464640K(2517504K)->121152K(2529792K) Eden: 2263552K(2263552K)->0K(2263552K) From: 201088K(253952K)->121152K(266240K)
[463.135s][info][gc,heap        ] GC(401) ParOldGen: 105266K(5592576K)->105782K(5592576K)
[463.135s][info][gc,metaspace   ] GC(401) Metaspace: 22888K(23168K)->22888K(23168K) NonClass: 20089K(20224K)->20089K(20224K) Class: 2799K(2944K)->2799K(2944K)
[463.135s][info][gc             ] GC(401) Pause Young (Allocation Failure) 2509M->221M(7932M) 89.375ms
[463.135s][info][gc,cpu         ] GC(401) User=0.58s Sys=0.00s Real=0.10s
[463.919s][info][gc,start       ] GC(402) Pause Young (System.gc())
[463.990s][info][gc,heap        ] GC(402) PSYoungGen: 1477034K(2529792K)->86032K(2541056K) Eden: 1355882K(2263552K)->0K(2283520K) From: 121152K(266240K)->86032K(257536K)
[463.990s][info][gc,heap        ] GC(402) ParOldGen: 105782K(5592576K)->117362K(5592576K)
[463.990s][info][gc,metaspace   ] GC(402) Metaspace: 22888K(23168K)->22888K(23168K) NonClass: 20089K(20224K)->20089K(20224K) Class: 2799K(2944K)->2799K(2944K)
[463.990s][info][gc             ] GC(402) Pause Young (System.gc()) 1545M->198M(7943M) 71.819ms
[463.990s][info][gc,cpu         ] GC(402) User=0.47s Sys=0.00s Real=0.08s
[463.990s][info][gc,start       ] GC(403) Pause Full (System.gc())
[463.990s][info][gc,phases,start] GC(403) Marking Phase
[464.026s][info][gc,phases      ] GC(403) Marking Phase 35.225ms
[464.026s][info][gc,phases,start] GC(403) Summary Phase
[464.026s][info][gc,phases      ] GC(403) Summary Phase 0.011ms
[464.026s][info][gc,phases,start] GC(403) Adjust Roots
[464.030s][info][gc,phases      ] GC(403) Adjust Roots 4.039ms
[464.030s][info][gc,phases,start] GC(403) Compaction Phase
[464.106s][info][gc,phases      ] GC(403) Compaction Phase 75.926ms
[464.106s][info][gc,phases,start] GC(403) Post Compact
[464.107s][info][gc,phases      ] GC(403) Post Compact 1.222ms
[464.107s][info][gc,heap        ] GC(403) PSYoungGen: 86032K(2541056K)->0K(2541056K) Eden: 0K(2283520K)->0K(2283520K) From: 86032K(257536K)->0K(257536K)
[464.107s][info][gc,heap        ] GC(403) ParOldGen: 117362K(5592576K)->104270K(5592576K)
[464.107s][info][gc,metaspace   ] GC(403) Metaspace: 22888K(23168K)->22888K(23168K) NonClass: 20089K(20224K)->20089K(20224K) Class: 2799K(2944K)->2799K(2944K)
[464.107s][info][gc             ] GC(403) Pause Full (System.gc()) 198M->101M(7943M) 116.718ms
[464.107s][info][gc,cpu         ] GC(403) User=0.48s Sys=0.00s Real=0.11s
[465.220s][info][gc,start       ] GC(404) Pause Young (Allocation Failure)
[465.342s][info][gc,heap        ] GC(404) PSYoungGen: 2283520K(2541056K)->184496K(2468352K) Eden: 2283520K(2283520K)->0K(2283520K) From: 0K(257536K)->184496K(184832K)
[465.342s][info][gc,heap        ] GC(404) ParOldGen: 104270K(5592576K)->104270K(5592576K)
[465.342s][info][gc,metaspace   ] GC(404) Metaspace: 22888K(23168K)->22888K(23168K) NonClass: 20089K(20224K)->20089K(20224K) Class: 2799K(2944K)->2799K(2944K)
[465.342s][info][gc             ] GC(404) Pause Young (Allocation Failure) 2331M->281M(7872M) 121.897ms
[465.342s][info][gc,cpu         ] GC(404) User=0.75s Sys=0.00s Real=0.13s
[466.623s][info][gc,start       ] GC(405) Pause Young (Allocation Failure)
[466.711s][info][gc,heap        ] GC(405) PSYoungGen: 2468016K(2468352K)->123808K(2544128K) Eden: 2283520K(2283520K)->0K(2282496K) From: 184496K(184832K)->123808K(261632K)
[466.711s][info][gc,heap        ] GC(405) ParOldGen: 104270K(5592576K)->105450K(5592576K)
[466.711s][info][gc,metaspace   ] GC(405) Metaspace: 22888K(23168K)->22888K(23168K) NonClass: 20089K(20224K)->20089K(20224K) Class: 2799K(2944K)->2799K(2944K)
[466.711s][info][gc             ] GC(405) Pause Young (Allocation Failure) 2511M->223M(7946M) 87.550ms
[466.711s][info][gc,cpu         ] GC(405) User=0.48s Sys=0.00s Real=0.09s
[467.901s][info][gc,start       ] GC(406) Pause Young (Allocation Failure)
[468.019s][info][gc,heap        ] GC(406) PSYoungGen: 2406304K(2544128K)->177344K(2534400K) Eden: 2282496K(2282496K)->0K(2282496K) From: 123808K(261632K)->177344K(251904K)
[468.019s][info][gc,heap        ] GC(406) ParOldGen: 105450K(5592576K)->106062K(5592576K)
[468.019s][info][gc,metaspace   ] GC(406) Metaspace: 22888K(23168K)->22888K(23168K) NonClass: 20089K(20224K)->20089K(20224K) Class: 2799K(2944K)->2799K(2944K)
[468.020s][info][gc             ] GC(406) Pause Young (Allocation Failure) 2452M->276M(7936M) 118.865ms
[468.020s][info][gc,cpu         ] GC(406) User=0.66s Sys=0.02s Real=0.11s
[469.348s][info][gc,start       ] GC(407) Pause Young (Allocation Failure)
[469.427s][info][gc,heap        ] GC(407) PSYoungGen: 2459840K(2534400K)->109456K(2546688K) Eden: 2282496K(2282496K)->0K(2291712K) From: 177344K(251904K)->109456K(254976K)
[469.427s][info][gc,heap        ] GC(407) ParOldGen: 106062K(5592576K)->106554K(5592576K)
[469.427s][info][gc,metaspace   ] GC(407) Metaspace: 22888K(23168K)->22888K(23168K) NonClass: 20089K(20224K)->20089K(20224K) Class: 2799K(2944K)->2799K(2944K)
[469.427s][info][gc             ] GC(407) Pause Young (Allocation Failure) 2505M->210M(7948M) 79.793ms
[469.427s][info][gc,cpu         ] GC(407) User=0.39s Sys=0.00s Real=0.08s
[470.565s][info][gc,start       ] GC(408) Pause Young (Allocation Failure)
[470.696s][info][gc,heap        ] GC(408) PSYoungGen: 2401168K(2546688K)->181568K(2541056K) Eden: 2291712K(2291712K)->0K(2291712K) From: 109456K(254976K)->181568K(249344K)
[470.696s][info][gc,heap        ] GC(408) ParOldGen: 106554K(5592576K)->106974K(5592576K)
[470.696s][info][gc,metaspace   ] GC(408) Metaspace: 22888K(23168K)->22888K(23168K) NonClass: 20089K(20224K)->20089K(20224K) Class: 2799K(2944K)->2799K(2944K)
[470.696s][info][gc             ] GC(408) Pause Young (Allocation Failure) 2448M->281M(7943M) 130.344ms
[470.696s][info][gc,cpu         ] GC(408) User=0.73s Sys=0.00s Real=0.13s
[472.012s][info][gc,start       ] GC(409) Pause Young (Allocation Failure)
[472.100s][info][gc,heap        ] GC(409) PSYoungGen: 2473280K(2541056K)->124608K(2549760K) Eden: 2291712K(2291712K)->0K(2295296K) From: 181568K(249344K)->124608K(254464K)
[472.100s][info][gc,heap        ] GC(409) ParOldGen: 106974K(5592576K)->108262K(5592576K)
[472.100s][info][gc,metaspace   ] GC(409) Metaspace: 22888K(23168K)->22888K(23168K) NonClass: 20089K(20224K)->20089K(20224K) Class: 2799K(2944K)->2799K(2944K)
[472.100s][info][gc             ] GC(409) Pause Young (Allocation Failure) 2519M->227M(7951M) 88.319ms
[472.100s][info][gc,cpu         ] GC(409) User=0.56s Sys=0.00s Real=0.09s
[473.042s][info][gc,start       ] GC(410) Pause Young (System.gc())
[473.116s][info][gc,heap        ] GC(410) PSYoungGen: 1691013K(2549760K)->97440K(2541568K) Eden: 1566405K(2295296K)->0K(2295296K) From: 124608K(254464K)->97440K(246272K)
[473.117s][info][gc,heap        ] GC(410) ParOldGen: 108262K(5592576K)->108990K(5592576K)
[473.117s][info][gc,metaspace   ] GC(410) Metaspace: 22888K(23168K)->22888K(23168K) NonClass: 20089K(20224K)->20089K(20224K) Class: 2799K(2944K)->2799K(2944K)
[473.117s][info][gc             ] GC(410) Pause Young (System.gc()) 1757M->201M(7943M) 74.826ms
[473.117s][info][gc,cpu         ] GC(410) User=0.38s Sys=0.00s Real=0.06s
[473.117s][info][gc,start       ] GC(411) Pause Full (System.gc())
[473.117s][info][gc,phases,start] GC(411) Marking Phase
[473.154s][info][gc,phases      ] GC(411) Marking Phase 37.513ms
[473.154s][info][gc,phases,start] GC(411) Summary Phase
[473.154s][info][gc,phases      ] GC(411) Summary Phase 0.011ms
[473.154s][info][gc,phases,start] GC(411) Adjust Roots
[473.158s][info][gc,phases      ] GC(411) Adjust Roots 3.685ms
[473.158s][info][gc,phases,start] GC(411) Compaction Phase
[473.260s][info][gc,phases      ] GC(411) Compaction Phase 101.769ms
[473.260s][info][gc,phases,start] GC(411) Post Compact
[473.261s][info][gc,phases      ] GC(411) Post Compact 1.229ms
[473.261s][info][gc,heap        ] GC(411) PSYoungGen: 97440K(2541568K)->0K(2541568K) Eden: 0K(2295296K)->0K(2295296K) From: 97440K(246272K)->0K(246272K)
[473.261s][info][gc,heap        ] GC(411) ParOldGen: 108990K(5592576K)->104129K(5592576K)
[473.261s][info][gc,metaspace   ] GC(411) Metaspace: 22888K(23168K)->22888K(23168K) NonClass: 20089K(20224K)->20089K(20224K) Class: 2799K(2944K)->2799K(2944K)
[473.261s][info][gc             ] GC(411) Pause Full (System.gc()) 201M->101M(7943M) 144.487ms
[473.261s][info][gc,cpu         ] GC(411) User=0.77s Sys=0.00s Real=0.16s
[474.276s][info][gc,start       ] GC(412) Pause Young (Allocation Failure)
[474.403s][info][gc,heap        ] GC(412) PSYoungGen: 2295296K(2541568K)->195408K(2530304K) Eden: 2295296K(2295296K)->0K(2287104K) From: 0K(246272K)->195408K(243200K)
[474.403s][info][gc,heap        ] GC(412) ParOldGen: 104129K(5592576K)->104129K(5592576K)
[474.403s][info][gc,metaspace   ] GC(412) Metaspace: 23107K(23360K)->23107K(23360K) NonClass: 20308K(20416K)->20308K(20416K) Class: 2799K(2944K)->2799K(2944K)
[474.403s][info][gc             ] GC(412) Pause Young (Allocation Failure) 2343M->292M(7932M) 127.057ms
[474.403s][info][gc,cpu         ] GC(412) User=0.73s Sys=0.00s Real=0.12s
[475.878s][info][gc,start       ] GC(413) Pause Young (Allocation Failure)
[475.962s][info][gc,heap        ] GC(413) PSYoungGen: 2482512K(2530304K)->116432K(2541568K) Eden: 2287104K(2287104K)->0K(2287104K) From: 195408K(243200K)->116432K(254464K)
[475.962s][info][gc,heap        ] GC(413) ParOldGen: 104129K(5592576K)->104161K(5592576K)
[475.962s][info][gc,metaspace   ] GC(413) Metaspace: 23175K(23488K)->23175K(23488K) NonClass: 20376K(20544K)->20376K(20544K) Class: 2799K(2944K)->2799K(2944K)
[475.962s][info][gc             ] GC(413) Pause Young (Allocation Failure) 2526M->215M(7943M) 83.809ms
[475.962s][info][gc,cpu         ] GC(413) User=0.48s Sys=0.00s Real=0.09s
[477.054s][info][gc,start       ] GC(414) Pause Young (Allocation Failure)
[477.183s][info][gc,heap        ] GC(414) PSYoungGen: 2403536K(2541568K)->197440K(2527744K) Eden: 2287104K(2287104K)->0K(2279936K) From: 116432K(254464K)->197440K(247808K)
[477.183s][info][gc,heap        ] GC(414) ParOldGen: 104161K(5592576K)->109733K(5592576K)
[477.183s][info][gc,metaspace   ] GC(414) Metaspace: 23175K(23488K)->23175K(23488K) NonClass: 20376K(20544K)->20376K(20544K) Class: 2799K(2944K)->2799K(2944K)
[477.183s][info][gc             ] GC(414) Pause Young (Allocation Failure) 2448M->299M(7930M) 129.537ms
[477.183s][info][gc,cpu         ] GC(414) User=0.75s Sys=0.00s Real=0.13s
[478.508s][info][gc,start       ] GC(415) Pause Young (Allocation Failure)
[478.596s][info][gc,heap        ] GC(415) PSYoungGen: 2477376K(2527744K)->124016K(2537984K) Eden: 2279936K(2279936K)->0K(2279936K) From: 197440K(247808K)->124016K(258048K)
[478.596s][info][gc,heap        ] GC(415) ParOldGen: 109733K(5592576K)->111057K(5592576K)
[478.596s][info][gc,metaspace   ] GC(415) Metaspace: 23175K(23488K)->23175K(23488K) NonClass: 20376K(20544K)->20376K(20544K) Class: 2799K(2944K)->2799K(2944K)
[478.596s][info][gc             ] GC(415) Pause Young (Allocation Failure) 2526M->229M(7940M) 87.813ms
[478.596s][info][gc,cpu         ] GC(415) User=0.50s Sys=0.00s Real=0.08s
[479.669s][info][gc,start       ] GC(416) Pause Young (Allocation Failure)
[479.803s][info][gc,heap        ] GC(416) PSYoungGen: 2403952K(2537984K)->206816K(2520064K) Eden: 2279936K(2279936K)->0K(2269696K) From: 124016K(258048K)->206816K(250368K)
[479.803s][info][gc,heap        ] GC(416) ParOldGen: 111057K(5592576K)->116981K(5592576K)
[479.803s][info][gc,metaspace   ] GC(416) Metaspace: 23175K(23488K)->23175K(23488K) NonClass: 20376K(20544K)->20376K(20544K) Class: 2799K(2944K)->2799K(2944K)
[479.803s][info][gc             ] GC(416) Pause Young (Allocation Failure) 2456M->316M(7922M) 134.074ms
[479.803s][info][gc,cpu         ] GC(416) User=0.75s Sys=0.00s Real=0.13s
[481.087s][info][gc,start       ] GC(417) Pause Young (Allocation Failure)
[481.189s][info][gc,heap        ] GC(417) PSYoungGen: 2476512K(2520064K)->145088K(2532864K) Eden: 2269696K(2269696K)->0K(2269696K) From: 206816K(250368K)->145088K(263168K)
[481.189s][info][gc,heap        ] GC(417) ParOldGen: 116981K(5592576K)->118413K(5592576K)
[481.189s][info][gc,metaspace   ] GC(417) Metaspace: 23175K(23488K)->23175K(23488K) NonClass: 20376K(20544K)->20376K(20544K) Class: 2799K(2944K)->2799K(2944K)
[481.189s][info][gc             ] GC(417) Pause Young (Allocation Failure) 2532M->257M(7935M) 101.223ms
[481.189s][info][gc,cpu         ] GC(417) User=0.55s Sys=0.00s Real=0.09s
[481.909s][info][gc,start       ] GC(418) Pause Young (System.gc())
[481.979s][info][gc,heap        ] GC(418) PSYoungGen: 1284532K(2532864K)->70864K(2536960K) Eden: 1139444K(2269696K)->0K(2284032K) From: 145088K(263168K)->70864K(252928K)
[481.979s][info][gc,heap        ] GC(418) ParOldGen: 118413K(5592576K)->144925K(5592576K)
[481.979s][info][gc,metaspace   ] GC(418) Metaspace: 23175K(23488K)->23175K(23488K) NonClass: 20376K(20544K)->20376K(20544K) Class: 2799K(2944K)->2799K(2944K)
[481.979s][info][gc             ] GC(418) Pause Young (System.gc()) 1370M->210M(7939M) 70.774ms
[481.979s][info][gc,cpu         ] GC(418) User=0.47s Sys=0.00s Real=0.08s
[481.979s][info][gc,start       ] GC(419) Pause Full (System.gc())
[481.979s][info][gc,phases,start] GC(419) Marking Phase
[482.014s][info][gc,phases      ] GC(419) Marking Phase 35.014ms
[482.014s][info][gc,phases,start] GC(419) Summary Phase
[482.015s][info][gc,phases      ] GC(419) Summary Phase 0.011ms
[482.015s][info][gc,phases,start] GC(419) Adjust Roots
[482.019s][info][gc,phases      ] GC(419) Adjust Roots 4.749ms
[482.019s][info][gc,phases,start] GC(419) Compaction Phase
[482.118s][info][gc,phases      ] GC(419) Compaction Phase 98.241ms
[482.118s][info][gc,phases,start] GC(419) Post Compact
[482.119s][info][gc,phases      ] GC(419) Post Compact 1.284ms
[482.119s][info][gc,heap        ] GC(419) PSYoungGen: 70864K(2536960K)->0K(2536960K) Eden: 0K(2284032K)->0K(2284032K) From: 70864K(252928K)->0K(252928K)
[482.119s][info][gc,heap        ] GC(419) ParOldGen: 144925K(5592576K)->103952K(5592576K)
[482.119s][info][gc,metaspace   ] GC(419) Metaspace: 23175K(23488K)->23175K(23488K) NonClass: 20376K(20544K)->20376K(20544K) Class: 2799K(2944K)->2799K(2944K)
[482.119s][info][gc             ] GC(419) Pause Full (System.gc()) 210M->101M(7939M) 139.581ms
[482.119s][info][gc,cpu         ] GC(419) User=0.62s Sys=0.02s Real=0.14s
[483.165s][info][gc,start       ] GC(420) Pause Young (Allocation Failure)
[483.296s][info][gc,heap        ] GC(420) PSYoungGen: 2284032K(2536960K)->187600K(2471936K) Eden: 2284032K(2284032K)->0K(2284032K) From: 0K(252928K)->187600K(187904K)
[483.296s][info][gc,heap        ] GC(420) ParOldGen: 103952K(5592576K)->103952K(5592576K)
[483.296s][info][gc,metaspace   ] GC(420) Metaspace: 23175K(23488K)->23175K(23488K) NonClass: 20376K(20544K)->20376K(20544K) Class: 2799K(2944K)->2799K(2944K)
[483.296s][info][gc             ] GC(420) Pause Young (Allocation Failure) 2332M->284M(7875M) 131.279ms
[483.296s][info][gc,cpu         ] GC(420) User=0.80s Sys=0.00s Real=0.14s
[484.812s][info][gc,start       ] GC(421) Pause Young (Allocation Failure)
[484.889s][info][gc,heap        ] GC(421) PSYoungGen: 2471632K(2471936K)->96992K(2537472K) Eden: 2284032K(2284032K)->0K(2275840K) From: 187600K(187904K)->96992K(261632K)
[484.889s][info][gc,heap        ] GC(421) ParOldGen: 103952K(5592576K)->103976K(5592576K)
[484.889s][info][gc,metaspace   ] GC(421) Metaspace: 23175K(23488K)->23175K(23488K) NonClass: 20376K(20544K)->20376K(20544K) Class: 2799K(2944K)->2799K(2944K)
[484.889s][info][gc             ] GC(421) Pause Young (Allocation Failure) 2515M->196M(7939M) 76.840ms
[484.889s][info][gc,cpu         ] GC(421) User=0.47s Sys=0.00s Real=0.08s
[486.024s][info][gc,start       ] GC(422) Pause Young (Allocation Failure)
[486.147s][info][gc,heap        ] GC(422) PSYoungGen: 2372832K(2537472K)->188080K(2464256K) Eden: 2275840K(2275840K)->0K(2275840K) From: 96992K(261632K)->188080K(188416K)
[486.147s][info][gc,heap        ] GC(422) ParOldGen: 103976K(5592576K)->104088K(5592576K)
[486.147s][info][gc,metaspace   ] GC(422) Metaspace: 23175K(23488K)->23175K(23488K) NonClass: 20376K(20544K)->20376K(20544K) Class: 2799K(2944K)->2799K(2944K)
[486.147s][info][gc             ] GC(422) Pause Young (Allocation Failure) 2418M->285M(7868M) 122.414ms
[486.147s][info][gc,cpu         ] GC(422) User=0.67s Sys=0.00s Real=0.11s
[487.509s][info][gc,start       ] GC(423) Pause Young (Allocation Failure)
[487.585s][info][gc,heap        ] GC(423) PSYoungGen: 2463920K(2464256K)->103664K(2536448K) Eden: 2275840K(2275840K)->0K(2272256K) From: 188080K(188416K)->103664K(264192K)
[487.585s][info][gc,heap        ] GC(423) ParOldGen: 104088K(5592576K)->104568K(5592576K)
[487.585s][info][gc,metaspace   ] GC(423) Metaspace: 23175K(23488K)->23175K(23488K) NonClass: 20376K(20544K)->20376K(20544K) Class: 2799K(2944K)->2799K(2944K)
[487.585s][info][gc             ] GC(423) Pause Young (Allocation Failure) 2507M->203M(7938M) 75.984ms
[487.585s][info][gc,cpu         ] GC(423) User=0.39s Sys=0.00s Real=0.08s
[488.702s][info][gc,start       ] GC(424) Pause Young (Allocation Failure)
[488.832s][info][gc,heap        ] GC(424) PSYoungGen: 2375920K(2536448K)->189808K(2462208K) Eden: 2272256K(2272256K)->0K(2272256K) From: 103664K(264192K)->189808K(189952K)
[488.832s][info][gc,heap        ] GC(424) ParOldGen: 104568K(5592576K)->107000K(5592576K)
[488.832s][info][gc,metaspace   ] GC(424) Metaspace: 23175K(23488K)->23175K(23488K) NonClass: 20376K(20544K)->20376K(20544K) Class: 2799K(2944K)->2799K(2944K)
[488.832s][info][gc             ] GC(424) Pause Young (Allocation Failure) 2422M->289M(7866M) 130.594ms
[488.832s][info][gc,cpu         ] GC(424) User=0.75s Sys=0.00s Real=0.12s
[490.439s][info][gc,start       ] GC(425) Pause Young (Allocation Failure)
[490.519s][info][gc,heap        ] GC(425) PSYoungGen: 2462064K(2462208K)->108096K(2535936K) Eden: 2272256K(2272256K)->0K(2270720K) From: 189808K(189952K)->108096K(265216K)
[490.519s][info][gc,heap        ] GC(425) ParOldGen: 107000K(5592576K)->107705K(5592576K)
[490.519s][info][gc,metaspace   ] GC(425) Metaspace: 23175K(23488K)->23175K(23488K) NonClass: 20376K(20544K)->20376K(20544K) Class: 2799K(2944K)->2799K(2944K)
[490.519s][info][gc             ] GC(425) Pause Young (Allocation Failure) 2508M->210M(7938M) 79.422ms
[490.519s][info][gc,cpu         ] GC(425) User=0.38s Sys=0.00s Real=0.08s
[491.372s][info][gc,start       ] GC(426) Pause Young (System.gc())
[491.445s][info][gc,heap        ] GC(426) PSYoungGen: 1533397K(2535936K)->92160K(2530816K) Eden: 1425301K(2270720K)->0K(2270720K) From: 108096K(265216K)->92160K(260096K)
[491.445s][info][gc,heap        ] GC(426) ParOldGen: 107705K(5592576K)->113269K(5592576K)
[491.445s][info][gc,metaspace   ] GC(426) Metaspace: 23175K(23488K)->23175K(23488K) NonClass: 20376K(20544K)->20376K(20544K) Class: 2799K(2944K)->2799K(2944K)
[491.445s][info][gc             ] GC(426) Pause Young (System.gc()) 1602M->200M(7933M) 73.710ms
[491.445s][info][gc,cpu         ] GC(426) User=0.39s Sys=0.00s Real=0.08s
[491.445s][info][gc,start       ] GC(427) Pause Full (System.gc())
[491.445s][info][gc,phases,start] GC(427) Marking Phase
[491.480s][info][gc,phases      ] GC(427) Marking Phase 34.989ms
[491.480s][info][gc,phases,start] GC(427) Summary Phase
[491.480s][info][gc,phases      ] GC(427) Summary Phase 0.011ms
[491.480s][info][gc,phases,start] GC(427) Adjust Roots
[491.485s][info][gc,phases      ] GC(427) Adjust Roots 4.523ms
[491.485s][info][gc,phases,start] GC(427) Compaction Phase
[491.587s][info][gc,phases      ] GC(427) Compaction Phase 101.928ms
[491.587s][info][gc,phases,start] GC(427) Post Compact
[491.588s][info][gc,phases      ] GC(427) Post Compact 1.278ms
[491.588s][info][gc,heap        ] GC(427) PSYoungGen: 92160K(2530816K)->0K(2530816K) Eden: 0K(2270720K)->0K(2270720K) From: 92160K(260096K)->0K(260096K)
[491.588s][info][gc,heap        ] GC(427) ParOldGen: 113269K(5592576K)->104391K(5592576K)
[491.588s][info][gc,metaspace   ] GC(427) Metaspace: 23175K(23488K)->23175K(23488K) NonClass: 20376K(20544K)->20376K(20544K) Class: 2799K(2944K)->2799K(2944K)
[491.588s][info][gc             ] GC(427) Pause Full (System.gc()) 200M->101M(7933M) 143.002ms
[491.588s][info][gc,cpu         ] GC(427) User=0.58s Sys=0.00s Real=0.14s
[492.621s][info][gc,start       ] GC(428) Pause Young (Allocation Failure)
[492.744s][info][gc,heap        ] GC(428) PSYoungGen: 2270720K(2530816K)->186528K(2526720K) Eden: 2270720K(2270720K)->0K(2269696K) From: 0K(260096K)->186528K(257024K)
[492.747s][info][gc,heap        ] GC(428) ParOldGen: 104391K(5592576K)->104391K(5592576K)
[492.747s][info][gc,metaspace   ] GC(428) Metaspace: 23175K(23488K)->23175K(23488K) NonClass: 20376K(20544K)->20376K(20544K) Class: 2799K(2944K)->2799K(2944K)
[492.747s][info][gc             ] GC(428) Pause Young (Allocation Failure) 2319M->284M(7929M) 125.219ms
[492.747s][info][gc,cpu         ] GC(428) User=0.73s Sys=0.00s Real=0.13s
[494.288s][info][gc,start       ] GC(429) Pause Young (Allocation Failure)
[494.365s][info][gc,heap        ] GC(429) PSYoungGen: 2456224K(2526720K)->104640K(2532864K) Eden: 2269696K(2269696K)->0K(2269696K) From: 186528K(257024K)->104640K(263168K)
[494.365s][info][gc,heap        ] GC(429) ParOldGen: 104391K(5592576K)->104407K(5592576K)
[494.365s][info][gc,metaspace   ] GC(429) Metaspace: 23175K(23488K)->23175K(23488K) NonClass: 20376K(20544K)->20376K(20544K) Class: 2799K(2944K)->2799K(2944K)
[494.365s][info][gc             ] GC(429) Pause Young (Allocation Failure) 2500M->204M(7935M) 77.035ms
[494.365s][info][gc,cpu         ] GC(429) User=0.41s Sys=0.00s Real=0.08s
[495.435s][info][gc,start       ] GC(430) Pause Young (Allocation Failure)
[495.562s][info][gc,heap        ] GC(430) PSYoungGen: 2374336K(2532864K)->190848K(2523136K) Eden: 2269696K(2269696K)->0K(2265600K) From: 104640K(263168K)->190848K(257536K)
[495.565s][info][gc,heap        ] GC(430) ParOldGen: 104407K(5592576K)->106767K(5592576K)
[495.565s][info][gc,metaspace   ] GC(430) Metaspace: 23176K(23488K)->23176K(23488K) NonClass: 20377K(20544K)->20377K(20544K) Class: 2799K(2944K)->2799K(2944K)
[495.565s][info][gc             ] GC(430) Pause Young (Allocation Failure) 2420M->290M(7925M) 130.003ms
[495.565s][info][gc,cpu         ] GC(430) User=0.77s Sys=0.00s Real=0.14s
[497.035s][info][gc,start       ] GC(431) Pause Young (Allocation Failure)
[497.114s][info][gc,heap        ] GC(431) PSYoungGen: 2456448K(2523136K)->108192K(2530816K) Eden: 2265600K(2265600K)->0K(2265600K) From: 190848K(257536K)->108192K(265216K)
[497.114s][info][gc,heap        ] GC(431) ParOldGen: 106767K(5592576K)->107163K(5592576K)
[497.114s][info][gc,metaspace   ] GC(431) Metaspace: 23176K(23488K)->23176K(23488K) NonClass: 20377K(20544K)->20377K(20544K) Class: 2799K(2944K)->2799K(2944K)
[497.114s][info][gc             ] GC(431) Pause Young (Allocation Failure) 2503M->210M(7933M) 78.856ms
[497.114s][info][gc,cpu         ] GC(431) User=0.42s Sys=0.00s Real=0.08s
[498.197s][info][gc,start       ] GC(432) Pause Young (Allocation Failure)
[498.325s][info][gc,heap        ] GC(432) PSYoungGen: 2373792K(2530816K)->192448K(2522624K) Eden: 2265600K(2265600K)->0K(2263552K) From: 108192K(265216K)->192448K(259072K)
[498.327s][info][gc,heap        ] GC(432) ParOldGen: 107163K(5592576K)->110743K(5592576K)
[498.327s][info][gc,metaspace   ] GC(432) Metaspace: 23176K(23488K)->23176K(23488K) NonClass: 20377K(20544K)->20377K(20544K) Class: 2799K(2944K)->2799K(2944K)
[498.327s][info][gc             ] GC(432) Pause Young (Allocation Failure) 2422M->296M(7925M) 130.239ms
[498.327s][info][gc,cpu         ] GC(432) User=0.69s Sys=0.00s Real=0.12s
[499.708s][info][gc,start       ] GC(433) Pause Young (Allocation Failure)
[499.787s][info][gc,heap        ] GC(433) PSYoungGen: 2456000K(2522624K)->109472K(2529792K) Eden: 2263552K(2263552K)->0K(2263552K) From: 192448K(259072K)->109472K(266240K)
[499.787s][info][gc,heap        ] GC(433) ParOldGen: 110743K(5592576K)->111263K(5592576K)
[499.787s][info][gc,metaspace   ] GC(433) Metaspace: 23176K(23488K)->23176K(23488K) NonClass: 20377K(20544K)->20377K(20544K) Class: 2799K(2944K)->2799K(2944K)
[499.787s][info][gc             ] GC(433) Pause Young (Allocation Failure) 2506M->215M(7932M) 79.446ms
[499.787s][info][gc,cpu         ] GC(433) User=0.42s Sys=0.00s Real=0.08s
[500.572s][info][gc,start       ] GC(434) Pause Young (System.gc())
[500.648s][info][gc,heap        ] GC(434) PSYoungGen: 1524695K(2529792K)->91072K(2538496K) Eden: 1415223K(2263552K)->0K(2277888K) From: 109472K(266240K)->91072K(260608K)
[500.648s][info][gc,heap        ] GC(434) ParOldGen: 111263K(5592576K)->117679K(5592576K)
[500.648s][info][gc,metaspace   ] GC(434) Metaspace: 23176K(23488K)->23176K(23488K) NonClass: 20377K(20544K)->20377K(20544K) Class: 2799K(2944K)->2799K(2944K)
[500.648s][info][gc             ] GC(434) Pause Young (System.gc()) 1597M->203M(7940M) 75.869ms
[500.648s][info][gc,cpu         ] GC(434) User=0.56s Sys=0.00s Real=0.08s
[500.648s][info][gc,start       ] GC(435) Pause Full (System.gc())
[500.648s][info][gc,phases,start] GC(435) Marking Phase
[500.686s][info][gc,phases      ] GC(435) Marking Phase 37.434ms
[500.686s][info][gc,phases,start] GC(435) Summary Phase
[500.686s][info][gc,phases      ] GC(435) Summary Phase 0.011ms
[500.686s][info][gc,phases,start] GC(435) Adjust Roots
[500.690s][info][gc,phases      ] GC(435) Adjust Roots 4.248ms
[500.690s][info][gc,phases,start] GC(435) Compaction Phase
[500.773s][info][gc,phases      ] GC(435) Compaction Phase 83.344ms
[500.773s][info][gc,phases,start] GC(435) Post Compact
[500.775s][info][gc,phases      ] GC(435) Post Compact 1.101ms
[500.775s][info][gc,heap        ] GC(435) PSYoungGen: 91072K(2538496K)->0K(2538496K) Eden: 0K(2277888K)->0K(2277888K) From: 91072K(260608K)->0K(260608K)
[500.775s][info][gc,heap        ] GC(435) ParOldGen: 117679K(5592576K)->104142K(5592576K)
[500.775s][info][gc,metaspace   ] GC(435) Metaspace: 23176K(23488K)->23176K(23488K) NonClass: 20377K(20544K)->20377K(20544K) Class: 2799K(2944K)->2799K(2944K)
[500.775s][info][gc             ] GC(435) Pause Full (System.gc()) 203M->101M(7940M) 126.426ms
[500.775s][info][gc,cpu         ] GC(435) User=0.66s Sys=0.00s Real=0.12s
[501.833s][info][gc,start       ] GC(436) Pause Young (Allocation Failure)
[501.957s][info][gc,heap        ] GC(436) PSYoungGen: 2277888K(2538496K)->186640K(2464768K) Eden: 2277888K(2277888K)->0K(2277888K) From: 0K(260608K)->186640K(186880K)
[501.957s][info][gc,heap        ] GC(436) ParOldGen: 104142K(5592576K)->104142K(5592576K)
[501.957s][info][gc,metaspace   ] GC(436) Metaspace: 23176K(23488K)->23176K(23488K) NonClass: 20377K(20544K)->20377K(20544K) Class: 2799K(2944K)->2799K(2944K)
[501.957s][info][gc             ] GC(436) Pause Young (Allocation Failure) 2326M->283M(7868M) 124.440ms
[501.957s][info][gc,cpu         ] GC(436) User=0.75s Sys=0.00s Real=0.12s
[503.353s][info][gc,start       ] GC(437) Pause Young (Allocation Failure)
[503.435s][info][gc,heap        ] GC(437) PSYoungGen: 2464528K(2464768K)->110800K(2539008K) Eden: 2277888K(2277888K)->0K(2275328K) From: 186640K(186880K)->110800K(263680K)
[503.436s][info][gc,heap        ] GC(437) ParOldGen: 104142K(5592576K)->104190K(5592576K)
[503.436s][info][gc,metaspace   ] GC(437) Metaspace: 23176K(23488K)->23176K(23488K) NonClass: 20377K(20544K)->20377K(20544K) Class: 2799K(2944K)->2799K(2944K)
[503.436s][info][gc             ] GC(437) Pause Young (Allocation Failure) 2508M->209M(7941M) 82.239ms
[503.436s][info][gc,cpu         ] GC(437) User=0.55s Sys=0.00s Real=0.09s
[504.525s][info][gc,start       ] GC(438) Pause Young (Allocation Failure)
[504.656s][info][gc,heap        ] GC(438) PSYoungGen: 2386128K(2539008K)->186256K(2532352K) Eden: 2275328K(2275328K)->0K(2275328K) From: 110800K(263680K)->186256K(257024K)
[504.656s][info][gc,heap        ] GC(438) ParOldGen: 104190K(5592576K)->109062K(5592576K)
[504.656s][info][gc,metaspace   ] GC(438) Metaspace: 23176K(23488K)->23176K(23488K) NonClass: 20377K(20544K)->20377K(20544K) Class: 2799K(2944K)->2799K(2944K)
[504.656s][info][gc             ] GC(438) Pause Young (Allocation Failure) 2431M->288M(7934M) 130.548ms
[504.656s][info][gc,cpu         ] GC(438) User=0.72s Sys=0.00s Real=0.12s
[505.998s][info][gc,start       ] GC(439) Pause Young (Allocation Failure)
[506.081s][info][gc,heap        ] GC(439) PSYoungGen: 2461584K(2532352K)->116800K(2540544K) Eden: 2275328K(2275328K)->0K(2277888K) From: 186256K(257024K)->116800K(262656K)
[506.081s][info][gc,heap        ] GC(439) ParOldGen: 109062K(5592576K)->109558K(5592576K)
[506.081s][info][gc,metaspace   ] GC(439) Metaspace: 23176K(23488K)->23176K(23488K) NonClass: 20377K(20544K)->20377K(20544K) Class: 2799K(2944K)->2799K(2944K)
[506.081s][info][gc             ] GC(439) Pause Young (Allocation Failure) 2510M->221M(7942M) 83.373ms
[506.081s][info][gc,cpu         ] GC(439) User=0.50s Sys=0.00s Real=0.08s
[507.159s][info][gc,start       ] GC(440) Pause Young (Allocation Failure)
[507.288s][info][gc,heap        ] GC(440) PSYoungGen: 2394688K(2540544K)->192112K(2533376K) Eden: 2277888K(2277888K)->0K(2277888K) From: 116800K(262656K)->192112K(255488K)
[507.289s][info][gc,heap        ] GC(440) ParOldGen: 109558K(5592576K)->115002K(5592576K)
[507.289s][info][gc,metaspace   ] GC(440) Metaspace: 23176K(23488K)->23176K(23488K) NonClass: 20377K(20544K)->20377K(20544K) Class: 2799K(2944K)->2799K(2944K)
[507.289s][info][gc             ] GC(440) Pause Young (Allocation Failure) 2445M->299M(7935M) 130.001ms
[507.289s][info][gc,cpu         ] GC(440) User=0.83s Sys=0.00s Real=0.14s
[508.695s][info][gc,start       ] GC(441) Pause Young (Allocation Failure)
[508.777s][info][gc,heap        ] GC(441) PSYoungGen: 2470000K(2533376K)->110560K(2539008K) Eden: 2277888K(2277888K)->0K(2276352K) From: 192112K(255488K)->110560K(262656K)
[508.777s][info][gc,heap        ] GC(441) ParOldGen: 115002K(5592576K)->115503K(5592576K)
[508.777s][info][gc,metaspace   ] GC(441) Metaspace: 23176K(23488K)->23176K(23488K) NonClass: 20377K(20544K)->20377K(20544K) Class: 2799K(2944K)->2799K(2944K)
[508.777s][info][gc             ] GC(441) Pause Young (Allocation Failure) 2524M->220M(7941M) 81.666ms
[508.777s][info][gc,cpu         ] GC(441) User=0.44s Sys=0.00s Real=0.08s
[509.610s][info][gc,start       ] GC(442) Pause Young (System.gc())
[509.684s][info][gc,heap        ] GC(442) PSYoungGen: 1515128K(2539008K)->90992K(2533376K) Eden: 1404568K(2276352K)->0K(2276352K) From: 110560K(262656K)->90992K(257024K)
[509.684s][info][gc,heap        ] GC(442) ParOldGen: 115503K(5592576K)->122015K(5592576K)
[509.684s][info][gc,metaspace   ] GC(442) Metaspace: 23176K(23488K)->23176K(23488K) NonClass: 20377K(20544K)->20377K(20544K) Class: 2799K(2944K)->2799K(2944K)
[509.684s][info][gc             ] GC(442) Pause Young (System.gc()) 1592M->208M(7935M) 73.914ms
[509.684s][info][gc,cpu         ] GC(442) User=0.39s Sys=0.00s Real=0.08s
[509.684s][info][gc,start       ] GC(443) Pause Full (System.gc())
[509.684s][info][gc,phases,start] GC(443) Marking Phase
[509.721s][info][gc,phases      ] GC(443) Marking Phase 37.050ms
[509.721s][info][gc,phases,start] GC(443) Summary Phase
[509.721s][info][gc,phases      ] GC(443) Summary Phase 0.010ms
[509.721s][info][gc,phases,start] GC(443) Adjust Roots
[509.725s][info][gc,phases      ] GC(443) Adjust Roots 4.533ms
[509.726s][info][gc,phases,start] GC(443) Compaction Phase
[509.807s][info][gc,phases      ] GC(443) Compaction Phase 80.907ms
[509.807s][info][gc,phases,start] GC(443) Post Compact
[509.808s][info][gc,phases      ] GC(443) Post Compact 1.244ms
[509.808s][info][gc,heap        ] GC(443) PSYoungGen: 90992K(2533376K)->0K(2533376K) Eden: 0K(2276352K)->0K(2276352K) From: 90992K(257024K)->0K(257024K)
[509.808s][info][gc,heap        ] GC(443) ParOldGen: 122015K(5592576K)->104176K(5592576K)
[509.808s][info][gc,metaspace   ] GC(443) Metaspace: 23176K(23488K)->23176K(23488K) NonClass: 20377K(20544K)->20377K(20544K) Class: 2799K(2944K)->2799K(2944K)
[509.808s][info][gc             ] GC(443) Pause Full (System.gc()) 208M->101M(7935M) 124.142ms
[509.808s][info][gc,cpu         ] GC(443) User=0.59s Sys=0.00s Real=0.13s
[510.962s][info][gc,start       ] GC(444) Pause Young (Allocation Failure)
[511.050s][info][gc,heap        ] GC(444) PSYoungGen: 2276352K(2533376K)->136368K(2552832K) Eden: 2276352K(2276352K)->0K(2298368K) From: 0K(257024K)->136368K(254464K)
[511.050s][info][gc,heap        ] GC(444) ParOldGen: 104176K(5592576K)->104176K(5592576K)
[511.050s][info][gc,metaspace   ] GC(444) Metaspace: 23176K(23488K)->23176K(23488K) NonClass: 20377K(20544K)->20377K(20544K) Class: 2799K(2944K)->2799K(2944K)
[511.050s][info][gc             ] GC(444) Pause Young (Allocation Failure) 2324M->234M(7954M) 87.886ms
[511.050s][info][gc,cpu         ] GC(444) User=0.48s Sys=0.00s Real=0.09s
[512.528s][info][gc,start       ] GC(445) Pause Young (Allocation Failure)
[512.610s][info][gc,heap        ] GC(445) PSYoungGen: 2434736K(2552832K)->114096K(2541568K) Eden: 2298368K(2298368K)->0K(2298368K) From: 136368K(254464K)->114096K(243200K)
[512.610s][info][gc,heap        ] GC(445) ParOldGen: 104176K(5592576K)->104216K(5592576K)
[512.610s][info][gc,metaspace   ] GC(445) Metaspace: 23176K(23488K)->23176K(23488K) NonClass: 20377K(20544K)->20377K(20544K) Class: 2799K(2944K)->2799K(2944K)
[512.610s][info][gc             ] GC(445) Pause Young (Allocation Failure) 2479M->213M(7943M) 82.096ms
[512.610s][info][gc,cpu         ] GC(445) User=0.48s Sys=0.00s Real=0.08s
[514.170s][info][gc,start       ] GC(446) Pause Young (Allocation Failure)
[514.315s][info][gc,heap        ] GC(446) PSYoungGen: 2412464K(2541568K)->207360K(2526720K) Eden: 2298368K(2298368K)->0K(2290176K) From: 114096K(243200K)->207360K(236544K)
[514.315s][info][gc,heap        ] GC(446) ParOldGen: 104216K(5592576K)->108376K(5592576K)
[514.315s][info][gc,metaspace   ] GC(446) Metaspace: 23176K(23488K)->23176K(23488K) NonClass: 20377K(20544K)->20377K(20544K) Class: 2799K(2944K)->2799K(2944K)
[514.315s][info][gc             ] GC(446) Pause Young (Allocation Failure) 2457M->308M(7929M) 145.159ms
[514.315s][info][gc,cpu         ] GC(446) User=0.86s Sys=0.00s Real=0.14s
[516.025s][info][gc,start       ] GC(447) Pause Young (Allocation Failure)
[516.139s][info][gc,heap        ] GC(447) PSYoungGen: 2497536K(2526720K)->167184K(2543104K) Eden: 2290176K(2290176K)->0K(2290176K) From: 207360K(236544K)->167184K(252928K)
[516.141s][info][gc,heap        ] GC(447) ParOldGen: 108376K(5592576K)->109224K(5592576K)
[516.141s][info][gc,metaspace   ] GC(447) Metaspace: 23176K(23488K)->23176K(23488K) NonClass: 20377K(20544K)->20377K(20544K) Class: 2799K(2944K)->2799K(2944K)
[516.141s][info][gc             ] GC(447) Pause Young (Allocation Failure) 2544M->269M(7945M) 116.270ms
[516.141s][info][gc,cpu         ] GC(447) User=0.66s Sys=0.00s Real=0.12s
[517.250s][info][gc,start       ] GC(448) Pause Young (Allocation Failure)
[517.359s][info][gc,heap        ] GC(448) PSYoungGen: 2457360K(2543104K)->157024K(2550784K) Eden: 2290176K(2290176K)->0K(2299392K) From: 167184K(252928K)->157024K(251392K)
[517.359s][info][gc,heap        ] GC(448) ParOldGen: 109224K(5592576K)->113164K(5592576K)
[517.359s][info][gc,metaspace   ] GC(448) Metaspace: 23176K(23488K)->23176K(23488K) NonClass: 20377K(20544K)->20377K(20544K) Class: 2799K(2944K)->2799K(2944K)
[517.359s][info][gc             ] GC(448) Pause Young (Allocation Failure) 2506M->263M(7952M) 108.926ms
[517.359s][info][gc,cpu         ] GC(448) User=0.58s Sys=0.00s Real=0.11s
[518.545s][info][gc,start       ] GC(449) Pause Young (Allocation Failure)
[518.662s][info][gc,heap        ] GC(449) PSYoungGen: 2456416K(2550784K)->175760K(2544640K) Eden: 2299392K(2299392K)->0K(2299392K) From: 157024K(251392K)->175760K(245248K)
[518.662s][info][gc,heap        ] GC(449) ParOldGen: 113164K(5592576K)->114068K(5592576K)
[518.662s][info][gc,metaspace   ] GC(449) Metaspace: 23176K(23488K)->23176K(23488K) NonClass: 20377K(20544K)->20377K(20544K) Class: 2799K(2944K)->2799K(2944K)
[518.662s][info][gc             ] GC(449) Pause Young (Allocation Failure) 2509M->283M(7946M) 117.400ms
[518.663s][info][gc,cpu         ] GC(449) User=0.69s Sys=0.00s Real=0.12s
[519.218s][info][gc,start       ] GC(450) Pause Young (System.gc())
[519.283s][info][gc,heap        ] GC(450) PSYoungGen: 979148K(2544640K)->53328K(2536448K) Eden: 803388K(2299392K)->0K(2290176K) From: 175760K(245248K)->53328K(246272K)
[519.283s][info][gc,heap        ] GC(450) ParOldGen: 114068K(5592576K)->158544K(5592576K)
[519.283s][info][gc,metaspace   ] GC(450) Metaspace: 23176K(23488K)->23176K(23488K) NonClass: 20377K(20544K)->20377K(20544K) Class: 2799K(2944K)->2799K(2944K)
[519.283s][info][gc             ] GC(450) Pause Young (System.gc()) 1067M->206M(7938M) 65.487ms
[519.283s][info][gc,cpu         ] GC(450) User=0.30s Sys=0.00s Real=0.06s
[519.283s][info][gc,start       ] GC(451) Pause Full (System.gc())
[519.283s][info][gc,phases,start] GC(451) Marking Phase
[519.320s][info][gc,phases      ] GC(451) Marking Phase 36.199ms
[519.320s][info][gc,phases,start] GC(451) Summary Phase
[519.320s][info][gc,phases      ] GC(451) Summary Phase 0.011ms
[519.320s][info][gc,phases,start] GC(451) Adjust Roots
[519.325s][info][gc,phases      ] GC(451) Adjust Roots 4.910ms
[519.325s][info][gc,phases,start] GC(451) Compaction Phase
[519.427s][info][gc,phases      ] GC(451) Compaction Phase 101.989ms
[519.427s][info][gc,phases,start] GC(451) Post Compact
[519.428s][info][gc,phases      ] GC(451) Post Compact 1.214ms
[519.428s][info][gc,heap        ] GC(451) PSYoungGen: 53328K(2536448K)->0K(2536448K) Eden: 0K(2290176K)->0K(2290176K) From: 53328K(246272K)->0K(246272K)
[519.428s][info][gc,heap        ] GC(451) ParOldGen: 158544K(5592576K)->104371K(5592576K)
[519.428s][info][gc,metaspace   ] GC(451) Metaspace: 23176K(23488K)->23176K(23488K) NonClass: 20377K(20544K)->20377K(20544K) Class: 2799K(2944K)->2799K(2944K)
[519.428s][info][gc             ] GC(451) Pause Full (System.gc()) 206M->101M(7938M) 144.587ms
[519.428s][info][gc,cpu         ] GC(451) User=0.64s Sys=0.00s Real=0.16s
[520.487s][info][gc,start       ] GC(452) Pause Young (Allocation Failure)
[520.609s][info][gc,heap        ] GC(452) PSYoungGen: 2290176K(2536448K)->185120K(2475520K) Eden: 2290176K(2290176K)->0K(2290176K) From: 0K(246272K)->185120K(185344K)
[520.609s][info][gc,heap        ] GC(452) ParOldGen: 104371K(5592576K)->104371K(5592576K)
[520.609s][info][gc,metaspace   ] GC(452) Metaspace: 23176K(23488K)->23176K(23488K) NonClass: 20377K(20544K)->20377K(20544K) Class: 2799K(2944K)->2799K(2944K)
[520.609s][info][gc             ] GC(452) Pause Young (Allocation Failure) 2338M->282M(7879M) 121.939ms
[520.609s][info][gc,cpu         ] GC(452) User=0.64s Sys=0.00s Real=0.11s
[521.908s][info][gc,start       ] GC(453) Pause Young (Allocation Failure)
[521.989s][info][gc,heap        ] GC(453) PSYoungGen: 2475296K(2475520K)->116624K(2544128K) Eden: 2290176K(2290176K)->0K(2285568K) From: 185120K(185344K)->116624K(258560K)
[521.989s][info][gc,heap        ] GC(453) ParOldGen: 104371K(5592576K)->104711K(5592576K)
[521.989s][info][gc,metaspace   ] GC(453) Metaspace: 23176K(23488K)->23176K(23488K) NonClass: 20377K(20544K)->20377K(20544K) Class: 2799K(2944K)->2799K(2944K)
[521.989s][info][gc             ] GC(453) Pause Young (Allocation Failure) 2519M->216M(7946M) 81.384ms
[521.989s][info][gc,cpu         ] GC(453) User=0.45s Sys=0.00s Real=0.08s
[523.007s][info][gc,start       ] GC(454) Pause Young (Allocation Failure)
[523.137s][info][gc,heap        ] GC(454) PSYoungGen: 2402192K(2544128K)->193184K(2479104K) Eden: 2285568K(2285568K)->0K(2285568K) From: 116624K(258560K)->193184K(193536K)
[523.137s][info][gc,heap        ] GC(454) ParOldGen: 104711K(5592576K)->111223K(5592576K)
[523.137s][info][gc,metaspace   ] GC(454) Metaspace: 23176K(23488K)->23176K(23488K) NonClass: 20377K(20544K)->20377K(20544K) Class: 2799K(2944K)->2799K(2944K)
[523.137s][info][gc             ] GC(454) Pause Young (Allocation Failure) 2448M->297M(7882M) 129.368ms
[523.137s][info][gc,cpu         ] GC(454) User=0.77s Sys=0.00s Real=0.13s
[524.550s][info][gc,start       ] GC(455) Pause Young (Allocation Failure)
[524.640s][info][gc,heap        ] GC(455) PSYoungGen: 2478752K(2479104K)->122896K(2543616K) Eden: 2285568K(2285568K)->0K(2283520K) From: 193184K(193536K)->122896K(260096K)
[524.640s][info][gc,heap        ] GC(455) ParOldGen: 111223K(5592576K)->112231K(5592576K)
[524.640s][info][gc,metaspace   ] GC(455) Metaspace: 23176K(23488K)->23176K(23488K) NonClass: 20377K(20544K)->20377K(20544K) Class: 2799K(2944K)->2799K(2944K)
[524.640s][info][gc             ] GC(455) Pause Young (Allocation Failure) 2529M->229M(7945M) 89.713ms
[524.640s][info][gc,cpu         ] GC(455) User=0.53s Sys=0.00s Real=0.10s
[525.683s][info][gc,start       ] GC(456) Pause Young (Allocation Failure)
[525.815s][info][gc,heap        ] GC(456) PSYoungGen: 2406416K(2543616K)->194160K(2535936K) Eden: 2283520K(2283520K)->0K(2283520K) From: 122896K(260096K)->194160K(252416K)
[525.817s][info][gc,heap        ] GC(456) ParOldGen: 112231K(5592576K)->122923K(5592576K)
[525.817s][info][gc,metaspace   ] GC(456) Metaspace: 23176K(23488K)->23176K(23488K) NonClass: 20377K(20544K)->20377K(20544K) Class: 2799K(2944K)->2799K(2944K)
[525.817s][info][gc             ] GC(456) Pause Young (Allocation Failure) 2459M->309M(7938M) 134.695ms
[525.817s][info][gc,cpu         ] GC(456) User=0.77s Sys=0.00s Real=0.15s
[527.212s][info][gc,start       ] GC(457) Pause Young (Allocation Failure)
[527.307s][info][gc,heap        ] GC(457) PSYoungGen: 2477680K(2535936K)->129088K(2543616K) Eden: 2283520K(2283520K)->0K(2283520K) From: 194160K(252416K)->129088K(260096K)
[527.307s][info][gc,heap        ] GC(457) ParOldGen: 122923K(5592576K)->124803K(5592576K)
[527.307s][info][gc,metaspace   ] GC(457) Metaspace: 23176K(23488K)->23176K(23488K) NonClass: 20377K(20544K)->20377K(20544K) Class: 2799K(2944K)->2799K(2944K)
[527.307s][info][gc             ] GC(457) Pause Young (Allocation Failure) 2539M->247M(7945M) 95.401ms
[527.307s][info][gc,cpu         ] GC(457) User=0.47s Sys=0.00s Real=0.11s
[528.087s][info][gc,start       ] GC(458) Pause Young (System.gc())
[528.159s][info][gc,heap        ] GC(458) PSYoungGen: 1420908K(2543616K)->81728K(2535936K) Eden: 1291820K(2283520K)->0K(2283520K) From: 129088K(260096K)->81728K(252416K)
[528.159s][info][gc,heap        ] GC(458) ParOldGen: 124803K(5592576K)->140687K(5592576K)
[528.159s][info][gc,metaspace   ] GC(458) Metaspace: 23176K(23488K)->23176K(23488K) NonClass: 20377K(20544K)->20377K(20544K) Class: 2799K(2944K)->2799K(2944K)
[528.159s][info][gc             ] GC(458) Pause Young (System.gc()) 1509M->217M(7938M) 72.081ms
[528.159s][info][gc,cpu         ] GC(458) User=0.38s Sys=0.00s Real=0.08s
[528.159s][info][gc,start       ] GC(459) Pause Full (System.gc())
[528.159s][info][gc,phases,start] GC(459) Marking Phase
[528.195s][info][gc,phases      ] GC(459) Marking Phase 35.203ms
[528.195s][info][gc,phases,start] GC(459) Summary Phase
[528.195s][info][gc,phases      ] GC(459) Summary Phase 0.011ms
[528.195s][info][gc,phases,start] GC(459) Adjust Roots
[528.199s][info][gc,phases      ] GC(459) Adjust Roots 3.805ms
[528.199s][info][gc,phases,start] GC(459) Compaction Phase
[528.287s][info][gc,phases      ] GC(459) Compaction Phase 88.505ms
[528.287s][info][gc,phases,start] GC(459) Post Compact
[528.288s][info][gc,phases      ] GC(459) Post Compact 1.221ms
[528.288s][info][gc,heap        ] GC(459) PSYoungGen: 81728K(2535936K)->0K(2535936K) Eden: 0K(2283520K)->0K(2283520K) From: 81728K(252416K)->0K(252416K)
[528.288s][info][gc,heap        ] GC(459) ParOldGen: 140687K(5592576K)->104225K(5592576K)
[528.288s][info][gc,metaspace   ] GC(459) Metaspace: 23176K(23488K)->23176K(23488K) NonClass: 20377K(20544K)->20377K(20544K) Class: 2799K(2944K)->2799K(2944K)
[528.288s][info][gc             ] GC(459) Pause Full (System.gc()) 217M->101M(7938M) 129.108ms
[528.288s][info][gc,cpu         ] GC(459) User=0.58s Sys=0.00s Real=0.13s
[529.383s][info][gc,start       ] GC(460) Pause Young (Allocation Failure)
[529.511s][info][gc,heap        ] GC(460) PSYoungGen: 2283520K(2535936K)->196096K(2523648K) Eden: 2283520K(2283520K)->0K(2270720K) From: 0K(252416K)->196096K(252928K)
[529.511s][info][gc,heap        ] GC(460) ParOldGen: 104225K(5592576K)->104225K(5592576K)
[529.511s][info][gc,metaspace   ] GC(460) Metaspace: 23176K(23488K)->23176K(23488K) NonClass: 20377K(20544K)->20377K(20544K) Class: 2799K(2944K)->2799K(2944K)
[529.511s][info][gc             ] GC(460) Pause Young (Allocation Failure) 2331M->293M(7926M) 128.788ms
[529.511s][info][gc,cpu         ] GC(460) User=0.75s Sys=0.00s Real=0.12s
[530.815s][info][gc,start       ] GC(461) Pause Young (Allocation Failure)
[530.892s][info][gc,heap        ] GC(461) PSYoungGen: 2466816K(2523648K)->108160K(2533376K) Eden: 2270720K(2270720K)->0K(2270720K) From: 196096K(252928K)->108160K(262656K)
[530.892s][info][gc,heap        ] GC(461) ParOldGen: 104225K(5592576K)->104265K(5592576K)
[530.892s][info][gc,metaspace   ] GC(461) Metaspace: 23176K(23488K)->23176K(23488K) NonClass: 20377K(20544K)->20377K(20544K) Class: 2799K(2944K)->2799K(2944K)
[530.892s][info][gc             ] GC(461) Pause Young (Allocation Failure) 2510M->207M(7935M) 77.371ms
[530.892s][info][gc,cpu         ] GC(461) User=0.42s Sys=0.00s Real=0.08s
[531.990s][info][gc,start       ] GC(462) Pause Young (Allocation Failure)
[532.120s][info][gc,heap        ] GC(462) PSYoungGen: 2378880K(2533376K)->194784K(2523136K) Eden: 2270720K(2270720K)->0K(2265600K) From: 108160K(262656K)->194784K(257536K)
[532.120s][info][gc,heap        ] GC(462) ParOldGen: 104265K(5592576K)->108549K(5592576K)
[532.120s][info][gc,metaspace   ] GC(462) Metaspace: 23176K(23488K)->23176K(23488K) NonClass: 20377K(20544K)->20377K(20544K) Class: 2799K(2944K)->2799K(2944K)
[532.120s][info][gc             ] GC(462) Pause Young (Allocation Failure) 2424M->296M(7925M) 129.619ms
[532.120s][info][gc,cpu         ] GC(462) User=0.77s Sys=0.00s Real=0.13s
[533.539s][info][gc,start       ] GC(463) Pause Young (Allocation Failure)
[533.621s][info][gc,heap        ] GC(463) PSYoungGen: 2460384K(2523136K)->113744K(2530816K) Eden: 2265600K(2265600K)->0K(2265600K) From: 194784K(257536K)->113744K(265216K)
[533.621s][info][gc,heap        ] GC(463) ParOldGen: 108549K(5592576K)->109321K(5592576K)
[533.621s][info][gc,metaspace   ] GC(463) Metaspace: 23176K(23488K)->23176K(23488K) NonClass: 20377K(20544K)->20377K(20544K) Class: 2799K(2944K)->2799K(2944K)
[533.621s][info][gc             ] GC(463) Pause Young (Allocation Failure) 2508M->217M(7933M) 81.826ms
[533.621s][info][gc,cpu         ] GC(463) User=0.42s Sys=0.00s Real=0.08s
[534.636s][info][gc,start       ] GC(464) Pause Young (Allocation Failure)
[534.762s][info][gc,heap        ] GC(464) PSYoungGen: 2379344K(2530816K)->183376K(2530816K) Eden: 2265600K(2265600K)->0K(2271744K) From: 113744K(265216K)->183376K(259072K)
[534.762s][info][gc,heap        ] GC(464) ParOldGen: 109321K(5592576K)->115681K(5592576K)
[534.762s][info][gc,metaspace   ] GC(464) Metaspace: 23176K(23488K)->23176K(23488K) NonClass: 20377K(20544K)->20377K(20544K) Class: 2799K(2944K)->2799K(2944K)
[534.762s][info][gc             ] GC(464) Pause Young (Allocation Failure) 2430M->292M(7933M) 126.643ms
[534.762s][info][gc,cpu         ] GC(464) User=0.70s Sys=0.00s Real=0.13s
[536.254s][info][gc,start       ] GC(465) Pause Young (Allocation Failure)
[536.330s][info][gc,heap        ] GC(465) PSYoungGen: 2455120K(2530816K)->97584K(2533888K) Eden: 2271744K(2271744K)->0K(2271744K) From: 183376K(259072K)->97584K(262144K)
[536.330s][info][gc,heap        ] GC(465) ParOldGen: 115681K(5592576K)->116393K(5592576K)
[536.331s][info][gc,metaspace   ] GC(465) Metaspace: 23176K(23488K)->23176K(23488K) NonClass: 20377K(20544K)->20377K(20544K) Class: 2799K(2944K)->2799K(2944K)
[536.331s][info][gc             ] GC(465) Pause Young (Allocation Failure) 2510M->208M(7936M) 76.672ms
[536.331s][info][gc,cpu         ] GC(465) User=0.47s Sys=0.00s Real=0.08s
[537.143s][info][gc,start       ] GC(466) Pause Young (System.gc())
[537.216s][info][gc,heap        ] GC(466) PSYoungGen: 1578044K(2533888K)->97184K(2540544K) Eden: 1480460K(2271744K)->0K(2280960K) From: 97584K(262144K)->97184K(259584K)
[537.216s][info][gc,heap        ] GC(466) ParOldGen: 116393K(5592576K)->116481K(5592576K)
[537.216s][info][gc,metaspace   ] GC(466) Metaspace: 23176K(23488K)->23176K(23488K) NonClass: 20377K(20544K)->20377K(20544K) Class: 2799K(2944K)->2799K(2944K)
[537.216s][info][gc             ] GC(466) Pause Young (System.gc()) 1654M->208M(7942M) 73.278ms
[537.216s][info][gc,cpu         ] GC(466) User=0.39s Sys=0.00s Real=0.08s
[537.216s][info][gc,start       ] GC(467) Pause Full (System.gc())
[537.216s][info][gc,phases,start] GC(467) Marking Phase
[537.251s][info][gc,phases      ] GC(467) Marking Phase 34.771ms
[537.251s][info][gc,phases,start] GC(467) Summary Phase
[537.251s][info][gc,phases      ] GC(467) Summary Phase 0.011ms
[537.251s][info][gc,phases,start] GC(467) Adjust Roots
[537.255s][info][gc,phases      ] GC(467) Adjust Roots 3.875ms
[537.255s][info][gc,phases,start] GC(467) Compaction Phase
[537.340s][info][gc,phases      ] GC(467) Compaction Phase 84.721ms
[537.340s][info][gc,phases,start] GC(467) Post Compact
[537.341s][info][gc,phases      ] GC(467) Post Compact 1.265ms
[537.341s][info][gc,heap        ] GC(467) PSYoungGen: 97184K(2540544K)->0K(2540544K) Eden: 0K(2280960K)->0K(2280960K) From: 97184K(259584K)->0K(259584K)
[537.341s][info][gc,heap        ] GC(467) ParOldGen: 116481K(5592576K)->103960K(5592576K)
[537.341s][info][gc,metaspace   ] GC(467) Metaspace: 23176K(23488K)->23176K(23488K) NonClass: 20377K(20544K)->20377K(20544K) Class: 2799K(2944K)->2799K(2944K)
[537.341s][info][gc             ] GC(467) Pause Full (System.gc()) 208M->101M(7942M) 124.920ms
[537.341s][info][gc,cpu         ] GC(467) User=0.50s Sys=0.00s Real=0.13s
[538.386s][info][gc,start       ] GC(468) Pause Young (Allocation Failure)
[538.513s][info][gc,heap        ] GC(468) PSYoungGen: 2280960K(2540544K)->190032K(2471424K) Eden: 2280960K(2280960K)->0K(2280960K) From: 0K(259584K)->190032K(190464K)
[538.513s][info][gc,heap        ] GC(468) ParOldGen: 103960K(5592576K)->103960K(5592576K)
[538.513s][info][gc,metaspace   ] GC(468) Metaspace: 23176K(23488K)->23176K(23488K) NonClass: 20377K(20544K)->20377K(20544K) Class: 2799K(2944K)->2799K(2944K)
[538.513s][info][gc             ] GC(468) Pause Young (Allocation Failure) 2329M->287M(7875M) 126.924ms
[538.513s][info][gc,cpu         ] GC(468) User=0.67s Sys=0.02s Real=0.13s
[539.815s][info][gc,start       ] GC(469) Pause Young (Allocation Failure)
[539.896s][info][gc,heap        ] GC(469) PSYoungGen: 2470992K(2471424K)->114976K(2540032K) Eden: 2280960K(2280960K)->0K(2276864K) From: 190032K(190464K)->114976K(263168K)
[539.896s][info][gc,heap        ] GC(469) ParOldGen: 103960K(5592576K)->103992K(5592576K)
[539.896s][info][gc,metaspace   ] GC(469) Metaspace: 23176K(23488K)->23176K(23488K) NonClass: 20377K(20544K)->20377K(20544K) Class: 2799K(2944K)->2799K(2944K)
[539.896s][info][gc             ] GC(469) Pause Young (Allocation Failure) 2514M->213M(7942M) 81.078ms
[539.896s][info][gc,cpu         ] GC(469) User=0.38s Sys=0.00s Real=0.08s
[540.899s][info][gc,start       ] GC(470) Pause Young (Allocation Failure)
[541.030s][info][gc,heap        ] GC(470) PSYoungGen: 2391840K(2540032K)->192032K(2469376K) Eden: 2276864K(2276864K)->0K(2276864K) From: 114976K(263168K)->192032K(192512K)
[541.032s][info][gc,heap        ] GC(470) ParOldGen: 103992K(5592576K)->110596K(5592576K)
[541.032s][info][gc,metaspace   ] GC(470) Metaspace: 23176K(23488K)->23176K(23488K) NonClass: 20377K(20544K)->20377K(20544K) Class: 2799K(2944K)->2799K(2944K)
[541.032s][info][gc             ] GC(470) Pause Young (Allocation Failure) 2437M->295M(7873M) 133.457ms
[541.032s][info][gc,cpu         ] GC(470) User=0.75s Sys=0.00s Real=0.13s
[542.370s][info][gc,start       ] GC(471) Pause Young (Allocation Failure)
[542.456s][info][gc,heap        ] GC(471) PSYoungGen: 2468896K(2469376K)->115376K(2539008K) Eden: 2276864K(2276864K)->0K(2275328K) From: 192032K(192512K)->115376K(263680K)
[542.458s][info][gc,heap        ] GC(471) ParOldGen: 110596K(5592576K)->111812K(5592576K)
[542.458s][info][gc,metaspace   ] GC(471) Metaspace: 23176K(23488K)->23176K(23488K) NonClass: 20377K(20544K)->20377K(20544K) Class: 2799K(2944K)->2799K(2944K)
[542.458s][info][gc             ] GC(471) Pause Young (Allocation Failure) 2519M->221M(7941M) 87.752ms
[542.458s][info][gc,cpu         ] GC(471) User=0.50s Sys=0.00s Real=0.08s
[543.476s][info][gc,start       ] GC(472) Pause Young (Allocation Failure)
[543.600s][info][gc,heap        ] GC(472) PSYoungGen: 2390704K(2539008K)->184672K(2532352K) Eden: 2275328K(2275328K)->0K(2275328K) From: 115376K(263680K)->184672K(257024K)
[543.601s][info][gc,heap        ] GC(472) ParOldGen: 111812K(5592576K)->119192K(5592576K)
[543.601s][info][gc,metaspace   ] GC(472) Metaspace: 23176K(23488K)->23176K(23488K) NonClass: 20377K(20544K)->20377K(20544K) Class: 2799K(2944K)->2799K(2944K)
[543.601s][info][gc             ] GC(472) Pause Young (Allocation Failure) 2443M->296M(7934M) 124.738ms
[543.601s][info][gc,cpu         ] GC(472) User=0.69s Sys=0.00s Real=0.13s
[545.055s][info][gc,start       ] GC(473) Pause Young (Allocation Failure)
[545.133s][info][gc,heap        ] GC(473) PSYoungGen: 2460000K(2532352K)->101200K(2538496K) Eden: 2275328K(2275328K)->0K(2277376K) From: 184672K(257024K)->101200K(261120K)
[545.133s][info][gc,heap        ] GC(473) ParOldGen: 119192K(5592576K)->119976K(5592576K)
[545.133s][info][gc,metaspace   ] GC(473) Metaspace: 23176K(23488K)->23176K(23488K) NonClass: 20377K(20544K)->20377K(20544K) Class: 2799K(2944K)->2799K(2944K)
[545.133s][info][gc             ] GC(473) Pause Young (Allocation Failure) 2518M->215M(7940M) 77.371ms
[545.133s][info][gc,cpu         ] GC(473) User=0.39s Sys=0.00s Real=0.08s
[546.172s][info][gc,start       ] GC(474) Pause Young (System.gc())
[546.227s][info][gc,heap        ] GC(474) PSYoungGen: 1650437K(2538496K)->70112K(2534912K) Eden: 1549237K(2277376K)->0K(2277376K) From: 101200K(261120K)->70112K(257536K)
[546.227s][info][gc,heap        ] GC(474) ParOldGen: 119976K(5592576K)->120716K(5592576K)
[546.227s][info][gc,metaspace   ] GC(474) Metaspace: 23176K(23488K)->23176K(23488K) NonClass: 20377K(20544K)->20377K(20544K) Class: 2799K(2944K)->2799K(2944K)
[546.227s][info][gc             ] GC(474) Pause Young (System.gc()) 1728M->186M(7937M) 54.950ms
[546.227s][info][gc,cpu         ] GC(474) User=0.30s Sys=0.00s Real=0.06s
[546.227s][info][gc,start       ] GC(475) Pause Full (System.gc())
[546.227s][info][gc,phases,start] GC(475) Marking Phase
[546.254s][info][gc,phases      ] GC(475) Marking Phase 26.778ms
[546.254s][info][gc,phases,start] GC(475) Summary Phase
[546.254s][info][gc,phases      ] GC(475) Summary Phase 0.015ms
[546.254s][info][gc,phases,start] GC(475) Adjust Roots
[546.258s][info][gc,phases      ] GC(475) Adjust Roots 4.238ms
[546.258s][info][gc,phases,start] GC(475) Compaction Phase
[546.326s][info][gc,phases      ] GC(475) Compaction Phase 67.748ms
[546.326s][info][gc,phases,start] GC(475) Post Compact
[546.327s][info][gc,phases      ] GC(475) Post Compact 1.097ms
[546.327s][info][gc,heap        ] GC(475) PSYoungGen: 70112K(2534912K)->0K(2534912K) Eden: 0K(2277376K)->0K(2277376K) From: 70112K(257536K)->0K(257536K)
[546.327s][info][gc,heap        ] GC(475) ParOldGen: 120716K(5592576K)->77560K(5592576K)
[546.327s][info][gc,metaspace   ] GC(475) Metaspace: 23176K(23488K)->23176K(23488K) NonClass: 20377K(20544K)->20377K(20544K) Class: 2799K(2944K)->2799K(2944K)
[546.327s][info][gc             ] GC(475) Pause Full (System.gc()) 186M->75M(7937M) 100.196ms
[546.327s][info][gc,cpu         ] GC(475) User=0.41s Sys=0.00s Real=0.09s
[547.417s][info][gc,start       ] GC(476) Pause Young (Allocation Failure)
[547.547s][info][gc,heap        ] GC(476) PSYoungGen: 2277376K(2534912K)->194384K(2518528K) Eden: 2277376K(2277376K)->0K(2260480K) From: 0K(257536K)->194384K(258048K)
[547.547s][info][gc,heap        ] GC(476) ParOldGen: 77560K(5592576K)->77560K(5592576K)
[547.547s][info][gc,metaspace   ] GC(476) Metaspace: 23176K(23488K)->23176K(23488K) NonClass: 20377K(20544K)->20377K(20544K) Class: 2799K(2944K)->2799K(2944K)
[547.547s][info][gc             ] GC(476) Pause Young (Allocation Failure) 2299M->265M(7921M) 129.572ms
[547.547s][info][gc,cpu         ] GC(476) User=0.75s Sys=0.00s Real=0.12s
[549.152s][info][gc,start       ] GC(477) Pause Young (Allocation Failure)
[549.247s][info][gc,heap        ] GC(477) PSYoungGen: 2454864K(2518528K)->135008K(2528256K) Eden: 2260480K(2260480K)->0K(2260480K) From: 194384K(258048K)->135008K(267776K)
[549.247s][info][gc,heap        ] GC(477) ParOldGen: 77560K(5592576K)->77600K(5592576K)
[549.247s][info][gc,metaspace   ] GC(477) Metaspace: 23176K(23488K)->23176K(23488K) NonClass: 20377K(20544K)->20377K(20544K) Class: 2799K(2944K)->2799K(2944K)
[549.247s][info][gc             ] GC(477) Pause Young (Allocation Failure) 2473M->207M(7930M) 94.690ms
[549.247s][info][gc,cpu         ] GC(477) User=0.50s Sys=0.00s Real=0.10s
[550.252s][info][gc,start       ] GC(478) Pause Young (Allocation Failure)
[550.386s][info][gc,heap        ] GC(478) PSYoungGen: 2395488K(2528256K)->197840K(2520576K) Eden: 2260480K(2260480K)->0K(2264576K) From: 135008K(267776K)->197840K(256000K)
[550.386s][info][gc,heap        ] GC(478) ParOldGen: 77600K(5592576K)->89936K(5592576K)
[550.386s][info][gc,metaspace   ] GC(478) Metaspace: 23176K(23488K)->23176K(23488K) NonClass: 20377K(20544K)->20377K(20544K) Class: 2799K(2944K)->2799K(2944K)
[550.386s][info][gc             ] GC(478) Pause Young (Allocation Failure) 2415M->281M(7923M) 133.845ms
[550.386s][info][gc,cpu         ] GC(478) User=0.78s Sys=0.00s Real=0.14s
[551.698s][info][gc,start       ] GC(479) Pause Young (Allocation Failure)
[551.798s][info][gc,heap        ] GC(479) PSYoungGen: 2462416K(2520576K)->137664K(2530304K) Eden: 2264576K(2264576K)->0K(2264576K) From: 197840K(256000K)->137664K(265728K)
[551.798s][info][gc,heap        ] GC(479) ParOldGen: 89936K(5592576K)->91856K(5592576K)
[551.798s][info][gc,metaspace   ] GC(479) Metaspace: 23176K(23488K)->23176K(23488K) NonClass: 20377K(20544K)->20377K(20544K) Class: 2799K(2944K)->2799K(2944K)
[551.798s][info][gc             ] GC(479) Pause Young (Allocation Failure) 2492M->224M(7932M) 100.272ms
[551.798s][info][gc,cpu         ] GC(479) User=0.64s Sys=0.00s Real=0.11s
[552.774s][info][gc,start       ] GC(480) Pause Young (Allocation Failure)
[552.909s][info][gc,heap        ] GC(480) PSYoungGen: 2402240K(2530304K)->197280K(2524160K) Eden: 2264576K(2264576K)->0K(2268672K) From: 137664K(265728K)->197280K(255488K)
[552.909s][info][gc,heap        ] GC(480) ParOldGen: 91856K(5592576K)->107644K(5592576K)
[552.909s][info][gc,metaspace   ] GC(480) Metaspace: 23176K(23488K)->23176K(23488K) NonClass: 20377K(20544K)->20377K(20544K) Class: 2799K(2944K)->2799K(2944K)
[552.909s][info][gc             ] GC(480) Pause Young (Allocation Failure) 2435M->297M(7926M) 135.800ms
[552.909s][info][gc,cpu         ] GC(480) User=0.80s Sys=0.00s Real=0.14s
[554.490s][info][gc,start       ] GC(481) Pause Young (Allocation Failure)
[554.584s][info][gc,heap        ] GC(481) PSYoungGen: 2465952K(2524160K)->129280K(2532352K) Eden: 2268672K(2268672K)->0K(2268672K) From: 197280K(255488K)->129280K(263680K)
[554.584s][info][gc,heap        ] GC(481) ParOldGen: 107644K(5592576K)->111176K(5592576K)
[554.584s][info][gc,metaspace   ] GC(481) Metaspace: 23176K(23488K)->23176K(23488K) NonClass: 20377K(20544K)->20377K(20544K) Class: 2799K(2944K)->2799K(2944K)
[554.584s][info][gc             ] GC(481) Pause Young (Allocation Failure) 2513M->234M(7934M) 94.305ms
[554.584s][info][gc,cpu         ] GC(481) User=0.41s Sys=0.00s Real=0.08s
[555.362s][info][gc,start       ] GC(482) Pause Young (System.gc())
[555.437s][info][gc,heap        ] GC(482) PSYoungGen: 1422839K(2532352K)->79760K(2537984K) Eden: 1293559K(2268672K)->0K(2281984K) From: 129280K(263680K)->79760K(256000K)
[555.437s][info][gc,heap        ] GC(482) ParOldGen: 111176K(5592576K)->128712K(5592576K)
[555.437s][info][gc,metaspace   ] GC(482) Metaspace: 23176K(23488K)->23176K(23488K) NonClass: 20377K(20544K)->20377K(20544K) Class: 2799K(2944K)->2799K(2944K)
[555.437s][info][gc             ] GC(482) Pause Young (System.gc()) 1498M->203M(7940M) 74.786ms
[555.437s][info][gc,cpu         ] GC(482) User=0.39s Sys=0.00s Real=0.08s
[555.437s][info][gc,start       ] GC(483) Pause Full (System.gc())
[555.437s][info][gc,phases,start] GC(483) Marking Phase
[555.473s][info][gc,phases      ] GC(483) Marking Phase 36.317ms
[555.473s][info][gc,phases,start] GC(483) Summary Phase
[555.473s][info][gc,phases      ] GC(483) Summary Phase 0.011ms
[555.473s][info][gc,phases,start] GC(483) Adjust Roots
[555.478s][info][gc,phases      ] GC(483) Adjust Roots 4.654ms
[555.478s][info][gc,phases,start] GC(483) Compaction Phase
[555.561s][info][gc,phases      ] GC(483) Compaction Phase 82.976ms
[555.561s][info][gc,phases,start] GC(483) Post Compact
[555.562s][info][gc,phases      ] GC(483) Post Compact 1.118ms
[555.562s][info][gc,heap        ] GC(483) PSYoungGen: 79760K(2537984K)->0K(2537984K) Eden: 0K(2281984K)->0K(2281984K) From: 79760K(256000K)->0K(256000K)
[555.562s][info][gc,heap        ] GC(483) ParOldGen: 128712K(5592576K)->103908K(5592576K)
[555.562s][info][gc,metaspace   ] GC(483) Metaspace: 23176K(23488K)->23176K(23488K) NonClass: 20377K(20544K)->20377K(20544K) Class: 2799K(2944K)->2799K(2944K)
[555.562s][info][gc             ] GC(483) Pause Full (System.gc()) 203M->101M(7940M) 125.329ms
[555.562s][info][gc,cpu         ] GC(483) User=0.52s Sys=0.06s Real=0.12s
[556.672s][info][gc,start       ] GC(484) Pause Young (Allocation Failure)
[556.794s][info][gc,heap        ] GC(484) PSYoungGen: 2281984K(2537984K)->182640K(2464768K) Eden: 2281984K(2281984K)->0K(2281984K) From: 0K(256000K)->182640K(182784K)
[556.794s][info][gc,heap        ] GC(484) ParOldGen: 103908K(5592576K)->103908K(5592576K)
[556.794s][info][gc,metaspace   ] GC(484) Metaspace: 23176K(23488K)->23176K(23488K) NonClass: 20377K(20544K)->20377K(20544K) Class: 2799K(2944K)->2799K(2944K)
[556.794s][info][gc             ] GC(484) Pause Young (Allocation Failure) 2329M->279M(7868M) 122.037ms
[556.794s][info][gc,cpu         ] GC(484) User=0.69s Sys=0.00s Real=0.13s
[558.430s][info][gc,start       ] GC(485) Pause Young (Allocation Failure)
[558.513s][info][gc,heap        ] GC(485) PSYoungGen: 2464624K(2464768K)->115280K(2541568K) Eden: 2281984K(2281984K)->0K(2280960K) From: 182640K(182784K)->115280K(260608K)
[558.513s][info][gc,heap        ] GC(485) ParOldGen: 103908K(5592576K)->103948K(5592576K)
[558.513s][info][gc,metaspace   ] GC(485) Metaspace: 23176K(23488K)->23176K(23488K) NonClass: 20377K(20544K)->20377K(20544K) Class: 2799K(2944K)->2799K(2944K)
[558.513s][info][gc             ] GC(485) Pause Young (Allocation Failure) 2508M->214M(7943M) 82.556ms
[558.513s][info][gc,cpu         ] GC(485) User=0.50s Sys=0.00s Real=0.08s
[559.545s][info][gc,start       ] GC(486) Pause Young (Allocation Failure)
[559.674s][info][gc,heap        ] GC(486) PSYoungGen: 2396240K(2541568K)->193472K(2474496K) Eden: 2280960K(2280960K)->0K(2280960K) From: 115280K(260608K)->193472K(193536K)
[559.674s][info][gc,heap        ] GC(486) ParOldGen: 103948K(5592576K)->109748K(5592576K)
[559.674s][info][gc,metaspace   ] GC(486) Metaspace: 23176K(23488K)->23176K(23488K) NonClass: 20377K(20544K)->20377K(20544K) Class: 2799K(2944K)->2799K(2944K)
[559.674s][info][gc             ] GC(486) Pause Young (Allocation Failure) 2441M->296M(7878M) 129.387ms
[559.674s][info][gc,cpu         ] GC(486) User=0.75s Sys=0.00s Real=0.12s
[561.181s][info][gc,start       ] GC(487) Pause Young (Allocation Failure)
[561.243s][info][gc,heap        ] GC(487) PSYoungGen: 2474432K(2474496K)->88752K(2535424K) Eden: 2280960K(2280960K)->0K(2273280K) From: 193472K(193536K)->88752K(262144K)
[561.243s][info][gc,heap        ] GC(487) ParOldGen: 109748K(5592576K)->111788K(5592576K)
[561.243s][info][gc,metaspace   ] GC(487) Metaspace: 23176K(23488K)->23176K(23488K) NonClass: 20377K(20544K)->20377K(20544K) Class: 2799K(2944K)->2799K(2944K)
[561.243s][info][gc             ] GC(487) Pause Young (Allocation Failure) 2523M->195M(7937M) 62.615ms
[561.243s][info][gc,cpu         ] GC(487) User=0.31s Sys=0.00s Real=0.06s
[562.275s][info][gc,start       ] GC(488) Pause Young (Allocation Failure)
[562.407s][info][gc,heap        ] GC(488) PSYoungGen: 2362032K(2535424K)->196944K(2470400K) Eden: 2273280K(2273280K)->0K(2273280K) From: 88752K(262144K)->196944K(197120K)
[562.407s][info][gc,heap        ] GC(488) ParOldGen: 111788K(5592576K)->118088K(5592576K)
[562.407s][info][gc,metaspace   ] GC(488) Metaspace: 23176K(23488K)->23176K(23488K) NonClass: 20377K(20544K)->20377K(20544K) Class: 2799K(2944K)->2799K(2944K)
[562.407s][info][gc             ] GC(488) Pause Young (Allocation Failure) 2415M->307M(7874M) 132.711ms
[562.407s][info][gc,cpu         ] GC(488) User=0.77s Sys=0.00s Real=0.14s
[563.889s][info][gc,start       ] GC(489) Pause Young (Allocation Failure)
[563.973s][info][gc,heap        ] GC(489) PSYoungGen: 2470224K(2470400K)->115984K(2533888K) Eden: 2273280K(2273280K)->0K(2264576K) From: 196944K(197120K)->115984K(269312K)
[563.973s][info][gc,heap        ] GC(489) ParOldGen: 118088K(5592576K)->118804K(5592576K)
[563.973s][info][gc,metaspace   ] GC(489) Metaspace: 23176K(23488K)->23176K(23488K) NonClass: 20377K(20544K)->20377K(20544K) Class: 2799K(2944K)->2799K(2944K)
[563.973s][info][gc             ] GC(489) Pause Young (Allocation Failure) 2527M->229M(7936M) 83.790ms
[563.973s][info][gc,cpu         ] GC(489) User=0.52s Sys=0.00s Real=0.08s
[564.795s][info][gc,start       ] GC(490) Pause Young (System.gc())
[564.866s][info][gc,heap        ] GC(490) PSYoungGen: 1494300K(2533888K)->87760K(2526720K) Eden: 1378316K(2264576K)->0K(2264576K) From: 115984K(269312K)->87760K(262144K)
[564.866s][info][gc,heap        ] GC(490) ParOldGen: 118804K(5592576K)->128536K(5592576K)
[564.866s][info][gc,metaspace   ] GC(490) Metaspace: 23179K(23488K)->23179K(23488K) NonClass: 20379K(20544K)->20379K(20544K) Class: 2799K(2944K)->2799K(2944K)
[564.866s][info][gc             ] GC(490) Pause Young (System.gc()) 1575M->211M(7929M) 71.635ms
[564.866s][info][gc,cpu         ] GC(490) User=0.47s Sys=0.00s Real=0.08s
[564.866s][info][gc,start       ] GC(491) Pause Full (System.gc())
[564.866s][info][gc,phases,start] GC(491) Marking Phase
[564.902s][info][gc,phases      ] GC(491) Marking Phase 35.896ms
[564.902s][info][gc,phases,start] GC(491) Summary Phase
[564.902s][info][gc,phases      ] GC(491) Summary Phase 0.011ms
[564.902s][info][gc,phases,start] GC(491) Adjust Roots
[564.906s][info][gc,phases      ] GC(491) Adjust Roots 3.898ms
[564.906s][info][gc,phases,start] GC(491) Compaction Phase
[564.995s][info][gc,phases      ] GC(491) Compaction Phase 88.532ms
[564.995s][info][gc,phases,start] GC(491) Post Compact
[564.996s][info][gc,phases      ] GC(491) Post Compact 1.143ms
[564.996s][info][gc,heap        ] GC(491) PSYoungGen: 87760K(2526720K)->0K(2526720K) Eden: 0K(2264576K)->0K(2264576K) From: 87760K(262144K)->0K(262144K)
[564.996s][info][gc,heap        ] GC(491) ParOldGen: 128536K(5592576K)->104111K(5592576K)
[564.996s][info][gc,metaspace   ] GC(491) Metaspace: 23179K(23488K)->23179K(23488K) NonClass: 20379K(20544K)->20379K(20544K) Class: 2799K(2944K)->2799K(2944K)
[564.996s][info][gc             ] GC(491) Pause Full (System.gc()) 211M->101M(7929M) 129.771ms
[564.996s][info][gc,cpu         ] GC(491) User=0.56s Sys=0.00s Real=0.12s
[566.077s][info][gc,start       ] GC(492) Pause Young (Allocation Failure)
[566.198s][info][gc,heap        ] GC(492) PSYoungGen: 2264576K(2526720K)->179328K(2529792K) Eden: 2264576K(2264576K)->0K(2269696K) From: 0K(262144K)->179328K(260096K)
[566.198s][info][gc,heap        ] GC(492) ParOldGen: 104111K(5592576K)->104111K(5592576K)
[566.198s][info][gc,metaspace   ] GC(492) Metaspace: 23188K(23488K)->23188K(23488K) NonClass: 20388K(20544K)->20388K(20544K) Class: 2799K(2944K)->2799K(2944K)
[566.198s][info][gc             ] GC(492) Pause Young (Allocation Failure) 2313M->276M(7932M) 121.298ms
[566.198s][info][gc,cpu         ] GC(492) User=0.67s Sys=0.00s Real=0.12s
[567.476s][info][gc,start       ] GC(493) Pause Young (Allocation Failure)
[567.564s][info][gc,heap        ] GC(493) PSYoungGen: 2449024K(2529792K)->114672K(2532864K) Eden: 2269696K(2269696K)->0K(2269696K) From: 179328K(260096K)->114672K(263168K)
[567.564s][info][gc,heap        ] GC(493) ParOldGen: 104111K(5592576K)->104751K(5592576K)
[567.564s][info][gc,metaspace   ] GC(493) Metaspace: 23188K(23488K)->23188K(23488K) NonClass: 20388K(20544K)->20388K(20544K) Class: 2799K(2944K)->2799K(2944K)
[567.564s][info][gc             ] GC(493) Pause Young (Allocation Failure) 2493M->214M(7935M) 87.848ms
[567.564s][info][gc,cpu         ] GC(493) User=0.56s Sys=0.00s Real=0.09s
[568.720s][info][gc,start       ] GC(494) Pause Young (Allocation Failure)
[568.835s][info][gc,heap        ] GC(494) PSYoungGen: 2384368K(2532864K)->171296K(2540032K) Eden: 2269696K(2269696K)->0K(2284032K) From: 114672K(263168K)->171296K(256000K)
[568.835s][info][gc,heap        ] GC(494) ParOldGen: 104751K(5592576K)->105180K(5592576K)
[568.835s][info][gc,metaspace   ] GC(494) Metaspace: 23188K(23488K)->23188K(23488K) NonClass: 20388K(20544K)->20388K(20544K) Class: 2799K(2944K)->2799K(2944K)
[568.835s][info][gc             ] GC(494) Pause Young (Allocation Failure) 2430M->269M(7942M) 114.470ms
[568.835s][info][gc,cpu         ] GC(494) User=0.59s Sys=0.00s Real=0.12s
[570.136s][info][gc,start       ] GC(495) Pause Young (Allocation Failure)
[570.214s][info][gc,heap        ] GC(495) PSYoungGen: 2455328K(2540032K)->104224K(2540032K) Eden: 2284032K(2284032K)->0K(2284032K) From: 171296K(256000K)->104224K(256000K)
[570.214s][info][gc,heap        ] GC(495) ParOldGen: 105180K(5592576K)->105512K(5592576K)
[570.214s][info][gc,metaspace   ] GC(495) Metaspace: 23188K(23488K)->23188K(23488K) NonClass: 20388K(20544K)->20388K(20544K) Class: 2799K(2944K)->2799K(2944K)
[570.214s][info][gc             ] GC(495) Pause Young (Allocation Failure) 2500M->204M(7942M) 77.472ms
[570.214s][info][gc,cpu         ] GC(495) User=0.39s Sys=0.00s Real=0.08s
[571.366s][info][gc,start       ] GC(496) Pause Young (Allocation Failure)
[571.492s][info][gc,heap        ] GC(496) PSYoungGen: 2388256K(2540032K)->188160K(2531328K) Eden: 2284032K(2284032K)->0K(2279936K) From: 104224K(256000K)->188160K(251392K)
[571.494s][info][gc,heap        ] GC(496) ParOldGen: 105512K(5592576K)->106072K(5592576K)
[571.494s][info][gc,metaspace   ] GC(496) Metaspace: 23188K(23488K)->23188K(23488K) NonClass: 20388K(20544K)->20388K(20544K) Class: 2799K(2944K)->2799K(2944K)
[571.494s][info][gc             ] GC(496) Pause Young (Allocation Failure) 2435M->287M(7933M) 128.190ms
[571.494s][info][gc,cpu         ] GC(496) User=0.67s Sys=0.00s Real=0.14s
[572.789s][info][gc,start       ] GC(497) Pause Young (Allocation Failure)
[572.868s][info][gc,heap        ] GC(497) PSYoungGen: 2468096K(2531328K)->108768K(2537984K) Eden: 2279936K(2279936K)->0K(2279936K) From: 188160K(251392K)->108768K(258048K)
[572.870s][info][gc,heap        ] GC(497) ParOldGen: 106072K(5592576K)->106104K(5592576K)
[572.870s][info][gc,metaspace   ] GC(497) Metaspace: 23188K(23488K)->23188K(23488K) NonClass: 20388K(20544K)->20388K(20544K) Class: 2799K(2944K)->2799K(2944K)
[572.870s][info][gc             ] GC(497) Pause Young (Allocation Failure) 2513M->209M(7940M) 80.762ms
[572.870s][info][gc,cpu         ] GC(497) User=0.39s Sys=0.00s Real=0.08s
[573.748s][info][gc,start       ] GC(498) Pause Young (System.gc())
[573.819s][info][gc,heap        ] GC(498) PSYoungGen: 1645293K(2537984K)->97504K(2547200K) Eden: 1536525K(2279936K)->0K(2294272K) From: 108768K(258048K)->97504K(252928K)
[573.820s][info][gc,heap        ] GC(498) ParOldGen: 106104K(5592576K)->106112K(5592576K)
[573.820s][info][gc,metaspace   ] GC(498) Metaspace: 23188K(23488K)->23188K(23488K) NonClass: 20388K(20544K)->20388K(20544K) Class: 2799K(2944K)->2799K(2944K)
[573.820s][info][gc             ] GC(498) Pause Young (System.gc()) 1710M->198M(7949M) 71.742ms
[573.820s][info][gc,cpu         ] GC(498) User=0.38s Sys=0.00s Real=0.06s
[573.820s][info][gc,start       ] GC(499) Pause Full (System.gc())
[573.820s][info][gc,phases,start] GC(499) Marking Phase
[573.855s][info][gc,phases      ] GC(499) Marking Phase 35.518ms
[573.855s][info][gc,phases,start] GC(499) Summary Phase
[573.855s][info][gc,phases      ] GC(499) Summary Phase 0.012ms
[573.855s][info][gc,phases,start] GC(499) Adjust Roots
[573.859s][info][gc,phases      ] GC(499) Adjust Roots 3.858ms
[573.859s][info][gc,phases,start] GC(499) Compaction Phase
[573.952s][info][gc,phases      ] GC(499) Compaction Phase 93.204ms
[573.952s][info][gc,phases,start] GC(499) Post Compact
[573.954s][info][gc,phases      ] GC(499) Post Compact 1.128ms
[573.954s][info][gc,heap        ] GC(499) PSYoungGen: 97504K(2547200K)->0K(2547200K) Eden: 0K(2294272K)->0K(2294272K) From: 97504K(252928K)->0K(252928K)
[573.954s][info][gc,heap        ] GC(499) ParOldGen: 106112K(5592576K)->104243K(5592576K)
[573.954s][info][gc,metaspace   ] GC(499) Metaspace: 23188K(23488K)->23188K(23488K) NonClass: 20388K(20544K)->20388K(20544K) Class: 2799K(2944K)->2799K(2944K)
[573.954s][info][gc             ] GC(499) Pause Full (System.gc()) 198M->101M(7949M) 134.018ms
[573.954s][info][gc,cpu         ] GC(499) User=0.56s Sys=0.00s Real=0.14s
[574.865s][info][gc,start       ] GC(500) Pause Young (Allocation Failure)
[575.002s][info][gc,heap        ] GC(500) PSYoungGen: 2294272K(2547200K)->210768K(2505216K) Eden: 2294272K(2294272K)->0K(2294272K) From: 0K(252928K)->210768K(210944K)
[575.002s][info][gc,heap        ] GC(500) ParOldGen: 104243K(5592576K)->104243K(5592576K)
[575.002s][info][gc,metaspace   ] GC(500) Metaspace: 23188K(23488K)->23188K(23488K) NonClass: 20388K(20544K)->20388K(20544K) Class: 2799K(2944K)->2799K(2944K)
[575.002s][info][gc             ] GC(500) Pause Young (Allocation Failure) 2342M->307M(7908M) 137.040ms
[575.002s][info][gc,cpu         ] GC(500) User=0.78s Sys=0.00s Real=0.14s
[576.355s][info][gc,start       ] GC(501) Pause Young (Allocation Failure)
[576.450s][info][gc,heap        ] GC(501) PSYoungGen: 2505040K(2505216K)->131296K(2541056K) Eden: 2294272K(2294272K)->0K(2275840K) From: 210768K(210944K)->131296K(265216K)
[576.450s][info][gc,heap        ] GC(501) ParOldGen: 104243K(5592576K)->104267K(5592576K)
[576.450s][info][gc,metaspace   ] GC(501) Metaspace: 23188K(23488K)->23188K(23488K) NonClass: 20388K(20544K)->20388K(20544K) Class: 2799K(2944K)->2799K(2944K)
[576.450s][info][gc             ] GC(501) Pause Young (Allocation Failure) 2548M->230M(7943M) 95.632ms
[576.450s][info][gc,cpu         ] GC(501) User=0.50s Sys=0.00s Real=0.10s
[577.508s][info][gc,start       ] GC(502) Pause Young (Allocation Failure)
[577.641s][info][gc,heap        ] GC(502) PSYoungGen: 2407136K(2541056K)->192176K(2530816K) Eden: 2275840K(2275840K)->0K(2275840K) From: 131296K(265216K)->192176K(254976K)
[577.641s][info][gc,heap        ] GC(502) ParOldGen: 104267K(5592576K)->114467K(5592576K)
[577.641s][info][gc,metaspace   ] GC(502) Metaspace: 23188K(23488K)->23188K(23488K) NonClass: 20388K(20544K)->20388K(20544K) Class: 2799K(2944K)->2799K(2944K)
[577.641s][info][gc             ] GC(502) Pause Young (Allocation Failure) 2452M->299M(7933M) 132.554ms
[577.641s][info][gc,cpu         ] GC(502) User=0.70s Sys=0.00s Real=0.14s
[579.055s][info][gc,start       ] GC(503) Pause Young (Allocation Failure)
[579.153s][info][gc,heap        ] GC(503) PSYoungGen: 2468016K(2530816K)->129632K(2542080K) Eden: 2275840K(2275840K)->0K(2279936K) From: 192176K(254976K)->129632K(262144K)
[579.153s][info][gc,heap        ] GC(503) ParOldGen: 114467K(5592576K)->116823K(5592576K)
[579.153s][info][gc,metaspace   ] GC(503) Metaspace: 23188K(23488K)->23188K(23488K) NonClass: 20388K(20544K)->20388K(20544K) Class: 2799K(2944K)->2799K(2944K)
[579.153s][info][gc             ] GC(503) Pause Young (Allocation Failure) 2521M->240M(7944M) 97.954ms
[579.153s][info][gc,cpu         ] GC(503) User=0.56s Sys=0.00s Real=0.09s
[580.148s][info][gc,start       ] GC(504) Pause Young (Allocation Failure)
[580.285s][info][gc,heap        ] GC(504) PSYoungGen: 2409568K(2542080K)->196400K(2533888K) Eden: 2279936K(2279936K)->0K(2279936K) From: 129632K(262144K)->196400K(253952K)
[580.285s][info][gc,heap        ] GC(504) ParOldGen: 116823K(5592576K)->130007K(5592576K)
[580.285s][info][gc,metaspace   ] GC(504) Metaspace: 23188K(23488K)->23188K(23488K) NonClass: 20388K(20544K)->20388K(20544K) Class: 2799K(2944K)->2799K(2944K)
[580.285s][info][gc             ] GC(504) Pause Young (Allocation Failure) 2467M->318M(7936M) 136.810ms
[580.285s][info][gc,cpu         ] GC(504) User=0.78s Sys=0.00s Real=0.14s
[581.725s][info][gc,start       ] GC(505) Pause Young (Allocation Failure)
[581.814s][info][gc,heap        ] GC(505) PSYoungGen: 2476336K(2533888K)->123456K(2540544K) Eden: 2279936K(2279936K)->0K(2278400K) From: 196400K(253952K)->123456K(262144K)
[581.814s][info][gc,heap        ] GC(505) ParOldGen: 130007K(5592576K)->132983K(5592576K)
[581.814s][info][gc,metaspace   ] GC(505) Metaspace: 23188K(23488K)->23188K(23488K) NonClass: 20388K(20544K)->20388K(20544K) Class: 2799K(2944K)->2799K(2944K)
[581.814s][info][gc             ] GC(505) Pause Young (Allocation Failure) 2545M->250M(7942M) 88.982ms
[581.814s][info][gc,cpu         ] GC(505) User=0.52s Sys=0.00s Real=0.08s
[582.626s][info][gc,start       ] GC(506) Pause Young (System.gc())
[582.696s][info][gc,heap        ] GC(506) PSYoungGen: 1482302K(2540544K)->83904K(2533888K) Eden: 1358846K(2278400K)->0K(2278400K) From: 123456K(262144K)->83904K(255488K)
[582.696s][info][gc,heap        ] GC(506) ParOldGen: 132983K(5592576K)->146615K(5592576K)
[582.697s][info][gc,metaspace   ] GC(506) Metaspace: 23188K(23488K)->23188K(23488K) NonClass: 20388K(20544K)->20388K(20544K) Class: 2799K(2944K)->2799K(2944K)
[582.697s][info][gc             ] GC(506) Pause Young (System.gc()) 1577M->225M(7936M) 70.949ms
[582.697s][info][gc,cpu         ] GC(506) User=0.38s Sys=0.00s Real=0.06s
[582.697s][info][gc,start       ] GC(507) Pause Full (System.gc())
[582.697s][info][gc,phases,start] GC(507) Marking Phase
[582.734s][info][gc,phases      ] GC(507) Marking Phase 37.160ms
[582.734s][info][gc,phases,start] GC(507) Summary Phase
[582.734s][info][gc,phases      ] GC(507) Summary Phase 0.011ms
[582.734s][info][gc,phases,start] GC(507) Adjust Roots
[582.739s][info][gc,phases      ] GC(507) Adjust Roots 4.823ms
[582.739s][info][gc,phases,start] GC(507) Compaction Phase
[582.822s][info][gc,phases      ] GC(507) Compaction Phase 83.515ms
[582.822s][info][gc,phases,start] GC(507) Post Compact
[582.824s][info][gc,phases      ] GC(507) Post Compact 1.356ms
[582.824s][info][gc,heap        ] GC(507) PSYoungGen: 83904K(2533888K)->0K(2533888K) Eden: 0K(2278400K)->0K(2278400K) From: 83904K(255488K)->0K(255488K)
[582.824s][info][gc,heap        ] GC(507) ParOldGen: 146615K(5592576K)->104193K(5592576K)
[582.824s][info][gc,metaspace   ] GC(507) Metaspace: 23188K(23488K)->23188K(23488K) NonClass: 20388K(20544K)->20388K(20544K) Class: 2799K(2944K)->2799K(2944K)
[582.824s][info][gc             ] GC(507) Pause Full (System.gc()) 225M->101M(7936M) 127.156ms
[582.824s][info][gc,cpu         ] GC(507) User=0.56s Sys=0.00s Real=0.14s
[583.903s][info][gc,start       ] GC(508) Pause Young (Allocation Failure)
[584.026s][info][gc,heap        ] GC(508) PSYoungGen: 2278400K(2533888K)->182016K(2533376K) Eden: 2278400K(2278400K)->0K(2277888K) From: 0K(255488K)->182016K(255488K)
[584.028s][info][gc,heap        ] GC(508) ParOldGen: 104193K(5592576K)->104193K(5592576K)
[584.028s][info][gc,metaspace   ] GC(508) Metaspace: 23189K(23488K)->23189K(23488K) NonClass: 20389K(20544K)->20389K(20544K) Class: 2799K(2944K)->2799K(2944K)
[584.028s][info][gc             ] GC(508) Pause Young (Allocation Failure) 2326M->279M(7935M) 124.951ms
[584.028s][info][gc,cpu         ] GC(508) User=0.67s Sys=0.00s Real=0.13s
[585.423s][info][gc,start       ] GC(509) Pause Young (Allocation Failure)
[585.498s][info][gc,heap        ] GC(509) PSYoungGen: 2459904K(2533376K)->99280K(2536960K) Eden: 2277888K(2277888K)->0K(2277888K) From: 182016K(255488K)->99280K(259072K)
[585.498s][info][gc,heap        ] GC(509) ParOldGen: 104193K(5592576K)->104225K(5592576K)
[585.498s][info][gc,metaspace   ] GC(509) Metaspace: 23189K(23488K)->23189K(23488K) NonClass: 20389K(20544K)->20389K(20544K) Class: 2799K(2944K)->2799K(2944K)
[585.498s][info][gc             ] GC(509) Pause Young (Allocation Failure) 2504M->198M(7939M) 75.096ms
[585.498s][info][gc,cpu         ] GC(509) User=0.39s Sys=0.00s Real=0.08s
[586.515s][info][gc,start       ] GC(510) Pause Young (Allocation Failure)
[586.641s][info][gc,heap        ] GC(510) PSYoungGen: 2377168K(2536960K)->187952K(2528256K) Eden: 2277888K(2277888K)->0K(2272768K) From: 99280K(259072K)->187952K(255488K)
[586.641s][info][gc,heap        ] GC(510) ParOldGen: 104225K(5592576K)->104225K(5592576K)
[586.641s][info][gc,metaspace   ] GC(510) Metaspace: 23189K(23488K)->23189K(23488K) NonClass: 20389K(20544K)->20389K(20544K) Class: 2799K(2944K)->2799K(2944K)
[586.641s][info][gc             ] GC(510) Pause Young (Allocation Failure) 2423M->285M(7930M) 125.472ms
[586.641s][info][gc,cpu         ] GC(510) User=0.70s Sys=0.00s Real=0.12s
[587.971s][info][gc,start       ] GC(511) Pause Young (Allocation Failure)
[588.050s][info][gc,heap        ] GC(511) PSYoungGen: 2460720K(2528256K)->108512K(2534400K) Eden: 2272768K(2272768K)->0K(2272768K) From: 187952K(255488K)->108512K(261632K)
[588.050s][info][gc,heap        ] GC(511) ParOldGen: 104225K(5592576K)->104233K(5592576K)
[588.050s][info][gc,metaspace   ] GC(511) Metaspace: 23189K(23488K)->23189K(23488K) NonClass: 20389K(20544K)->20389K(20544K) Class: 2799K(2944K)->2799K(2944K)
[588.050s][info][gc             ] GC(511) Pause Young (Allocation Failure) 2504M->207M(7936M) 78.696ms
[588.050s][info][gc,cpu         ] GC(511) User=0.41s Sys=0.00s Real=0.09s
[589.118s][info][gc,start       ] GC(512) Pause Young (Allocation Failure)
[589.245s][info][gc,heap        ] GC(512) PSYoungGen: 2381280K(2534400K)->190336K(2527232K) Eden: 2272768K(2272768K)->0K(2270720K) From: 108512K(261632K)->190336K(256512K)
[589.245s][info][gc,heap        ] GC(512) ParOldGen: 104233K(5592576K)->104233K(5592576K)
[589.245s][info][gc,metaspace   ] GC(512) Metaspace: 23189K(23488K)->23189K(23488K) NonClass: 20389K(20544K)->20389K(20544K) Class: 2799K(2944K)->2799K(2944K)
[589.245s][info][gc             ] GC(512) Pause Young (Allocation Failure) 2427M->287M(7929M) 126.294ms
[589.245s][info][gc,cpu         ] GC(512) User=0.72s Sys=0.00s Real=0.13s
[590.702s][info][gc,start       ] GC(513) Pause Young (Allocation Failure)
[590.781s][info][gc,heap        ] GC(513) PSYoungGen: 2461056K(2527232K)->107408K(2533376K) Eden: 2270720K(2270720K)->0K(2270720K) From: 190336K(256512K)->107408K(262656K)
[590.781s][info][gc,heap        ] GC(513) ParOldGen: 104233K(5592576K)->104249K(5592576K)
[590.781s][info][gc,metaspace   ] GC(513) Metaspace: 23205K(23552K)->23205K(23552K) NonClass: 20405K(20608K)->20405K(20608K) Class: 2799K(2944K)->2799K(2944K)
[590.781s][info][gc             ] GC(513) Pause Young (Allocation Failure) 2505M->206M(7935M) 79.748ms
[590.781s][info][gc,cpu         ] GC(513) User=0.44s Sys=0.00s Real=0.08s
[591.665s][info][gc,start       ] GC(514) Pause Young (System.gc())
[591.738s][info][gc,heap        ] GC(514) PSYoungGen: 1604922K(2533376K)->92512K(2541056K) Eden: 1497513K(2270720K)->0K(2283008K) From: 107408K(262656K)->92512K(258048K)
[591.738s][info][gc,heap        ] GC(514) ParOldGen: 104249K(5592576K)->109113K(5592576K)
[591.738s][info][gc,metaspace   ] GC(514) Metaspace: 23205K(23552K)->23205K(23552K) NonClass: 20405K(20608K)->20405K(20608K) Class: 2799K(2944K)->2799K(2944K)
[591.738s][info][gc             ] GC(514) Pause Young (System.gc()) 1669M->196M(7943M) 73.794ms
[591.738s][info][gc,cpu         ] GC(514) User=0.47s Sys=0.00s Real=0.08s
[591.739s][info][gc,start       ] GC(515) Pause Full (System.gc())
[591.739s][info][gc,phases,start] GC(515) Marking Phase
[591.773s][info][gc,phases      ] GC(515) Marking Phase 34.286ms
[591.773s][info][gc,phases,start] GC(515) Summary Phase
[591.773s][info][gc,phases      ] GC(515) Summary Phase 0.011ms
[591.773s][info][gc,phases,start] GC(515) Adjust Roots
[591.777s][info][gc,phases      ] GC(515) Adjust Roots 3.874ms
[591.777s][info][gc,phases,start] GC(515) Compaction Phase
[591.862s][info][gc,phases      ] GC(515) Compaction Phase 85.389ms
[591.862s][info][gc,phases,start] GC(515) Post Compact
[591.863s][info][gc,phases      ] GC(515) Post Compact 1.117ms
[591.863s][info][gc,heap        ] GC(515) PSYoungGen: 92512K(2541056K)->0K(2541056K) Eden: 0K(2283008K)->0K(2283008K) From: 92512K(258048K)->0K(258048K)
[591.863s][info][gc,heap        ] GC(515) ParOldGen: 109113K(5592576K)->104021K(5592576K)
[591.863s][info][gc,metaspace   ] GC(515) Metaspace: 23205K(23552K)->23205K(23552K) NonClass: 20405K(20608K)->20405K(20608K) Class: 2799K(2944K)->2799K(2944K)
[591.863s][info][gc             ] GC(515) Pause Full (System.gc()) 196M->101M(7943M) 124.952ms
[591.863s][info][gc,cpu         ] GC(515) User=0.52s Sys=0.00s Real=0.13s
[592.903s][info][gc,start       ] GC(516) Pause Young (Allocation Failure)
[593.035s][info][gc,heap        ] GC(516) PSYoungGen: 2283008K(2541056K)->200000K(2483200K) Eden: 2283008K(2283008K)->0K(2283008K) From: 0K(258048K)->200000K(200192K)
[593.035s][info][gc,heap        ] GC(516) ParOldGen: 104021K(5592576K)->104021K(5592576K)
[593.035s][info][gc,metaspace   ] GC(516) Metaspace: 23206K(23552K)->23206K(23552K) NonClass: 20407K(20608K)->20407K(20608K) Class: 2799K(2944K)->2799K(2944K)
[593.035s][info][gc             ] GC(516) Pause Young (Allocation Failure) 2331M->296M(7886M) 132.143ms
[593.036s][info][gc,cpu         ] GC(516) User=0.84s Sys=0.00s Real=0.14s
[594.434s][info][gc,start       ] GC(517) Pause Young (Allocation Failure)
[594.518s][info][gc,heap        ] GC(517) PSYoungGen: 2483008K(2483200K)->111696K(2536448K) Eden: 2283008K(2283008K)->0K(2270208K) From: 200000K(200192K)->111696K(266240K)
[594.518s][info][gc,heap        ] GC(517) ParOldGen: 104021K(5592576K)->104061K(5592576K)
[594.518s][info][gc,metaspace   ] GC(517) Metaspace: 23206K(23552K)->23206K(23552K) NonClass: 20407K(20608K)->20407K(20608K) Class: 2799K(2944K)->2799K(2944K)
[594.518s][info][gc             ] GC(517) Pause Young (Allocation Failure) 2526M->210M(7938M) 83.634ms
[594.518s][info][gc,cpu         ] GC(517) User=0.50s Sys=0.00s Real=0.08s
[595.563s][info][gc,start       ] GC(518) Pause Young (Allocation Failure)
[595.690s][info][gc,heap        ] GC(518) PSYoungGen: 2381904K(2536448K)->186304K(2529792K) Eden: 2270208K(2270208K)->0K(2270208K) From: 111696K(266240K)->186304K(259584K)
[595.690s][info][gc,heap        ] GC(518) ParOldGen: 104061K(5592576K)->109481K(5592576K)
[595.690s][info][gc,metaspace   ] GC(518) Metaspace: 23206K(23552K)->23206K(23552K) NonClass: 20407K(20608K)->20407K(20608K) Class: 2799K(2944K)->2799K(2944K)
[595.690s][info][gc             ] GC(518) Pause Young (Allocation Failure) 2427M->288M(7932M) 127.111ms
[595.690s][info][gc,cpu         ] GC(518) User=0.61s Sys=0.00s Real=0.12s
[597.106s][info][gc,start       ] GC(519) Pause Young (Allocation Failure)
[597.181s][info][gc,heap        ] GC(519) PSYoungGen: 2456512K(2529792K)->99744K(2535424K) Eden: 2270208K(2270208K)->0K(2270720K) From: 186304K(259584K)->99744K(264704K)
[597.181s][info][gc,heap        ] GC(519) ParOldGen: 109481K(5592576K)->110553K(5592576K)
[597.181s][info][gc,metaspace   ] GC(519) Metaspace: 23206K(23552K)->23206K(23552K) NonClass: 20407K(20608K)->20407K(20608K) Class: 2799K(2944K)->2799K(2944K)
[597.181s][info][gc             ] GC(519) Pause Young (Allocation Failure) 2505M->205M(7937M) 74.849ms
[597.181s][info][gc,cpu         ] GC(519) User=0.39s Sys=0.00s Real=0.06s
[598.246s][info][gc,start       ] GC(520) Pause Young (Allocation Failure)
[598.371s][info][gc,heap        ] GC(520) PSYoungGen: 2370464K(2535424K)->186464K(2457600K) Eden: 2270720K(2270720K)->0K(2270720K) From: 99744K(264704K)->186464K(186880K)
[598.371s][info][gc,heap        ] GC(520) ParOldGen: 110553K(5592576K)->111617K(5592576K)
[598.371s][info][gc,metaspace   ] GC(520) Metaspace: 23206K(23552K)->23206K(23552K) NonClass: 20407K(20608K)->20407K(20608K) Class: 2799K(2944K)->2799K(2944K)
[598.371s][info][gc             ] GC(520) Pause Young (Allocation Failure) 2422M->291M(7861M) 124.879ms
[598.371s][info][gc,cpu         ] GC(520) User=0.69s Sys=0.00s Real=0.13s
[599.780s][info][gc,start       ] GC(521) Pause Young (Allocation Failure)
[599.858s][info][gc,heap        ] GC(521) PSYoungGen: 2457184K(2457600K)->100688K(2534912K) Eden: 2270720K(2270720K)->0K(2269696K) From: 186464K(186880K)->100688K(265216K)
[599.858s][info][gc,heap        ] GC(521) ParOldGen: 111617K(5592576K)->112241K(5592576K)
[599.858s][info][gc,metaspace   ] GC(521) Metaspace: 23206K(23552K)->23206K(23552K) NonClass: 20407K(20608K)->20407K(20608K) Class: 2799K(2944K)->2799K(2944K)
[599.858s][info][gc             ] GC(521) Pause Young (Allocation Failure) 2508M->207M(7937M) 77.956ms
[599.858s][info][gc,cpu         ] GC(521) User=0.39s Sys=0.00s Real=0.08s
[600.828s][info][gc,start       ] GC(522) Pause Young (System.gc())
[600.905s][info][gc,heap        ] GC(522) PSYoungGen: 1614345K(2534912K)->97216K(2530816K) Eden: 1513657K(2269696K)->0K(2269696K) From: 100688K(265216K)->97216K(261120K)
[600.905s][info][gc,heap        ] GC(522) ParOldGen: 112241K(5592576K)->112265K(5592576K)
[600.905s][info][gc,metaspace   ] GC(522) Metaspace: 23206K(23552K)->23206K(23552K) NonClass: 20407K(20608K)->20407K(20608K) Class: 2799K(2944K)->2799K(2944K)
[600.905s][info][gc             ] GC(522) Pause Young (System.gc()) 1686M->204M(7933M) 76.556ms
[600.905s][info][gc,cpu         ] GC(522) User=0.38s Sys=0.00s Real=0.08s
[600.905s][info][gc,start       ] GC(523) Pause Full (System.gc())
[600.905s][info][gc,phases,start] GC(523) Marking Phase
[600.940s][info][gc,phases      ] GC(523) Marking Phase 35.311ms
[600.940s][info][gc,phases,start] GC(523) Summary Phase
[600.940s][info][gc,phases      ] GC(523) Summary Phase 0.011ms
[600.940s][info][gc,phases,start] GC(523) Adjust Roots
[600.944s][info][gc,phases      ] GC(523) Adjust Roots 4.005ms
[600.944s][info][gc,phases,start] GC(523) Compaction Phase
[601.021s][info][gc,phases      ] GC(523) Compaction Phase 76.360ms
[601.021s][info][gc,phases,start] GC(523) Post Compact
[601.022s][info][gc,phases      ] GC(523) Post Compact 1.126ms
[601.022s][info][gc,heap        ] GC(523) PSYoungGen: 97216K(2530816K)->0K(2530816K) Eden: 0K(2269696K)->0K(2269696K) From: 97216K(261120K)->0K(261120K)
[601.022s][info][gc,heap        ] GC(523) ParOldGen: 112265K(5592576K)->103944K(5592576K)
[601.022s][info][gc,metaspace   ] GC(523) Metaspace: 23206K(23552K)->23206K(23552K) NonClass: 20407K(20608K)->20407K(20608K) Class: 2799K(2944K)->2799K(2944K)
[601.022s][info][gc             ] GC(523) Pause Full (System.gc()) 204M->101M(7933M) 117.106ms
[601.022s][info][gc,cpu         ] GC(523) User=0.56s Sys=0.00s Real=0.11s
[602.074s][info][gc,start       ] GC(524) Pause Young (Allocation Failure)
[602.201s][info][gc,heap        ] GC(524) PSYoungGen: 2269696K(2530816K)->189184K(2524160K) Eden: 2269696K(2269696K)->0K(2267648K) From: 0K(261120K)->189184K(256512K)
[602.201s][info][gc,heap        ] GC(524) ParOldGen: 103944K(5592576K)->103944K(5592576K)
[602.201s][info][gc,metaspace   ] GC(524) Metaspace: 23206K(23552K)->23206K(23552K) NonClass: 20407K(20608K)->20407K(20608K) Class: 2799K(2944K)->2799K(2944K)
[602.201s][info][gc             ] GC(524) Pause Young (Allocation Failure) 2318M->286M(7926M) 126.797ms
[602.201s][info][gc,cpu         ] GC(524) User=0.69s Sys=0.00s Real=0.13s
[603.546s][info][gc,start       ] GC(525) Pause Young (Allocation Failure)
[603.619s][info][gc,heap        ] GC(525) PSYoungGen: 2456832K(2524160K)->97232K(2531840K) Eden: 2267648K(2267648K)->0K(2267648K) From: 189184K(256512K)->97232K(264192K)
[603.619s][info][gc,heap        ] GC(525) ParOldGen: 103944K(5592576K)->103976K(5592576K)
[603.619s][info][gc,metaspace   ] GC(525) Metaspace: 23206K(23552K)->23206K(23552K) NonClass: 20407K(20608K)->20407K(20608K) Class: 2799K(2944K)->2799K(2944K)
[603.619s][info][gc             ] GC(525) Pause Young (Allocation Failure) 2500M->196M(7934M) 73.831ms
[603.619s][info][gc,cpu         ] GC(525) User=0.47s Sys=0.00s Real=0.06s
[604.687s][info][gc,start       ] GC(526) Pause Young (Allocation Failure)
[604.808s][info][gc,heap        ] GC(526) PSYoungGen: 2364880K(2531840K)->180832K(2529280K) Eden: 2267648K(2267648K)->0K(2269696K) From: 97232K(264192K)->180832K(259584K)
[604.809s][info][gc,heap        ] GC(526) ParOldGen: 103976K(5592576K)->104084K(5592576K)
[604.809s][info][gc,metaspace   ] GC(526) Metaspace: 23206K(23552K)->23206K(23552K) NonClass: 20407K(20608K)->20407K(20608K) Class: 2799K(2944K)->2799K(2944K)
[604.809s][info][gc             ] GC(526) Pause Young (Allocation Failure) 2410M->278M(7931M) 121.911ms
[604.809s][info][gc,cpu         ] GC(526) User=0.67s Sys=0.00s Real=0.13s
[606.190s][info][gc,start       ] GC(527) Pause Young (Allocation Failure)
[606.276s][info][gc,heap        ] GC(527) PSYoungGen: 2450528K(2529280K)->119344K(2532864K) Eden: 2269696K(2269696K)->0K(2269696K) From: 180832K(259584K)->119344K(263168K)
[606.276s][info][gc,heap        ] GC(527) ParOldGen: 104084K(5592576K)->105220K(5592576K)
[606.276s][info][gc,metaspace   ] GC(527) Metaspace: 23206K(23552K)->23206K(23552K) NonClass: 20407K(20608K)->20407K(20608K) Class: 2799K(2944K)->2799K(2944K)
[606.276s][info][gc             ] GC(527) Pause Young (Allocation Failure) 2494M->219M(7935M) 85.152ms
[606.276s][info][gc,cpu         ] GC(527) User=0.52s Sys=0.00s Real=0.08s
[607.460s][info][gc,start       ] GC(528) Pause Young (Allocation Failure)
[607.580s][info][gc,heap        ] GC(528) PSYoungGen: 2389040K(2532864K)->174864K(2537984K) Eden: 2269696K(2269696K)->0K(2283008K) From: 119344K(263168K)->174864K(254976K)
[607.580s][info][gc,heap        ] GC(528) ParOldGen: 105220K(5592576K)->105652K(5592576K)
[607.580s][info][gc,metaspace   ] GC(528) Metaspace: 23206K(23552K)->23206K(23552K) NonClass: 20407K(20608K)->20407K(20608K) Class: 2799K(2944K)->2799K(2944K)
[607.580s][info][gc             ] GC(528) Pause Young (Allocation Failure) 2435M->273M(7940M) 120.344ms
[607.580s][info][gc,cpu         ] GC(528) User=0.70s Sys=0.00s Real=0.12s
[608.862s][info][gc,start       ] GC(529) Pause Young (Allocation Failure)
[608.953s][info][gc,heap        ] GC(529) PSYoungGen: 2457872K(2537984K)->129824K(2539520K) Eden: 2283008K(2283008K)->0K(2283008K) From: 174864K(254976K)->129824K(256512K)
[608.953s][info][gc,heap        ] GC(529) ParOldGen: 105652K(5592576K)->107664K(5592576K)
[608.953s][info][gc,metaspace   ] GC(529) Metaspace: 23206K(23552K)->23206K(23552K) NonClass: 20407K(20608K)->20407K(20608K) Class: 2799K(2944K)->2799K(2944K)
[608.953s][info][gc             ] GC(529) Pause Young (Allocation Failure) 2503M->231M(7941M) 90.898ms
[608.953s][info][gc,cpu         ] GC(529) User=0.56s Sys=0.00s Real=0.09s
[609.916s][info][gc,start       ] GC(530) Pause Young (System.gc())
[609.990s][info][gc,heap        ] GC(530) PSYoungGen: 1738597K(2539520K)->97568K(2551808K) Eden: 1608773K(2283008K)->0K(2304512K) From: 129824K(256512K)->97568K(247296K)
[609.992s][info][gc,heap        ] GC(530) ParOldGen: 107664K(5592576K)->108272K(5592576K)
[609.992s][info][gc,metaspace   ] GC(530) Metaspace: 23209K(23552K)->23209K(23552K) NonClass: 20407K(20608K)->20407K(20608K) Class: 2801K(2944K)->2801K(2944K)
[609.993s][info][gc             ] GC(530) Pause Young (System.gc()) 1802M->201M(7953M) 76.977ms
[609.993s][info][gc,cpu         ] GC(530) User=0.39s Sys=0.00s Real=0.08s
[609.993s][info][gc,start       ] GC(531) Pause Full (System.gc())
[609.993s][info][gc,phases,start] GC(531) Marking Phase
[610.027s][info][gc,phases      ] GC(531) Marking Phase 34.839ms
[610.028s][info][gc,phases,start] GC(531) Summary Phase
[610.028s][info][gc,phases      ] GC(531) Summary Phase 0.012ms
[610.028s][info][gc,phases,start] GC(531) Adjust Roots
[610.032s][info][gc,phases      ] GC(531) Adjust Roots 4.575ms
[610.032s][info][gc,phases,start] GC(531) Compaction Phase
[610.125s][info][gc,phases      ] GC(531) Compaction Phase 92.608ms
[610.125s][info][gc,phases,start] GC(531) Post Compact
[610.126s][info][gc,phases      ] GC(531) Post Compact 1.177ms
[610.126s][info][gc,heap        ] GC(531) PSYoungGen: 97568K(2551808K)->0K(2551808K) Eden: 0K(2304512K)->0K(2304512K) From: 97568K(247296K)->0K(247296K)
[610.126s][info][gc,heap        ] GC(531) ParOldGen: 108272K(5592576K)->104267K(5592576K)
[610.126s][info][gc,metaspace   ] GC(531) Metaspace: 23209K(23552K)->23209K(23552K) NonClass: 20407K(20608K)->20407K(20608K) Class: 2801K(2944K)->2801K(2944K)
[610.126s][info][gc             ] GC(531) Pause Full (System.gc()) 201M->101M(7953M) 133.507ms
[610.126s][info][gc,cpu         ] GC(531) User=0.52s Sys=0.00s Real=0.14s
[611.223s][info][gc,start       ] GC(532) Pause Young (Allocation Failure)
[611.352s][info][gc,heap        ] GC(532) PSYoungGen: 2304512K(2551808K)->192688K(2497536K) Eden: 2304512K(2304512K)->0K(2304512K) From: 0K(247296K)->192688K(193024K)
[611.352s][info][gc,heap        ] GC(532) ParOldGen: 104267K(5592576K)->104267K(5592576K)
[611.352s][info][gc,metaspace   ] GC(532) Metaspace: 23209K(23552K)->23209K(23552K) NonClass: 20407K(20608K)->20407K(20608K) Class: 2801K(2944K)->2801K(2944K)
[611.352s][info][gc             ] GC(532) Pause Young (Allocation Failure) 2352M->289M(7900M) 129.178ms
[611.352s][info][gc,cpu         ] GC(532) User=0.75s Sys=0.00s Real=0.12s
[612.764s][info][gc,start       ] GC(533) Pause Young (Allocation Failure)
[612.842s][info][gc,heap        ] GC(533) PSYoungGen: 2497200K(2497536K)->108096K(2547200K) Eden: 2304512K(2304512K)->0K(2292736K) From: 192688K(193024K)->108096K(254464K)
[612.842s][info][gc,heap        ] GC(533) ParOldGen: 104267K(5592576K)->104307K(5592576K)
[612.842s][info][gc,metaspace   ] GC(533) Metaspace: 23209K(23552K)->23209K(23552K) NonClass: 20407K(20608K)->20407K(20608K) Class: 2801K(2944K)->2801K(2944K)
[612.842s][info][gc             ] GC(533) Pause Young (Allocation Failure) 2540M->207M(7949M) 78.770ms
[612.842s][info][gc,cpu         ] GC(533) User=0.48s Sys=0.00s Real=0.08s
[613.915s][info][gc,start       ] GC(534) Pause Young (Allocation Failure)
[614.044s][info][gc,heap        ] GC(534) PSYoungGen: 2400832K(2547200K)->192352K(2485248K) Eden: 2292736K(2292736K)->0K(2292736K) From: 108096K(254464K)->192352K(192512K)
[614.044s][info][gc,heap        ] GC(534) ParOldGen: 104307K(5592576K)->108551K(5592576K)
[614.044s][info][gc,metaspace   ] GC(534) Metaspace: 23209K(23552K)->23209K(23552K) NonClass: 20407K(20608K)->20407K(20608K) Class: 2801K(2944K)->2801K(2944K)
[614.044s][info][gc             ] GC(534) Pause Young (Allocation Failure) 2446M->293M(7888M) 129.357ms
[614.044s][info][gc,cpu         ] GC(534) User=0.75s Sys=0.00s Real=0.12s
[615.522s][info][gc,start       ] GC(535) Pause Young (Allocation Failure)
[615.606s][info][gc,heap        ] GC(535) PSYoungGen: 2485088K(2485248K)->108560K(2543616K) Eden: 2292736K(2292736K)->0K(2286080K) From: 192352K(192512K)->108560K(257536K)
[615.607s][info][gc,heap        ] GC(535) ParOldGen: 108551K(5592576K)->110195K(5592576K)
[615.607s][info][gc,metaspace   ] GC(535) Metaspace: 23209K(23552K)->23209K(23552K) NonClass: 20407K(20608K)->20407K(20608K) Class: 2801K(2944K)->2801K(2944K)
[615.607s][info][gc             ] GC(535) Pause Young (Allocation Failure) 2532M->213M(7945M) 84.956ms
[615.607s][info][gc,cpu         ] GC(535) User=0.47s Sys=0.00s Real=0.08s
[616.638s][info][gc,start       ] GC(536) Pause Young (Allocation Failure)
[616.765s][info][gc,heap        ] GC(536) PSYoungGen: 2394640K(2543616K)->189760K(2476032K) Eden: 2286080K(2286080K)->0K(2286080K) From: 108560K(257536K)->189760K(189952K)
[616.765s][info][gc,heap        ] GC(536) ParOldGen: 110195K(5592576K)->113095K(5592576K)
[616.765s][info][gc,metaspace   ] GC(536) Metaspace: 23209K(23552K)->23209K(23552K) NonClass: 20407K(20608K)->20407K(20608K) Class: 2801K(2944K)->2801K(2944K)
[616.765s][info][gc             ] GC(536) Pause Young (Allocation Failure) 2446M->295M(7879M) 127.514ms
[616.765s][info][gc,cpu         ] GC(536) User=0.70s Sys=0.00s Real=0.13s
[618.069s][info][gc,start       ] GC(537) Pause Young (Allocation Failure)
[618.158s][info][gc,heap        ] GC(537) PSYoungGen: 2475840K(2476032K)->126480K(2544640K) Eden: 2286080K(2286080K)->0K(2285056K) From: 189760K(189952K)->126480K(259584K)
[618.158s][info][gc,heap        ] GC(537) ParOldGen: 113095K(5592576K)->114135K(5592576K)
[618.158s][info][gc,metaspace   ] GC(537) Metaspace: 23209K(23552K)->23209K(23552K) NonClass: 20407K(20608K)->20407K(20608K) Class: 2801K(2944K)->2801K(2944K)
[618.158s][info][gc             ] GC(537) Pause Young (Allocation Failure) 2528M->234M(7946M) 89.767ms
[618.158s][info][gc,cpu         ] GC(537) User=0.55s Sys=0.00s Real=0.09s
[618.921s][info][gc,start       ] GC(538) Pause Young (System.gc())
[618.992s][info][gc,heap        ] GC(538) PSYoungGen: 1481585K(2544640K)->83120K(2536448K) Eden: 1355105K(2285056K)->0K(2285056K) From: 126480K(259584K)->83120K(251392K)
[618.992s][info][gc,heap        ] GC(538) ParOldGen: 114135K(5592576K)->129115K(5592576K)
[618.992s][info][gc,metaspace   ] GC(538) Metaspace: 23209K(23552K)->23209K(23552K) NonClass: 20407K(20608K)->20407K(20608K) Class: 2801K(2944K)->2801K(2944K)
[618.992s][info][gc             ] GC(538) Pause Young (System.gc()) 1558M->207M(7938M) 70.814ms
[618.992s][info][gc,cpu         ] GC(538) User=0.39s Sys=0.00s Real=0.08s
[618.992s][info][gc,start       ] GC(539) Pause Full (System.gc())
[618.992s][info][gc,phases,start] GC(539) Marking Phase
[619.028s][info][gc,phases      ] GC(539) Marking Phase 35.766ms
[619.028s][info][gc,phases,start] GC(539) Summary Phase
[619.028s][info][gc,phases      ] GC(539) Summary Phase 0.011ms
[619.028s][info][gc,phases,start] GC(539) Adjust Roots
[619.032s][info][gc,phases      ] GC(539) Adjust Roots 4.656ms
[619.032s][info][gc,phases,start] GC(539) Compaction Phase
[619.125s][info][gc,phases      ] GC(539) Compaction Phase 92.243ms
[619.125s][info][gc,phases,start] GC(539) Post Compact
[619.126s][info][gc,phases      ] GC(539) Post Compact 1.109ms
[619.126s][info][gc,heap        ] GC(539) PSYoungGen: 83120K(2536448K)->0K(2536448K) Eden: 0K(2285056K)->0K(2285056K) From: 83120K(251392K)->0K(251392K)
[619.126s][info][gc,heap        ] GC(539) ParOldGen: 129115K(5592576K)->104104K(5592576K)
[619.126s][info][gc,metaspace   ] GC(539) Metaspace: 23209K(23552K)->23209K(23552K) NonClass: 20407K(20608K)->20407K(20608K) Class: 2801K(2944K)->2801K(2944K)
[619.126s][info][gc             ] GC(539) Pause Full (System.gc()) 207M->101M(7938M) 134.040ms
[619.126s][info][gc,cpu         ] GC(539) User=0.53s Sys=0.02s Real=0.13s
[620.159s][info][gc,start       ] GC(540) Pause Young (Allocation Failure)
[620.282s][info][gc,heap        ] GC(540) PSYoungGen: 2285056K(2536448K)->185984K(2531840K) Eden: 2285056K(2285056K)->0K(2280960K) From: 0K(251392K)->185984K(250880K)
[620.282s][info][gc,heap        ] GC(540) ParOldGen: 104104K(5592576K)->104104K(5592576K)
[620.282s][info][gc,metaspace   ] GC(540) Metaspace: 23209K(23552K)->23209K(23552K) NonClass: 20407K(20608K)->20407K(20608K) Class: 2801K(2944K)->2801K(2944K)
[620.282s][info][gc             ] GC(540) Pause Young (Allocation Failure) 2333M->283M(7934M) 123.452ms
[620.282s][info][gc,cpu         ] GC(540) User=0.66s Sys=0.00s Real=0.12s
[621.734s][info][gc,start       ] GC(541) Pause Young (Allocation Failure)
[621.811s][info][gc,heap        ] GC(541) PSYoungGen: 2466944K(2531840K)->106704K(2538496K) Eden: 2280960K(2280960K)->0K(2280960K) From: 185984K(250880K)->106704K(257536K)
[621.811s][info][gc,heap        ] GC(541) ParOldGen: 104104K(5592576K)->104144K(5592576K)
[621.811s][info][gc,metaspace   ] GC(541) Metaspace: 23209K(23552K)->23209K(23552K) NonClass: 20407K(20608K)->20407K(20608K) Class: 2801K(2944K)->2801K(2944K)
[621.811s][info][gc             ] GC(541) Pause Young (Allocation Failure) 2510M->205M(7940M) 77.698ms
[621.812s][info][gc,cpu         ] GC(541) User=0.39s Sys=0.00s Real=0.07s
[622.871s][info][gc,start       ] GC(542) Pause Young (Allocation Failure)
[622.999s][info][gc,heap        ] GC(542) PSYoungGen: 2387664K(2538496K)->186400K(2531328K) Eden: 2280960K(2280960K)->0K(2278912K) From: 106704K(257536K)->186400K(252416K)
[622.999s][info][gc,heap        ] GC(542) ParOldGen: 104144K(5592576K)->107060K(5592576K)
[622.999s][info][gc,metaspace   ] GC(542) Metaspace: 23209K(23552K)->23209K(23552K) NonClass: 20407K(20608K)->20407K(20608K) Class: 2801K(2944K)->2801K(2944K)
[622.999s][info][gc             ] GC(542) Pause Young (Allocation Failure) 2433M->286M(7933M) 128.772ms
[623.000s][info][gc,cpu         ] GC(542) User=0.77s Sys=0.02s Real=0.14s
[624.370s][info][gc,start       ] GC(543) Pause Young (Allocation Failure)
[624.446s][info][gc,heap        ] GC(543) PSYoungGen: 2465312K(2531328K)->104592K(2537472K) Eden: 2278912K(2278912K)->0K(2278912K) From: 186400K(252416K)->104592K(258560K)
[624.447s][info][gc,heap        ] GC(543) ParOldGen: 107060K(5592576K)->107928K(5592576K)
[624.447s][info][gc,metaspace   ] GC(543) Metaspace: 23209K(23552K)->23209K(23552K) NonClass: 20407K(20608K)->20407K(20608K) Class: 2801K(2944K)->2801K(2944K)
[624.447s][info][gc             ] GC(543) Pause Young (Allocation Failure) 2512M->207M(7939M) 76.213ms
[624.447s][info][gc,cpu         ] GC(543) User=0.39s Sys=0.00s Real=0.08s
[625.641s][info][gc,start       ] GC(544) Pause Young (Allocation Failure)
[625.767s][info][gc,heap        ] GC(544) PSYoungGen: 2383504K(2537472K)->184304K(2532352K) Eden: 2278912K(2278912K)->0K(2278912K) From: 104592K(258560K)->184304K(253440K)
[625.767s][info][gc,heap        ] GC(544) ParOldGen: 107928K(5592576K)->107944K(5592576K)
[625.767s][info][gc,metaspace   ] GC(544) Metaspace: 23209K(23552K)->23209K(23552K) NonClass: 20407K(20608K)->20407K(20608K) Class: 2801K(2944K)->2801K(2944K)
[625.767s][info][gc             ] GC(544) Pause Young (Allocation Failure) 2433M->285M(7934M) 125.882ms
[625.767s][info][gc,cpu         ] GC(544) User=0.69s Sys=0.00s Real=0.13s
[627.108s][info][gc,start       ] GC(545) Pause Young (Allocation Failure)
[627.188s][info][gc,heap        ] GC(545) PSYoungGen: 2463216K(2532352K)->110080K(2537472K) Eden: 2278912K(2278912K)->0K(2278912K) From: 184304K(253440K)->110080K(258560K)
[627.189s][info][gc,heap        ] GC(545) ParOldGen: 107944K(5592576K)->108460K(5592576K)
[627.189s][info][gc,metaspace   ] GC(545) Metaspace: 23209K(23552K)->23209K(23552K) NonClass: 20407K(20608K)->20407K(20608K) Class: 2801K(2944K)->2801K(2944K)
[627.189s][info][gc             ] GC(545) Pause Young (Allocation Failure) 2510M->213M(7939M) 80.580ms
[627.189s][info][gc,cpu         ] GC(545) User=0.39s Sys=0.00s Real=0.08s
[628.095s][info][gc,start       ] GC(546) Pause Young (System.gc())
[628.170s][info][gc,heap        ] GC(546) PSYoungGen: 1662328K(2537472K)->97440K(2546688K) Eden: 1552248K(2278912K)->0K(2293760K) From: 110080K(258560K)->97440K(252928K)
[628.170s][info][gc,heap        ] GC(546) ParOldGen: 108460K(5592576K)->109156K(5592576K)
[628.170s][info][gc,metaspace   ] GC(546) Metaspace: 23209K(23552K)->23209K(23552K) NonClass: 20407K(20608K)->20407K(20608K) Class: 2801K(2944K)->2801K(2944K)
[628.170s][info][gc             ] GC(546) Pause Young (System.gc()) 1729M->201M(7948M) 75.882ms
[628.170s][info][gc,cpu         ] GC(546) User=0.42s Sys=0.00s Real=0.08s
[628.171s][info][gc,start       ] GC(547) Pause Full (System.gc())
[628.171s][info][gc,phases,start] GC(547) Marking Phase
[628.207s][info][gc,phases      ] GC(547) Marking Phase 36.298ms
[628.207s][info][gc,phases,start] GC(547) Summary Phase
[628.207s][info][gc,phases      ] GC(547) Summary Phase 0.011ms
[628.207s][info][gc,phases,start] GC(547) Adjust Roots
[628.211s][info][gc,phases      ] GC(547) Adjust Roots 3.838ms
[628.211s][info][gc,phases,start] GC(547) Compaction Phase
[628.303s][info][gc,phases      ] GC(547) Compaction Phase 91.804ms
[628.303s][info][gc,phases,start] GC(547) Post Compact
[628.304s][info][gc,phases      ] GC(547) Post Compact 1.142ms
[628.304s][info][gc,heap        ] GC(547) PSYoungGen: 97440K(2546688K)->0K(2546688K) Eden: 0K(2293760K)->0K(2293760K) From: 97440K(252928K)->0K(252928K)
[628.304s][info][gc,heap        ] GC(547) ParOldGen: 109156K(5592576K)->104179K(5592576K)
[628.304s][info][gc,metaspace   ] GC(547) Metaspace: 23209K(23552K)->23209K(23552K) NonClass: 20407K(20608K)->20407K(20608K) Class: 2801K(2944K)->2801K(2944K)
[628.304s][info][gc             ] GC(547) Pause Full (System.gc()) 201M->101M(7948M) 133.382ms
[628.304s][info][gc,cpu         ] GC(547) User=0.50s Sys=0.00s Real=0.14s
[629.422s][info][gc,start       ] GC(548) Pause Young (Allocation Failure)
[629.551s][info][gc,heap        ] GC(548) PSYoungGen: 2293760K(2546688K)->185136K(2479104K) Eden: 2293760K(2293760K)->0K(2293760K) From: 0K(252928K)->185136K(185344K)
[629.551s][info][gc,heap        ] GC(548) ParOldGen: 104179K(5592576K)->104179K(5592576K)
[629.551s][info][gc,metaspace   ] GC(548) Metaspace: 23209K(23552K)->23209K(23552K) NonClass: 20407K(20608K)->20407K(20608K) Class: 2801K(2944K)->2801K(2944K)
[629.551s][info][gc             ] GC(548) Pause Young (Allocation Failure) 2341M->282M(7882M) 128.862ms
[629.551s][info][gc,cpu         ] GC(548) User=0.75s Sys=0.00s Real=0.13s
[630.905s][info][gc,start       ] GC(549) Pause Young (Allocation Failure)
[630.982s][info][gc,heap        ] GC(549) PSYoungGen: 2478896K(2479104K)->106336K(2545664K) Eden: 2293760K(2293760K)->0K(2289664K) From: 185136K(185344K)->106336K(256000K)
[630.982s][info][gc,heap        ] GC(549) ParOldGen: 104179K(5592576K)->104211K(5592576K)
[630.982s][info][gc,metaspace   ] GC(549) Metaspace: 23209K(23552K)->23209K(23552K) NonClass: 20407K(20608K)->20407K(20608K) Class: 2801K(2944K)->2801K(2944K)
[630.982s][info][gc             ] GC(549) Pause Young (Allocation Failure) 2522M->205M(7947M) 77.654ms
[630.982s][info][gc,cpu         ] GC(549) User=0.48s Sys=0.00s Real=0.08s
[632.068s][info][gc,start       ] GC(550) Pause Young (Allocation Failure)
[632.192s][info][gc,heap        ] GC(550) PSYoungGen: 2396000K(2545664K)->184000K(2473984K) Eden: 2289664K(2289664K)->0K(2289664K) From: 106336K(256000K)->184000K(184320K)
[632.194s][info][gc,heap        ] GC(550) ParOldGen: 104211K(5592576K)->104211K(5592576K)
[632.194s][info][gc,metaspace   ] GC(550) Metaspace: 23209K(23552K)->23209K(23552K) NonClass: 20407K(20608K)->20407K(20608K) Class: 2801K(2944K)->2801K(2944K)
[632.194s][info][gc             ] GC(550) Pause Young (Allocation Failure) 2441M->281M(7877M) 126.350ms
[632.194s][info][gc,cpu         ] GC(550) User=0.67s Sys=0.00s Real=0.14s
[633.504s][info][gc,start       ] GC(551) Pause Young (Allocation Failure)
[633.577s][info][gc,heap        ] GC(551) PSYoungGen: 2473664K(2473984K)->99248K(2543616K) Eden: 2289664K(2289664K)->0K(2287104K) From: 184000K(184320K)->99248K(256512K)
[633.579s][info][gc,heap        ] GC(551) ParOldGen: 104211K(5592576K)->104219K(5592576K)
[633.579s][info][gc,metaspace   ] GC(551) Metaspace: 23209K(23552K)->23209K(23552K) NonClass: 20407K(20608K)->20407K(20608K) Class: 2801K(2944K)->2801K(2944K)
[633.579s][info][gc             ] GC(551) Pause Young (Allocation Failure) 2517M->198M(7945M) 74.723ms
[633.579s][info][gc,cpu         ] GC(551) User=0.38s Sys=0.00s Real=0.06s
[634.593s][info][gc,start       ] GC(552) Pause Young (Allocation Failure)
[634.723s][info][gc,heap        ] GC(552) PSYoungGen: 2386352K(2543616K)->197488K(2484736K) Eden: 2287104K(2287104K)->0K(2287104K) From: 99248K(256512K)->197488K(197632K)
[634.723s][info][gc,heap        ] GC(552) ParOldGen: 104219K(5592576K)->105272K(5592576K)
[634.723s][info][gc,metaspace   ] GC(552) Metaspace: 23209K(23552K)->23209K(23552K) NonClass: 20407K(20608K)->20407K(20608K) Class: 2801K(2944K)->2801K(2944K)
[634.723s][info][gc             ] GC(552) Pause Young (Allocation Failure) 2432M->295M(7888M) 129.872ms
[634.723s][info][gc,cpu         ] GC(552) User=0.72s Sys=0.00s Real=0.13s
[636.148s][info][gc,start       ] GC(553) Pause Young (Allocation Failure)
[636.230s][info][gc,heap        ] GC(553) PSYoungGen: 2484592K(2484736K)->112128K(2539520K) Eden: 2287104K(2287104K)->0K(2276352K) From: 197488K(197632K)->112128K(263168K)
[636.230s][info][gc,heap        ] GC(553) ParOldGen: 105272K(5592576K)->106048K(5592576K)
[636.230s][info][gc,metaspace   ] GC(553) Metaspace: 23209K(23552K)->23209K(23552K) NonClass: 20407K(20608K)->20407K(20608K) Class: 2801K(2944K)->2801K(2944K)
[636.230s][info][gc             ] GC(553) Pause Young (Allocation Failure) 2529M->213M(7941M) 81.911ms
[636.230s][info][gc,cpu         ] GC(553) User=0.56s Sys=0.00s Real=0.09s
[636.987s][info][gc,start       ] GC(554) Pause Young (System.gc())
[637.059s][info][gc,heap        ] GC(554) PSYoungGen: 1520152K(2539520K)->90720K(2532864K) Eden: 1408023K(2276352K)->0K(2276352K) From: 112128K(263168K)->90720K(256512K)
[637.059s][info][gc,heap        ] GC(554) ParOldGen: 106048K(5592576K)->113172K(5592576K)
[637.059s][info][gc,metaspace   ] GC(554) Metaspace: 23209K(23552K)->23209K(23552K) NonClass: 20407K(20608K)->20407K(20608K) Class: 2801K(2944K)->2801K(2944K)
[637.059s][info][gc             ] GC(554) Pause Young (System.gc()) 1588M->199M(7935M) 71.683ms
[637.059s][info][gc,cpu         ] GC(554) User=0.38s Sys=0.00s Real=0.06s
[637.059s][info][gc,start       ] GC(555) Pause Full (System.gc())
[637.059s][info][gc,phases,start] GC(555) Marking Phase
[637.095s][info][gc,phases      ] GC(555) Marking Phase 36.032ms
[637.095s][info][gc,phases,start] GC(555) Summary Phase
[637.095s][info][gc,phases      ] GC(555) Summary Phase 0.011ms
[637.095s][info][gc,phases,start] GC(555) Adjust Roots
[637.099s][info][gc,phases      ] GC(555) Adjust Roots 3.858ms
[637.099s][info][gc,phases,start] GC(555) Compaction Phase
[637.179s][info][gc,phases      ] GC(555) Compaction Phase 80.306ms
[637.179s][info][gc,phases,start] GC(555) Post Compact
[637.181s][info][gc,phases      ] GC(555) Post Compact 1.347ms
[637.181s][info][gc,heap        ] GC(555) PSYoungGen: 90720K(2532864K)->0K(2532864K) Eden: 0K(2276352K)->0K(2276352K) From: 90720K(256512K)->0K(256512K)
[637.181s][info][gc,heap        ] GC(555) ParOldGen: 113172K(5592576K)->104509K(5592576K)
[637.181s][info][gc,metaspace   ] GC(555) Metaspace: 23209K(23552K)->23209K(23552K) NonClass: 20407K(20608K)->20407K(20608K) Class: 2801K(2944K)->2801K(2944K)
[637.181s][info][gc             ] GC(555) Pause Full (System.gc()) 199M->102M(7935M) 121.897ms
[637.181s][info][gc,cpu         ] GC(555) User=0.45s Sys=0.00s Real=0.13s
[638.217s][info][gc,start       ] GC(556) Pause Young (Allocation Failure)
[638.345s][info][gc,heap        ] GC(556) PSYoungGen: 2276352K(2532864K)->195808K(2521088K) Eden: 2276352K(2276352K)->0K(2267648K) From: 0K(256512K)->195808K(253440K)
[638.346s][info][gc,heap        ] GC(556) ParOldGen: 104509K(5592576K)->104509K(5592576K)
[638.346s][info][gc,metaspace   ] GC(556) Metaspace: 23209K(23552K)->23209K(23552K) NonClass: 20407K(20608K)->20407K(20608K) Class: 2801K(2944K)->2801K(2944K)
[638.346s][info][gc             ] GC(556) Pause Young (Allocation Failure) 2325M->293M(7923M) 128.652ms
[638.346s][info][gc,cpu         ] GC(556) User=0.72s Sys=0.00s Real=0.13s
[639.639s][info][gc,start       ] GC(557) Pause Young (Allocation Failure)
[639.725s][info][gc,heap        ] GC(557) PSYoungGen: 2463456K(2521088K)->107392K(2531840K) Eden: 2267648K(2267648K)->0K(2267648K) From: 195808K(253440K)->107392K(264192K)
[639.725s][info][gc,heap        ] GC(557) ParOldGen: 104509K(5592576K)->104557K(5592576K)
[639.725s][info][gc,metaspace   ] GC(557) Metaspace: 23209K(23552K)->23209K(23552K) NonClass: 20407K(20608K)->20407K(20608K) Class: 2801K(2944K)->2801K(2944K)
[639.725s][info][gc             ] GC(557) Pause Young (Allocation Failure) 2507M->206M(7934M) 86.497ms
[639.725s][info][gc,cpu         ] GC(557) User=0.48s Sys=0.00s Real=0.08s
[640.777s][info][gc,start       ] GC(558) Pause Young (Allocation Failure)
[640.901s][info][gc,heap        ] GC(558) PSYoungGen: 2375040K(2531840K)->187440K(2526208K) Eden: 2267648K(2267648K)->0K(2268672K) From: 107392K(264192K)->187440K(257536K)
[640.901s][info][gc,heap        ] GC(558) ParOldGen: 104557K(5592576K)->107529K(5592576K)
[640.901s][info][gc,metaspace   ] GC(558) Metaspace: 23209K(23552K)->23209K(23552K) NonClass: 20407K(20608K)->20407K(20608K) Class: 2801K(2944K)->2801K(2944K)
[640.901s][info][gc             ] GC(558) Pause Young (Allocation Failure) 2421M->288M(7928M) 123.893ms
[640.901s][info][gc,cpu         ] GC(558) User=0.70s Sys=0.00s Real=0.13s
[642.261s][info][gc,start       ] GC(559) Pause Young (Allocation Failure)
[642.347s][info][gc,heap        ] GC(559) PSYoungGen: 2456112K(2526208K)->116528K(2532352K) Eden: 2268672K(2268672K)->0K(2268672K) From: 187440K(257536K)->116528K(263680K)
[642.347s][info][gc,heap        ] GC(559) ParOldGen: 107529K(5592576K)->108273K(5592576K)
[642.347s][info][gc,metaspace   ] GC(559) Metaspace: 23209K(23552K)->23209K(23552K) NonClass: 20407K(20608K)->20407K(20608K) Class: 2801K(2944K)->2801K(2944K)
[642.347s][info][gc             ] GC(559) Pause Young (Allocation Failure) 2503M->219M(7934M) 85.590ms
[642.347s][info][gc,cpu         ] GC(559) User=0.56s Sys=0.00s Real=0.09s
[643.389s][info][gc,start       ] GC(560) Pause Young (Allocation Failure)
[643.517s][info][gc,heap        ] GC(560) PSYoungGen: 2385200K(2532352K)->192384K(2524160K) Eden: 2268672K(2268672K)->0K(2267648K) From: 116528K(263680K)->192384K(256512K)
[643.517s][info][gc,heap        ] GC(560) ParOldGen: 108273K(5592576K)->114085K(5592576K)
[643.517s][info][gc,metaspace   ] GC(560) Metaspace: 23209K(23552K)->23209K(23552K) NonClass: 20407K(20608K)->20407K(20608K) Class: 2801K(2944K)->2801K(2944K)
[643.517s][info][gc             ] GC(560) Pause Young (Allocation Failure) 2435M->299M(7926M) 128.459ms
[643.517s][info][gc,cpu         ] GC(560) User=0.75s Sys=0.00s Real=0.13s
[644.935s][info][gc,start       ] GC(561) Pause Young (Allocation Failure)
[645.022s][info][gc,heap        ] GC(561) PSYoungGen: 2460032K(2524160K)->122864K(2531840K) Eden: 2267648K(2267648K)->0K(2267648K) From: 192384K(256512K)->122864K(264192K)
[645.022s][info][gc,heap        ] GC(561) ParOldGen: 114085K(5592576K)->115445K(5592576K)
[645.022s][info][gc,metaspace   ] GC(561) Metaspace: 23209K(23552K)->23209K(23552K) NonClass: 20407K(20608K)->20407K(20608K) Class: 2801K(2944K)->2801K(2944K)
[645.022s][info][gc             ] GC(561) Pause Young (Allocation Failure) 2513M->232M(7934M) 86.209ms
[645.022s][info][gc,cpu         ] GC(561) User=0.55s Sys=0.00s Real=0.09s
[645.813s][info][gc,start       ] GC(562) Pause Young (System.gc())
[645.889s][info][gc,heap        ] GC(562) PSYoungGen: 1462628K(2531840K)->83696K(2541056K) Eden: 1339764K(2267648K)->0K(2285056K) From: 122864K(264192K)->83696K(256000K)
[645.889s][info][gc,heap        ] GC(562) ParOldGen: 115445K(5592576K)->129089K(5592576K)
[645.889s][info][gc,metaspace   ] GC(562) Metaspace: 23209K(23552K)->23209K(23552K) NonClass: 20407K(20608K)->20407K(20608K) Class: 2801K(2944K)->2801K(2944K)
[645.889s][info][gc             ] GC(562) Pause Young (System.gc()) 1541M->207M(7943M) 76.127ms
[645.889s][info][gc,cpu         ] GC(562) User=0.39s Sys=0.00s Real=0.08s
[645.889s][info][gc,start       ] GC(563) Pause Full (System.gc())
[645.890s][info][gc,phases,start] GC(563) Marking Phase
[645.927s][info][gc,phases      ] GC(563) Marking Phase 37.185ms
[645.927s][info][gc,phases,start] GC(563) Summary Phase
[645.927s][info][gc,phases      ] GC(563) Summary Phase 0.016ms
[645.927s][info][gc,phases,start] GC(563) Adjust Roots
[645.931s][info][gc,phases      ] GC(563) Adjust Roots 4.300ms
[645.931s][info][gc,phases,start] GC(563) Compaction Phase
[646.017s][info][gc,phases      ] GC(563) Compaction Phase 86.181ms
[646.019s][info][gc,phases,start] GC(563) Post Compact
[646.020s][info][gc,phases      ] GC(563) Post Compact 1.333ms
[646.020s][info][gc,heap        ] GC(563) PSYoungGen: 83696K(2541056K)->0K(2541056K) Eden: 0K(2285056K)->0K(2285056K) From: 83696K(256000K)->0K(256000K)
[646.020s][info][gc,heap        ] GC(563) ParOldGen: 129089K(5592576K)->103956K(5592576K)
[646.020s][info][gc,metaspace   ] GC(563) Metaspace: 23209K(23552K)->23209K(23552K) NonClass: 20407K(20608K)->20407K(20608K) Class: 2801K(2944K)->2801K(2944K)
[646.020s][info][gc             ] GC(563) Pause Full (System.gc()) 207M->101M(7943M) 130.549ms
[646.020s][info][gc,cpu         ] GC(563) User=0.58s Sys=0.00s Real=0.13s
[647.087s][info][gc,start       ] GC(564) Pause Young (Allocation Failure)
[647.212s][info][gc,heap        ] GC(564) PSYoungGen: 2285056K(2541056K)->186608K(2471936K) Eden: 2285056K(2285056K)->0K(2285056K) From: 0K(256000K)->186608K(186880K)
[647.212s][info][gc,heap        ] GC(564) ParOldGen: 103956K(5592576K)->103956K(5592576K)
[647.212s][info][gc,metaspace   ] GC(564) Metaspace: 23209K(23552K)->23209K(23552K) NonClass: 20407K(20608K)->20407K(20608K) Class: 2801K(2944K)->2801K(2944K)
[647.212s][info][gc             ] GC(564) Pause Young (Allocation Failure) 2333M->283M(7875M) 124.987ms
[647.212s][info][gc,cpu         ] GC(564) User=0.67s Sys=0.00s Real=0.13s
[648.666s][info][gc,start       ] GC(565) Pause Young (Allocation Failure)
[648.741s][info][gc,heap        ] GC(565) PSYoungGen: 2471664K(2471936K)->100496K(2539520K) Eden: 2285056K(2285056K)->0K(2277888K) From: 186608K(186880K)->100496K(261632K)
[648.743s][info][gc,heap        ] GC(565) ParOldGen: 103956K(5592576K)->103972K(5592576K)
[648.743s][info][gc,metaspace   ] GC(565) Metaspace: 23209K(23552K)->23209K(23552K) NonClass: 20407K(20608K)->20407K(20608K) Class: 2801K(2944K)->2801K(2944K)
[648.743s][info][gc             ] GC(565) Pause Young (Allocation Failure) 2515M->199M(7941M) 77.116ms
[648.743s][info][gc,cpu         ] GC(565) User=0.39s Sys=0.00s Real=0.08s
[649.858s][info][gc,start       ] GC(566) Pause Young (Allocation Failure)
[649.976s][info][gc,heap        ] GC(566) PSYoungGen: 2378384K(2539520K)->180736K(2534400K) Eden: 2277888K(2277888K)->0K(2277888K) From: 100496K(261632K)->180736K(256512K)
[649.976s][info][gc,heap        ] GC(566) ParOldGen: 103972K(5592576K)->103972K(5592576K)
[649.976s][info][gc,metaspace   ] GC(566) Metaspace: 23209K(23552K)->23209K(23552K) NonClass: 20407K(20608K)->20407K(20608K) Class: 2801K(2944K)->2801K(2944K)
[649.976s][info][gc             ] GC(566) Pause Young (Allocation Failure) 2424M->278M(7936M) 118.330ms
[649.977s][info][gc,cpu         ] GC(566) User=0.58s Sys=0.00s Real=0.12s
[651.221s][info][gc,start       ] GC(567) Pause Young (Allocation Failure)
[651.304s][info][gc,heap        ] GC(567) PSYoungGen: 2458624K(2534400K)->116064K(2542592K) Eden: 2277888K(2277888K)->0K(2281984K) From: 180736K(256512K)->116064K(260608K)
[651.304s][info][gc,heap        ] GC(567) ParOldGen: 103972K(5592576K)->104660K(5592576K)
[651.304s][info][gc,metaspace   ] GC(567) Metaspace: 23209K(23552K)->23209K(23552K) NonClass: 20407K(20608K)->20407K(20608K) Class: 2801K(2944K)->2801K(2944K)
[651.304s][info][gc             ] GC(567) Pause Young (Allocation Failure) 2502M->215M(7944M) 82.680ms
[651.304s][info][gc,cpu         ] GC(567) User=0.47s Sys=0.00s Real=0.08s
[652.494s][info][gc,start       ] GC(568) Pause Young (Allocation Failure)
[652.618s][info][gc,heap        ] GC(568) PSYoungGen: 2398048K(2542592K)->182256K(2535424K) Eden: 2281984K(2281984K)->0K(2281984K) From: 116064K(260608K)->182256K(253440K)
[652.619s][info][gc,heap        ] GC(568) ParOldGen: 104660K(5592576K)->105540K(5592576K)
[652.619s][info][gc,metaspace   ] GC(568) Metaspace: 23209K(23552K)->23209K(23552K) NonClass: 20407K(20608K)->20407K(20608K) Class: 2801K(2944K)->2801K(2944K)
[652.619s][info][gc             ] GC(568) Pause Young (Allocation Failure) 2444M->281M(7937M) 125.025ms
[652.619s][info][gc,cpu         ] GC(568) User=0.73s Sys=0.00s Real=0.12s
[653.886s][info][gc,start       ] GC(569) Pause Young (Allocation Failure)
[653.984s][info][gc,heap        ] GC(569) PSYoungGen: 2464240K(2535424K)->137296K(2548736K) Eden: 2281984K(2281984K)->0K(2291200K) From: 182256K(253440K)->137296K(257536K)
[653.984s][info][gc,heap        ] GC(569) ParOldGen: 105540K(5592576K)->107848K(5592576K)
[653.984s][info][gc,metaspace   ] GC(569) Metaspace: 23209K(23552K)->23209K(23552K) NonClass: 20407K(20608K)->20407K(20608K) Class: 2801K(2944K)->2801K(2944K)
[653.984s][info][gc             ] GC(569) Pause Young (Allocation Failure) 2509M->239M(7950M) 97.892ms
[653.984s][info][gc,cpu         ] GC(569) User=0.56s Sys=0.00s Real=0.09s
[654.989s][info][gc,start       ] GC(570) Pause Young (System.gc())
[655.064s][info][gc,heap        ] GC(570) PSYoungGen: 1786469K(2548736K)->97296K(2538496K) Eden: 1649173K(2291200K)->0K(2291200K) From: 137296K(257536K)->97296K(247296K)
[655.064s][info][gc,heap        ] GC(570) ParOldGen: 107848K(5592576K)->108488K(5592576K)
[655.064s][info][gc,metaspace   ] GC(570) Metaspace: 23209K(23552K)->23209K(23552K) NonClass: 20407K(20608K)->20407K(20608K) Class: 2801K(2944K)->2801K(2944K)
[655.064s][info][gc             ] GC(570) Pause Young (System.gc()) 1849M->200M(7940M) 74.946ms
[655.064s][info][gc,cpu         ] GC(570) User=0.38s Sys=0.00s Real=0.08s
[655.064s][info][gc,start       ] GC(571) Pause Full (System.gc())
[655.064s][info][gc,phases,start] GC(571) Marking Phase
[655.099s][info][gc,phases      ] GC(571) Marking Phase 35.036ms
[655.099s][info][gc,phases,start] GC(571) Summary Phase
[655.099s][info][gc,phases      ] GC(571) Summary Phase 0.011ms
[655.099s][info][gc,phases,start] GC(571) Adjust Roots
[655.103s][info][gc,phases      ] GC(571) Adjust Roots 3.972ms
[655.103s][info][gc,phases,start] GC(571) Compaction Phase
[655.202s][info][gc,phases      ] GC(571) Compaction Phase 99.007ms
[655.202s][info][gc,phases,start] GC(571) Post Compact
[655.203s][info][gc,phases      ] GC(571) Post Compact 1.094ms
[655.203s][info][gc,heap        ] GC(571) PSYoungGen: 97296K(2538496K)->0K(2538496K) Eden: 0K(2291200K)->0K(2291200K) From: 97296K(247296K)->0K(247296K)
[655.203s][info][gc,heap        ] GC(571) ParOldGen: 108488K(5592576K)->103984K(5592576K)
[655.203s][info][gc,metaspace   ] GC(571) Metaspace: 23209K(23552K)->23209K(23552K) NonClass: 20407K(20608K)->20407K(20608K) Class: 2801K(2944K)->2801K(2944K)
[655.203s][info][gc             ] GC(571) Pause Full (System.gc()) 200M->101M(7940M) 139.375ms
[655.204s][info][gc,cpu         ] GC(571) User=0.62s Sys=0.00s Real=0.13s
[656.186s][info][gc,start       ] GC(572) Pause Young (Allocation Failure)
[656.312s][info][gc,heap        ] GC(572) PSYoungGen: 2291200K(2538496K)->196384K(2529792K) Eden: 2291200K(2291200K)->0K(2285056K) From: 0K(247296K)->196384K(244736K)
[656.312s][info][gc,heap        ] GC(572) ParOldGen: 103984K(5592576K)->103984K(5592576K)
[656.312s][info][gc,metaspace   ] GC(572) Metaspace: 23209K(23552K)->23209K(23552K) NonClass: 20407K(20608K)->20407K(20608K) Class: 2801K(2944K)->2801K(2944K)
[656.312s][info][gc             ] GC(572) Pause Young (Allocation Failure) 2339M->293M(7932M) 126.655ms
[656.312s][info][gc,cpu         ] GC(572) User=0.69s Sys=0.00s Real=0.12s
[657.741s][info][gc,start       ] GC(573) Pause Young (Allocation Failure)
[657.823s][info][gc,heap        ] GC(573) PSYoungGen: 2481440K(2529792K)->110912K(2540544K) Eden: 2285056K(2285056K)->0K(2285056K) From: 196384K(244736K)->110912K(255488K)
[657.823s][info][gc,heap        ] GC(573) ParOldGen: 103984K(5592576K)->104032K(5592576K)
[657.823s][info][gc,metaspace   ] GC(573) Metaspace: 23209K(23552K)->23209K(23552K) NonClass: 20407K(20608K)->20407K(20608K) Class: 2801K(2944K)->2801K(2944K)
[657.823s][info][gc             ] GC(573) Pause Young (Allocation Failure) 2524M->209M(7942M) 82.096ms
[657.823s][info][gc,cpu         ] GC(573) User=0.56s Sys=0.00s Real=0.09s
[658.846s][info][gc,start       ] GC(574) Pause Young (Allocation Failure)
[658.974s][info][gc,heap        ] GC(574) PSYoungGen: 2395968K(2540544K)->185504K(2534400K) Eden: 2285056K(2285056K)->0K(2284032K) From: 110912K(255488K)->185504K(250368K)
[658.974s][info][gc,heap        ] GC(574) ParOldGen: 104032K(5592576K)->108444K(5592576K)
[658.974s][info][gc,metaspace   ] GC(574) Metaspace: 23209K(23552K)->23209K(23552K) NonClass: 20407K(20608K)->20407K(20608K) Class: 2801K(2944K)->2801K(2944K)
[658.974s][info][gc             ] GC(574) Pause Young (Allocation Failure) 2441M->287M(7936M) 127.439ms
[658.974s][info][gc,cpu         ] GC(574) User=0.70s Sys=0.00s Real=0.13s
[660.431s][info][gc,start       ] GC(575) Pause Young (Allocation Failure)
[660.510s][info][gc,heap        ] GC(575) PSYoungGen: 2469536K(2534400K)->106496K(2540032K) Eden: 2284032K(2284032K)->0K(2284032K) From: 185504K(250368K)->106496K(256000K)
[660.511s][info][gc,heap        ] GC(575) ParOldGen: 108444K(5592576K)->109268K(5592576K)
[660.511s][info][gc,metaspace   ] GC(575) Metaspace: 23209K(23552K)->23209K(23552K) NonClass: 20407K(20608K)->20407K(20608K) Class: 2801K(2944K)->2801K(2944K)
[660.511s][info][gc             ] GC(575) Pause Young (Allocation Failure) 2517M->210M(7942M) 79.664ms
[660.511s][info][gc,cpu         ] GC(575) User=0.48s Sys=0.00s Real=0.08s
[661.596s][info][gc,start       ] GC(576) Pause Young (Allocation Failure)
[661.726s][info][gc,heap        ] GC(576) PSYoungGen: 2390528K(2540032K)->197328K(2525184K) Eden: 2284032K(2284032K)->0K(2273792K) From: 106496K(256000K)->197328K(251392K)
[661.726s][info][gc,heap        ] GC(576) ParOldGen: 109268K(5592576K)->112296K(5592576K)
[661.726s][info][gc,metaspace   ] GC(576) Metaspace: 23209K(23552K)->23209K(23552K) NonClass: 20407K(20608K)->20407K(20608K) Class: 2801K(2944K)->2801K(2944K)
[661.726s][info][gc             ] GC(576) Pause Young (Allocation Failure) 2441M->302M(7927M) 130.653ms
[661.726s][info][gc,cpu         ] GC(576) User=0.77s Sys=0.00s Real=0.13s
[662.963s][info][gc,start       ] GC(577) Pause Young (Allocation Failure)
[663.052s][info][gc,heap        ] GC(577) PSYoungGen: 2471120K(2525184K)->124064K(2534912K) Eden: 2273792K(2273792K)->0K(2273792K) From: 197328K(251392K)->124064K(261120K)
[663.052s][info][gc,heap        ] GC(577) ParOldGen: 112296K(5592576K)->113252K(5592576K)
[663.052s][info][gc,metaspace   ] GC(577) Metaspace: 23209K(23552K)->23209K(23552K) NonClass: 20407K(20608K)->20407K(20608K) Class: 2801K(2944K)->2801K(2944K)
[663.052s][info][gc             ] GC(577) Pause Young (Allocation Failure) 2522M->231M(7937M) 89.003ms
[663.052s][info][gc,cpu         ] GC(577) User=0.53s Sys=0.00s Real=0.09s
[663.805s][info][gc,start       ] GC(578) Pause Young (System.gc())
[663.876s][info][gc,heap        ] GC(578) PSYoungGen: 1464777K(2534912K)->85296K(2543104K) Eden: 1340713K(2273792K)->0K(2289152K) From: 124064K(261120K)->85296K(253952K)
[663.876s][info][gc,heap        ] GC(578) ParOldGen: 113252K(5592576K)->126432K(5592576K)
[663.876s][info][gc,metaspace   ] GC(578) Metaspace: 23209K(23552K)->23209K(23552K) NonClass: 20407K(20608K)->20407K(20608K) Class: 2801K(2944K)->2801K(2944K)
[663.876s][info][gc             ] GC(578) Pause Young (System.gc()) 1541M->206M(7945M) 71.620ms
[663.876s][info][gc,cpu         ] GC(578) User=0.38s Sys=0.00s Real=0.06s
[663.876s][info][gc,start       ] GC(579) Pause Full (System.gc())
[663.876s][info][gc,phases,start] GC(579) Marking Phase
[663.914s][info][gc,phases      ] GC(579) Marking Phase 37.580ms
[663.914s][info][gc,phases,start] GC(579) Summary Phase
[663.914s][info][gc,phases      ] GC(579) Summary Phase 0.011ms
[663.914s][info][gc,phases,start] GC(579) Adjust Roots
[663.918s][info][gc,phases      ] GC(579) Adjust Roots 4.280ms
[663.918s][info][gc,phases,start] GC(579) Compaction Phase
[664.004s][info][gc,phases      ] GC(579) Compaction Phase 85.553ms
[664.004s][info][gc,phases,start] GC(579) Post Compact
[664.005s][info][gc,phases      ] GC(579) Post Compact 1.312ms
[664.005s][info][gc,heap        ] GC(579) PSYoungGen: 85296K(2543104K)->0K(2543104K) Eden: 0K(2289152K)->0K(2289152K) From: 85296K(253952K)->0K(253952K)
[664.005s][info][gc,heap        ] GC(579) ParOldGen: 126432K(5592576K)->104243K(5592576K)
[664.005s][info][gc,metaspace   ] GC(579) Metaspace: 23209K(23552K)->23209K(23552K) NonClass: 20407K(20608K)->20407K(20608K) Class: 2801K(2944K)->2801K(2944K)
[664.005s][info][gc             ] GC(579) Pause Full (System.gc()) 206M->101M(7945M) 129.109ms
[664.005s][info][gc,cpu         ] GC(579) User=0.53s Sys=0.02s Real=0.14s
[665.019s][info][gc,start       ] GC(580) Pause Young (Allocation Failure)
[665.150s][info][gc,heap        ] GC(580) PSYoungGen: 2289152K(2543104K)->199536K(2488832K) Eden: 2289152K(2289152K)->0K(2289152K) From: 0K(253952K)->199536K(199680K)
[665.150s][info][gc,heap        ] GC(580) ParOldGen: 104243K(5592576K)->104243K(5592576K)
[665.150s][info][gc,metaspace   ] GC(580) Metaspace: 23209K(23552K)->23209K(23552K) NonClass: 20407K(20608K)->20407K(20608K) Class: 2801K(2944K)->2801K(2944K)
[665.150s][info][gc             ] GC(580) Pause Young (Allocation Failure) 2337M->296M(7892M) 130.644ms
[665.150s][info][gc,cpu         ] GC(580) User=0.75s Sys=0.00s Real=0.13s
[666.393s][info][gc,start       ] GC(581) Pause Young (Allocation Failure)
[666.486s][info][gc,heap        ] GC(581) PSYoungGen: 2488688K(2488832K)->128256K(2541056K) Eden: 2289152K(2289152K)->0K(2276864K) From: 199536K(199680K)->128256K(264192K)
[666.487s][info][gc,heap        ] GC(581) ParOldGen: 104243K(5592576K)->104283K(5592576K)
[666.487s][info][gc,metaspace   ] GC(581) Metaspace: 23209K(23552K)->23209K(23552K) NonClass: 20407K(20608K)->20407K(20608K) Class: 2801K(2944K)->2801K(2944K)
[666.487s][info][gc             ] GC(581) Pause Young (Allocation Failure) 2532M->227M(7943M) 93.394ms
[666.487s][info][gc,cpu         ] GC(581) User=0.50s Sys=0.00s Real=0.10s
[667.577s][info][gc,start       ] GC(582) Pause Young (Allocation Failure)
[667.699s][info][gc,heap        ] GC(582) PSYoungGen: 2405120K(2541056K)->182800K(2531840K) Eden: 2276864K(2276864K)->0K(2276864K) From: 128256K(264192K)->182800K(254976K)
[667.699s][info][gc,heap        ] GC(582) ParOldGen: 104283K(5592576K)->110400K(5592576K)
[667.699s][info][gc,metaspace   ] GC(582) Metaspace: 23209K(23552K)->23209K(23552K) NonClass: 20407K(20608K)->20407K(20608K) Class: 2801K(2944K)->2801K(2944K)
[667.699s][info][gc             ] GC(582) Pause Young (Allocation Failure) 2450M->286M(7934M) 121.228ms
[667.699s][info][gc,cpu         ] GC(582) User=0.75s Sys=0.00s Real=0.13s
[669.067s][info][gc,start       ] GC(583) Pause Young (Allocation Failure)
[669.168s][info][gc,heap        ] GC(583) PSYoungGen: 2459664K(2531840K)->138224K(2547200K) Eden: 2276864K(2276864K)->0K(2288640K) From: 182800K(254976K)->138224K(258560K)
[669.168s][info][gc,heap        ] GC(583) ParOldGen: 110400K(5592576K)->111528K(5592576K)
[669.168s][info][gc,metaspace   ] GC(583) Metaspace: 23209K(23552K)->23209K(23552K) NonClass: 20407K(20608K)->20407K(20608K) Class: 2801K(2944K)->2801K(2944K)
[669.168s][info][gc             ] GC(583) Pause Young (Allocation Failure) 2509M->243M(7949M) 101.102ms
[669.168s][info][gc,cpu         ] GC(583) User=0.58s Sys=0.00s Real=0.10s
[670.219s][info][gc,start       ] GC(584) Pause Young (Allocation Failure)
[670.360s][info][gc,heap        ] GC(584) PSYoungGen: 2426864K(2547200K)->205872K(2494976K) Eden: 2288640K(2288640K)->0K(2288640K) From: 138224K(258560K)->205872K(206336K)
[670.360s][info][gc,heap        ] GC(584) ParOldGen: 111528K(5592576K)->125708K(5592576K)
[670.360s][info][gc,metaspace   ] GC(584) Metaspace: 23209K(23552K)->23209K(23552K) NonClass: 20407K(20608K)->20407K(20608K) Class: 2801K(2944K)->2801K(2944K)
[670.360s][info][gc             ] GC(584) Pause Young (Allocation Failure) 2478M->323M(7898M) 140.680ms
[670.360s][info][gc,cpu         ] GC(584) User=0.88s Sys=0.00s Real=0.14s
[671.728s][info][gc,start       ] GC(585) Pause Young (Allocation Failure)
[671.827s][info][gc,heap        ] GC(585) PSYoungGen: 2494512K(2494976K)->135664K(2543104K) Eden: 2288640K(2288640K)->0K(2282496K) From: 205872K(206336K)->135664K(260608K)
[671.827s][info][gc,heap        ] GC(585) ParOldGen: 125708K(5592576K)->129192K(5592576K)
[671.827s][info][gc,metaspace   ] GC(585) Metaspace: 23209K(23552K)->23209K(23552K) NonClass: 20407K(20608K)->20407K(20608K) Class: 2801K(2944K)->2801K(2944K)
[671.827s][info][gc             ] GC(585) Pause Young (Allocation Failure) 2558M->258M(7945M) 99.174ms
[671.827s][info][gc,cpu         ] GC(585) User=0.58s Sys=0.00s Real=0.09s
[672.577s][info][gc,start       ] GC(586) Pause Young (System.gc())
[672.639s][info][gc,heap        ] GC(586) PSYoungGen: 1390623K(2543104K)->73440K(2535424K) Eden: 1254959K(2282496K)->0K(2282496K) From: 135664K(260608K)->73440K(252928K)
[672.639s][info][gc,heap        ] GC(586) ParOldGen: 129192K(5592576K)->142356K(5592576K)
[672.639s][info][gc,metaspace   ] GC(586) Metaspace: 23209K(23552K)->23209K(23552K) NonClass: 20407K(20608K)->20407K(20608K) Class: 2801K(2944K)->2801K(2944K)
[672.639s][info][gc             ] GC(586) Pause Young (System.gc()) 1484M->210M(7937M) 62.352ms
[672.639s][info][gc,cpu         ] GC(586) User=0.31s Sys=0.00s Real=0.06s
[672.639s][info][gc,start       ] GC(587) Pause Full (System.gc())
[672.639s][info][gc,phases,start] GC(587) Marking Phase
[672.672s][info][gc,phases      ] GC(587) Marking Phase 32.259ms
[672.672s][info][gc,phases,start] GC(587) Summary Phase
[672.672s][info][gc,phases      ] GC(587) Summary Phase 0.011ms
[672.672s][info][gc,phases,start] GC(587) Adjust Roots
[672.676s][info][gc,phases      ] GC(587) Adjust Roots 3.940ms
[672.676s][info][gc,phases,start] GC(587) Compaction Phase
[672.761s][info][gc,phases      ] GC(587) Compaction Phase 85.353ms
[672.761s][info][gc,phases,start] GC(587) Post Compact
[672.762s][info][gc,phases      ] GC(587) Post Compact 1.185ms
[672.762s][info][gc,heap        ] GC(587) PSYoungGen: 73440K(2535424K)->0K(2535424K) Eden: 0K(2282496K)->0K(2282496K) From: 73440K(252928K)->0K(252928K)
[672.762s][info][gc,heap        ] GC(587) ParOldGen: 142356K(5592576K)->93257K(5592576K)
[672.762s][info][gc,metaspace   ] GC(587) Metaspace: 23209K(23552K)->23209K(23552K) NonClass: 20407K(20608K)->20407K(20608K) Class: 2801K(2944K)->2801K(2944K)
[672.763s][info][gc             ] GC(587) Pause Full (System.gc()) 210M->91M(7937M) 123.043ms
[672.763s][info][gc,cpu         ] GC(587) User=0.50s Sys=0.00s Real=0.12s
[673.858s][info][gc,start       ] GC(588) Pause Young (Allocation Failure)
[673.990s][info][gc,heap        ] GC(588) PSYoungGen: 2282496K(2535424K)->198256K(2522112K) Eden: 2282496K(2282496K)->0K(2266624K) From: 0K(252928K)->198256K(255488K)
[673.990s][info][gc,heap        ] GC(588) ParOldGen: 93257K(5592576K)->93257K(5592576K)
[673.990s][info][gc,metaspace   ] GC(588) Metaspace: 23209K(23552K)->23209K(23552K) NonClass: 20407K(20608K)->20407K(20608K) Class: 2801K(2944K)->2801K(2944K)
[673.990s][info][gc             ] GC(588) Pause Young (Allocation Failure) 2320M->284M(7924M) 131.489ms
[673.990s][info][gc,cpu         ] GC(588) User=0.75s Sys=0.00s Real=0.13s
[675.245s][info][gc,start       ] GC(589) Pause Young (Allocation Failure)
[675.337s][info][gc,heap        ] GC(589) PSYoungGen: 2464880K(2522112K)->128576K(2531328K) Eden: 2266624K(2266624K)->0K(2266624K) From: 198256K(255488K)->128576K(264704K)
[675.337s][info][gc,heap        ] GC(589) ParOldGen: 93257K(5592576K)->93765K(5592576K)
[675.337s][info][gc,metaspace   ] GC(589) Metaspace: 23209K(23552K)->23209K(23552K) NonClass: 20407K(20608K)->20407K(20608K) Class: 2801K(2944K)->2801K(2944K)
[675.337s][info][gc             ] GC(589) Pause Young (Allocation Failure) 2498M->217M(7933M) 92.386ms
[675.337s][info][gc,cpu         ] GC(589) User=0.47s Sys=0.00s Real=0.09s
[676.329s][info][gc,start       ] GC(590) Pause Young (Allocation Failure)
[676.454s][info][gc,heap        ] GC(590) PSYoungGen: 2395200K(2531328K)->185104K(2532352K) Eden: 2266624K(2266624K)->0K(2275840K) From: 128576K(264704K)->185104K(256512K)
[676.454s][info][gc,heap        ] GC(590) ParOldGen: 93765K(5592576K)->105913K(5592576K)
[676.454s][info][gc,metaspace   ] GC(590) Metaspace: 23209K(23552K)->23209K(23552K) NonClass: 20407K(20608K)->20407K(20608K) Class: 2801K(2944K)->2801K(2944K)
[676.454s][info][gc             ] GC(590) Pause Young (Allocation Failure) 2430M->284M(7934M) 125.669ms
[676.454s][info][gc,cpu         ] GC(590) User=0.77s Sys=0.00s Real=0.12s
[677.903s][info][gc,start       ] GC(591) Pause Young (Allocation Failure)
[677.988s][info][gc,heap        ] GC(591) PSYoungGen: 2460944K(2532352K)->112416K(2535936K) Eden: 2275840K(2275840K)->0K(2275840K) From: 185104K(256512K)->112416K(260096K)
[677.988s][info][gc,heap        ] GC(591) ParOldGen: 105913K(5592576K)->108170K(5592576K)
[677.988s][info][gc,metaspace   ] GC(591) Metaspace: 23209K(23552K)->23209K(23552K) NonClass: 20407K(20608K)->20407K(20608K) Class: 2801K(2944K)->2801K(2944K)
[677.988s][info][gc             ] GC(591) Pause Young (Allocation Failure) 2506M->215M(7938M) 84.622ms
[677.988s][info][gc,cpu         ] GC(591) User=0.50s Sys=0.00s Real=0.08s
[679.107s][info][gc,start       ] GC(592) Pause Young (Allocation Failure)
[679.234s][info][gc,heap        ] GC(592) PSYoungGen: 2388256K(2535936K)->192224K(2528256K) Eden: 2275840K(2275840K)->0K(2272768K) From: 112416K(260096K)->192224K(255488K)
[679.234s][info][gc,heap        ] GC(592) ParOldGen: 108170K(5592576K)->112266K(5592576K)
[679.234s][info][gc,metaspace   ] GC(592) Metaspace: 23209K(23552K)->23209K(23552K) NonClass: 20407K(20608K)->20407K(20608K) Class: 2801K(2944K)->2801K(2944K)
[679.234s][info][gc             ] GC(592) Pause Young (Allocation Failure) 2437M->297M(7930M) 127.213ms
[679.234s][info][gc,cpu         ] GC(592) User=0.69s Sys=0.00s Real=0.12s
[680.691s][info][gc,start       ] GC(593) Pause Young (Allocation Failure)
[680.772s][info][gc,heap        ] GC(593) PSYoungGen: 2464992K(2528256K)->109904K(2534400K) Eden: 2272768K(2272768K)->0K(2272768K) From: 192224K(255488K)->109904K(261632K)
[680.772s][info][gc,heap        ] GC(593) ParOldGen: 112266K(5592576K)->113250K(5592576K)
[680.772s][info][gc,metaspace   ] GC(593) Metaspace: 23209K(23552K)->23209K(23552K) NonClass: 20407K(20608K)->20407K(20608K) Class: 2801K(2944K)->2801K(2944K)
[680.772s][info][gc             ] GC(593) Pause Young (Allocation Failure) 2516M->217M(7936M) 80.975ms
[680.772s][info][gc,cpu         ] GC(593) User=0.42s Sys=0.00s Real=0.08s
[681.606s][info][gc,start       ] GC(594) Pause Young (System.gc())
[681.680s][info][gc,heap        ] GC(594) PSYoungGen: 1541714K(2534400K)->91392K(2540032K) Eden: 1431810K(2272768K)->0K(2282496K) From: 109904K(261632K)->91392K(257536K)
[681.680s][info][gc,heap        ] GC(594) ParOldGen: 113250K(5592576K)->119486K(5592576K)
[681.680s][info][gc,metaspace   ] GC(594) Metaspace: 23209K(23552K)->23209K(23552K) NonClass: 20407K(20608K)->20407K(20608K) Class: 2801K(2944K)->2801K(2944K)
[681.680s][info][gc             ] GC(594) Pause Young (System.gc()) 1616M->205M(7942M) 73.885ms
[681.680s][info][gc,cpu         ] GC(594) User=0.39s Sys=0.00s Real=0.08s
[681.680s][info][gc,start       ] GC(595) Pause Full (System.gc())
[681.680s][info][gc,phases,start] GC(595) Marking Phase
[681.714s][info][gc,phases      ] GC(595) Marking Phase 33.925ms
[681.714s][info][gc,phases,start] GC(595) Summary Phase
[681.714s][info][gc,phases      ] GC(595) Summary Phase 0.011ms
[681.714s][info][gc,phases,start] GC(595) Adjust Roots
[681.718s][info][gc,phases      ] GC(595) Adjust Roots 3.902ms
[681.718s][info][gc,phases,start] GC(595) Compaction Phase
[681.809s][info][gc,phases      ] GC(595) Compaction Phase 91.381ms
[681.809s][info][gc,phases,start] GC(595) Post Compact
[681.811s][info][gc,phases      ] GC(595) Post Compact 1.118ms
[681.811s][info][gc,heap        ] GC(595) PSYoungGen: 91392K(2540032K)->0K(2540032K) Eden: 0K(2282496K)->0K(2282496K) From: 91392K(257536K)->0K(257536K)
[681.811s][info][gc,heap        ] GC(595) ParOldGen: 119486K(5592576K)->104301K(5592576K)
[681.811s][info][gc,metaspace   ] GC(595) Metaspace: 23209K(23552K)->23209K(23552K) NonClass: 20407K(20608K)->20407K(20608K) Class: 2801K(2944K)->2801K(2944K)
[681.811s][info][gc             ] GC(595) Pause Full (System.gc()) 205M->101M(7942M) 130.623ms
[681.811s][info][gc,cpu         ] GC(595) User=0.55s Sys=0.00s Real=0.13s
[682.787s][info][gc,start       ] GC(596) Pause Young (Allocation Failure)
[682.911s][info][gc,heap        ] GC(596) PSYoungGen: 2282496K(2540032K)->190816K(2473472K) Eden: 2282496K(2282496K)->0K(2282496K) From: 0K(257536K)->190816K(190976K)
[682.911s][info][gc,heap        ] GC(596) ParOldGen: 104301K(5592576K)->104301K(5592576K)
[682.911s][info][gc,metaspace   ] GC(596) Metaspace: 23209K(23552K)->23209K(23552K) NonClass: 20407K(20608K)->20407K(20608K) Class: 2801K(2944K)->2801K(2944K)
[682.911s][info][gc             ] GC(596) Pause Young (Allocation Failure) 2330M->288M(7877M) 123.945ms
[682.911s][info][gc,cpu         ] GC(596) User=0.69s Sys=0.00s Real=0.13s
[684.347s][info][gc,start       ] GC(597) Pause Young (Allocation Failure)
[684.433s][info][gc,heap        ] GC(597) PSYoungGen: 2473312K(2473472K)->119984K(2540544K) Eden: 2282496K(2282496K)->0K(2277888K) From: 190816K(190976K)->119984K(262656K)
[684.433s][info][gc,heap        ] GC(597) ParOldGen: 104301K(5592576K)->104333K(5592576K)
[684.433s][info][gc,metaspace   ] GC(597) Metaspace: 23209K(23552K)->23209K(23552K) NonClass: 20407K(20608K)->20407K(20608K) Class: 2801K(2944K)->2801K(2944K)
[684.433s][info][gc             ] GC(597) Pause Young (Allocation Failure) 2517M->219M(7942M) 86.682ms
[684.433s][info][gc,cpu         ] GC(597) User=0.52s Sys=0.00s Real=0.08s
[685.437s][info][gc,start       ] GC(598) Pause Young (Allocation Failure)
[685.562s][info][gc,heap        ] GC(598) PSYoungGen: 2397872K(2540544K)->187920K(2533376K) Eden: 2277888K(2277888K)->0K(2277888K) From: 119984K(262656K)->187920K(255488K)
[685.562s][info][gc,heap        ] GC(598) ParOldGen: 104333K(5592576K)->110233K(5592576K)
[685.562s][info][gc,metaspace   ] GC(598) Metaspace: 23209K(23552K)->23209K(23552K) NonClass: 20407K(20608K)->20407K(20608K) Class: 2801K(2944K)->2801K(2944K)
[685.562s][info][gc             ] GC(598) Pause Young (Allocation Failure) 2443M->291M(7935M) 125.087ms
[685.562s][info][gc,cpu         ] GC(598) User=0.69s Sys=0.00s Real=0.12s
[686.964s][info][gc,start       ] GC(599) Pause Young (Allocation Failure)
[687.057s][info][gc,heap        ] GC(599) PSYoungGen: 2465808K(2533376K)->127312K(2543104K) Eden: 2277888K(2277888K)->0K(2282496K) From: 187920K(255488K)->127312K(260608K)
[687.057s][info][gc,heap        ] GC(599) ParOldGen: 110233K(5592576K)->110794K(5592576K)
[687.057s][info][gc,metaspace   ] GC(599) Metaspace: 23209K(23552K)->23209K(23552K) NonClass: 20407K(20608K)->20407K(20608K) Class: 2801K(2944K)->2801K(2944K)
[687.057s][info][gc             ] GC(599) Pause Young (Allocation Failure) 2515M->232M(7945M) 92.839ms
[687.057s][info][gc,cpu         ] GC(599) User=0.56s Sys=0.00s Real=0.08s
[688.074s][info][gc,start       ] GC(600) Pause Young (Allocation Failure)
[688.208s][info][gc,heap        ] GC(600) PSYoungGen: 2409808K(2543104K)->197216K(2480128K) Eden: 2282496K(2282496K)->0K(2282496K) From: 127312K(260608K)->197216K(197632K)
[688.208s][info][gc,heap        ] GC(600) ParOldGen: 110794K(5592576K)->120530K(5592576K)
[688.208s][info][gc,metaspace   ] GC(600) Metaspace: 23209K(23552K)->23209K(23552K) NonClass: 20407K(20608K)->20407K(20608K) Class: 2801K(2944K)->2801K(2944K)
[688.208s][info][gc             ] GC(600) Pause Young (Allocation Failure) 2461M->310M(7883M) 134.656ms
[688.208s][info][gc,cpu         ] GC(600) User=0.69s Sys=0.00s Real=0.12s
[689.584s][info][gc,start       ] GC(601) Pause Young (Allocation Failure)
[689.674s][info][gc,heap        ] GC(601) PSYoungGen: 2479712K(2480128K)->125472K(2541056K) Eden: 2282496K(2282496K)->0K(2279936K) From: 197216K(197632K)->125472K(261120K)
[689.674s][info][gc,heap        ] GC(601) ParOldGen: 120530K(5592576K)->122206K(5592576K)
[689.674s][info][gc,metaspace   ] GC(601) Metaspace: 23209K(23552K)->23209K(23552K) NonClass: 20407K(20608K)->20407K(20608K) Class: 2801K(2944K)->2801K(2944K)
[689.674s][info][gc             ] GC(601) Pause Young (Allocation Failure) 2539M->241M(7943M) 89.974ms
[689.674s][info][gc,cpu         ] GC(601) User=0.47s Sys=0.00s Real=0.08s
[690.458s][info][gc,start       ] GC(602) Pause Young (System.gc())
[690.529s][info][gc,heap        ] GC(602) PSYoungGen: 1454314K(2541056K)->82496K(2534912K) Eden: 1328842K(2279936K)->0K(2279936K) From: 125472K(261120K)->82496K(254976K)
[690.529s][info][gc,heap        ] GC(602) ParOldGen: 122206K(5592576K)->137202K(5592576K)
[690.529s][info][gc,metaspace   ] GC(602) Metaspace: 23209K(23552K)->23209K(23552K) NonClass: 20407K(20608K)->20407K(20608K) Class: 2801K(2944K)->2801K(2944K)
[690.529s][info][gc             ] GC(602) Pause Young (System.gc()) 1539M->214M(7937M) 71.187ms
[690.529s][info][gc,cpu         ] GC(602) User=0.41s Sys=0.00s Real=0.08s
[690.529s][info][gc,start       ] GC(603) Pause Full (System.gc())
[690.529s][info][gc,phases,start] GC(603) Marking Phase
[690.565s][info][gc,phases      ] GC(603) Marking Phase 35.848ms
[690.565s][info][gc,phases,start] GC(603) Summary Phase
[690.565s][info][gc,phases      ] GC(603) Summary Phase 0.011ms
[690.565s][info][gc,phases,start] GC(603) Adjust Roots
[690.569s][info][gc,phases      ] GC(603) Adjust Roots 3.915ms
[690.569s][info][gc,phases,start] GC(603) Compaction Phase
[690.661s][info][gc,phases      ] GC(603) Compaction Phase 91.979ms
[690.661s][info][gc,phases,start] GC(603) Post Compact
[690.662s][info][gc,phases      ] GC(603) Post Compact 1.166ms
[690.662s][info][gc,heap        ] GC(603) PSYoungGen: 82496K(2534912K)->0K(2534912K) Eden: 0K(2279936K)->0K(2279936K) From: 82496K(254976K)->0K(254976K)
[690.662s][info][gc,heap        ] GC(603) ParOldGen: 137202K(5592576K)->104133K(5592576K)
[690.662s][info][gc,metaspace   ] GC(603) Metaspace: 23209K(23552K)->23209K(23552K) NonClass: 20407K(20608K)->20407K(20608K) Class: 2801K(2944K)->2801K(2944K)
[690.662s][info][gc             ] GC(603) Pause Full (System.gc()) 214M->101M(7937M) 133.216ms
[690.662s][info][gc,cpu         ] GC(603) User=0.56s Sys=0.00s Real=0.13s
[691.753s][info][gc,start       ] GC(604) Pause Young (Allocation Failure)
[691.876s][info][gc,heap        ] GC(604) PSYoungGen: 2279936K(2534912K)->178768K(2536448K) Eden: 2279936K(2279936K)->0K(2280960K) From: 0K(254976K)->178768K(255488K)
[691.876s][info][gc,heap        ] GC(604) ParOldGen: 104133K(5592576K)->104133K(5592576K)
[691.876s][info][gc,metaspace   ] GC(604) Metaspace: 23209K(23552K)->23209K(23552K) NonClass: 20407K(20608K)->20407K(20608K) Class: 2801K(2944K)->2801K(2944K)
[691.876s][info][gc             ] GC(604) Pause Young (Allocation Failure) 2328M->276M(7938M) 123.330ms
[691.876s][info][gc,cpu         ] GC(604) User=0.75s Sys=0.00s Real=0.13s
[693.217s][info][gc,start       ] GC(605) Pause Young (Allocation Failure)
[693.300s][info][gc,heap        ] GC(605) PSYoungGen: 2459728K(2536448K)->115104K(2538496K) Eden: 2280960K(2280960K)->0K(2280960K) From: 178768K(255488K)->115104K(257536K)
[693.300s][info][gc,heap        ] GC(605) ParOldGen: 104133K(5592576K)->104165K(5592576K)
[693.300s][info][gc,metaspace   ] GC(605) Metaspace: 23209K(23552K)->23209K(23552K) NonClass: 20407K(20608K)->20407K(20608K) Class: 2801K(2944K)->2801K(2944K)
[693.300s][info][gc             ] GC(605) Pause Young (Allocation Failure) 2503M->214M(7940M) 82.839ms
[693.300s][info][gc,cpu         ] GC(605) User=0.47s Sys=0.00s Real=0.08s
[694.538s][info][gc,start       ] GC(606) Pause Young (Allocation Failure)
[694.661s][info][gc,heap        ] GC(606) PSYoungGen: 2396064K(2538496K)->184960K(2534912K) Eden: 2280960K(2280960K)->0K(2283008K) From: 115104K(257536K)->184960K(251904K)
[694.661s][info][gc,heap        ] GC(606) ParOldGen: 104165K(5592576K)->104165K(5592576K)
[694.661s][info][gc,metaspace   ] GC(606) Metaspace: 23209K(23552K)->23209K(23552K) NonClass: 20407K(20608K)->20407K(20608K) Class: 2801K(2944K)->2801K(2944K)
[694.661s][info][gc             ] GC(606) Pause Young (Allocation Failure) 2441M->282M(7937M) 123.017ms
[694.661s][info][gc,cpu         ] GC(606) User=0.69s Sys=0.00s Real=0.12s
[696.085s][info][gc,start       ] GC(607) Pause Young (Allocation Failure)
[696.162s][info][gc,heap        ] GC(607) PSYoungGen: 2467968K(2534912K)->99360K(2539520K) Eden: 2283008K(2283008K)->0K(2283008K) From: 184960K(251904K)->99360K(256512K)
[696.162s][info][gc,heap        ] GC(607) ParOldGen: 104165K(5592576K)->104173K(5592576K)
[696.162s][info][gc,metaspace   ] GC(607) Metaspace: 23209K(23552K)->23209K(23552K) NonClass: 20407K(20608K)->20407K(20608K) Class: 2801K(2944K)->2801K(2944K)
[696.162s][info][gc             ] GC(607) Pause Young (Allocation Failure) 2511M->198M(7941M) 77.778ms
[696.162s][info][gc,cpu         ] GC(607) User=0.41s Sys=0.00s Real=0.08s
[697.235s][info][gc,start       ] GC(608) Pause Young (Allocation Failure)
[697.362s][info][gc,heap        ] GC(608) PSYoungGen: 2382368K(2539520K)->191056K(2528256K) Eden: 2283008K(2283008K)->0K(2274816K) From: 99360K(256512K)->191056K(253440K)
[697.362s][info][gc,heap        ] GC(608) ParOldGen: 104173K(5592576K)->104765K(5592576K)
[697.362s][info][gc,metaspace   ] GC(608) Metaspace: 23209K(23552K)->23209K(23552K) NonClass: 20407K(20608K)->20407K(20608K) Class: 2801K(2944K)->2801K(2944K)
[697.362s][info][gc             ] GC(608) Pause Young (Allocation Failure) 2428M->288M(7930M) 126.444ms
[697.362s][info][gc,cpu         ] GC(608) User=0.78s Sys=0.00s Real=0.13s
[698.725s][info][gc,start       ] GC(609) Pause Young (Allocation Failure)
[698.801s][info][gc,heap        ] GC(609) PSYoungGen: 2465872K(2528256K)->99760K(2535424K) Eden: 2274816K(2274816K)->0K(2274816K) From: 191056K(253440K)->99760K(260608K)
[698.801s][info][gc,heap        ] GC(609) ParOldGen: 104765K(5592576K)->105509K(5592576K)
[698.801s][info][gc,metaspace   ] GC(609) Metaspace: 23209K(23552K)->23209K(23552K) NonClass: 20407K(20608K)->20407K(20608K) Class: 2801K(2944K)->2801K(2944K)
[698.801s][info][gc             ] GC(609) Pause Young (Allocation Failure) 2510M->200M(7937M) 76.545ms
[698.801s][info][gc,cpu         ] GC(609) User=0.39s Sys=0.00s Real=0.08s
[699.631s][info][gc,start       ] GC(610) Pause Young (System.gc())
[699.704s][info][gc,heap        ] GC(610) PSYoungGen: 1594448K(2535424K)->96096K(2542592K) Eden: 1494688K(2274816K)->0K(2285056K) From: 99760K(260608K)->96096K(257536K)
[699.704s][info][gc,heap        ] GC(610) ParOldGen: 105509K(5592576K)->106801K(5592576K)
[699.704s][info][gc,metaspace   ] GC(610) Metaspace: 23209K(23552K)->23209K(23552K) NonClass: 20407K(20608K)->20407K(20608K) Class: 2801K(2944K)->2801K(2944K)
[699.704s][info][gc             ] GC(610) Pause Young (System.gc()) 1660M->198M(7944M) 73.069ms
[699.704s][info][gc,cpu         ] GC(610) User=0.38s Sys=0.00s Real=0.06s
[699.704s][info][gc,start       ] GC(611) Pause Full (System.gc())
[699.705s][info][gc,phases,start] GC(611) Marking Phase
[699.740s][info][gc,phases      ] GC(611) Marking Phase 35.665ms
[699.740s][info][gc,phases,start] GC(611) Summary Phase
[699.740s][info][gc,phases      ] GC(611) Summary Phase 0.013ms
[699.740s][info][gc,phases,start] GC(611) Adjust Roots
[699.745s][info][gc,phases      ] GC(611) Adjust Roots 4.322ms
[699.745s][info][gc,phases,start] GC(611) Compaction Phase
[699.837s][info][gc,phases      ] GC(611) Compaction Phase 92.016ms
[699.837s][info][gc,phases,start] GC(611) Post Compact
[699.838s][info][gc,phases      ] GC(611) Post Compact 1.173ms
[699.838s][info][gc,heap        ] GC(611) PSYoungGen: 96096K(2542592K)->0K(2542592K) Eden: 0K(2285056K)->0K(2285056K) From: 96096K(257536K)->0K(257536K)
[699.838s][info][gc,heap        ] GC(611) ParOldGen: 106801K(5592576K)->104060K(5592576K)
[699.838s][info][gc,metaspace   ] GC(611) Metaspace: 23209K(23552K)->23209K(23552K) NonClass: 20407K(20608K)->20407K(20608K) Class: 2801K(2944K)->2801K(2944K)
[699.838s][info][gc             ] GC(611) Pause Full (System.gc()) 198M->101M(7944M) 133.461ms
[699.838s][info][gc,cpu         ] GC(611) User=0.53s Sys=0.00s Real=0.15s
[700.863s][info][gc,start       ] GC(612) Pause Young (Allocation Failure)
[700.991s][info][gc,heap        ] GC(612) PSYoungGen: 2285056K(2542592K)->191168K(2476544K) Eden: 2285056K(2285056K)->0K(2285056K) From: 0K(257536K)->191168K(191488K)
[700.991s][info][gc,heap        ] GC(612) ParOldGen: 104060K(5592576K)->104060K(5592576K)
[700.991s][info][gc,metaspace   ] GC(612) Metaspace: 23209K(23552K)->23209K(23552K) NonClass: 20407K(20608K)->20407K(20608K) Class: 2801K(2944K)->2801K(2944K)
[700.991s][info][gc             ] GC(612) Pause Young (Allocation Failure) 2333M->288M(7880M) 128.422ms
[700.991s][info][gc,cpu         ] GC(612) User=0.75s Sys=0.00s Real=0.12s
[702.357s][info][gc,start       ] GC(613) Pause Young (Allocation Failure)
[702.436s][info][gc,heap        ] GC(613) PSYoungGen: 2476224K(2476544K)->97168K(2537984K) Eden: 2285056K(2285056K)->0K(2275840K) From: 191168K(191488K)->97168K(262144K)
[702.438s][info][gc,heap        ] GC(613) ParOldGen: 104060K(5592576K)->104092K(5592576K)
[702.438s][info][gc,metaspace   ] GC(613) Metaspace: 23209K(23552K)->23209K(23552K) NonClass: 20407K(20608K)->20407K(20608K) Class: 2801K(2944K)->2801K(2944K)
[702.438s][info][gc             ] GC(613) Pause Young (Allocation Failure) 2519M->196M(7940M) 80.976ms
[702.438s][info][gc,cpu         ] GC(613) User=0.39s Sys=0.00s Real=0.08s
[703.600s][info][gc,start       ] GC(614) Pause Young (Allocation Failure)
[703.732s][info][gc,heap        ] GC(614) PSYoungGen: 2373008K(2537984K)->195312K(2471424K) Eden: 2275840K(2275840K)->0K(2275840K) From: 97168K(262144K)->195312K(195584K)
[703.732s][info][gc,heap        ] GC(614) ParOldGen: 104092K(5592576K)->104232K(5592576K)
[703.732s][info][gc,metaspace   ] GC(614) Metaspace: 23209K(23552K)->23209K(23552K) NonClass: 20407K(20608K)->20407K(20608K) Class: 2801K(2944K)->2801K(2944K)
[703.732s][info][gc             ] GC(614) Pause Young (Allocation Failure) 2419M->292M(7875M) 131.474ms
[703.732s][info][gc,cpu         ] GC(614) User=0.73s Sys=0.00s Real=0.12s
[705.162s][info][gc,start       ] GC(615) Pause Young (Allocation Failure)
[705.244s][info][gc,heap        ] GC(615) PSYoungGen: 2471152K(2471424K)->99392K(2533888K) Eden: 2275840K(2275840K)->0K(2267136K) From: 195312K(195584K)->99392K(266752K)
[705.245s][info][gc,heap        ] GC(615) ParOldGen: 104232K(5592576K)->104556K(5592576K)
[705.245s][info][gc,metaspace   ] GC(615) Metaspace: 23209K(23552K)->23209K(23552K) NonClass: 20407K(20608K)->20407K(20608K) Class: 2801K(2944K)->2801K(2944K)
[705.245s][info][gc             ] GC(615) Pause Young (Allocation Failure) 2515M->199M(7936M) 82.904ms
[705.245s][info][gc,cpu         ] GC(615) User=0.41s Sys=0.00s Real=0.08s
[706.282s][info][gc,start       ] GC(616) Pause Young (Allocation Failure)
[706.404s][info][gc,heap        ] GC(616) PSYoungGen: 2366528K(2533888K)->190000K(2457600K) Eden: 2267136K(2267136K)->0K(2267136K) From: 99392K(266752K)->190000K(190464K)
[706.404s][info][gc,heap        ] GC(616) ParOldGen: 104556K(5592576K)->105160K(5592576K)
[706.404s][info][gc,metaspace   ] GC(616) Metaspace: 23211K(23552K)->23211K(23552K) NonClass: 20409K(20608K)->20409K(20608K) Class: 2801K(2944K)->2801K(2944K)
[706.404s][info][gc             ] GC(616) Pause Young (Allocation Failure) 2413M->288M(7861M) 121.968ms
[706.404s][info][gc,cpu         ] GC(616) User=0.69s Sys=0.00s Real=0.13s
[707.865s][info][gc,start       ] GC(617) Pause Young (Allocation Failure)
[707.950s][info][gc,heap        ] GC(617) PSYoungGen: 2457136K(2457600K)->116784K(2534912K) Eden: 2267136K(2267136K)->0K(2266112K) From: 190000K(190464K)->116784K(268800K)
[707.950s][info][gc,heap        ] GC(617) ParOldGen: 105160K(5592576K)->105660K(5592576K)
[707.950s][info][gc,metaspace   ] GC(617) Metaspace: 23212K(23552K)->23212K(23552K) NonClass: 20410K(20608K)->20410K(20608K) Class: 2801K(2944K)->2801K(2944K)
[707.950s][info][gc             ] GC(617) Pause Young (Allocation Failure) 2502M->217M(7937M) 84.946ms
[707.950s][info][gc,cpu         ] GC(617) User=0.50s Sys=0.00s Real=0.08s
[708.705s][info][gc,start       ] GC(618) Pause Young (System.gc())
[708.775s][info][gc,heap        ] GC(618) PSYoungGen: 1501171K(2534912K)->87744K(2527232K) Eden: 1384387K(2266112K)->0K(2266112K) From: 116784K(268800K)->87744K(261120K)
[708.775s][info][gc,heap        ] GC(618) ParOldGen: 105660K(5592576K)->115488K(5592576K)
[708.775s][info][gc,metaspace   ] GC(618) Metaspace: 23212K(23552K)->23212K(23552K) NonClass: 20410K(20608K)->20410K(20608K) Class: 2801K(2944K)->2801K(2944K)
[708.775s][info][gc             ] GC(618) Pause Young (System.gc()) 1569M->198M(7929M) 70.744ms
[708.775s][info][gc,cpu         ] GC(618) User=0.38s Sys=0.00s Real=0.08s
[708.775s][info][gc,start       ] GC(619) Pause Full (System.gc())
[708.775s][info][gc,phases,start] GC(619) Marking Phase
[708.812s][info][gc,phases      ] GC(619) Marking Phase 36.328ms
[708.812s][info][gc,phases,start] GC(619) Summary Phase
[708.812s][info][gc,phases      ] GC(619) Summary Phase 0.011ms
[708.812s][info][gc,phases,start] GC(619) Adjust Roots
[708.817s][info][gc,phases      ] GC(619) Adjust Roots 4.804ms
[708.817s][info][gc,phases,start] GC(619) Compaction Phase
[708.910s][info][gc,phases      ] GC(619) Compaction Phase 92.977ms
[708.910s][info][gc,phases,start] GC(619) Post Compact
[708.911s][info][gc,phases      ] GC(619) Post Compact 1.136ms
[708.911s][info][gc,heap        ] GC(619) PSYoungGen: 87744K(2527232K)->0K(2527232K) Eden: 0K(2266112K)->0K(2266112K) From: 87744K(261120K)->0K(261120K)
[708.911s][info][gc,heap        ] GC(619) ParOldGen: 115488K(5592576K)->104222K(5592576K)
[708.911s][info][gc,metaspace   ] GC(619) Metaspace: 23212K(23552K)->23212K(23552K) NonClass: 20410K(20608K)->20410K(20608K) Class: 2801K(2944K)->2801K(2944K)
[708.911s][info][gc             ] GC(619) Pause Full (System.gc()) 198M->101M(7929M) 135.526ms
[708.911s][info][gc,cpu         ] GC(619) User=0.59s Sys=0.00s Real=0.12s
[709.971s][info][gc,start       ] GC(620) Pause Young (Allocation Failure)
[710.095s][info][gc,heap        ] GC(620) PSYoungGen: 2266112K(2527232K)->184736K(2526208K) Eden: 2266112K(2266112K)->0K(2267648K) From: 0K(261120K)->184736K(258560K)
[710.095s][info][gc,heap        ] GC(620) ParOldGen: 104222K(5592576K)->104222K(5592576K)
[710.095s][info][gc,metaspace   ] GC(620) Metaspace: 23214K(23552K)->23214K(23552K) NonClass: 20413K(20608K)->20413K(20608K) Class: 2801K(2944K)->2801K(2944K)
[710.095s][info][gc             ] GC(620) Pause Young (Allocation Failure) 2314M->282M(7928M) 123.663ms
[710.095s][info][gc,cpu         ] GC(620) User=0.69s Sys=0.00s Real=0.13s
[711.405s][info][gc,start       ] GC(621) Pause Young (Allocation Failure)
[711.516s][info][gc,heap        ] GC(621) PSYoungGen: 2452384K(2526208K)->156096K(2531840K) Eden: 2267648K(2267648K)->0K(2267648K) From: 184736K(258560K)->156096K(264192K)
[711.516s][info][gc,heap        ] GC(621) ParOldGen: 104222K(5592576K)->109570K(5592576K)
[711.516s][info][gc,metaspace   ] GC(621) Metaspace: 23214K(23552K)->23214K(23552K) NonClass: 20413K(20608K)->20413K(20608K) Class: 2801K(2944K)->2801K(2944K)
[711.516s][info][gc             ] GC(621) Pause Young (Allocation Failure) 2496M->259M(7934M) 111.008ms
[711.516s][info][gc,cpu         ] GC(621) User=0.64s Sys=0.00s Real=0.11s
[712.561s][info][gc,start       ] GC(622) Pause Young (Allocation Failure)
[712.691s][info][gc,heap        ] GC(622) PSYoungGen: 2423744K(2531840K)->190704K(2526208K) Eden: 2267648K(2267648K)->0K(2268672K) From: 156096K(264192K)->190704K(257536K)
[712.691s][info][gc,heap        ] GC(622) ParOldGen: 109570K(5592576K)->118931K(5592576K)
[712.691s][info][gc,metaspace   ] GC(622) Metaspace: 23214K(23552K)->23214K(23552K) NonClass: 20413K(20608K)->20413K(20608K) Class: 2801K(2944K)->2801K(2944K)
[712.691s][info][gc             ] GC(622) Pause Young (Allocation Failure) 2473M->302M(7928M) 130.240ms
[712.691s][info][gc,cpu         ] GC(622) User=0.77s Sys=0.00s Real=0.12s
[714.099s][info][gc,start       ] GC(623) Pause Young (Allocation Failure)
[714.192s][info][gc,heap        ] GC(623) PSYoungGen: 2459376K(2526208K)->123024K(2532352K) Eden: 2268672K(2268672K)->0K(2268672K) From: 190704K(257536K)->123024K(263680K)
[714.192s][info][gc,heap        ] GC(623) ParOldGen: 118931K(5592576K)->121367K(5592576K)
[714.192s][info][gc,metaspace   ] GC(623) Metaspace: 23214K(23552K)->23214K(23552K) NonClass: 20413K(20608K)->20413K(20608K) Class: 2801K(2944K)->2801K(2944K)
[714.192s][info][gc             ] GC(623) Pause Young (Allocation Failure) 2517M->238M(7934M) 93.211ms
[714.193s][info][gc,cpu         ] GC(623) User=0.48s Sys=0.00s Real=0.10s
[715.174s][info][gc,start       ] GC(624) Pause Young (Allocation Failure)
[715.307s][info][gc,heap        ] GC(624) PSYoungGen: 2391696K(2532352K)->193632K(2525696K) Eden: 2268672K(2268672K)->0K(2269696K) From: 123024K(263680K)->193632K(256000K)
[715.307s][info][gc,heap        ] GC(624) ParOldGen: 121367K(5592576K)->130467K(5592576K)
[715.307s][info][gc,metaspace   ] GC(624) Metaspace: 23214K(23552K)->23214K(23552K) NonClass: 20413K(20608K)->20413K(20608K) Class: 2801K(2944K)->2801K(2944K)
[715.307s][info][gc             ] GC(624) Pause Young (Allocation Failure) 2454M->316M(7928M) 132.891ms
[715.307s][info][gc,cpu         ] GC(624) User=0.73s Sys=0.00s Real=0.12s
[716.724s][info][gc,start       ] GC(625) Pause Young (Allocation Failure)
[716.815s][info][gc,heap        ] GC(625) PSYoungGen: 2463328K(2525696K)->118400K(2532864K) Eden: 2269696K(2269696K)->0K(2269696K) From: 193632K(256000K)->118400K(263168K)
[716.816s][info][gc,heap        ] GC(625) ParOldGen: 130467K(5592576K)->132123K(5592576K)
[716.816s][info][gc,metaspace   ] GC(625) Metaspace: 23214K(23552K)->23214K(23552K) NonClass: 20413K(20608K)->20413K(20608K) Class: 2801K(2944K)->2801K(2944K)
[716.816s][info][gc             ] GC(625) Pause Young (Allocation Failure) 2533M->244M(7935M) 91.373ms
[716.816s][info][gc,cpu         ] GC(625) User=0.50s Sys=0.00s Real=0.08s
[717.658s][info][gc,start       ] GC(626) Pause Young (System.gc())
[717.729s][info][gc,heap        ] GC(626) PSYoungGen: 1540692K(2532864K)->87008K(2539520K) Eden: 1422291K(2269696K)->0K(2282496K) From: 118400K(263168K)->87008K(257024K)
[717.729s][info][gc,heap        ] GC(626) ParOldGen: 132123K(5592576K)->142479K(5592576K)
[717.729s][info][gc,metaspace   ] GC(626) Metaspace: 23214K(23552K)->23214K(23552K) NonClass: 20413K(20608K)->20413K(20608K) Class: 2801K(2944K)->2801K(2944K)
[717.729s][info][gc             ] GC(626) Pause Young (System.gc()) 1633M->224M(7941M) 71.453ms
[717.729s][info][gc,cpu         ] GC(626) User=0.47s Sys=0.00s Real=0.06s
[717.729s][info][gc,start       ] GC(627) Pause Full (System.gc())
[717.729s][info][gc,phases,start] GC(627) Marking Phase
[717.765s][info][gc,phases      ] GC(627) Marking Phase 35.469ms
[717.765s][info][gc,phases,start] GC(627) Summary Phase
[717.765s][info][gc,phases      ] GC(627) Summary Phase 0.010ms
[717.765s][info][gc,phases,start] GC(627) Adjust Roots
[717.770s][info][gc,phases      ] GC(627) Adjust Roots 4.840ms
[717.770s][info][gc,phases,start] GC(627) Compaction Phase
[717.862s][info][gc,phases      ] GC(627) Compaction Phase 92.504ms
[717.862s][info][gc,phases,start] GC(627) Post Compact
[717.864s][info][gc,phases      ] GC(627) Post Compact 1.423ms
[717.864s][info][gc,heap        ] GC(627) PSYoungGen: 87008K(2539520K)->0K(2539520K) Eden: 0K(2282496K)->0K(2282496K) From: 87008K(257024K)->0K(257024K)
[717.864s][info][gc,heap        ] GC(627) ParOldGen: 142479K(5592576K)->104009K(5592576K)
[717.864s][info][gc,metaspace   ] GC(627) Metaspace: 23214K(23552K)->23214K(23552K) NonClass: 20413K(20608K)->20413K(20608K) Class: 2801K(2944K)->2801K(2944K)
[717.864s][info][gc             ] GC(627) Pause Full (System.gc()) 224M->101M(7941M) 134.522ms
[717.864s][info][gc,cpu         ] GC(627) User=0.56s Sys=0.00s Real=0.14s
[718.917s][info][gc,start       ] GC(628) Pause Young (Allocation Failure)
[719.042s][info][gc,heap        ] GC(628) PSYoungGen: 2282496K(2539520K)->186016K(2468864K) Eden: 2282496K(2282496K)->0K(2282496K) From: 0K(257024K)->186016K(186368K)
[719.044s][info][gc,heap        ] GC(628) ParOldGen: 104009K(5592576K)->104009K(5592576K)
[719.044s][info][gc,metaspace   ] GC(628) Metaspace: 23214K(23552K)->23214K(23552K) NonClass: 20413K(20608K)->20413K(20608K) Class: 2801K(2944K)->2801K(2944K)
[719.045s][info][gc             ] GC(628) Pause Young (Allocation Failure) 2330M->283M(7872M) 127.130ms
[719.045s][info][gc,cpu         ] GC(628) User=0.69s Sys=0.00s Real=0.12s
[720.338s][info][gc,start       ] GC(629) Pause Young (Allocation Failure)
[720.418s][info][gc,heap        ] GC(629) PSYoungGen: 2468512K(2468864K)->112240K(2540544K) Eden: 2282496K(2282496K)->0K(2278912K) From: 186016K(186368K)->112240K(261632K)
[720.420s][info][gc,heap        ] GC(629) ParOldGen: 104009K(5592576K)->104333K(5592576K)
[720.420s][info][gc,metaspace   ] GC(629) Metaspace: 23214K(23552K)->23214K(23552K) NonClass: 20413K(20608K)->20413K(20608K) Class: 2801K(2944K)->2801K(2944K)
[720.420s][info][gc             ] GC(629) Pause Young (Allocation Failure) 2512M->211M(7942M) 81.911ms
[720.420s][info][gc,cpu         ] GC(629) User=0.39s Sys=0.00s Real=0.08s
[721.532s][info][gc,start       ] GC(630) Pause Young (Allocation Failure)
[721.652s][info][gc,heap        ] GC(630) PSYoungGen: 2391152K(2540544K)->181728K(2534400K) Eden: 2278912K(2278912K)->0K(2278912K) From: 112240K(261632K)->181728K(255488K)
[721.652s][info][gc,heap        ] GC(630) ParOldGen: 104333K(5592576K)->104829K(5592576K)
[721.652s][info][gc,metaspace   ] GC(630) Metaspace: 23216K(23552K)->23216K(23552K) NonClass: 20414K(20608K)->20414K(20608K) Class: 2801K(2944K)->2801K(2944K)
[721.652s][info][gc             ] GC(630) Pause Young (Allocation Failure) 2436M->279M(7936M) 120.450ms
[721.652s][info][gc,cpu         ] GC(630) User=0.70s Sys=0.00s Real=0.11s
[722.966s][info][gc,start       ] GC(631) Pause Young (Allocation Failure)
[723.049s][info][gc,heap        ] GC(631) PSYoungGen: 2460640K(2534400K)->112720K(2542592K) Eden: 2278912K(2278912K)->0K(2283520K) From: 181728K(255488K)->112720K(259072K)
[723.049s][info][gc,heap        ] GC(631) ParOldGen: 104829K(5592576K)->105253K(5592576K)
[723.049s][info][gc,metaspace   ] GC(631) Metaspace: 23216K(23552K)->23216K(23552K) NonClass: 20414K(20608K)->20414K(20608K) Class: 2801K(2944K)->2801K(2944K)
[723.049s][info][gc             ] GC(631) Pause Young (Allocation Failure) 2505M->212M(7944M) 83.208ms
[723.049s][info][gc,cpu         ] GC(631) User=0.47s Sys=0.00s Real=0.08s
[724.199s][info][gc,start       ] GC(632) Pause Young (Allocation Failure)
[724.321s][info][gc,heap        ] GC(632) PSYoungGen: 2396240K(2542592K)->182048K(2536960K) Eden: 2283520K(2283520K)->0K(2283520K) From: 112720K(259072K)->182048K(253440K)
[724.321s][info][gc,heap        ] GC(632) ParOldGen: 105253K(5592576K)->105665K(5592576K)
[724.321s][info][gc,metaspace   ] GC(632) Metaspace: 23216K(23552K)->23216K(23552K) NonClass: 20414K(20608K)->20414K(20608K) Class: 2801K(2944K)->2801K(2944K)
[724.321s][info][gc             ] GC(632) Pause Young (Allocation Failure) 2442M->280M(7939M) 122.593ms
[724.321s][info][gc,cpu         ] GC(632) User=0.73s Sys=0.00s Real=0.12s
[725.614s][info][gc,start       ] GC(633) Pause Young (Allocation Failure)
[725.703s][info][gc,heap        ] GC(633) PSYoungGen: 2465568K(2536960K)->126544K(2546688K) Eden: 2283520K(2283520K)->0K(2289664K) From: 182048K(253440K)->126544K(257024K)
[725.703s][info][gc,heap        ] GC(633) ParOldGen: 105665K(5592576K)->107121K(5592576K)
[725.703s][info][gc,metaspace   ] GC(633) Metaspace: 23216K(23552K)->23216K(23552K) NonClass: 20414K(20608K)->20414K(20608K) Class: 2801K(2944K)->2801K(2944K)
[725.703s][info][gc             ] GC(633) Pause Young (Allocation Failure) 2510M->228M(7948M) 88.567ms
[725.703s][info][gc,cpu         ] GC(633) User=0.47s Sys=0.00s Real=0.08s
[726.716s][info][gc,start       ] GC(634) Pause Young (System.gc())
[726.789s][info][gc,heap        ] GC(634) PSYoungGen: 1713334K(2546688K)->97392K(2539008K) Eden: 1586790K(2289664K)->0K(2289664K) From: 126544K(257024K)->97392K(249344K)
[726.789s][info][gc,heap        ] GC(634) ParOldGen: 107121K(5592576K)->107769K(5592576K)
[726.789s][info][gc,metaspace   ] GC(634) Metaspace: 23216K(23552K)->23216K(23552K) NonClass: 20414K(20608K)->20414K(20608K) Class: 2801K(2944K)->2801K(2944K)
[726.789s][info][gc             ] GC(634) Pause Young (System.gc()) 1777M->200M(7941M) 72.864ms
[726.789s][info][gc,cpu         ] GC(634) User=0.39s Sys=0.00s Real=0.08s
[726.789s][info][gc,start       ] GC(635) Pause Full (System.gc())
[726.789s][info][gc,phases,start] GC(635) Marking Phase
[726.824s][info][gc,phases      ] GC(635) Marking Phase 34.878ms
[726.824s][info][gc,phases,start] GC(635) Summary Phase
[726.824s][info][gc,phases      ] GC(635) Summary Phase 0.011ms
[726.824s][info][gc,phases,start] GC(635) Adjust Roots
[726.828s][info][gc,phases      ] GC(635) Adjust Roots 4.389ms
[726.829s][info][gc,phases,start] GC(635) Compaction Phase
[726.931s][info][gc,phases      ] GC(635) Compaction Phase 102.823ms
[726.931s][info][gc,phases,start] GC(635) Post Compact
[726.932s][info][gc,phases      ] GC(635) Post Compact 1.081ms
[726.933s][info][gc,heap        ] GC(635) PSYoungGen: 97392K(2539008K)->0K(2539008K) Eden: 0K(2289664K)->0K(2289664K) From: 97392K(249344K)->0K(249344K)
[726.933s][info][gc,heap        ] GC(635) ParOldGen: 107769K(5592576K)->104123K(5592576K)
[726.933s][info][gc,metaspace   ] GC(635) Metaspace: 23216K(23552K)->23216K(23552K) NonClass: 20414K(20608K)->20414K(20608K) Class: 2801K(2944K)->2801K(2944K)
[726.933s][info][gc             ] GC(635) Pause Full (System.gc()) 200M->101M(7941M) 143.425ms
[726.933s][info][gc,cpu         ] GC(635) User=0.61s Sys=0.00s Real=0.14s
[728.073s][info][gc,start       ] GC(636) Pause Young (Allocation Failure)
[728.206s][info][gc,heap        ] GC(636) PSYoungGen: 2289664K(2539008K)->190384K(2532864K) Eden: 2289664K(2289664K)->0K(2286080K) From: 0K(249344K)->190384K(246784K)
[728.206s][info][gc,heap        ] GC(636) ParOldGen: 104123K(5592576K)->104123K(5592576K)
[728.206s][info][gc,metaspace   ] GC(636) Metaspace: 23216K(23552K)->23216K(23552K) NonClass: 20414K(20608K)->20414K(20608K) Class: 2801K(2944K)->2801K(2944K)
[728.206s][info][gc             ] GC(636) Pause Young (Allocation Failure) 2337M->287M(7935M) 132.192ms
[728.206s][info][gc,cpu         ] GC(636) User=0.67s Sys=0.03s Real=0.14s
[729.507s][info][gc,start       ] GC(637) Pause Young (Allocation Failure)
[729.589s][info][gc,heap        ] GC(637) PSYoungGen: 2476464K(2532864K)->110816K(2541056K) Eden: 2286080K(2286080K)->0K(2286080K) From: 190384K(246784K)->110816K(254976K)
[729.589s][info][gc,heap        ] GC(637) ParOldGen: 104123K(5592576K)->104199K(5592576K)
[729.589s][info][gc,metaspace   ] GC(637) Metaspace: 23216K(23552K)->23216K(23552K) NonClass: 20414K(20608K)->20414K(20608K) Class: 2801K(2944K)->2801K(2944K)
[729.589s][info][gc             ] GC(637) Pause Young (Allocation Failure) 2520M->209M(7943M) 82.203ms
[729.589s][info][gc,cpu         ] GC(637) User=0.47s Sys=0.00s Real=0.08s
[730.784s][info][gc,start       ] GC(638) Pause Young (Allocation Failure)
[730.905s][info][gc,heap        ] GC(638) PSYoungGen: 2396896K(2541056K)->178928K(2540032K) Eden: 2286080K(2286080K)->0K(2290176K) From: 110816K(254976K)->178928K(249856K)
[730.905s][info][gc,heap        ] GC(638) ParOldGen: 104199K(5592576K)->104215K(5592576K)
[730.905s][info][gc,metaspace   ] GC(638) Metaspace: 23216K(23552K)->23216K(23552K) NonClass: 20414K(20608K)->20414K(20608K) Class: 2801K(2944K)->2801K(2944K)
[730.905s][info][gc             ] GC(638) Pause Young (Allocation Failure) 2442M->276M(7942M) 121.165ms
[730.905s][info][gc,cpu         ] GC(638) User=0.69s Sys=0.00s Real=0.13s
[732.269s][info][gc,start       ] GC(639) Pause Young (Allocation Failure)
[732.341s][info][gc,heap        ] GC(639) PSYoungGen: 2469104K(2540032K)->97360K(2543104K) Eden: 2290176K(2290176K)->0K(2290176K) From: 178928K(249856K)->97360K(252928K)
[732.341s][info][gc,heap        ] GC(639) ParOldGen: 104215K(5592576K)->104231K(5592576K)
[732.341s][info][gc,metaspace   ] GC(639) Metaspace: 23216K(23552K)->23216K(23552K) NonClass: 20414K(20608K)->20414K(20608K) Class: 2801K(2944K)->2801K(2944K)
[732.341s][info][gc             ] GC(639) Pause Young (Allocation Failure) 2513M->196M(7945M) 72.401ms
[732.341s][info][gc,cpu         ] GC(639) User=0.38s Sys=0.00s Real=0.06s
[733.383s][info][gc,start       ] GC(640) Pause Young (Allocation Failure)
[733.512s][info][gc,heap        ] GC(640) PSYoungGen: 2387536K(2543104K)->193776K(2528256K) Eden: 2290176K(2290176K)->0K(2277888K) From: 97360K(252928K)->193776K(250368K)
[733.512s][info][gc,heap        ] GC(640) ParOldGen: 104231K(5592576K)->104319K(5592576K)
[733.512s][info][gc,metaspace   ] GC(640) Metaspace: 23216K(23552K)->23216K(23552K) NonClass: 20414K(20608K)->20414K(20608K) Class: 2801K(2944K)->2801K(2944K)
[733.512s][info][gc             ] GC(640) Pause Young (Allocation Failure) 2433M->291M(7930M) 128.637ms
[733.512s][info][gc,cpu         ] GC(640) User=0.88s Sys=0.00s Real=0.14s
[734.926s][info][gc,start       ] GC(641) Pause Young (Allocation Failure)
[735.008s][info][gc,heap        ] GC(641) PSYoungGen: 2471664K(2528256K)->114224K(2536960K) Eden: 2277888K(2277888K)->0K(2277888K) From: 193776K(250368K)->114224K(259072K)
[735.008s][info][gc,heap        ] GC(641) ParOldGen: 104319K(5592576K)->104731K(5592576K)
[735.008s][info][gc,metaspace   ] GC(641) Metaspace: 23216K(23552K)->23216K(23552K) NonClass: 20414K(20608K)->20414K(20608K) Class: 2801K(2944K)->2801K(2944K)
[735.008s][info][gc             ] GC(641) Pause Young (Allocation Failure) 2515M->213M(7939M) 82.251ms
[735.008s][info][gc,cpu         ] GC(641) User=0.52s Sys=0.00s Real=0.08s
[735.860s][info][gc,start       ] GC(642) Pause Young (System.gc())
[735.932s][info][gc,heap        ] GC(642) PSYoungGen: 1535974K(2536960K)->88800K(2544640K) Eden: 1421750K(2277888K)->0K(2291712K) From: 114224K(259072K)->88800K(252928K)
[735.932s][info][gc,heap        ] GC(642) ParOldGen: 104731K(5592576K)->113311K(5592576K)
[735.932s][info][gc,metaspace   ] GC(642) Metaspace: 23216K(23552K)->23216K(23552K) NonClass: 20414K(20608K)->20414K(20608K) Class: 2801K(2944K)->2801K(2944K)
[735.932s][info][gc             ] GC(642) Pause Young (System.gc()) 1602M->197M(7946M) 71.554ms
[735.932s][info][gc,cpu         ] GC(642) User=0.47s Sys=0.00s Real=0.08s
[735.932s][info][gc,start       ] GC(643) Pause Full (System.gc())
[735.932s][info][gc,phases,start] GC(643) Marking Phase
[735.967s][info][gc,phases      ] GC(643) Marking Phase 35.056ms
[735.967s][info][gc,phases,start] GC(643) Summary Phase
[735.967s][info][gc,phases      ] GC(643) Summary Phase 0.011ms
[735.967s][info][gc,phases,start] GC(643) Adjust Roots
[735.971s][info][gc,phases      ] GC(643) Adjust Roots 4.028ms
[735.971s][info][gc,phases,start] GC(643) Compaction Phase
[736.059s][info][gc,phases      ] GC(643) Compaction Phase 87.613ms
[736.059s][info][gc,phases,start] GC(643) Post Compact
[736.060s][info][gc,phases      ] GC(643) Post Compact 1.094ms
[736.060s][info][gc,heap        ] GC(643) PSYoungGen: 88800K(2544640K)->0K(2544640K) Eden: 0K(2291712K)->0K(2291712K) From: 88800K(252928K)->0K(252928K)
[736.060s][info][gc,heap        ] GC(643) ParOldGen: 113311K(5592576K)->104086K(5592576K)
[736.060s][info][gc,metaspace   ] GC(643) Metaspace: 23216K(23552K)->23216K(23552K) NonClass: 20414K(20608K)->20414K(20608K) Class: 2801K(2944K)->2801K(2944K)
[736.060s][info][gc             ] GC(643) Pause Full (System.gc()) 197M->101M(7946M) 128.081ms
[736.060s][info][gc,cpu         ] GC(643) User=0.55s Sys=0.00s Real=0.12s
[737.352s][info][gc,start       ] GC(644) Pause Young (Allocation Failure)
[737.491s][info][gc,heap        ] GC(644) PSYoungGen: 2291712K(2544640K)->210176K(2502144K) Eden: 2291712K(2291712K)->0K(2291712K) From: 0K(252928K)->210176K(210432K)
[737.491s][info][gc,heap        ] GC(644) ParOldGen: 104086K(5592576K)->104086K(5592576K)
[737.491s][info][gc,metaspace   ] GC(644) Metaspace: 23216K(23552K)->23216K(23552K) NonClass: 20414K(20608K)->20414K(20608K) Class: 2801K(2944K)->2801K(2944K)
[737.491s][info][gc             ] GC(644) Pause Young (Allocation Failure) 2339M->306M(7905M) 139.067ms
[737.491s][info][gc,cpu         ] GC(644) User=0.78s Sys=0.00s Real=0.13s
[739.035s][info][gc,start       ] GC(645) Pause Young (Allocation Failure)
[739.096s][info][gc,heap        ] GC(645) PSYoungGen: 2501888K(2502144K)->84880K(2531328K) Eden: 2291712K(2291712K)->0K(2264576K) From: 210176K(210432K)->84880K(266752K)
[739.096s][info][gc,heap        ] GC(645) ParOldGen: 104086K(5592576K)->104126K(5592576K)
[739.096s][info][gc,metaspace   ] GC(645) Metaspace: 23216K(23552K)->23216K(23552K) NonClass: 20414K(20608K)->20414K(20608K) Class: 2801K(2944K)->2801K(2944K)
[739.096s][info][gc             ] GC(645) Pause Young (Allocation Failure) 2544M->184M(7933M) 61.081ms
[739.096s][info][gc,cpu         ] GC(645) User=0.27s Sys=0.00s Real=0.05s
[740.112s][info][gc,start       ] GC(646) Pause Young (Allocation Failure)
[740.246s][info][gc,heap        ] GC(646) PSYoungGen: 2349456K(2531328K)->197392K(2462208K) Eden: 2264576K(2264576K)->0K(2264576K) From: 84880K(266752K)->197392K(197632K)
[740.246s][info][gc,heap        ] GC(646) ParOldGen: 104126K(5592576K)->110950K(5592576K)
[740.246s][info][gc,metaspace   ] GC(646) Metaspace: 23216K(23552K)->23216K(23552K) NonClass: 20414K(20608K)->20414K(20608K) Class: 2801K(2944K)->2801K(2944K)
[740.246s][info][gc             ] GC(646) Pause Young (Allocation Failure) 2396M->301M(7866M) 134.134ms
[740.246s][info][gc,cpu         ] GC(646) User=0.67s Sys=0.00s Real=0.13s
[741.642s][info][gc,start       ] GC(647) Pause Young (Allocation Failure)
[741.729s][info][gc,heap        ] GC(647) PSYoungGen: 2461968K(2462208K)->121872K(2531328K) Eden: 2264576K(2264576K)->0K(2257408K) From: 197392K(197632K)->121872K(273920K)
[741.729s][info][gc,heap        ] GC(647) ParOldGen: 110950K(5592576K)->112238K(5592576K)
[741.729s][info][gc,metaspace   ] GC(647) Metaspace: 23216K(23552K)->23216K(23552K) NonClass: 20414K(20608K)->20414K(20608K) Class: 2801K(2944K)->2801K(2944K)
[741.730s][info][gc             ] GC(647) Pause Young (Allocation Failure) 2512M->228M(7933M) 87.152ms
[741.730s][info][gc,cpu         ] GC(647) User=0.48s Sys=0.00s Real=0.09s
[742.835s][info][gc,start       ] GC(648) Pause Young (Allocation Failure)
[742.969s][info][gc,heap        ] GC(648) PSYoungGen: 2379280K(2531328K)->201760K(2459648K) Eden: 2257408K(2257408K)->0K(2257408K) From: 121872K(273920K)->201760K(202240K)
[742.969s][info][gc,heap        ] GC(648) ParOldGen: 112238K(5592576K)->120338K(5592576K)
[742.969s][info][gc,metaspace   ] GC(648) Metaspace: 23216K(23552K)->23216K(23552K) NonClass: 20414K(20608K)->20414K(20608K) Class: 2801K(2944K)->2801K(2944K)
[742.969s][info][gc             ] GC(648) Pause Young (Allocation Failure) 2433M->314M(7863M) 134.252ms
[742.969s][info][gc,cpu         ] GC(648) User=0.89s Sys=0.00s Real=0.14s
[744.230s][info][gc,start       ] GC(649) Pause Young (Allocation Failure)
[744.327s][info][gc,heap        ] GC(649) PSYoungGen: 2459168K(2459648K)->136048K(2531840K) Eden: 2257408K(2257408K)->0K(2257408K) From: 201760K(202240K)->136048K(274432K)
[744.327s][info][gc,heap        ] GC(649) ParOldGen: 120338K(5592576K)->122970K(5592576K)
[744.327s][info][gc,metaspace   ] GC(649) Metaspace: 23216K(23552K)->23216K(23552K) NonClass: 20414K(20608K)->20414K(20608K) Class: 2801K(2944K)->2801K(2944K)
[744.327s][info][gc             ] GC(649) Pause Young (Allocation Failure) 2519M->252M(7934M) 96.958ms
[744.327s][info][gc,cpu         ] GC(649) User=0.50s Sys=0.00s Real=0.09s
[745.065s][info][gc,start       ] GC(650) Pause Young (System.gc())
[745.137s][info][gc,heap        ] GC(650) PSYoungGen: 1364450K(2531840K)->77264K(2521600K) Eden: 1228402K(2257408K)->0K(2257408K) From: 136048K(274432K)->77264K(264192K)
[745.140s][info][gc,heap        ] GC(650) ParOldGen: 122970K(5592576K)->143502K(5592576K)
[745.140s][info][gc,metaspace   ] GC(650) Metaspace: 23216K(23552K)->23216K(23552K) NonClass: 20414K(20608K)->20414K(20608K) Class: 2801K(2944K)->2801K(2944K)
[745.140s][info][gc             ] GC(650) Pause Young (System.gc()) 1452M->215M(7924M) 74.836ms
[745.140s][info][gc,cpu         ] GC(650) User=0.38s Sys=0.00s Real=0.08s
[745.140s][info][gc,start       ] GC(651) Pause Full (System.gc())
[745.140s][info][gc,phases,start] GC(651) Marking Phase
[745.176s][info][gc,phases      ] GC(651) Marking Phase 36.086ms
[745.176s][info][gc,phases,start] GC(651) Summary Phase
[745.176s][info][gc,phases      ] GC(651) Summary Phase 0.011ms
[745.176s][info][gc,phases,start] GC(651) Adjust Roots
[745.181s][info][gc,phases      ] GC(651) Adjust Roots 5.053ms
[745.181s][info][gc,phases,start] GC(651) Compaction Phase
[745.280s][info][gc,phases      ] GC(651) Compaction Phase 98.646ms
[745.280s][info][gc,phases,start] GC(651) Post Compact
[745.281s][info][gc,phases      ] GC(651) Post Compact 1.136ms
[745.281s][info][gc,heap        ] GC(651) PSYoungGen: 77264K(2521600K)->0K(2521600K) Eden: 0K(2257408K)->0K(2257408K) From: 77264K(264192K)->0K(264192K)
[745.281s][info][gc,heap        ] GC(651) ParOldGen: 143502K(5592576K)->104396K(5592576K)
[745.281s][info][gc,metaspace   ] GC(651) Metaspace: 23216K(23552K)->23216K(23552K) NonClass: 20414K(20608K)->20414K(20608K) Class: 2801K(2944K)->2801K(2944K)
[745.281s][info][gc             ] GC(651) Pause Full (System.gc()) 215M->101M(7924M) 141.217ms
[745.281s][info][gc,cpu         ] GC(651) User=0.56s Sys=0.00s Real=0.14s
[746.322s][info][gc,start       ] GC(652) Pause Young (Allocation Failure)
[746.447s][info][gc,heap        ] GC(652) PSYoungGen: 2257408K(2521600K)->188064K(2520576K) Eden: 2257408K(2257408K)->0K(2256384K) From: 0K(264192K)->188064K(264192K)
[746.447s][info][gc,heap        ] GC(652) ParOldGen: 104396K(5592576K)->104396K(5592576K)
[746.447s][info][gc,metaspace   ] GC(652) Metaspace: 23216K(23552K)->23216K(23552K) NonClass: 20414K(20608K)->20414K(20608K) Class: 2801K(2944K)->2801K(2944K)
[746.447s][info][gc             ] GC(652) Pause Young (Allocation Failure) 2306M->285M(7923M) 124.633ms
[746.447s][info][gc,cpu         ] GC(652) User=0.69s Sys=0.00s Real=0.12s
[747.802s][info][gc,start       ] GC(653) Pause Young (Allocation Failure)
[747.886s][info][gc,heap        ] GC(653) PSYoungGen: 2444448K(2520576K)->99424K(2526208K) Eden: 2256384K(2256384K)->0K(2256384K) From: 188064K(264192K)->99424K(269824K)
[747.886s][info][gc,heap        ] GC(653) ParOldGen: 104396K(5592576K)->104444K(5592576K)
[747.886s][info][gc,metaspace   ] GC(653) Metaspace: 23216K(23552K)->23216K(23552K) NonClass: 20414K(20608K)->20414K(20608K) Class: 2801K(2944K)->2801K(2944K)
[747.886s][info][gc             ] GC(653) Pause Young (Allocation Failure) 2489M->199M(7928M) 84.203ms
[747.886s][info][gc,cpu         ] GC(653) User=0.42s Sys=0.00s Real=0.08s
[748.937s][info][gc,start       ] GC(654) Pause Young (Allocation Failure)
[749.060s][info][gc,heap        ] GC(654) PSYoungGen: 2355808K(2526208K)->180208K(2526208K) Eden: 2256384K(2256384K)->0K(2261504K) From: 99424K(269824K)->180208K(264704K)
[749.060s][info][gc,heap        ] GC(654) ParOldGen: 104444K(5592576K)->105096K(5592576K)
[749.060s][info][gc,metaspace   ] GC(654) Metaspace: 23216K(23552K)->23216K(23552K) NonClass: 20414K(20608K)->20414K(20608K) Class: 2801K(2944K)->2801K(2944K)
[749.060s][info][gc             ] GC(654) Pause Young (Allocation Failure) 2402M->278M(7928M) 123.495ms
[749.060s][info][gc,cpu         ] GC(654) User=0.72s Sys=0.00s Real=0.12s
[750.313s][info][gc,start       ] GC(655) Pause Young (Allocation Failure)
[750.408s][info][gc,heap        ] GC(655) PSYoungGen: 2441712K(2526208K)->134224K(2528768K) Eden: 2261504K(2261504K)->0K(2261504K) From: 180208K(264704K)->134224K(267264K)
[750.408s][info][gc,heap        ] GC(655) ParOldGen: 105096K(5592576K)->107645K(5592576K)
[750.408s][info][gc,metaspace   ] GC(655) Metaspace: 23216K(23552K)->23216K(23552K) NonClass: 20414K(20608K)->20414K(20608K) Class: 2801K(2944K)->2801K(2944K)
[750.408s][info][gc             ] GC(655) Pause Young (Allocation Failure) 2487M->236M(7931M) 95.247ms
[750.408s][info][gc,cpu         ] GC(655) User=0.48s Sys=0.00s Real=0.09s
[751.549s][info][gc,start       ] GC(656) Pause Young (Allocation Failure)
[751.664s][info][gc,heap        ] GC(656) PSYoungGen: 2395728K(2528768K)->168576K(2541568K) Eden: 2261504K(2261504K)->0K(2285056K) From: 134224K(267264K)->168576K(256512K)
[751.665s][info][gc,heap        ] GC(656) ParOldGen: 107645K(5592576K)->108329K(5592576K)
[751.665s][info][gc,metaspace   ] GC(656) Metaspace: 23216K(23552K)->23216K(23552K) NonClass: 20414K(20608K)->20414K(20608K) Class: 2801K(2944K)->2801K(2944K)
[751.665s][info][gc             ] GC(656) Pause Young (Allocation Failure) 2444M->270M(7943M) 115.148ms
[751.665s][info][gc,cpu         ] GC(656) User=0.62s Sys=0.00s Real=0.11s
[752.999s][info][gc,start       ] GC(657) Pause Young (Allocation Failure)
[753.082s][info][gc,heap        ] GC(657) PSYoungGen: 2453632K(2541568K)->108320K(2539520K) Eden: 2285056K(2285056K)->0K(2285056K) From: 168576K(256512K)->108320K(254464K)
[753.082s][info][gc,heap        ] GC(657) ParOldGen: 108329K(5592576K)->108649K(5592576K)
[753.082s][info][gc,metaspace   ] GC(657) Metaspace: 23216K(23552K)->23216K(23552K) NonClass: 20414K(20608K)->20414K(20608K) Class: 2801K(2944K)->2801K(2944K)
[753.082s][info][gc             ] GC(657) Pause Young (Allocation Failure) 2501M->211M(7941M) 82.366ms
[753.082s][info][gc,cpu         ] GC(657) User=0.47s Sys=0.00s Real=0.09s
[754.048s][info][gc,start       ] GC(658) Pause Young (System.gc())
[754.122s][info][gc,heap        ] GC(658) PSYoungGen: 1698874K(2539520K)->97216K(2549248K) Eden: 1590554K(2285056K)->0K(2298880K) From: 108320K(254464K)->97216K(250368K)
[754.122s][info][gc,heap        ] GC(658) ParOldGen: 108649K(5592576K)->109105K(5592576K)
[754.122s][info][gc,metaspace   ] GC(658) Metaspace: 23216K(23552K)->23216K(23552K) NonClass: 20414K(20608K)->20414K(20608K) Class: 2801K(2944K)->2801K(2944K)
[754.122s][info][gc             ] GC(658) Pause Young (System.gc()) 1765M->201M(7951M) 74.441ms
[754.122s][info][gc,cpu         ] GC(658) User=0.39s Sys=0.00s Real=0.08s
[754.122s][info][gc,start       ] GC(659) Pause Full (System.gc())
[754.122s][info][gc,phases,start] GC(659) Marking Phase
[754.159s][info][gc,phases      ] GC(659) Marking Phase 36.663ms
[754.159s][info][gc,phases,start] GC(659) Summary Phase
[754.159s][info][gc,phases      ] GC(659) Summary Phase 0.011ms
[754.159s][info][gc,phases,start] GC(659) Adjust Roots
[754.163s][info][gc,phases      ] GC(659) Adjust Roots 4.031ms
[754.163s][info][gc,phases,start] GC(659) Compaction Phase
[754.262s][info][gc,phases      ] GC(659) Compaction Phase 98.541ms
[754.262s][info][gc,phases,start] GC(659) Post Compact
[754.263s][info][gc,phases      ] GC(659) Post Compact 1.129ms
[754.263s][info][gc,heap        ] GC(659) PSYoungGen: 97216K(2549248K)->0K(2549248K) Eden: 0K(2298880K)->0K(2298880K) From: 97216K(250368K)->0K(250368K)
[754.263s][info][gc,heap        ] GC(659) ParOldGen: 109105K(5592576K)->103960K(5592576K)
[754.263s][info][gc,metaspace   ] GC(659) Metaspace: 23216K(23552K)->23216K(23552K) NonClass: 20414K(20608K)->20414K(20608K) Class: 2801K(2944K)->2801K(2944K)
[754.263s][info][gc             ] GC(659) Pause Full (System.gc()) 201M->101M(7951M) 140.664ms
[754.263s][info][gc,cpu         ] GC(659) User=0.75s Sys=0.00s Real=0.14s
[755.303s][info][gc,start       ] GC(660) Pause Young (Allocation Failure)
[755.433s][info][gc,heap        ] GC(660) PSYoungGen: 2298880K(2549248K)->197232K(2496512K) Eden: 2298880K(2298880K)->0K(2298880K) From: 0K(250368K)->197232K(197632K)
[755.433s][info][gc,heap        ] GC(660) ParOldGen: 103960K(5592576K)->103960K(5592576K)
[755.433s][info][gc,metaspace   ] GC(660) Metaspace: 23216K(23552K)->23216K(23552K) NonClass: 20414K(20608K)->20414K(20608K) Class: 2801K(2944K)->2801K(2944K)
[755.433s][info][gc             ] GC(660) Pause Young (Allocation Failure) 2346M->294M(7899M) 130.151ms
[755.433s][info][gc,cpu         ] GC(660) User=0.75s Sys=0.00s Real=0.13s
[756.800s][info][gc,start       ] GC(661) Pause Young (Allocation Failure)
[756.891s][info][gc,heap        ] GC(661) PSYoungGen: 2496112K(2496512K)->122080K(2545664K) Eden: 2298880K(2298880K)->0K(2287616K) From: 197232K(197632K)->122080K(258048K)
[756.891s][info][gc,heap        ] GC(661) ParOldGen: 103960K(5592576K)->104000K(5592576K)
[756.891s][info][gc,metaspace   ] GC(661) Metaspace: 23216K(23552K)->23216K(23552K) NonClass: 20414K(20608K)->20414K(20608K) Class: 2801K(2944K)->2801K(2944K)
[756.891s][info][gc             ] GC(661) Pause Young (Allocation Failure) 2539M->220M(7947M) 90.956ms
[756.891s][info][gc,cpu         ] GC(661) User=0.52s Sys=0.00s Real=0.08s
[757.893s][info][gc,start       ] GC(662) Pause Young (Allocation Failure)
[758.024s][info][gc,heap        ] GC(662) PSYoungGen: 2409696K(2545664K)->192560K(2480640K) Eden: 2287616K(2287616K)->0K(2287616K) From: 122080K(258048K)->192560K(193024K)
[758.024s][info][gc,heap        ] GC(662) ParOldGen: 104000K(5592576K)->112676K(5592576K)
[758.024s][info][gc,metaspace   ] GC(662) Metaspace: 23216K(23552K)->23216K(23552K) NonClass: 20414K(20608K)->20414K(20608K) Class: 2801K(2944K)->2801K(2944K)
[758.024s][info][gc             ] GC(662) Pause Young (Allocation Failure) 2454M->298M(7884M) 131.213ms
[758.024s][info][gc,cpu         ] GC(662) User=0.83s Sys=0.00s Real=0.14s
[759.417s][info][gc,start       ] GC(663) Pause Young (Allocation Failure)
[759.509s][info][gc,heap        ] GC(663) PSYoungGen: 2480176K(2480640K)->132896K(2546688K) Eden: 2287616K(2287616K)->0K(2288128K) From: 192560K(193024K)->132896K(258560K)
[759.509s][info][gc,heap        ] GC(663) ParOldGen: 112676K(5592576K)->113992K(5592576K)
[759.509s][info][gc,metaspace   ] GC(663) Metaspace: 23216K(23552K)->23216K(23552K) NonClass: 20414K(20608K)->20414K(20608K) Class: 2801K(2944K)->2801K(2944K)
[759.509s][info][gc             ] GC(663) Pause Young (Allocation Failure) 2532M->241M(7948M) 92.618ms
[759.509s][info][gc,cpu         ] GC(663) User=0.48s Sys=0.00s Real=0.10s
[760.474s][info][gc,start       ] GC(664) Pause Young (Allocation Failure)
[760.612s][info][gc,heap        ] GC(664) PSYoungGen: 2421024K(2546688K)->199760K(2488320K) Eden: 2288128K(2288128K)->0K(2288128K) From: 132896K(258560K)->199760K(200192K)
[760.612s][info][gc,heap        ] GC(664) ParOldGen: 113992K(5592576K)->129364K(5592576K)
[760.612s][info][gc,metaspace   ] GC(664) Metaspace: 23216K(23552K)->23216K(23552K) NonClass: 20414K(20608K)->20414K(20608K) Class: 2801K(2944K)->2801K(2944K)
[760.612s][info][gc             ] GC(664) Pause Young (Allocation Failure) 2475M->321M(7891M) 137.293ms
[760.612s][info][gc,cpu         ] GC(664) User=0.78s Sys=0.00s Real=0.14s
[762.130s][info][gc,start       ] GC(665) Pause Young (Allocation Failure)
[762.228s][info][gc,heap        ] GC(665) PSYoungGen: 2487888K(2488320K)->131584K(2544128K) Eden: 2288128K(2288128K)->0K(2284544K) From: 199760K(200192K)->131584K(259584K)
[762.228s][info][gc,heap        ] GC(665) ParOldGen: 129364K(5592576K)->132212K(5592576K)
[762.228s][info][gc,metaspace   ] GC(665) Metaspace: 23216K(23552K)->23216K(23552K) NonClass: 20414K(20608K)->20414K(20608K) Class: 2801K(2944K)->2801K(2944K)
[762.228s][info][gc             ] GC(665) Pause Young (Allocation Failure) 2555M->257M(7946M) 97.776ms
[762.228s][info][gc,cpu         ] GC(665) User=0.56s Sys=0.00s Real=0.10s
[763.087s][info][gc,start       ] GC(666) Pause Young (System.gc())
[763.148s][info][gc,heap        ] GC(666) PSYoungGen: 1512023K(2544128K)->70672K(2536448K) Eden: 1380439K(2284544K)->0K(2284544K) From: 131584K(259584K)->70672K(251904K)
[763.148s][info][gc,heap        ] GC(666) ParOldGen: 132212K(5592576K)->139248K(5592576K)
[763.148s][info][gc,metaspace   ] GC(666) Metaspace: 23216K(23552K)->23216K(23552K) NonClass: 20414K(20608K)->20414K(20608K) Class: 2801K(2944K)->2801K(2944K)
[763.148s][info][gc             ] GC(666) Pause Young (System.gc()) 1605M->205M(7938M) 61.309ms
[763.148s][info][gc,cpu         ] GC(666) User=0.30s Sys=0.00s Real=0.06s
[763.148s][info][gc,start       ] GC(667) Pause Full (System.gc())
[763.148s][info][gc,phases,start] GC(667) Marking Phase
[763.177s][info][gc,phases      ] GC(667) Marking Phase 28.762ms
[763.177s][info][gc,phases,start] GC(667) Summary Phase
[763.177s][info][gc,phases      ] GC(667) Summary Phase 0.017ms
[763.177s][info][gc,phases,start] GC(667) Adjust Roots
[763.182s][info][gc,phases      ] GC(667) Adjust Roots 4.973ms
[763.182s][info][gc,phases,start] GC(667) Compaction Phase
[763.253s][info][gc,phases      ] GC(667) Compaction Phase 70.211ms
[763.253s][info][gc,phases,start] GC(667) Post Compact
[763.254s][info][gc,phases      ] GC(667) Post Compact 1.190ms
[763.254s][info][gc,heap        ] GC(667) PSYoungGen: 70672K(2536448K)->0K(2536448K) Eden: 0K(2284544K)->0K(2284544K) From: 70672K(251904K)->0K(251904K)
[763.254s][info][gc,heap        ] GC(667) ParOldGen: 139248K(5592576K)->84394K(5592576K)
[763.254s][info][gc,metaspace   ] GC(667) Metaspace: 23216K(23552K)->23216K(23552K) NonClass: 20414K(20608K)->20414K(20608K) Class: 2801K(2944K)->2801K(2944K)
[763.254s][info][gc             ] GC(667) Pause Full (System.gc()) 205M->82M(7938M) 105.439ms
[763.254s][info][gc,cpu         ] GC(667) User=0.47s Sys=0.00s Real=0.10s
[764.299s][info][gc,start       ] GC(668) Pause Young (Allocation Failure)
[764.423s][info][gc,heap        ] GC(668) PSYoungGen: 2284544K(2536448K)->184496K(2531840K) Eden: 2284544K(2284544K)->0K(2276864K) From: 0K(251904K)->184496K(254976K)
[764.423s][info][gc,heap        ] GC(668) ParOldGen: 84394K(5592576K)->84394K(5592576K)
[764.423s][info][gc,metaspace   ] GC(668) Metaspace: 23216K(23552K)->23216K(23552K) NonClass: 20414K(20608K)->20414K(20608K) Class: 2801K(2944K)->2801K(2944K)
[764.423s][info][gc             ] GC(668) Pause Young (Allocation Failure) 2313M->262M(7934M) 124.086ms
[764.423s][info][gc,cpu         ] GC(668) User=0.70s Sys=0.00s Real=0.12s
[765.805s][info][gc,start       ] GC(669) Pause Young (Allocation Failure)
[765.882s][info][gc,heap        ] GC(669) PSYoungGen: 2461360K(2531840K)->107312K(2536448K) Eden: 2276864K(2276864K)->0K(2276864K) From: 184496K(254976K)->107312K(259584K)
[765.884s][info][gc,heap        ] GC(669) ParOldGen: 84394K(5592576K)->84418K(5592576K)
[765.884s][info][gc,metaspace   ] GC(669) Metaspace: 23216K(23552K)->23216K(23552K) NonClass: 20414K(20608K)->20414K(20608K) Class: 2801K(2944K)->2801K(2944K)
[765.884s][info][gc             ] GC(669) Pause Young (Allocation Failure) 2486M->187M(7938M) 79.044ms
[765.885s][info][gc,cpu         ] GC(669) User=0.39s Sys=0.00s Real=0.08s
[767.066s][info][gc,start       ] GC(670) Pause Young (Allocation Failure)
[767.161s][info][gc,heap        ] GC(670) PSYoungGen: 2384176K(2536448K)->144672K(2551808K) Eden: 2276864K(2276864K)->0K(2297344K) From: 107312K(259584K)->144672K(254464K)
[767.161s][info][gc,heap        ] GC(670) ParOldGen: 84418K(5592576K)->84418K(5592576K)
[767.161s][info][gc,metaspace   ] GC(670) Metaspace: 23216K(23552K)->23216K(23552K) NonClass: 20414K(20608K)->20414K(20608K) Class: 2801K(2944K)->2801K(2944K)
[767.161s][info][gc             ] GC(670) Pause Young (Allocation Failure) 2410M->223M(7953M) 94.781ms
[767.161s][info][gc,cpu         ] GC(670) User=0.52s Sys=0.00s Real=0.09s
[768.582s][info][gc,start       ] GC(671) Pause Young (Allocation Failure)
[768.660s][info][gc,heap        ] GC(671) PSYoungGen: 2442016K(2551808K)->103136K(2541568K) Eden: 2297344K(2297344K)->0K(2297344K) From: 144672K(254464K)->103136K(244224K)
[768.662s][info][gc,heap        ] GC(671) ParOldGen: 84418K(5592576K)->84426K(5592576K)
[768.662s][info][gc,metaspace   ] GC(671) Metaspace: 23216K(23552K)->23216K(23552K) NonClass: 20414K(20608K)->20414K(20608K) Class: 2801K(2944K)->2801K(2944K)
[768.662s][info][gc             ] GC(671) Pause Young (Allocation Failure) 2467M->183M(7943M) 80.412ms
[768.662s][info][gc,cpu         ] GC(671) User=0.42s Sys=0.00s Real=0.09s
[769.643s][info][gc,start       ] GC(672) Pause Young (Allocation Failure)
[769.774s][info][gc,heap        ] GC(672) PSYoungGen: 2400480K(2541568K)->198192K(2530816K) Eden: 2297344K(2297344K)->0K(2290176K) From: 103136K(244224K)->198192K(240640K)
[769.774s][info][gc,heap        ] GC(672) ParOldGen: 84426K(5592576K)->85870K(5592576K)
[769.775s][info][gc,metaspace   ] GC(672) Metaspace: 23216K(23552K)->23216K(23552K) NonClass: 20414K(20608K)->20414K(20608K) Class: 2801K(2944K)->2801K(2944K)
[769.775s][info][gc             ] GC(672) Pause Young (Allocation Failure) 2426M->277M(7933M) 131.676ms
[769.775s][info][gc,cpu         ] GC(672) User=0.75s Sys=0.00s Real=0.13s
[771.152s][info][gc,start       ] GC(673) Pause Young (Allocation Failure)
[771.238s][info][gc,heap        ] GC(673) PSYoungGen: 2488368K(2530816K)->121792K(2543104K) Eden: 2290176K(2290176K)->0K(2290176K) From: 198192K(240640K)->121792K(252928K)
[771.238s][info][gc,heap        ] GC(673) ParOldGen: 85870K(5592576K)->86594K(5592576K)
[771.238s][info][gc,metaspace   ] GC(673) Metaspace: 23216K(23552K)->23216K(23552K) NonClass: 20414K(20608K)->20414K(20608K) Class: 2801K(2944K)->2801K(2944K)
[771.238s][info][gc             ] GC(673) Pause Young (Allocation Failure) 2513M->203M(7945M) 85.846ms
[771.238s][info][gc,cpu         ] GC(673) User=0.50s Sys=0.00s Real=0.08s
[772.090s][info][gc,start       ] GC(674) Pause Young (System.gc())
[772.151s][info][gc,heap        ] GC(674) PSYoungGen: 1526506K(2543104K)->76064K(2548224K) Eden: 1404714K(2290176K)->0K(2302464K) From: 121792K(252928K)->76064K(245760K)
[772.151s][info][gc,heap        ] GC(674) ParOldGen: 86594K(5592576K)->93070K(5592576K)
[772.151s][info][gc,metaspace   ] GC(674) Metaspace: 23216K(23552K)->23216K(23552K) NonClass: 20414K(20608K)->20414K(20608K) Class: 2801K(2944K)->2801K(2944K)
[772.151s][info][gc             ] GC(674) Pause Young (System.gc()) 1575M->165M(7950M) 61.264ms
[772.151s][info][gc,cpu         ] GC(674) User=0.28s Sys=0.00s Real=0.06s
[772.151s][info][gc,start       ] GC(675) Pause Full (System.gc())
[772.151s][info][gc,phases,start] GC(675) Marking Phase
[772.182s][info][gc,phases      ] GC(675) Marking Phase 30.926ms
[772.182s][info][gc,phases,start] GC(675) Summary Phase
[772.182s][info][gc,phases      ] GC(675) Summary Phase 0.010ms
[772.182s][info][gc,phases,start] GC(675) Adjust Roots
[772.186s][info][gc,phases      ] GC(675) Adjust Roots 4.030ms
[772.186s][info][gc,phases,start] GC(675) Compaction Phase
[772.256s][info][gc,phases      ] GC(675) Compaction Phase 69.943ms
[772.256s][info][gc,phases,start] GC(675) Post Compact
[772.257s][info][gc,phases      ] GC(675) Post Compact 0.959ms
[772.257s][info][gc,heap        ] GC(675) PSYoungGen: 76064K(2548224K)->0K(2548224K) Eden: 0K(2302464K)->0K(2302464K) From: 76064K(245760K)->0K(245760K)
[772.257s][info][gc,heap        ] GC(675) ParOldGen: 93070K(5592576K)->89229K(5592576K)
[772.257s][info][gc,metaspace   ] GC(675) Metaspace: 23216K(23552K)->23216K(23552K) NonClass: 20414K(20608K)->20414K(20608K) Class: 2801K(2944K)->2801K(2944K)
[772.257s][info][gc             ] GC(675) Pause Full (System.gc()) 165M->87M(7950M) 106.148ms
[772.257s][info][gc,cpu         ] GC(675) User=0.52s Sys=0.00s Real=0.11s
[773.324s][info][gc,start       ] GC(676) Pause Young (Allocation Failure)
[773.449s][info][gc,heap        ] GC(676) PSYoungGen: 2302464K(2548224K)->191712K(2494464K) Eden: 2302464K(2302464K)->0K(2302464K) From: 0K(245760K)->191712K(192000K)
[773.449s][info][gc,heap        ] GC(676) ParOldGen: 89229K(5592576K)->89229K(5592576K)
[773.449s][info][gc,metaspace   ] GC(676) Metaspace: 23216K(23552K)->23216K(23552K) NonClass: 20414K(20608K)->20414K(20608K) Class: 2801K(2944K)->2801K(2944K)
[773.449s][info][gc             ] GC(676) Pause Young (Allocation Failure) 2335M->274M(7897M) 125.326ms
[773.449s][info][gc,cpu         ] GC(676) User=0.70s Sys=0.02s Real=0.12s
[774.862s][info][gc,start       ] GC(677) Pause Young (Allocation Failure)
[774.945s][info][gc,heap        ] GC(677) PSYoungGen: 2494176K(2494464K)->119056K(2547712K) Eden: 2302464K(2302464K)->0K(2291200K) From: 191712K(192000K)->119056K(256512K)
[774.945s][info][gc,heap        ] GC(677) ParOldGen: 89229K(5592576K)->89269K(5592576K)
[774.945s][info][gc,metaspace   ] GC(677) Metaspace: 23216K(23552K)->23216K(23552K) NonClass: 20414K(20608K)->20414K(20608K) Class: 2801K(2944K)->2801K(2944K)
[774.945s][info][gc             ] GC(677) Pause Young (Allocation Failure) 2522M->203M(7949M) 83.193ms
[774.945s][info][gc,cpu         ] GC(677) User=0.52s Sys=0.00s Real=0.08s
[775.915s][info][gc,start       ] GC(678) Pause Young (Allocation Failure)
[776.050s][info][gc,heap        ] GC(678) PSYoungGen: 2410256K(2547712K)->200384K(2491904K) Eden: 2291200K(2291200K)->0K(2291200K) From: 119056K(256512K)->200384K(200704K)
[776.050s][info][gc,heap        ] GC(678) ParOldGen: 89269K(5592576K)->98265K(5592576K)
[776.050s][info][gc,metaspace   ] GC(678) Metaspace: 23216K(23552K)->23216K(23552K) NonClass: 20414K(20608K)->20414K(20608K) Class: 2801K(2944K)->2801K(2944K)
[776.050s][info][gc             ] GC(678) Pause Young (Allocation Failure) 2440M->291M(7895M) 135.563ms
[776.050s][info][gc,cpu         ] GC(678) User=0.75s Sys=0.00s Real=0.13s
[777.437s][info][gc,start       ] GC(679) Pause Young (Allocation Failure)
[777.529s][info][gc,heap        ] GC(679) PSYoungGen: 2491584K(2491904K)->129312K(2544640K) Eden: 2291200K(2291200K)->0K(2284032K) From: 200384K(200704K)->129312K(260608K)
[777.529s][info][gc,heap        ] GC(679) ParOldGen: 98265K(5592576K)->100081K(5592576K)
[777.529s][info][gc,metaspace   ] GC(679) Metaspace: 23216K(23552K)->23216K(23552K) NonClass: 20414K(20608K)->20414K(20608K) Class: 2801K(2944K)->2801K(2944K)
[777.529s][info][gc             ] GC(679) Pause Young (Allocation Failure) 2529M->224M(7946M) 92.108ms
[777.529s][info][gc,cpu         ] GC(679) User=0.50s Sys=0.00s Real=0.10s
[778.519s][info][gc,start       ] GC(680) Pause Young (Allocation Failure)
[778.655s][info][gc,heap        ] GC(680) PSYoungGen: 2413344K(2544640K)->199568K(2483712K) Eden: 2284032K(2284032K)->0K(2284032K) From: 129312K(260608K)->199568K(199680K)
[778.655s][info][gc,heap        ] GC(680) ParOldGen: 100081K(5592576K)->112817K(5592576K)
[778.655s][info][gc,metaspace   ] GC(680) Metaspace: 23216K(23552K)->23216K(23552K) NonClass: 20414K(20608K)->20414K(20608K) Class: 2801K(2944K)->2801K(2944K)
[778.655s][info][gc             ] GC(680) Pause Young (Allocation Failure) 2454M->305M(7887M) 136.154ms
[778.655s][info][gc,cpu         ] GC(680) User=0.77s Sys=0.00s Real=0.13s
[780.063s][info][gc,start       ] GC(681) Pause Young (Allocation Failure)
[780.156s][info][gc,heap        ] GC(681) PSYoungGen: 2483600K(2483712K)->128384K(2542080K) Eden: 2284032K(2284032K)->0K(2280448K) From: 199568K(199680K)->128384K(261632K)
[780.156s][info][gc,heap        ] GC(681) ParOldGen: 112817K(5592576K)->114629K(5592576K)
[780.156s][info][gc,metaspace   ] GC(681) Metaspace: 23216K(23552K)->23216K(23552K) NonClass: 20414K(20608K)->20414K(20608K) Class: 2801K(2944K)->2801K(2944K)
[780.156s][info][gc             ] GC(681) Pause Young (Allocation Failure) 2535M->237M(7944M) 93.136ms
[780.156s][info][gc,cpu         ] GC(681) User=0.55s Sys=0.00s Real=0.10s
[780.831s][info][gc,start       ] GC(682) Pause Young (System.gc())
[780.903s][info][gc,heap        ] GC(682) PSYoungGen: 1368645K(2542080K)->80560K(2534400K) Eden: 1240261K(2280448K)->0K(2280448K) From: 128384K(261632K)->80560K(253952K)
[780.903s][info][gc,heap        ] GC(682) ParOldGen: 114629K(5592576K)->131905K(5592576K)
[780.903s][info][gc,metaspace   ] GC(682) Metaspace: 23216K(23552K)->23216K(23552K) NonClass: 20414K(20608K)->20414K(20608K) Class: 2801K(2944K)->2801K(2944K)
[780.903s][info][gc             ] GC(682) Pause Young (System.gc()) 1448M->207M(7936M) 72.511ms
[780.903s][info][gc,cpu         ] GC(682) User=0.38s Sys=0.00s Real=0.06s
[780.903s][info][gc,start       ] GC(683) Pause Full (System.gc())
[780.903s][info][gc,phases,start] GC(683) Marking Phase
[780.941s][info][gc,phases      ] GC(683) Marking Phase 37.340ms
[780.941s][info][gc,phases,start] GC(683) Summary Phase
[780.941s][info][gc,phases      ] GC(683) Summary Phase 0.011ms
[780.941s][info][gc,phases,start] GC(683) Adjust Roots
[780.945s][info][gc,phases      ] GC(683) Adjust Roots 3.962ms
[780.945s][info][gc,phases,start] GC(683) Compaction Phase
[781.022s][info][gc,phases      ] GC(683) Compaction Phase 77.412ms
[781.022s][info][gc,phases,start] GC(683) Post Compact
[781.024s][info][gc,phases      ] GC(683) Post Compact 1.159ms
[781.024s][info][gc,heap        ] GC(683) PSYoungGen: 80560K(2534400K)->0K(2534400K) Eden: 0K(2280448K)->0K(2280448K) From: 80560K(253952K)->0K(253952K)
[781.024s][info][gc,heap        ] GC(683) ParOldGen: 131905K(5592576K)->104509K(5592576K)
[781.024s][info][gc,metaspace   ] GC(683) Metaspace: 23216K(23552K)->23216K(23552K) NonClass: 20414K(20608K)->20414K(20608K) Class: 2801K(2944K)->2801K(2944K)
[781.024s][info][gc             ] GC(683) Pause Full (System.gc()) 207M->102M(7936M) 120.171ms
[781.024s][info][gc,cpu         ] GC(683) User=0.42s Sys=0.00s Real=0.12s
[782.179s][info][gc,start       ] GC(684) Pause Young (Allocation Failure)
[782.308s][info][gc,heap        ] GC(684) PSYoungGen: 2280448K(2534400K)->193344K(2525184K) Eden: 2280448K(2280448K)->0K(2270720K) From: 0K(253952K)->193344K(254464K)
[782.308s][info][gc,heap        ] GC(684) ParOldGen: 104509K(5592576K)->104509K(5592576K)
[782.308s][info][gc,metaspace   ] GC(684) Metaspace: 23216K(23552K)->23216K(23552K) NonClass: 20414K(20608K)->20414K(20608K) Class: 2801K(2944K)->2801K(2944K)
[782.308s][info][gc             ] GC(684) Pause Young (Allocation Failure) 2329M->290M(7927M) 129.019ms
[782.308s][info][gc,cpu         ] GC(684) User=0.75s Sys=0.00s Real=0.13s
[783.765s][info][gc,start       ] GC(685) Pause Young (Allocation Failure)
[783.850s][info][gc,heap        ] GC(685) PSYoungGen: 2464064K(2525184K)->117440K(2533376K) Eden: 2270720K(2270720K)->0K(2270720K) From: 193344K(254464K)->117440K(262656K)
[783.852s][info][gc,heap        ] GC(685) ParOldGen: 104509K(5592576K)->104549K(5592576K)
[783.852s][info][gc,metaspace   ] GC(685) Metaspace: 23216K(23552K)->23216K(23552K) NonClass: 20414K(20608K)->20414K(20608K) Class: 2801K(2944K)->2801K(2944K)
[783.852s][info][gc             ] GC(685) Pause Young (Allocation Failure) 2508M->216M(7935M) 86.752ms
[783.852s][info][gc,cpu         ] GC(685) User=0.56s Sys=0.00s Real=0.09s
[784.868s][info][gc,start       ] GC(686) Pause Young (Allocation Failure)
[785.000s][info][gc,heap        ] GC(686) PSYoungGen: 2388160K(2533376K)->190464K(2527232K) Eden: 2270720K(2270720K)->0K(2271744K) From: 117440K(262656K)->190464K(255488K)
[785.000s][info][gc,heap        ] GC(686) ParOldGen: 104549K(5592576K)->110997K(5592576K)
[785.000s][info][gc,metaspace   ] GC(686) Metaspace: 23216K(23552K)->23216K(23552K) NonClass: 20414K(20608K)->20414K(20608K) Class: 2801K(2944K)->2801K(2944K)
[785.000s][info][gc             ] GC(686) Pause Young (Allocation Failure) 2434M->294M(7929M) 131.669ms
[785.000s][info][gc,cpu         ] GC(686) User=0.75s Sys=0.00s Real=0.13s
[786.479s][info][gc,start       ] GC(687) Pause Young (Allocation Failure)
[786.558s][info][gc,heap        ] GC(687) PSYoungGen: 2462208K(2527232K)->102048K(2533888K) Eden: 2271744K(2271744K)->0K(2271744K) From: 190464K(255488K)->102048K(262144K)
[786.558s][info][gc,heap        ] GC(687) ParOldGen: 110997K(5592576K)->112010K(5592576K)
[786.558s][info][gc,metaspace   ] GC(687) Metaspace: 23216K(23552K)->23216K(23552K) NonClass: 20414K(20608K)->20414K(20608K) Class: 2801K(2944K)->2801K(2944K)
[786.558s][info][gc             ] GC(687) Pause Young (Allocation Failure) 2512M->209M(7936M) 78.446ms
[786.558s][info][gc,cpu         ] GC(687) User=0.41s Sys=0.00s Real=0.08s
[787.645s][info][gc,start       ] GC(688) Pause Young (Allocation Failure)
[787.773s][info][gc,heap        ] GC(688) PSYoungGen: 2373792K(2533888K)->189936K(2526208K) Eden: 2271744K(2271744K)->0K(2267648K) From: 102048K(262144K)->189936K(258560K)
[787.773s][info][gc,heap        ] GC(688) ParOldGen: 112010K(5592576K)->113306K(5592576K)
[787.773s][info][gc,metaspace   ] GC(688) Metaspace: 23216K(23552K)->23216K(23552K) NonClass: 20414K(20608K)->20414K(20608K) Class: 2801K(2944K)->2801K(2944K)
[787.773s][info][gc             ] GC(688) Pause Young (Allocation Failure) 2427M->296M(7928M) 127.626ms
[787.773s][info][gc,cpu         ] GC(688) User=0.66s Sys=0.00s Real=0.13s
[789.124s][info][gc,start       ] GC(689) Pause Young (Allocation Failure)
[789.225s][info][gc,heap        ] GC(689) PSYoungGen: 2457584K(2526208K)->136960K(2531840K) Eden: 2267648K(2267648K)->0K(2267648K) From: 189936K(258560K)->136960K(264192K)
[789.225s][info][gc,heap        ] GC(689) ParOldGen: 113306K(5592576K)->115158K(5592576K)
[789.225s][info][gc,metaspace   ] GC(689) Metaspace: 23216K(23552K)->23216K(23552K) NonClass: 20414K(20608K)->20414K(20608K) Class: 2801K(2944K)->2801K(2944K)
[789.225s][info][gc             ] GC(689) Pause Young (Allocation Failure) 2510M->246M(7934M) 100.843ms
[789.225s][info][gc,cpu         ] GC(689) User=0.66s Sys=0.00s Real=0.11s
[790.123s][info][gc,start       ] GC(690) Pause Young (System.gc())
[790.182s][info][gc,heap        ] GC(690) PSYoungGen: 1607711K(2531840K)->74496K(2538496K) Eden: 1470751K(2267648K)->0K(2284032K) From: 136960K(264192K)->74496K(254464K)
[790.182s][info][gc,heap        ] GC(690) ParOldGen: 115158K(5592576K)->121410K(5592576K)
[790.182s][info][gc,metaspace   ] GC(690) Metaspace: 23216K(23552K)->23216K(23552K) NonClass: 20414K(20608K)->20414K(20608K) Class: 2801K(2944K)->2801K(2944K)
[790.182s][info][gc             ] GC(690) Pause Young (System.gc()) 1682M->191M(7940M) 59.114ms
[790.182s][info][gc,cpu         ] GC(690) User=0.30s Sys=0.00s Real=0.06s
[790.182s][info][gc,start       ] GC(691) Pause Full (System.gc())
[790.182s][info][gc,phases,start] GC(691) Marking Phase
[790.212s][info][gc,phases      ] GC(691) Marking Phase 30.159ms
[790.212s][info][gc,phases,start] GC(691) Summary Phase
[790.212s][info][gc,phases      ] GC(691) Summary Phase 0.011ms
[790.212s][info][gc,phases,start] GC(691) Adjust Roots
[790.217s][info][gc,phases      ] GC(691) Adjust Roots 4.634ms
[790.217s][info][gc,phases,start] GC(691) Compaction Phase
[790.287s][info][gc,phases      ] GC(691) Compaction Phase 70.240ms
[790.287s][info][gc,phases,start] GC(691) Post Compact
[790.288s][info][gc,phases      ] GC(691) Post Compact 1.084ms
[790.288s][info][gc,heap        ] GC(691) PSYoungGen: 74496K(2538496K)->0K(2538496K) Eden: 0K(2284032K)->0K(2284032K) From: 74496K(254464K)->0K(254464K)
[790.288s][info][gc,heap        ] GC(691) ParOldGen: 121410K(5592576K)->86936K(5592576K)
[790.288s][info][gc,metaspace   ] GC(691) Metaspace: 23216K(23552K)->23216K(23552K) NonClass: 20414K(20608K)->20414K(20608K) Class: 2801K(2944K)->2801K(2944K)
[790.288s][info][gc             ] GC(691) Pause Full (System.gc()) 191M->84M(7940M) 106.392ms
[790.288s][info][gc,cpu         ] GC(691) User=0.45s Sys=0.00s Real=0.11s
[791.376s][info][gc,start       ] GC(692) Pause Young (Allocation Failure)
[791.507s][info][gc,heap        ] GC(692) PSYoungGen: 2284032K(2538496K)->190912K(2475008K) Eden: 2284032K(2284032K)->0K(2284032K) From: 0K(254464K)->190912K(190976K)
[791.507s][info][gc,heap        ] GC(692) ParOldGen: 86936K(5592576K)->86936K(5592576K)
[791.507s][info][gc,metaspace   ] GC(692) Metaspace: 23216K(23552K)->23216K(23552K) NonClass: 20414K(20608K)->20414K(20608K) Class: 2801K(2944K)->2801K(2944K)
[791.507s][info][gc             ] GC(692) Pause Young (Allocation Failure) 2315M->271M(7878M) 130.738ms
[791.507s][info][gc,cpu         ] GC(692) User=0.78s Sys=0.00s Real=0.13s
[792.887s][info][gc,start       ] GC(693) Pause Young (Allocation Failure)
[792.967s][info][gc,heap        ] GC(693) PSYoungGen: 2474944K(2475008K)->114192K(2539520K) Eden: 2284032K(2284032K)->0K(2276352K) From: 190912K(190976K)->114192K(263168K)
[792.968s][info][gc,heap        ] GC(693) ParOldGen: 86936K(5592576K)->86976K(5592576K)
[792.968s][info][gc,metaspace   ] GC(693) Metaspace: 23216K(23552K)->23216K(23552K) NonClass: 20414K(20608K)->20414K(20608K) Class: 2801K(2944K)->2801K(2944K)
[792.968s][info][gc             ] GC(693) Pause Young (Allocation Failure) 2501M->196M(7941M) 80.957ms
[792.968s][info][gc,cpu         ] GC(693) User=0.52s Sys=0.00s Real=0.09s
[793.988s][info][gc,start       ] GC(694) Pause Young (Allocation Failure)
[794.121s][info][gc,heap        ] GC(694) PSYoungGen: 2390544K(2539520K)->196240K(2472960K) Eden: 2276352K(2276352K)->0K(2276352K) From: 114192K(263168K)->196240K(196608K)
[794.121s][info][gc,heap        ] GC(694) ParOldGen: 86976K(5592576K)->92608K(5592576K)
[794.121s][info][gc,metaspace   ] GC(694) Metaspace: 23216K(23552K)->23216K(23552K) NonClass: 20414K(20608K)->20414K(20608K) Class: 2801K(2944K)->2801K(2944K)
[794.121s][info][gc             ] GC(694) Pause Young (Allocation Failure) 2419M->282M(7876M) 132.673ms
[794.121s][info][gc,cpu         ] GC(694) User=0.77s Sys=0.00s Real=0.14s
[795.533s][info][gc,start       ] GC(695) Pause Young (Allocation Failure)
[795.616s][info][gc,heap        ] GC(695) PSYoungGen: 2472592K(2472960K)->108672K(2535936K) Eden: 2276352K(2276352K)->0K(2270720K) From: 196240K(196608K)->108672K(265216K)
[795.616s][info][gc,heap        ] GC(695) ParOldGen: 92608K(5592576K)->93688K(5592576K)
[795.616s][info][gc,metaspace   ] GC(695) Metaspace: 23216K(23552K)->23216K(23552K) NonClass: 20414K(20608K)->20414K(20608K) Class: 2801K(2944K)->2801K(2944K)
[795.616s][info][gc             ] GC(695) Pause Young (Allocation Failure) 2505M->197M(7938M) 82.867ms
[795.616s][info][gc,cpu         ] GC(695) User=0.56s Sys=0.00s Real=0.10s
[796.721s][info][gc,start       ] GC(696) Pause Young (Allocation Failure)
[796.846s][info][gc,heap        ] GC(696) PSYoungGen: 2379392K(2535936K)->182816K(2530816K) Eden: 2270720K(2270720K)->0K(2270720K) From: 108672K(265216K)->182816K(260096K)
[796.846s][info][gc,heap        ] GC(696) ParOldGen: 93688K(5592576K)->97104K(5592576K)
[796.846s][info][gc,metaspace   ] GC(696) Metaspace: 23216K(23552K)->23216K(23552K) NonClass: 20414K(20608K)->20414K(20608K) Class: 2801K(2944K)->2801K(2944K)
[796.846s][info][gc             ] GC(696) Pause Young (Allocation Failure) 2415M->273M(7933M) 125.359ms
[796.846s][info][gc,cpu         ] GC(696) User=0.72s Sys=0.00s Real=0.13s
[798.261s][info][gc,start       ] GC(697) Pause Young (Allocation Failure)
[798.341s][info][gc,heap        ] GC(697) PSYoungGen: 2453536K(2530816K)->99664K(2536448K) Eden: 2270720K(2270720K)->0K(2273280K) From: 182816K(260096K)->99664K(263168K)
[798.341s][info][gc,heap        ] GC(697) ParOldGen: 97104K(5592576K)->98320K(5592576K)
[798.341s][info][gc,metaspace   ] GC(697) Metaspace: 23216K(23552K)->23216K(23552K) NonClass: 20414K(20608K)->20414K(20608K) Class: 2801K(2944K)->2801K(2944K)
[798.341s][info][gc             ] GC(697) Pause Young (Allocation Failure) 2490M->193M(7938M) 80.026ms
[798.341s][info][gc,cpu         ] GC(697) User=0.39s Sys=0.00s Real=0.08s
[799.213s][info][gc,start       ] GC(698) Pause Young (System.gc())
[799.288s][info][gc,heap        ] GC(698) PSYoungGen: 1617631K(2536448K)->97472K(2532864K) Eden: 1517967K(2273280K)->0K(2273280K) From: 99664K(263168K)->97472K(259584K)
[799.288s][info][gc,heap        ] GC(698) ParOldGen: 98320K(5592576K)->98352K(5592576K)
[799.288s][info][gc,metaspace   ] GC(698) Metaspace: 23216K(23552K)->23216K(23552K) NonClass: 20414K(20608K)->20414K(20608K) Class: 2801K(2944K)->2801K(2944K)
[799.288s][info][gc             ] GC(698) Pause Young (System.gc()) 1675M->191M(7935M) 75.141ms
[799.288s][info][gc,cpu         ] GC(698) User=0.47s Sys=0.00s Real=0.07s
[799.288s][info][gc,start       ] GC(699) Pause Full (System.gc())
[799.288s][info][gc,phases,start] GC(699) Marking Phase
[799.324s][info][gc,phases      ] GC(699) Marking Phase 35.975ms
[799.324s][info][gc,phases,start] GC(699) Summary Phase
[799.324s][info][gc,phases      ] GC(699) Summary Phase 0.011ms
[799.324s][info][gc,phases,start] GC(699) Adjust Roots
[799.328s][info][gc,phases      ] GC(699) Adjust Roots 3.952ms
[799.328s][info][gc,phases,start] GC(699) Compaction Phase
[799.412s][info][gc,phases      ] GC(699) Compaction Phase 84.118ms
[799.413s][info][gc,phases,start] GC(699) Post Compact
[799.414s][info][gc,phases      ] GC(699) Post Compact 1.125ms
[799.414s][info][gc,heap        ] GC(699) PSYoungGen: 97472K(2532864K)->0K(2532864K) Eden: 0K(2273280K)->0K(2273280K) From: 97472K(259584K)->0K(259584K)
[799.414s][info][gc,heap        ] GC(699) ParOldGen: 98352K(5592576K)->104204K(5592576K)
[799.414s][info][gc,metaspace   ] GC(699) Metaspace: 23216K(23552K)->23216K(23552K) NonClass: 20414K(20608K)->20414K(20608K) Class: 2801K(2944K)->2801K(2944K)
[799.414s][info][gc             ] GC(699) Pause Full (System.gc()) 191M->101M(7935M) 125.526ms
[799.414s][info][gc,cpu         ] GC(699) User=0.52s Sys=0.00s Real=0.13s
[800.537s][info][gc,start       ] GC(700) Pause Young (Allocation Failure)
[800.662s][info][gc,heap        ] GC(700) PSYoungGen: 2273280K(2532864K)->186304K(2528256K) Eden: 2273280K(2273280K)->0K(2272768K) From: 0K(259584K)->186304K(255488K)
[800.662s][info][gc,heap        ] GC(700) ParOldGen: 104204K(5592576K)->104204K(5592576K)
[800.662s][info][gc,metaspace   ] GC(700) Metaspace: 23216K(23552K)->23216K(23552K) NonClass: 20414K(20608K)->20414K(20608K) Class: 2801K(2944K)->2801K(2944K)
[800.662s][info][gc             ] GC(700) Pause Young (Allocation Failure) 2321M->283M(7930M) 125.285ms
[800.662s][info][gc,cpu         ] GC(700) User=0.73s Sys=0.00s Real=0.12s
[801.956s][info][gc,start       ] GC(701) Pause Young (Allocation Failure)
[802.053s][info][gc,heap        ] GC(701) PSYoungGen: 2459072K(2528256K)->134704K(2534400K) Eden: 2272768K(2272768K)->0K(2272768K) From: 186304K(255488K)->134704K(261632K)
[802.053s][info][gc,heap        ] GC(701) ParOldGen: 104204K(5592576K)->106592K(5592576K)
[802.053s][info][gc,metaspace   ] GC(701) Metaspace: 23216K(23552K)->23216K(23552K) NonClass: 20414K(20608K)->20414K(20608K) Class: 2801K(2944K)->2801K(2944K)
[802.053s][info][gc             ] GC(701) Pause Young (Allocation Failure) 2503M->235M(7936M) 97.814ms
[802.053s][info][gc,cpu         ] GC(701) User=0.58s Sys=0.00s Real=0.09s
[803.226s][info][gc,start       ] GC(702) Pause Young (Allocation Failure)
[803.345s][info][gc,heap        ] GC(702) PSYoungGen: 2407472K(2534400K)->178976K(2539520K) Eden: 2272768K(2272768K)->0K(2288128K) From: 134704K(261632K)->178976K(251392K)
[803.345s][info][gc,heap        ] GC(702) ParOldGen: 106592K(5592576K)->107153K(5592576K)
[803.345s][info][gc,metaspace   ] GC(702) Metaspace: 23216K(23552K)->23216K(23552K) NonClass: 20414K(20608K)->20414K(20608K) Class: 2801K(2944K)->2801K(2944K)
[803.345s][info][gc             ] GC(702) Pause Young (Allocation Failure) 2455M->279M(7941M) 119.487ms
[803.345s][info][gc,cpu         ] GC(702) User=0.67s Sys=0.00s Real=0.12s
[804.520s][info][gc,start       ] GC(703) Pause Young (Allocation Failure)
[804.614s][info][gc,heap        ] GC(703) PSYoungGen: 2467104K(2539520K)->134032K(2542080K) Eden: 2288128K(2288128K)->0K(2288128K) From: 178976K(251392K)->134032K(253952K)
[804.616s][info][gc,heap        ] GC(703) ParOldGen: 107153K(5592576K)->108717K(5592576K)
[804.616s][info][gc,metaspace   ] GC(703) Metaspace: 23216K(23552K)->23216K(23552K) NonClass: 20414K(20608K)->20414K(20608K) Class: 2801K(2944K)->2801K(2944K)
[804.616s][info][gc             ] GC(703) Pause Young (Allocation Failure) 2513M->237M(7944M) 96.185ms
[804.616s][info][gc,cpu         ] GC(703) User=0.48s Sys=0.00s Real=0.09s
[805.864s][info][gc,start       ] GC(704) Pause Young (Allocation Failure)
[805.982s][info][gc,heap        ] GC(704) PSYoungGen: 2422160K(2542080K)->179648K(2544640K) Eden: 2288128K(2288128K)->0K(2299392K) From: 134032K(253952K)->179648K(245248K)
[805.985s][info][gc,heap        ] GC(704) ParOldGen: 108717K(5592576K)->109201K(5592576K)
[805.985s][info][gc,metaspace   ] GC(704) Metaspace: 23216K(23552K)->23216K(23552K) NonClass: 20414K(20608K)->20414K(20608K) Class: 2801K(2944K)->2801K(2944K)
[805.985s][info][gc             ] GC(704) Pause Young (Allocation Failure) 2471M->282M(7946M) 120.856ms
[805.985s][info][gc,cpu         ] GC(704) User=0.67s Sys=0.00s Real=0.13s
[807.304s][info][gc,start       ] GC(705) Pause Young (Allocation Failure)
[807.389s][info][gc,heap        ] GC(705) PSYoungGen: 2479040K(2544640K)->119072K(2547712K) Eden: 2299392K(2299392K)->0K(2299392K) From: 179648K(245248K)->119072K(248320K)
[807.392s][info][gc,heap        ] GC(705) ParOldGen: 109201K(5592576K)->110149K(5592576K)
[807.392s][info][gc,metaspace   ] GC(705) Metaspace: 23216K(23552K)->23216K(23552K) NonClass: 20414K(20608K)->20414K(20608K) Class: 2801K(2944K)->2801K(2944K)
[807.392s][info][gc             ] GC(705) Pause Young (Allocation Failure) 2527M->223M(7949M) 88.078ms
[807.392s][info][gc,cpu         ] GC(705) User=0.47s Sys=0.00s Real=0.08s
[808.276s][info][gc,start       ] GC(706) Pause Young (System.gc())
[808.350s][info][gc,heap        ] GC(706) PSYoungGen: 1631786K(2547712K)->97632K(2554880K) Eden: 1512714K(2299392K)->0K(2311680K) From: 119072K(248320K)->97632K(243200K)
[808.350s][info][gc,heap        ] GC(706) ParOldGen: 110149K(5592576K)->110797K(5592576K)
[808.350s][info][gc,metaspace   ] GC(706) Metaspace: 23216K(23552K)->23216K(23552K) NonClass: 20415K(20608K)->20415K(20608K) Class: 2801K(2944K)->2801K(2944K)
[808.350s][info][gc             ] GC(706) Pause Young (System.gc()) 1701M->203M(7956M) 73.651ms
[808.350s][info][gc,cpu         ] GC(706) User=0.39s Sys=0.00s Real=0.08s
[808.350s][info][gc,start       ] GC(707) Pause Full (System.gc())
[808.350s][info][gc,phases,start] GC(707) Marking Phase
[808.387s][info][gc,phases      ] GC(707) Marking Phase 37.144ms
[808.387s][info][gc,phases,start] GC(707) Summary Phase
[808.387s][info][gc,phases      ] GC(707) Summary Phase 0.011ms
[808.387s][info][gc,phases,start] GC(707) Adjust Roots
[808.391s][info][gc,phases      ] GC(707) Adjust Roots 3.969ms
[808.391s][info][gc,phases,start] GC(707) Compaction Phase
[808.473s][info][gc,phases      ] GC(707) Compaction Phase 82.177ms
[808.473s][info][gc,phases,start] GC(707) Post Compact
[808.475s][info][gc,phases      ] GC(707) Post Compact 1.343ms
[808.475s][info][gc,heap        ] GC(707) PSYoungGen: 97632K(2554880K)->0K(2554880K) Eden: 0K(2311680K)->0K(2311680K) From: 97632K(243200K)->0K(243200K)
[808.475s][info][gc,heap        ] GC(707) ParOldGen: 110797K(5592576K)->104365K(5592576K)
[808.475s][info][gc,metaspace   ] GC(707) Metaspace: 23216K(23552K)->23216K(23552K) NonClass: 20415K(20608K)->20415K(20608K) Class: 2801K(2944K)->2801K(2944K)
[808.475s][info][gc             ] GC(707) Pause Full (System.gc()) 203M->101M(7956M) 124.934ms
[808.475s][info][gc,cpu         ] GC(707) User=0.55s Sys=0.00s Real=0.12s
[809.591s][info][gc,start       ] GC(708) Pause Young (Allocation Failure)
[809.720s][info][gc,heap        ] GC(708) PSYoungGen: 2311680K(2554880K)->192768K(2504704K) Eden: 2311680K(2311680K)->0K(2311680K) From: 0K(243200K)->192768K(193024K)
[809.720s][info][gc,heap        ] GC(708) ParOldGen: 104365K(5592576K)->104365K(5592576K)
[809.720s][info][gc,metaspace   ] GC(708) Metaspace: 23216K(23552K)->23216K(23552K) NonClass: 20415K(20608K)->20415K(20608K) Class: 2801K(2944K)->2801K(2944K)
[809.720s][info][gc             ] GC(708) Pause Young (Allocation Failure) 2359M->290M(7907M) 129.306ms
[809.720s][info][gc,cpu         ] GC(708) User=0.73s Sys=0.00s Real=0.12s
[811.065s][info][gc,start       ] GC(709) Pause Young (Allocation Failure)
[811.143s][info][gc,heap        ] GC(709) PSYoungGen: 2504448K(2504704K)->105376K(2548736K) Eden: 2311680K(2311680K)->0K(2297856K) From: 192768K(193024K)->105376K(250880K)
[811.143s][info][gc,heap        ] GC(709) ParOldGen: 104365K(5592576K)->104405K(5592576K)
[811.143s][info][gc,metaspace   ] GC(709) Metaspace: 23216K(23552K)->23216K(23552K) NonClass: 20415K(20608K)->20415K(20608K) Class: 2801K(2944K)->2801K(2944K)
[811.143s][info][gc             ] GC(709) Pause Young (Allocation Failure) 2547M->204M(7950M) 77.401ms
[811.143s][info][gc,cpu         ] GC(709) User=0.39s Sys=0.00s Real=0.08s
[812.213s][info][gc,start       ] GC(710) Pause Young (Allocation Failure)
[812.338s][info][gc,heap        ] GC(710) PSYoungGen: 2403232K(2548736K)->186832K(2484736K) Eden: 2297856K(2297856K)->0K(2297856K) From: 105376K(250880K)->186832K(186880K)
[812.338s][info][gc,heap        ] GC(710) ParOldGen: 104405K(5592576K)->106657K(5592576K)
[812.338s][info][gc,metaspace   ] GC(710) Metaspace: 23216K(23552K)->23216K(23552K) NonClass: 20415K(20608K)->20415K(20608K) Class: 2801K(2944K)->2801K(2944K)
[812.338s][info][gc             ] GC(710) Pause Young (Allocation Failure) 2448M->286M(7888M) 124.433ms
[812.338s][info][gc,cpu         ] GC(710) User=0.75s Sys=0.00s Real=0.14s
[813.714s][info][gc,start       ] GC(711) Pause Young (Allocation Failure)
[813.793s][info][gc,heap        ] GC(711) PSYoungGen: 2484688K(2484736K)->108896K(2547200K) Eden: 2297856K(2297856K)->0K(2293760K) From: 186832K(186880K)->108896K(253440K)
[813.793s][info][gc,heap        ] GC(711) ParOldGen: 106657K(5592576K)->107581K(5592576K)
[813.793s][info][gc,metaspace   ] GC(711) Metaspace: 23216K(23552K)->23216K(23552K) NonClass: 20415K(20608K)->20415K(20608K) Class: 2801K(2944K)->2801K(2944K)
[813.793s][info][gc             ] GC(711) Pause Young (Allocation Failure) 2530M->211M(7949M) 78.945ms
[813.793s][info][gc,cpu         ] GC(711) User=0.45s Sys=0.00s Real=0.08s
[814.821s][info][gc,start       ] GC(712) Pause Young (Allocation Failure)
[814.950s][info][gc,heap        ] GC(712) PSYoungGen: 2402656K(2547200K)->192848K(2486784K) Eden: 2293760K(2293760K)->0K(2293760K) From: 108896K(253440K)->192848K(193024K)
[814.950s][info][gc,heap        ] GC(712) ParOldGen: 107581K(5592576K)->111373K(5592576K)
[814.950s][info][gc,metaspace   ] GC(712) Metaspace: 23216K(23552K)->23216K(23552K) NonClass: 20415K(20608K)->20415K(20608K) Class: 2801K(2944K)->2801K(2944K)
[814.950s][info][gc             ] GC(712) Pause Young (Allocation Failure) 2451M->297M(7890M) 129.048ms
[814.950s][info][gc,cpu         ] GC(712) User=0.75s Sys=0.00s Real=0.13s
[816.396s][info][gc,start       ] GC(713) Pause Young (Allocation Failure)
[816.484s][info][gc,heap        ] GC(713) PSYoungGen: 2486608K(2486784K)->122112K(2545664K) Eden: 2293760K(2293760K)->0K(2288640K) From: 192848K(193024K)->122112K(257024K)
[816.484s][info][gc,heap        ] GC(713) ParOldGen: 111373K(5592576K)->112245K(5592576K)
[816.484s][info][gc,metaspace   ] GC(713) Metaspace: 23216K(23552K)->23216K(23552K) NonClass: 20415K(20608K)->20415K(20608K) Class: 2801K(2944K)->2801K(2944K)
[816.484s][info][gc             ] GC(713) Pause Young (Allocation Failure) 2537M->228M(7947M) 88.102ms
[816.484s][info][gc,cpu         ] GC(713) User=0.48s Sys=0.00s Real=0.08s
[817.205s][info][gc,start       ] GC(714) Pause Young (System.gc())
[817.276s][info][gc,heap        ] GC(714) PSYoungGen: 1445249K(2545664K)->84752K(2539008K) Eden: 1323137K(2288640K)->0K(2288640K) From: 122112K(257024K)->84752K(250368K)
[817.276s][info][gc,heap        ] GC(714) ParOldGen: 112245K(5592576K)->125113K(5592576K)
[817.276s][info][gc,metaspace   ] GC(714) Metaspace: 23216K(23552K)->23216K(23552K) NonClass: 20415K(20608K)->20415K(20608K) Class: 2801K(2944K)->2801K(2944K)
[817.276s][info][gc             ] GC(714) Pause Young (System.gc()) 1520M->204M(7941M) 71.050ms
[817.276s][info][gc,cpu         ] GC(714) User=0.39s Sys=0.00s Real=0.08s
[817.276s][info][gc,start       ] GC(715) Pause Full (System.gc())
[817.276s][info][gc,phases,start] GC(715) Marking Phase
[817.313s][info][gc,phases      ] GC(715) Marking Phase 36.302ms
[817.313s][info][gc,phases,start] GC(715) Summary Phase
[817.313s][info][gc,phases      ] GC(715) Summary Phase 0.010ms
[817.313s][info][gc,phases,start] GC(715) Adjust Roots
[817.317s][info][gc,phases      ] GC(715) Adjust Roots 4.640ms
[817.317s][info][gc,phases,start] GC(715) Compaction Phase
[817.403s][info][gc,phases      ] GC(715) Compaction Phase 85.874ms
[817.403s][info][gc,phases,start] GC(715) Post Compact
[817.404s][info][gc,phases      ] GC(715) Post Compact 1.149ms
[817.405s][info][gc,heap        ] GC(715) PSYoungGen: 84752K(2539008K)->0K(2539008K) Eden: 0K(2288640K)->0K(2288640K) From: 84752K(250368K)->0K(250368K)
[817.405s][info][gc,heap        ] GC(715) ParOldGen: 125113K(5592576K)->104290K(5592576K)
[817.405s][info][gc,metaspace   ] GC(715) Metaspace: 23216K(23552K)->23216K(23552K) NonClass: 20415K(20608K)->20415K(20608K) Class: 2801K(2944K)->2801K(2944K)
[817.405s][info][gc             ] GC(715) Pause Full (System.gc()) 204M->101M(7941M) 128.238ms
[817.405s][info][gc,cpu         ] GC(715) User=0.61s Sys=0.00s Real=0.13s
[818.534s][info][gc,start       ] GC(716) Pause Young (Allocation Failure)
[818.663s][info][gc,heap        ] GC(716) PSYoungGen: 2288640K(2539008K)->191616K(2528768K) Eden: 2288640K(2288640K)->0K(2278912K) From: 0K(250368K)->191616K(249856K)
[818.663s][info][gc,heap        ] GC(716) ParOldGen: 104290K(5592576K)->104290K(5592576K)
[818.663s][info][gc,metaspace   ] GC(716) Metaspace: 23216K(23552K)->23216K(23552K) NonClass: 20415K(20608K)->20415K(20608K) Class: 2801K(2944K)->2801K(2944K)
[818.663s][info][gc             ] GC(716) Pause Young (Allocation Failure) 2336M->288M(7931M) 129.567ms
[818.663s][info][gc,cpu         ] GC(716) User=0.78s Sys=0.00s Real=0.13s
[820.094s][info][gc,start       ] GC(717) Pause Young (Allocation Failure)
[820.169s][info][gc,heap        ] GC(717) PSYoungGen: 2470528K(2528768K)->99808K(2537472K) Eden: 2278912K(2278912K)->0K(2278912K) From: 191616K(249856K)->99808K(258560K)
[820.169s][info][gc,heap        ] GC(717) ParOldGen: 104290K(5592576K)->104314K(5592576K)
[820.169s][info][gc,metaspace   ] GC(717) Metaspace: 23216K(23552K)->23216K(23552K) NonClass: 20415K(20608K)->20415K(20608K) Class: 2801K(2944K)->2801K(2944K)
[820.169s][info][gc             ] GC(717) Pause Young (Allocation Failure) 2514M->199M(7939M) 74.703ms
[820.169s][info][gc,cpu         ] GC(717) User=0.39s Sys=0.00s Real=0.08s
[821.200s][info][gc,start       ] GC(718) Pause Young (Allocation Failure)
[821.328s][info][gc,heap        ] GC(718) PSYoungGen: 2378720K(2537472K)->186976K(2529280K) Eden: 2278912K(2278912K)->0K(2274816K) From: 99808K(258560K)->186976K(254464K)
[821.328s][info][gc,heap        ] GC(718) ParOldGen: 104314K(5592576K)->105158K(5592576K)
[821.328s][info][gc,metaspace   ] GC(718) Metaspace: 23216K(23552K)->23216K(23552K) NonClass: 20415K(20608K)->20415K(20608K) Class: 2801K(2944K)->2801K(2944K)
[821.328s][info][gc             ] GC(718) Pause Young (Allocation Failure) 2424M->285M(7931M) 128.657ms
[821.329s][info][gc,cpu         ] GC(718) User=0.77s Sys=0.00s Real=0.12s
[822.850s][info][gc,start       ] GC(719) Pause Young (Allocation Failure)
[822.928s][info][gc,heap        ] GC(719) PSYoungGen: 2461792K(2529280K)->102592K(2535424K) Eden: 2274816K(2274816K)->0K(2274816K) From: 186976K(254464K)->102592K(260608K)
[822.928s][info][gc,heap        ] GC(719) ParOldGen: 105158K(5592576K)->105911K(5592576K)
[822.928s][info][gc,metaspace   ] GC(719) Metaspace: 23221K(23552K)->23221K(23552K) NonClass: 20419K(20608K)->20419K(20608K) Class: 2801K(2944K)->2801K(2944K)
[822.928s][info][gc             ] GC(719) Pause Young (Allocation Failure) 2506M->203M(7937M) 77.726ms
[822.928s][info][gc,cpu         ] GC(719) User=0.39s Sys=0.00s Real=0.08s
[824.009s][info][gc,start       ] GC(720) Pause Young (Allocation Failure)
[824.137s][info][gc,heap        ] GC(720) PSYoungGen: 2377408K(2535424K)->186976K(2528768K) Eden: 2274816K(2274816K)->0K(2272768K) From: 102592K(260608K)->186976K(256000K)
[824.137s][info][gc,heap        ] GC(720) ParOldGen: 105911K(5592576K)->105935K(5592576K)
[824.137s][info][gc,metaspace   ] GC(720) Metaspace: 23224K(23552K)->23224K(23552K) NonClass: 20422K(20608K)->20422K(20608K) Class: 2801K(2944K)->2801K(2944K)
[824.137s][info][gc             ] GC(720) Pause Young (Allocation Failure) 2425M->286M(7931M) 128.686ms
[824.137s][info][gc,cpu         ] GC(720) User=0.80s Sys=0.00s Real=0.14s
[825.471s][info][gc,start       ] GC(721) Pause Young (Allocation Failure)
[825.548s][info][gc,heap        ] GC(721) PSYoungGen: 2459744K(2528768K)->100160K(2534400K) Eden: 2272768K(2272768K)->0K(2272768K) From: 186976K(256000K)->100160K(261632K)
[825.548s][info][gc,heap        ] GC(721) ParOldGen: 105935K(5592576K)->105951K(5592576K)
[825.548s][info][gc,metaspace   ] GC(721) Metaspace: 23224K(23552K)->23224K(23552K) NonClass: 20422K(20608K)->20422K(20608K) Class: 2801K(2944K)->2801K(2944K)
[825.548s][info][gc             ] GC(721) Pause Young (Allocation Failure) 2505M->201M(7936M) 76.530ms
[825.548s][info][gc,cpu         ] GC(721) User=0.47s Sys=0.00s Real=0.08s
[826.388s][info][gc,start       ] GC(722) Pause Young (System.gc())
[826.468s][info][gc,heap        ] GC(722) PSYoungGen: 1648543K(2534400K)->97552K(2542592K) Eden: 1548382K(2272768K)->0K(2284544K) From: 100160K(261632K)->97552K(258048K)
[826.468s][info][gc,heap        ] GC(722) ParOldGen: 105951K(5592576K)->105959K(5592576K)
[826.468s][info][gc,metaspace   ] GC(722) Metaspace: 23224K(23552K)->23224K(23552K) NonClass: 20422K(20608K)->20422K(20608K) Class: 2801K(2944K)->2801K(2944K)
[826.468s][info][gc             ] GC(722) Pause Young (System.gc()) 1713M->198M(7944M) 80.283ms
[826.468s][info][gc,cpu         ] GC(722) User=0.39s Sys=0.00s Real=0.08s
[826.468s][info][gc,start       ] GC(723) Pause Full (System.gc())
[826.468s][info][gc,phases,start] GC(723) Marking Phase
[826.504s][info][gc,phases      ] GC(723) Marking Phase 36.086ms
[826.504s][info][gc,phases,start] GC(723) Summary Phase
[826.504s][info][gc,phases      ] GC(723) Summary Phase 0.012ms
[826.504s][info][gc,phases,start] GC(723) Adjust Roots
[826.509s][info][gc,phases      ] GC(723) Adjust Roots 4.947ms
[826.509s][info][gc,phases,start] GC(723) Compaction Phase
[826.588s][info][gc,phases      ] GC(723) Compaction Phase 78.400ms
[826.588s][info][gc,phases,start] GC(723) Post Compact
[826.589s][info][gc,phases      ] GC(723) Post Compact 1.141ms
[826.589s][info][gc,heap        ] GC(723) PSYoungGen: 97552K(2542592K)->0K(2542592K) Eden: 0K(2284544K)->0K(2284544K) From: 97552K(258048K)->0K(258048K)
[826.589s][info][gc,heap        ] GC(723) ParOldGen: 105959K(5592576K)->104286K(5592576K)
[826.589s][info][gc,metaspace   ] GC(723) Metaspace: 23224K(23552K)->23224K(23552K) NonClass: 20422K(20608K)->20422K(20608K) Class: 2801K(2944K)->2801K(2944K)
[826.589s][info][gc             ] GC(723) Pause Full (System.gc()) 198M->101M(7944M) 120.848ms
[826.589s][info][gc,cpu         ] GC(723) User=0.47s Sys=0.00s Real=0.12s
[827.605s][info][gc,start       ] GC(724) Pause Young (Allocation Failure)
[827.728s][info][gc,heap        ] GC(724) PSYoungGen: 2284544K(2542592K)->184288K(2468864K) Eden: 2284544K(2284544K)->0K(2284544K) From: 0K(258048K)->184288K(184320K)
[827.728s][info][gc,heap        ] GC(724) ParOldGen: 104286K(5592576K)->104286K(5592576K)
[827.728s][info][gc,metaspace   ] GC(724) Metaspace: 23224K(23552K)->23224K(23552K) NonClass: 20422K(20608K)->20422K(20608K) Class: 2801K(2944K)->2801K(2944K)
[827.728s][info][gc             ] GC(724) Pause Young (Allocation Failure) 2332M->281M(7872M) 123.312ms
[827.728s][info][gc,cpu         ] GC(724) User=0.69s Sys=0.00s Real=0.13s
[829.172s][info][gc,start       ] GC(725) Pause Young (Allocation Failure)
[829.248s][info][gc,heap        ] GC(725) PSYoungGen: 2468832K(2468864K)->103072K(2542080K) Eden: 2284544K(2284544K)->0K(2282496K) From: 184288K(184320K)->103072K(259584K)
[829.248s][info][gc,heap        ] GC(725) ParOldGen: 104286K(5592576K)->104318K(5592576K)
[829.248s][info][gc,metaspace   ] GC(725) Metaspace: 23224K(23552K)->23224K(23552K) NonClass: 20422K(20608K)->20422K(20608K) Class: 2801K(2944K)->2801K(2944K)
[829.248s][info][gc             ] GC(725) Pause Young (Allocation Failure) 2512M->202M(7944M) 76.096ms
[829.248s][info][gc,cpu         ] GC(725) User=0.41s Sys=0.00s Real=0.08s
[830.329s][info][gc,start       ] GC(726) Pause Young (Allocation Failure)
[830.454s][info][gc,heap        ] GC(726) PSYoungGen: 2385568K(2542080K)->185296K(2467840K) Eden: 2282496K(2282496K)->0K(2282496K) From: 103072K(259584K)->185296K(185344K)
[830.454s][info][gc,heap        ] GC(726) ParOldGen: 104318K(5592576K)->105962K(5592576K)
[830.454s][info][gc,metaspace   ] GC(726) Metaspace: 23224K(23552K)->23224K(23552K) NonClass: 20422K(20608K)->20422K(20608K) Class: 2801K(2944K)->2801K(2944K)
[830.454s][info][gc             ] GC(726) Pause Young (Allocation Failure) 2431M->284M(7871M) 124.698ms
[830.454s][info][gc,cpu         ] GC(726) User=0.69s Sys=0.00s Real=0.13s
[831.866s][info][gc,start       ] GC(727) Pause Young (Allocation Failure)
[831.941s][info][gc,heap        ] GC(727) PSYoungGen: 2467792K(2467840K)->100736K(2540544K) Eden: 2282496K(2282496K)->0K(2280448K) From: 185296K(185344K)->100736K(260096K)
[831.941s][info][gc,heap        ] GC(727) ParOldGen: 105962K(5592576K)->106482K(5592576K)
[831.941s][info][gc,metaspace   ] GC(727) Metaspace: 23224K(23552K)->23224K(23552K) NonClass: 20422K(20608K)->20422K(20608K) Class: 2801K(2944K)->2801K(2944K)
[831.941s][info][gc             ] GC(727) Pause Young (Allocation Failure) 2513M->202M(7942M) 74.903ms
[831.941s][info][gc,cpu         ] GC(727) User=0.39s Sys=0.00s Real=0.08s
[832.995s][info][gc,start       ] GC(728) Pause Young (Allocation Failure)
[833.118s][info][gc,heap        ] GC(728) PSYoungGen: 2381184K(2540544K)->183584K(2464256K) Eden: 2280448K(2280448K)->0K(2280448K) From: 100736K(260096K)->183584K(183808K)
[833.118s][info][gc,heap        ] GC(728) ParOldGen: 106482K(5592576K)->107594K(5592576K)
[833.118s][info][gc,metaspace   ] GC(728) Metaspace: 23224K(23552K)->23224K(23552K) NonClass: 20422K(20608K)->20422K(20608K) Class: 2801K(2944K)->2801K(2944K)
[833.118s][info][gc             ] GC(728) Pause Young (Allocation Failure) 2429M->284M(7868M) 123.463ms
[833.118s][info][gc,cpu         ] GC(728) User=0.67s Sys=0.00s Real=0.12s
[834.598s][info][gc,start       ] GC(729) Pause Young (Allocation Failure)
[834.673s][info][gc,heap        ] GC(729) PSYoungGen: 2464032K(2464256K)->98400K(2539520K) Eden: 2280448K(2280448K)->0K(2278912K) From: 183584K(183808K)->98400K(260608K)
[834.674s][info][gc,heap        ] GC(729) ParOldGen: 107594K(5592576K)->108278K(5592576K)
[834.674s][info][gc,metaspace   ] GC(729) Metaspace: 23224K(23552K)->23224K(23552K) NonClass: 20422K(20608K)->20422K(20608K) Class: 2801K(2944K)->2801K(2944K)
[834.674s][info][gc             ] GC(729) Pause Young (Allocation Failure) 2511M->201M(7941M) 75.440ms
[834.674s][info][gc,cpu         ] GC(729) User=0.48s Sys=0.00s Real=0.09s
[835.577s][info][gc,start       ] GC(730) Pause Young (System.gc())
[835.652s][info][gc,heap        ] GC(730) PSYoungGen: 1590917K(2539520K)->96752K(2535424K) Eden: 1492517K(2278912K)->0K(2278912K) From: 98400K(260608K)->96752K(256512K)
[835.652s][info][gc,heap        ] GC(730) ParOldGen: 108278K(5592576K)->108970K(5592576K)
[835.652s][info][gc,metaspace   ] GC(730) Metaspace: 23224K(23552K)->23224K(23552K) NonClass: 20422K(20608K)->20422K(20608K) Class: 2801K(2944K)->2801K(2944K)
[835.652s][info][gc             ] GC(730) Pause Young (System.gc()) 1659M->200M(7937M) 75.104ms
[835.652s][info][gc,cpu         ] GC(730) User=0.38s Sys=0.00s Real=0.06s
[835.652s][info][gc,start       ] GC(731) Pause Full (System.gc())
[835.652s][info][gc,phases,start] GC(731) Marking Phase
[835.685s][info][gc,phases      ] GC(731) Marking Phase 33.359ms
[835.685s][info][gc,phases,start] GC(731) Summary Phase
[835.685s][info][gc,phases      ] GC(731) Summary Phase 0.011ms
[835.685s][info][gc,phases,start] GC(731) Adjust Roots
[835.690s][info][gc,phases      ] GC(731) Adjust Roots 4.149ms
[835.690s][info][gc,phases,start] GC(731) Compaction Phase
[835.777s][info][gc,phases      ] GC(731) Compaction Phase 87.297ms
[835.777s][info][gc,phases,start] GC(731) Post Compact
[835.778s][info][gc,phases      ] GC(731) Post Compact 1.109ms
[835.778s][info][gc,heap        ] GC(731) PSYoungGen: 96752K(2535424K)->0K(2535424K) Eden: 0K(2278912K)->0K(2278912K) From: 96752K(256512K)->0K(256512K)
[835.778s][info][gc,heap        ] GC(731) ParOldGen: 108970K(5592576K)->104161K(5592576K)
[835.778s][info][gc,metaspace   ] GC(731) Metaspace: 23224K(23552K)->23224K(23552K) NonClass: 20422K(20608K)->20422K(20608K) Class: 2801K(2944K)->2801K(2944K)
[835.778s][info][gc             ] GC(731) Pause Full (System.gc()) 200M->101M(7937M) 126.202ms
[835.778s][info][gc,cpu         ] GC(731) User=0.52s Sys=0.00s Real=0.13s
[836.843s][info][gc,start       ] GC(732) Pause Young (Allocation Failure)
[836.963s][info][gc,heap        ] GC(732) PSYoungGen: 2278912K(2535424K)->177824K(2535424K) Eden: 2278912K(2278912K)->0K(2284032K) From: 0K(256512K)->177824K(251392K)
[836.963s][info][gc,heap        ] GC(732) ParOldGen: 104161K(5592576K)->104161K(5592576K)
[836.963s][info][gc,metaspace   ] GC(732) Metaspace: 23224K(23552K)->23224K(23552K) NonClass: 20422K(20608K)->20422K(20608K) Class: 2801K(2944K)->2801K(2944K)
[836.963s][info][gc             ] GC(732) Pause Young (Allocation Failure) 2327M->275M(7937M) 120.564ms
[836.963s][info][gc,cpu         ] GC(732) User=0.67s Sys=0.00s Real=0.11s
[838.298s][info][gc,start       ] GC(733) Pause Young (Allocation Failure)
[838.373s][info][gc,heap        ] GC(733) PSYoungGen: 2461856K(2535424K)->105280K(2540032K) Eden: 2284032K(2284032K)->0K(2284032K) From: 177824K(251392K)->105280K(256000K)
[838.373s][info][gc,heap        ] GC(733) ParOldGen: 104161K(5592576K)->104201K(5592576K)
[838.373s][info][gc,metaspace   ] GC(733) Metaspace: 23224K(23552K)->23224K(23552K) NonClass: 20422K(20608K)->20422K(20608K) Class: 2801K(2944K)->2801K(2944K)
[838.373s][info][gc             ] GC(733) Pause Young (Allocation Failure) 2505M->204M(7942M) 74.601ms
[838.373s][info][gc,cpu         ] GC(733) User=0.38s Sys=0.00s Real=0.06s
[839.482s][info][gc,start       ] GC(734) Pause Young (Allocation Failure)
[839.610s][info][gc,heap        ] GC(734) PSYoungGen: 2389312K(2540032K)->178848K(2536960K) Eden: 2284032K(2284032K)->0K(2287104K) From: 105280K(256000K)->178848K(249856K)
[839.610s][info][gc,heap        ] GC(734) ParOldGen: 104201K(5592576K)->104201K(5592576K)
[839.610s][info][gc,metaspace   ] GC(734) Metaspace: 23224K(23552K)->23224K(23552K) NonClass: 20422K(20608K)->20422K(20608K) Class: 2801K(2944K)->2801K(2944K)
[839.610s][info][gc             ] GC(734) Pause Young (Allocation Failure) 2435M->276M(7939M) 127.371ms
[839.610s][info][gc,cpu         ] GC(734) User=0.69s Sys=0.00s Real=0.13s
[840.909s][info][gc,start       ] GC(735) Pause Young (Allocation Failure)
[841.000s][info][gc,heap        ] GC(735) PSYoungGen: 2465952K(2536960K)->123872K(2541568K) Eden: 2287104K(2287104K)->0K(2287104K) From: 178848K(249856K)->123872K(254464K)
[841.001s][info][gc,heap        ] GC(735) ParOldGen: 104201K(5592576K)->105309K(5592576K)
[841.001s][info][gc,metaspace   ] GC(735) Metaspace: 23224K(23552K)->23224K(23552K) NonClass: 20422K(20608K)->20422K(20608K) Class: 2801K(2944K)->2801K(2944K)
[841.001s][info][gc             ] GC(735) Pause Young (Allocation Failure) 2509M->223M(7943M) 91.652ms
[841.001s][info][gc,cpu         ] GC(735) User=0.48s Sys=0.00s Real=0.09s
[842.183s][info][gc,start       ] GC(736) Pause Young (Allocation Failure)
[842.297s][info][gc,heap        ] GC(736) PSYoungGen: 2410976K(2541568K)->171168K(2547200K) Eden: 2287104K(2287104K)->0K(2301440K) From: 123872K(254464K)->171168K(245760K)
[842.297s][info][gc,heap        ] GC(736) ParOldGen: 105309K(5592576K)->106109K(5592576K)
[842.297s][info][gc,metaspace   ] GC(736) Metaspace: 23224K(23552K)->23224K(23552K) NonClass: 20422K(20608K)->20422K(20608K) Class: 2801K(2944K)->2801K(2944K)
[842.297s][info][gc             ] GC(736) Pause Young (Allocation Failure) 2457M->270M(7949M) 114.694ms
[842.297s][info][gc,cpu         ] GC(736) User=0.66s Sys=0.00s Real=0.11s
[843.624s][info][gc,start       ] GC(737) Pause Young (Allocation Failure)
[843.705s][info][gc,heap        ] GC(737) PSYoungGen: 2472608K(2547200K)->114288K(2548736K) Eden: 2301440K(2301440K)->0K(2301440K) From: 171168K(245760K)->114288K(247296K)
[843.705s][info][gc,heap        ] GC(737) ParOldGen: 106109K(5592576K)->107169K(5592576K)
[843.705s][info][gc,metaspace   ] GC(737) Metaspace: 23224K(23552K)->23224K(23552K) NonClass: 20422K(20608K)->20422K(20608K) Class: 2801K(2944K)->2801K(2944K)
[843.705s][info][gc             ] GC(737) Pause Young (Allocation Failure) 2518M->216M(7950M) 80.913ms
[843.705s][info][gc,cpu         ] GC(737) User=0.47s Sys=0.00s Real=0.08s
[844.771s][info][gc,start       ] GC(738) Pause Young (System.gc())
[844.844s][info][gc,heap        ] GC(738) PSYoungGen: 1460653K(2548736K)->97312K(2557952K) Eden: 1346365K(2301440K)->0K(2316800K) From: 114288K(247296K)->97312K(241152K)
[844.844s][info][gc,heap        ] GC(738) ParOldGen: 107169K(5592576K)->107881K(5592576K)
[844.844s][info][gc,metaspace   ] GC(738) Metaspace: 23224K(23552K)->23224K(23552K) NonClass: 20422K(20608K)->20422K(20608K) Class: 2801K(2944K)->2801K(2944K)
[844.844s][info][gc             ] GC(738) Pause Young (System.gc()) 1531M->200M(7959M) 73.058ms
[844.844s][info][gc,cpu         ] GC(738) User=0.39s Sys=0.00s Real=0.08s
[844.844s][info][gc,start       ] GC(739) Pause Full (System.gc())
[844.844s][info][gc,phases,start] GC(739) Marking Phase
[844.880s][info][gc,phases      ] GC(739) Marking Phase 35.286ms
[844.880s][info][gc,phases,start] GC(739) Summary Phase
[844.880s][info][gc,phases      ] GC(739) Summary Phase 0.011ms
[844.880s][info][gc,phases,start] GC(739) Adjust Roots
[844.884s][info][gc,phases      ] GC(739) Adjust Roots 4.088ms
[844.884s][info][gc,phases,start] GC(739) Compaction Phase
[844.962s][info][gc,phases      ] GC(739) Compaction Phase 78.467ms
[844.962s][info][gc,phases,start] GC(739) Post Compact
[844.964s][info][gc,phases      ] GC(739) Post Compact 1.283ms
[844.964s][info][gc,heap        ] GC(739) PSYoungGen: 97312K(2557952K)->0K(2557952K) Eden: 0K(2316800K)->0K(2316800K) From: 97312K(241152K)->0K(241152K)
[844.964s][info][gc,heap        ] GC(739) ParOldGen: 107881K(5592576K)->103997K(5592576K)
[844.964s][info][gc,metaspace   ] GC(739) Metaspace: 23224K(23552K)->23224K(23552K) NonClass: 20422K(20608K)->20422K(20608K) Class: 2801K(2944K)->2801K(2944K)
[844.964s][info][gc             ] GC(739) Pause Full (System.gc()) 200M->101M(7959M) 119.398ms
[844.964s][info][gc,cpu         ] GC(739) User=0.48s Sys=0.00s Real=0.12s
[846.057s][info][gc,start       ] GC(740) Pause Young (Allocation Failure)
[846.188s][info][gc,heap        ] GC(740) PSYoungGen: 2316800K(2557952K)->194160K(2511360K) Eden: 2316800K(2316800K)->0K(2316800K) From: 0K(241152K)->194160K(194560K)
[846.188s][info][gc,heap        ] GC(740) ParOldGen: 103997K(5592576K)->103997K(5592576K)
[846.188s][info][gc,metaspace   ] GC(740) Metaspace: 23224K(23552K)->23224K(23552K) NonClass: 20422K(20608K)->20422K(20608K) Class: 2801K(2944K)->2801K(2944K)
[846.188s][info][gc             ] GC(740) Pause Young (Allocation Failure) 2364M->291M(7914M) 130.348ms
[846.188s][info][gc,cpu         ] GC(740) User=0.75s Sys=0.00s Real=0.12s
[847.626s][info][gc,start       ] GC(741) Pause Young (Allocation Failure)
[847.701s][info][gc,heap        ] GC(741) PSYoungGen: 2510960K(2511360K)->101872K(2550784K) Eden: 2316800K(2316800K)->0K(2300928K) From: 194160K(194560K)->101872K(249856K)
[847.702s][info][gc,heap        ] GC(741) ParOldGen: 103997K(5592576K)->104037K(5592576K)
[847.702s][info][gc,metaspace   ] GC(741) Metaspace: 23224K(23552K)->23224K(23552K) NonClass: 20422K(20608K)->20422K(20608K) Class: 2801K(2944K)->2801K(2944K)
[847.702s][info][gc             ] GC(741) Pause Young (Allocation Failure) 2553M->201M(7952M) 75.641ms
[847.702s][info][gc,cpu         ] GC(741) User=0.42s Sys=0.00s Real=0.08s
[848.835s][info][gc,start       ] GC(742) Pause Young (Allocation Failure)
[848.960s][info][gc,heap        ] GC(742) PSYoungGen: 2402800K(2550784K)->189072K(2490368K) Eden: 2300928K(2300928K)->0K(2300928K) From: 101872K(249856K)->189072K(189440K)
[848.960s][info][gc,heap        ] GC(742) ParOldGen: 104037K(5592576K)->105445K(5592576K)
[848.960s][info][gc,metaspace   ] GC(742) Metaspace: 23224K(23552K)->23224K(23552K) NonClass: 20422K(20608K)->20422K(20608K) Class: 2801K(2944K)->2801K(2944K)
[848.960s][info][gc             ] GC(742) Pause Young (Allocation Failure) 2448M->287M(7893M) 124.866ms
[848.960s][info][gc,cpu         ] GC(742) User=0.75s Sys=0.00s Real=0.12s
[850.393s][info][gc,start       ] GC(743) Pause Young (Allocation Failure)
[850.475s][info][gc,heap        ] GC(743) PSYoungGen: 2490000K(2490368K)->109664K(2547712K) Eden: 2300928K(2300928K)->0K(2293760K) From: 189072K(189440K)->109664K(253952K)
[850.475s][info][gc,heap        ] GC(743) ParOldGen: 105445K(5592576K)->106173K(5592576K)
[850.475s][info][gc,metaspace   ] GC(743) Metaspace: 23224K(23552K)->23224K(23552K) NonClass: 20422K(20608K)->20422K(20608K) Class: 2801K(2944K)->2801K(2944K)
[850.475s][info][gc             ] GC(743) Pause Young (Allocation Failure) 2534M->210M(7949M) 81.878ms
[850.475s][info][gc,cpu         ] GC(743) User=0.45s Sys=0.00s Real=0.08s
[851.563s][info][gc,start       ] GC(744) Pause Young (Allocation Failure)
[851.689s][info][gc,heap        ] GC(744) PSYoungGen: 2403424K(2547712K)->190672K(2484736K) Eden: 2293760K(2293760K)->0K(2293760K) From: 109664K(253952K)->190672K(190976K)
[851.689s][info][gc,heap        ] GC(744) ParOldGen: 106173K(5592576K)->109429K(5592576K)
[851.689s][info][gc,metaspace   ] GC(744) Metaspace: 23224K(23552K)->23224K(23552K) NonClass: 20422K(20608K)->20422K(20608K) Class: 2801K(2944K)->2801K(2944K)
[851.689s][info][gc             ] GC(744) Pause Young (Allocation Failure) 2450M->293M(7888M) 126.157ms
[851.689s][info][gc,cpu         ] GC(744) User=0.75s Sys=0.00s Real=0.13s
[853.124s][info][gc,start       ] GC(745) Pause Young (Allocation Failure)
[853.211s][info][gc,heap        ] GC(745) PSYoungGen: 2484432K(2484736K)->117680K(2546176K) Eden: 2293760K(2293760K)->0K(2289664K) From: 190672K(190976K)->117680K(256512K)
[853.211s][info][gc,heap        ] GC(745) ParOldGen: 109429K(5592576K)->110077K(5592576K)
[853.211s][info][gc,metaspace   ] GC(745) Metaspace: 23224K(23552K)->23224K(23552K) NonClass: 20422K(20608K)->20422K(20608K) Class: 2801K(2944K)->2801K(2944K)
[853.211s][info][gc             ] GC(745) Pause Young (Allocation Failure) 2533M->222M(7948M) 86.323ms
[853.211s][info][gc,cpu         ] GC(745) User=0.50s Sys=0.00s Real=0.08s
[854.100s][info][gc,start       ] GC(746) Pause Young (System.gc())
[854.163s][info][gc,heap        ] GC(746) PSYoungGen: 1550554K(2546176K)->75584K(2539520K) Eden: 1432873K(2289664K)->0K(2289664K) From: 117680K(256512K)->75584K(249856K)
[854.163s][info][gc,heap        ] GC(746) ParOldGen: 110077K(5592576K)->115385K(5592576K)
[854.163s][info][gc,metaspace   ] GC(746) Metaspace: 23224K(23552K)->23224K(23552K) NonClass: 20422K(20608K)->20422K(20608K) Class: 2801K(2944K)->2801K(2944K)
[854.163s][info][gc             ] GC(746) Pause Young (System.gc()) 1621M->186M(7941M) 63.097ms
[854.163s][info][gc,cpu         ] GC(746) User=0.38s Sys=0.00s Real=0.06s
[854.163s][info][gc,start       ] GC(747) Pause Full (System.gc())
[854.163s][info][gc,phases,start] GC(747) Marking Phase
[854.194s][info][gc,phases      ] GC(747) Marking Phase 30.503ms
[854.194s][info][gc,phases,start] GC(747) Summary Phase
[854.194s][info][gc,phases      ] GC(747) Summary Phase 0.010ms
[854.194s][info][gc,phases,start] GC(747) Adjust Roots
[854.198s][info][gc,phases      ] GC(747) Adjust Roots 4.426ms
[854.198s][info][gc,phases,start] GC(747) Compaction Phase
[854.273s][info][gc,phases      ] GC(747) Compaction Phase 74.321ms
[854.273s][info][gc,phases,start] GC(747) Post Compact
[854.274s][info][gc,phases      ] GC(747) Post Compact 1.072ms
[854.274s][info][gc,heap        ] GC(747) PSYoungGen: 75584K(2539520K)->0K(2539520K) Eden: 0K(2289664K)->0K(2289664K) From: 75584K(249856K)->0K(249856K)
[854.274s][info][gc,heap        ] GC(747) ParOldGen: 115385K(5592576K)->87571K(5592576K)
[854.274s][info][gc,metaspace   ] GC(747) Metaspace: 23224K(23552K)->23224K(23552K) NonClass: 20422K(20608K)->20422K(20608K) Class: 2801K(2944K)->2801K(2944K)
[854.274s][info][gc             ] GC(747) Pause Full (System.gc()) 186M->85M(7941M) 110.569ms
[854.274s][info][gc,cpu         ] GC(747) User=0.44s Sys=0.00s Real=0.11s
[855.439s][info][gc,start       ] GC(748) Pause Young (Allocation Failure)
[855.568s][info][gc,heap        ] GC(748) PSYoungGen: 2289664K(2539520K)->193456K(2525184K) Eden: 2289664K(2289664K)->0K(2274816K) From: 0K(249856K)->193456K(250368K)
[855.570s][info][gc,heap        ] GC(748) ParOldGen: 87571K(5592576K)->87571K(5592576K)
[855.570s][info][gc,metaspace   ] GC(748) Metaspace: 23227K(23552K)->23227K(23552K) NonClass: 20425K(20608K)->20425K(20608K) Class: 2801K(2944K)->2801K(2944K)
[855.570s][info][gc             ] GC(748) Pause Young (Allocation Failure) 2321M->274M(7927M) 130.916ms
[855.570s][info][gc,cpu         ] GC(748) User=0.73s Sys=0.00s Real=0.12s
[857.024s][info][gc,start       ] GC(749) Pause Young (Allocation Failure)
[857.100s][info][gc,heap        ] GC(749) PSYoungGen: 2468272K(2525184K)->100160K(2535424K) Eden: 2274816K(2274816K)->0K(2274816K) From: 193456K(250368K)->100160K(260608K)
[857.100s][info][gc,heap        ] GC(749) ParOldGen: 87571K(5592576K)->87603K(5592576K)
[857.100s][info][gc,metaspace   ] GC(749) Metaspace: 23227K(23552K)->23227K(23552K) NonClass: 20425K(20608K)->20425K(20608K) Class: 2801K(2944K)->2801K(2944K)
[857.100s][info][gc             ] GC(749) Pause Young (Allocation Failure) 2495M->183M(7937M) 75.820ms
[857.100s][info][gc,cpu         ] GC(749) User=0.39s Sys=0.00s Real=0.08s
[858.188s][info][gc,start       ] GC(750) Pause Young (Allocation Failure)
[858.307s][info][gc,heap        ] GC(750) PSYoungGen: 2374976K(2535424K)->175312K(2536448K) Eden: 2274816K(2274816K)->0K(2280960K) From: 100160K(260608K)->175312K(255488K)
[858.309s][info][gc,heap        ] GC(750) ParOldGen: 87603K(5592576K)->88331K(5592576K)
[858.309s][info][gc,metaspace   ] GC(750) Metaspace: 23227K(23552K)->23227K(23552K) NonClass: 20425K(20608K)->20425K(20608K) Class: 2801K(2944K)->2801K(2944K)
[858.309s][info][gc             ] GC(750) Pause Young (Allocation Failure) 2404M->257M(7938M) 120.912ms
[858.309s][info][gc,cpu         ] GC(750) User=0.66s Sys=0.00s Real=0.12s
[859.803s][info][gc,start       ] GC(751) Pause Young (Allocation Failure)
[859.878s][info][gc,heap        ] GC(751) PSYoungGen: 2456272K(2536448K)->98128K(2538496K) Eden: 2280960K(2280960K)->0K(2280960K) From: 175312K(255488K)->98128K(257536K)
[859.878s][info][gc,heap        ] GC(751) ParOldGen: 88331K(5592576K)->88819K(5592576K)
[859.878s][info][gc,metaspace   ] GC(751) Metaspace: 23227K(23552K)->23227K(23552K) NonClass: 20425K(20608K)->20425K(20608K) Class: 2801K(2944K)->2801K(2944K)
[859.878s][info][gc             ] GC(751) Pause Young (Allocation Failure) 2484M->182M(7940M) 74.691ms
[859.878s][info][gc,cpu         ] GC(751) User=0.39s Sys=0.00s Real=0.08s
[860.952s][info][gc,start       ] GC(752) Pause Young (Allocation Failure)
[861.074s][info][gc,heap        ] GC(752) PSYoungGen: 2379088K(2538496K)->181840K(2532352K) Eden: 2280960K(2280960K)->0K(2278912K) From: 98128K(257536K)->181840K(253440K)
[861.076s][info][gc,heap        ] GC(752) ParOldGen: 88819K(5592576K)->88835K(5592576K)
[861.076s][info][gc,metaspace   ] GC(752) Metaspace: 23227K(23552K)->23227K(23552K) NonClass: 20425K(20608K)->20425K(20608K) Class: 2801K(2944K)->2801K(2944K)
[861.076s][info][gc             ] GC(752) Pause Young (Allocation Failure) 2410M->264M(7934M) 123.314ms
[861.076s][info][gc,cpu         ] GC(752) User=0.67s Sys=0.00s Real=0.13s
[862.502s][info][gc,start       ] GC(753) Pause Young (Allocation Failure)
[862.577s][info][gc,heap        ] GC(753) PSYoungGen: 2460752K(2532352K)->97600K(2537472K) Eden: 2278912K(2278912K)->0K(2278912K) From: 181840K(253440K)->97600K(258560K)
[862.577s][info][gc,heap        ] GC(753) ParOldGen: 88835K(5592576K)->88843K(5592576K)
[862.577s][info][gc,metaspace   ] GC(753) Metaspace: 23227K(23552K)->23227K(23552K) NonClass: 20425K(20608K)->20425K(20608K) Class: 2801K(2944K)->2801K(2944K)
[862.577s][info][gc             ] GC(753) Pause Young (Allocation Failure) 2489M->182M(7939M) 74.860ms
[862.577s][info][gc,cpu         ] GC(753) User=0.39s Sys=0.00s Real=0.08s
[863.413s][info][gc,start       ] GC(754) Pause Young (System.gc())
[863.486s][info][gc,heap        ] GC(754) PSYoungGen: 1578519K(2537472K)->97344K(2547200K) Eden: 1480919K(2278912K)->0K(2293248K) From: 97600K(258560K)->97344K(253952K)
[863.486s][info][gc,heap        ] GC(754) ParOldGen: 88843K(5592576K)->88851K(5592576K)
[863.486s][info][gc,metaspace   ] GC(754) Metaspace: 23228K(23552K)->23228K(23552K) NonClass: 20426K(20608K)->20426K(20608K) Class: 2801K(2944K)->2801K(2944K)
[863.486s][info][gc             ] GC(754) Pause Young (System.gc()) 1628M->181M(7949M) 72.914ms
[863.486s][info][gc,cpu         ] GC(754) User=0.47s Sys=0.00s Real=0.08s
[863.486s][info][gc,start       ] GC(755) Pause Full (System.gc())
[863.486s][info][gc,phases,start] GC(755) Marking Phase
[863.522s][info][gc,phases      ] GC(755) Marking Phase 36.056ms
[863.522s][info][gc,phases,start] GC(755) Summary Phase
[863.522s][info][gc,phases      ] GC(755) Summary Phase 0.010ms
[863.522s][info][gc,phases,start] GC(755) Adjust Roots
[863.527s][info][gc,phases      ] GC(755) Adjust Roots 4.858ms
[863.527s][info][gc,phases,start] GC(755) Compaction Phase
[863.609s][info][gc,phases      ] GC(755) Compaction Phase 82.246ms
[863.609s][info][gc,phases,start] GC(755) Post Compact
[863.610s][info][gc,phases      ] GC(755) Post Compact 1.063ms
[863.610s][info][gc,heap        ] GC(755) PSYoungGen: 97344K(2547200K)->0K(2547200K) Eden: 0K(2293248K)->0K(2293248K) From: 97344K(253952K)->0K(253952K)
[863.610s][info][gc,heap        ] GC(755) ParOldGen: 88851K(5592576K)->104054K(5592576K)
[863.610s][info][gc,metaspace   ] GC(755) Metaspace: 23228K(23552K)->23228K(23552K) NonClass: 20426K(20608K)->20426K(20608K) Class: 2801K(2944K)->2801K(2944K)
[863.610s][info][gc             ] GC(755) Pause Full (System.gc()) 181M->101M(7949M) 124.514ms
[863.610s][info][gc,cpu         ] GC(755) User=0.52s Sys=0.00s Real=0.12s
[864.786s][info][gc,start       ] GC(756) Pause Young (Allocation Failure)
[864.886s][info][gc,heap        ] GC(756) PSYoungGen: 2293248K(2547200K)->151104K(2542080K) Eden: 2293248K(2293248K)->0K(2293248K) From: 0K(253952K)->151104K(248832K)
[864.886s][info][gc,heap        ] GC(756) ParOldGen: 104054K(5592576K)->104054K(5592576K)
[864.886s][info][gc,metaspace   ] GC(756) Metaspace: 23228K(23552K)->23228K(23552K) NonClass: 20426K(20608K)->20426K(20608K) Class: 2801K(2944K)->2801K(2944K)
[864.886s][info][gc             ] GC(756) Pause Young (Allocation Failure) 2341M->249M(7944M) 100.081ms
[864.886s][info][gc,cpu         ] GC(756) User=0.55s Sys=0.00s Real=0.09s
[866.243s][info][gc,start       ] GC(757) Pause Young (Allocation Failure)
[866.319s][info][gc,heap        ] GC(757) PSYoungGen: 2444352K(2542080K)->102752K(2557440K) Eden: 2293248K(2293248K)->0K(2313216K) From: 151104K(248832K)->102752K(244224K)
[866.319s][info][gc,heap        ] GC(757) ParOldGen: 104054K(5592576K)->104078K(5592576K)
[866.319s][info][gc,metaspace   ] GC(757) Metaspace: 23228K(23552K)->23228K(23552K) NonClass: 20426K(20608K)->20426K(20608K) Class: 2801K(2944K)->2801K(2944K)
[866.319s][info][gc             ] GC(757) Pause Young (Allocation Failure) 2488M->201M(7959M) 75.777ms
[866.319s][info][gc,cpu         ] GC(757) User=0.41s Sys=0.00s Real=0.08s
[867.400s][info][gc,start       ] GC(758) Pause Young (Allocation Failure)
[867.532s][info][gc,heap        ] GC(758) PSYoungGen: 2415968K(2557440K)->190512K(2504192K) Eden: 2313216K(2313216K)->0K(2313216K) From: 102752K(244224K)->190512K(190976K)
[867.532s][info][gc,heap        ] GC(758) ParOldGen: 104078K(5592576K)->105646K(5592576K)
[867.532s][info][gc,metaspace   ] GC(758) Metaspace: 23228K(23552K)->23228K(23552K) NonClass: 20426K(20608K)->20426K(20608K) Class: 2801K(2944K)->2801K(2944K)
[867.532s][info][gc             ] GC(758) Pause Young (Allocation Failure) 2460M->289M(7907M) 132.323ms
[867.532s][info][gc,cpu         ] GC(758) User=0.92s Sys=0.00s Real=0.14s
[868.928s][info][gc,start       ] GC(759) Pause Young (Allocation Failure)
[869.008s][info][gc,heap        ] GC(759) PSYoungGen: 2503728K(2504192K)->109920K(2552832K) Eden: 2313216K(2313216K)->0K(2302976K) From: 190512K(190976K)->109920K(249856K)
[869.008s][info][gc,heap        ] GC(759) ParOldGen: 105646K(5592576K)->106190K(5592576K)
[869.008s][info][gc,metaspace   ] GC(759) Metaspace: 23228K(23552K)->23228K(23552K) NonClass: 20426K(20608K)->20426K(20608K) Class: 2801K(2944K)->2801K(2944K)
[869.008s][info][gc             ] GC(759) Pause Young (Allocation Failure) 2548M->211M(7954M) 80.797ms
[869.008s][info][gc,cpu         ] GC(759) User=0.41s Sys=0.00s Real=0.08s
[870.123s][info][gc,start       ] GC(760) Pause Young (Allocation Failure)
[870.251s][info][gc,heap        ] GC(760) PSYoungGen: 2412896K(2552832K)->194032K(2497024K) Eden: 2302976K(2302976K)->0K(2302976K) From: 109920K(249856K)->194032K(194048K)
[870.251s][info][gc,heap        ] GC(760) ParOldGen: 106190K(5592576K)->109834K(5592576K)
[870.251s][info][gc,metaspace   ] GC(760) Metaspace: 23228K(23552K)->23228K(23552K) NonClass: 20426K(20608K)->20426K(20608K) Class: 2801K(2944K)->2801K(2944K)
[870.251s][info][gc             ] GC(760) Pause Young (Allocation Failure) 2460M->296M(7900M) 128.682ms
[870.251s][info][gc,cpu         ] GC(760) User=0.75s Sys=0.00s Real=0.13s
[871.714s][info][gc,start       ] GC(761) Pause Young (Allocation Failure)
[871.802s][info][gc,heap        ] GC(761) PSYoungGen: 2497008K(2497024K)->123648K(2550272K) Eden: 2302976K(2302976K)->0K(2295808K) From: 194032K(194048K)->123648K(254464K)
[871.802s][info][gc,heap        ] GC(761) ParOldGen: 109834K(5592576K)->110562K(5592576K)
[871.802s][info][gc,metaspace   ] GC(761) Metaspace: 23228K(23552K)->23228K(23552K) NonClass: 20426K(20608K)->20426K(20608K) Class: 2801K(2944K)->2801K(2944K)
[871.802s][info][gc             ] GC(761) Pause Young (Allocation Failure) 2545M->228M(7952M) 88.107ms
[871.802s][info][gc,cpu         ] GC(761) User=0.48s Sys=0.00s Real=0.09s
[872.537s][info][gc,start       ] GC(762) Pause Young (System.gc())
[872.607s][info][gc,heap        ] GC(762) PSYoungGen: 1439968K(2550272K)->84080K(2541568K) Eden: 1316320K(2295808K)->0K(2295808K) From: 123648K(254464K)->84080K(245760K)
[872.607s][info][gc,heap        ] GC(762) ParOldGen: 110562K(5592576K)->124046K(5592576K)
[872.607s][info][gc,metaspace   ] GC(762) Metaspace: 23228K(23552K)->23228K(23552K) NonClass: 20426K(20608K)->20426K(20608K) Class: 2801K(2944K)->2801K(2944K)
[872.607s][info][gc             ] GC(762) Pause Young (System.gc()) 1514M->203M(7943M) 70.232ms
[872.607s][info][gc,cpu         ] GC(762) User=0.38s Sys=0.00s Real=0.08s
[872.607s][info][gc,start       ] GC(763) Pause Full (System.gc())
[872.607s][info][gc,phases,start] GC(763) Marking Phase
[872.644s][info][gc,phases      ] GC(763) Marking Phase 37.451ms
[872.644s][info][gc,phases,start] GC(763) Summary Phase
[872.644s][info][gc,phases      ] GC(763) Summary Phase 0.011ms
[872.644s][info][gc,phases,start] GC(763) Adjust Roots
[872.649s][info][gc,phases      ] GC(763) Adjust Roots 4.069ms
[872.649s][info][gc,phases,start] GC(763) Compaction Phase
[872.752s][info][gc,phases      ] GC(763) Compaction Phase 103.310ms
[872.752s][info][gc,phases,start] GC(763) Post Compact
[872.753s][info][gc,phases      ] GC(763) Post Compact 1.158ms
[872.753s][info][gc,heap        ] GC(763) PSYoungGen: 84080K(2541568K)->0K(2541568K) Eden: 0K(2295808K)->0K(2295808K) From: 84080K(245760K)->0K(245760K)
[872.753s][info][gc,heap        ] GC(763) ParOldGen: 124046K(5592576K)->104247K(5592576K)
[872.753s][info][gc,metaspace   ] GC(763) Metaspace: 23228K(23552K)->23228K(23552K) NonClass: 20426K(20608K)->20426K(20608K) Class: 2801K(2944K)->2801K(2944K)
[872.753s][info][gc             ] GC(763) Pause Full (System.gc()) 203M->101M(7943M) 146.279ms
[872.753s][info][gc,cpu         ] GC(763) User=0.61s Sys=0.00s Real=0.15s
[873.785s][info][gc,start       ] GC(764) Pause Young (Allocation Failure)
[873.914s][info][gc,heap        ] GC(764) PSYoungGen: 2295808K(2541568K)->193776K(2528768K) Eden: 2295808K(2295808K)->0K(2284032K) From: 0K(245760K)->193776K(244736K)
[873.914s][info][gc,heap        ] GC(764) ParOldGen: 104247K(5592576K)->104247K(5592576K)
[873.914s][info][gc,metaspace   ] GC(764) Metaspace: 23228K(23552K)->23228K(23552K) NonClass: 20426K(20608K)->20426K(20608K) Class: 2801K(2944K)->2801K(2944K)
[873.914s][info][gc             ] GC(764) Pause Young (Allocation Failure) 2343M->291M(7931M) 128.659ms
[873.914s][info][gc,cpu         ] GC(764) User=0.77s Sys=0.02s Real=0.14s
[875.341s][info][gc,start       ] GC(765) Pause Young (Allocation Failure)
[875.420s][info][gc,heap        ] GC(765) PSYoungGen: 2477808K(2528768K)->106384K(2540032K) Eden: 2284032K(2284032K)->0K(2284032K) From: 193776K(244736K)->106384K(256000K)
[875.420s][info][gc,heap        ] GC(765) ParOldGen: 104247K(5592576K)->104279K(5592576K)
[875.420s][info][gc,metaspace   ] GC(765) Metaspace: 23228K(23552K)->23228K(23552K) NonClass: 20426K(20608K)->20426K(20608K) Class: 2801K(2944K)->2801K(2944K)
[875.420s][info][gc             ] GC(765) Pause Young (Allocation Failure) 2521M->205M(7942M) 79.180ms
[875.420s][info][gc,cpu         ] GC(765) User=0.41s Sys=0.00s Real=0.08s
[876.533s][info][gc,start       ] GC(766) Pause Young (Allocation Failure)
[876.659s][info][gc,heap        ] GC(766) PSYoungGen: 2390416K(2540032K)->185328K(2532864K) Eden: 2284032K(2284032K)->0K(2283008K) From: 106384K(256000K)->185328K(249856K)
[876.659s][info][gc,heap        ] GC(766) ParOldGen: 104279K(5592576K)->106775K(5592576K)
[876.659s][info][gc,metaspace   ] GC(766) Metaspace: 23228K(23552K)->23228K(23552K) NonClass: 20426K(20608K)->20426K(20608K) Class: 2801K(2944K)->2801K(2944K)
[876.659s][info][gc             ] GC(766) Pause Young (Allocation Failure) 2436M->285M(7935M) 125.690ms
[876.659s][info][gc,cpu         ] GC(766) User=0.69s Sys=0.00s Real=0.13s
[878.071s][info][gc,start       ] GC(767) Pause Young (Allocation Failure)
[878.151s][info][gc,heap        ] GC(767) PSYoungGen: 2468336K(2532864K)->107488K(2539520K) Eden: 2283008K(2283008K)->0K(2283008K) From: 185328K(249856K)->107488K(256512K)
[878.151s][info][gc,heap        ] GC(767) ParOldGen: 106775K(5592576K)->107435K(5592576K)
[878.151s][info][gc,metaspace   ] GC(767) Metaspace: 23228K(23552K)->23228K(23552K) NonClass: 20426K(20608K)->20426K(20608K) Class: 2801K(2944K)->2801K(2944K)
[878.151s][info][gc             ] GC(767) Pause Young (Allocation Failure) 2514M->209M(7941M) 80.131ms
[878.151s][info][gc,cpu         ] GC(767) User=0.44s Sys=0.00s Real=0.09s
[879.201s][info][gc,start       ] GC(768) Pause Young (Allocation Failure)
[879.326s][info][gc,heap        ] GC(768) PSYoungGen: 2390496K(2539520K)->187264K(2530816K) Eden: 2283008K(2283008K)->0K(2279936K) From: 107488K(256512K)->187264K(250880K)
[879.326s][info][gc,heap        ] GC(768) ParOldGen: 107435K(5592576K)->110071K(5592576K)
[879.326s][info][gc,metaspace   ] GC(768) Metaspace: 23228K(23552K)->23228K(23552K) NonClass: 20426K(20608K)->20426K(20608K) Class: 2801K(2944K)->2801K(2944K)
[879.326s][info][gc             ] GC(768) Pause Young (Allocation Failure) 2439M->290M(7933M) 124.951ms
[879.326s][info][gc,cpu         ] GC(768) User=0.70s Sys=0.00s Real=0.13s
[880.713s][info][gc,start       ] GC(769) Pause Young (Allocation Failure)
[880.791s][info][gc,heap        ] GC(769) PSYoungGen: 2467200K(2530816K)->103392K(2537984K) Eden: 2279936K(2279936K)->0K(2279936K) From: 187264K(250880K)->103392K(258048K)
[880.791s][info][gc,heap        ] GC(769) ParOldGen: 110071K(5592576K)->110763K(5592576K)
[880.791s][info][gc,metaspace   ] GC(769) Metaspace: 23228K(23552K)->23228K(23552K) NonClass: 20426K(20608K)->20426K(20608K) Class: 2801K(2944K)->2801K(2944K)
[880.791s][info][gc             ] GC(769) Pause Young (Allocation Failure) 2516M->209M(7940M) 78.876ms
[880.791s][info][gc,cpu         ] GC(769) User=0.56s Sys=0.00s Real=0.08s
[881.608s][info][gc,start       ] GC(770) Pause Young (System.gc())
[881.680s][info][gc,heap        ] GC(770) PSYoungGen: 1552086K(2537984K)->94048K(2546688K) Eden: 1448694K(2279936K)->0K(2293760K) From: 103392K(258048K)->94048K(252928K)
[881.683s][info][gc,heap        ] GC(770) ParOldGen: 110763K(5592576K)->113943K(5592576K)
[881.683s][info][gc,metaspace   ] GC(770) Metaspace: 23231K(23552K)->23231K(23552K) NonClass: 20429K(20608K)->20429K(20608K) Class: 2801K(2944K)->2801K(2944K)
[881.683s][info][gc             ] GC(770) Pause Young (System.gc()) 1623M->203M(7948M) 74.608ms
[881.683s][info][gc,cpu         ] GC(770) User=0.39s Sys=0.00s Real=0.08s
[881.683s][info][gc,start       ] GC(771) Pause Full (System.gc())
[881.683s][info][gc,phases,start] GC(771) Marking Phase
[881.719s][info][gc,phases      ] GC(771) Marking Phase 36.348ms
[881.719s][info][gc,phases,start] GC(771) Summary Phase
[881.719s][info][gc,phases      ] GC(771) Summary Phase 0.015ms
[881.719s][info][gc,phases,start] GC(771) Adjust Roots
[881.724s][info][gc,phases      ] GC(771) Adjust Roots 4.456ms
[881.724s][info][gc,phases,start] GC(771) Compaction Phase
[881.806s][info][gc,phases      ] GC(771) Compaction Phase 82.533ms
[881.806s][info][gc,phases,start] GC(771) Post Compact
[881.807s][info][gc,phases      ] GC(771) Post Compact 1.088ms
[881.807s][info][gc,heap        ] GC(771) PSYoungGen: 94048K(2546688K)->0K(2546688K) Eden: 0K(2293760K)->0K(2293760K) From: 94048K(252928K)->0K(252928K)
[881.808s][info][gc,heap        ] GC(771) ParOldGen: 113943K(5592576K)->103892K(5592576K)
[881.808s][info][gc,metaspace   ] GC(771) Metaspace: 23231K(23552K)->23231K(23552K) NonClass: 20429K(20608K)->20429K(20608K) Class: 2801K(2944K)->2801K(2944K)
[881.808s][info][gc             ] GC(771) Pause Full (System.gc()) 203M->101M(7948M) 124.718ms
[881.808s][info][gc,cpu         ] GC(771) User=0.48s Sys=0.00s Real=0.12s
[882.938s][info][gc,start       ] GC(772) Pause Young (Allocation Failure)
[883.063s][info][gc,heap        ] GC(772) PSYoungGen: 2293760K(2546688K)->197216K(2491392K) Eden: 2293760K(2293760K)->0K(2293760K) From: 0K(252928K)->197216K(197632K)
[883.065s][info][gc,heap        ] GC(772) ParOldGen: 103892K(5592576K)->103900K(5592576K)
[883.065s][info][gc,metaspace   ] GC(772) Metaspace: 23244K(23552K)->23244K(23552K) NonClass: 20442K(20608K)->20442K(20608K) Class: 2801K(2944K)->2801K(2944K)
[883.065s][info][gc             ] GC(772) Pause Young (Allocation Failure) 2341M->294M(7894M) 126.925ms
[883.065s][info][gc,cpu         ] GC(772) User=0.67s Sys=0.00s Real=0.13s
[884.544s][info][gc,start       ] GC(773) Pause Young (Allocation Failure)
[884.637s][info][gc,heap        ] GC(773) PSYoungGen: 2490976K(2491392K)->130096K(2545152K) Eden: 2293760K(2293760K)->0K(2284032K) From: 197216K(197632K)->130096K(261120K)
[884.637s][info][gc,heap        ] GC(773) ParOldGen: 103900K(5592576K)->103940K(5592576K)
[884.637s][info][gc,metaspace   ] GC(773) Metaspace: 23244K(23552K)->23244K(23552K) NonClass: 20442K(20608K)->20442K(20608K) Class: 2801K(2944K)->2801K(2944K)
[884.637s][info][gc             ] GC(773) Pause Young (Allocation Failure) 2534M->228M(7947M) 92.914ms
[884.637s][info][gc,cpu         ] GC(773) User=0.50s Sys=0.00s Real=0.08s
[885.632s][info][gc,start       ] GC(774) Pause Young (Allocation Failure)
[885.767s][info][gc,heap        ] GC(774) PSYoungGen: 2414128K(2545152K)->193760K(2534912K) Eden: 2284032K(2284032K)->0K(2284032K) From: 130096K(261120K)->193760K(250880K)
[885.767s][info][gc,heap        ] GC(774) ParOldGen: 103940K(5592576K)->116760K(5592576K)
[885.767s][info][gc,metaspace   ] GC(774) Metaspace: 23244K(23552K)->23244K(23552K) NonClass: 20442K(20608K)->20442K(20608K) Class: 2801K(2944K)->2801K(2944K)
[885.767s][info][gc             ] GC(774) Pause Young (Allocation Failure) 2459M->303M(7937M) 134.681ms
[885.767s][info][gc,cpu         ] GC(774) User=0.88s Sys=0.00s Real=0.14s
[887.162s][info][gc,start       ] GC(775) Pause Young (Allocation Failure)
[887.253s][info][gc,heap        ] GC(775) PSYoungGen: 2477792K(2534912K)->123648K(2544128K) Eden: 2284032K(2284032K)->0K(2284544K) From: 193760K(250880K)->123648K(259584K)
[887.255s][info][gc,heap        ] GC(775) ParOldGen: 116760K(5592576K)->118704K(5592576K)
[887.255s][info][gc,metaspace   ] GC(775) Metaspace: 23244K(23552K)->23244K(23552K) NonClass: 20442K(20608K)->20442K(20608K) Class: 2801K(2944K)->2801K(2944K)
[887.255s][info][gc             ] GC(775) Pause Young (Allocation Failure) 2533M->236M(7946M) 92.488ms
[887.255s][info][gc,cpu         ] GC(775) User=0.52s Sys=0.00s Real=0.09s
[888.261s][info][gc,start       ] GC(776) Pause Young (Allocation Failure)
[888.391s][info][gc,heap        ] GC(776) PSYoungGen: 2408192K(2544128K)->190160K(2536448K) Eden: 2284544K(2284544K)->0K(2284544K) From: 123648K(259584K)->190160K(251904K)
[888.391s][info][gc,heap        ] GC(776) ParOldGen: 118704K(5592576K)->128780K(5592576K)
[888.391s][info][gc,metaspace   ] GC(776) Metaspace: 23244K(23552K)->23244K(23552K) NonClass: 20442K(20608K)->20442K(20608K) Class: 2801K(2944K)->2801K(2944K)
[888.391s][info][gc             ] GC(776) Pause Young (Allocation Failure) 2467M->311M(7938M) 129.864ms
[888.391s][info][gc,cpu         ] GC(776) User=0.77s Sys=0.00s Real=0.14s
[889.904s][info][gc,start       ] GC(777) Pause Young (Allocation Failure)
[889.969s][info][gc,heap        ] GC(777) PSYoungGen: 2474704K(2536448K)->87904K(2538496K) Eden: 2284544K(2284544K)->0K(2279936K) From: 190160K(251904K)->87904K(258560K)
[889.971s][info][gc,heap        ] GC(777) ParOldGen: 128780K(5592576K)->130788K(5592576K)
[889.971s][info][gc,metaspace   ] GC(777) Metaspace: 23244K(23552K)->23244K(23552K) NonClass: 20442K(20608K)->20442K(20608K) Class: 2801K(2944K)->2801K(2944K)
[889.971s][info][gc             ] GC(777) Pause Young (Allocation Failure) 2542M->213M(7940M) 67.168ms
[889.971s][info][gc,cpu         ] GC(777) User=0.44s Sys=0.00s Real=0.08s
[890.857s][info][gc,start       ] GC(778) Pause Young (System.gc())
[890.931s][info][gc,heap        ] GC(778) PSYoungGen: 1503164K(2538496K)->91056K(2537472K) Eden: 1415260K(2279936K)->0K(2279936K) From: 87904K(258560K)->91056K(257536K)
[890.931s][info][gc,heap        ] GC(778) ParOldGen: 130788K(5592576K)->137144K(5592576K)
[890.931s][info][gc,metaspace   ] GC(778) Metaspace: 23244K(23552K)->23244K(23552K) NonClass: 20442K(20608K)->20442K(20608K) Class: 2801K(2944K)->2801K(2944K)
[890.931s][info][gc             ] GC(778) Pause Young (System.gc()) 1595M->222M(7939M) 73.561ms
[890.931s][info][gc,cpu         ] GC(778) User=0.38s Sys=0.00s Real=0.06s
[890.931s][info][gc,start       ] GC(779) Pause Full (System.gc())
[890.931s][info][gc,phases,start] GC(779) Marking Phase
[890.966s][info][gc,phases      ] GC(779) Marking Phase 34.719ms
[890.966s][info][gc,phases,start] GC(779) Summary Phase
[890.966s][info][gc,phases      ] GC(779) Summary Phase 0.011ms
[890.966s][info][gc,phases,start] GC(779) Adjust Roots
[890.971s][info][gc,phases      ] GC(779) Adjust Roots 5.084ms
[890.971s][info][gc,phases,start] GC(779) Compaction Phase
[891.056s][info][gc,phases      ] GC(779) Compaction Phase 84.655ms
[891.056s][info][gc,phases,start] GC(779) Post Compact
[891.057s][info][gc,phases      ] GC(779) Post Compact 1.237ms
[891.057s][info][gc,heap        ] GC(779) PSYoungGen: 91056K(2537472K)->0K(2537472K) Eden: 0K(2279936K)->0K(2279936K) From: 91056K(257536K)->0K(257536K)
[891.057s][info][gc,heap        ] GC(779) ParOldGen: 137144K(5592576K)->104067K(5592576K)
[891.057s][info][gc,metaspace   ] GC(779) Metaspace: 23244K(23552K)->23244K(23552K) NonClass: 20442K(20608K)->20442K(20608K) Class: 2801K(2944K)->2801K(2944K)
[891.057s][info][gc             ] GC(779) Pause Full (System.gc()) 222M->101M(7939M) 125.971ms
[891.057s][info][gc,cpu         ] GC(779) User=0.50s Sys=0.00s Real=0.12s
[892.094s][info][gc,start       ] GC(780) Pause Young (Allocation Failure)
[892.220s][info][gc,heap        ] GC(780) PSYoungGen: 2279936K(2537472K)->188192K(2526208K) Eden: 2279936K(2279936K)->0K(2271744K) From: 0K(257536K)->188192K(254464K)
[892.220s][info][gc,heap        ] GC(780) ParOldGen: 104067K(5592576K)->104067K(5592576K)
[892.220s][info][gc,metaspace   ] GC(780) Metaspace: 23244K(23552K)->23244K(23552K) NonClass: 20442K(20608K)->20442K(20608K) Class: 2801K(2944K)->2801K(2944K)
[892.220s][info][gc             ] GC(780) Pause Young (Allocation Failure) 2328M->285M(7928M) 126.473ms
[892.220s][info][gc,cpu         ] GC(780) User=0.75s Sys=0.00s Real=0.13s
[893.544s][info][gc,start       ] GC(781) Pause Young (Allocation Failure)
[893.631s][info][gc,heap        ] GC(781) PSYoungGen: 2459936K(2526208K)->124640K(2533888K) Eden: 2271744K(2271744K)->0K(2271744K) From: 188192K(254464K)->124640K(262144K)
[893.631s][info][gc,heap        ] GC(781) ParOldGen: 104067K(5592576K)->105335K(5592576K)
[893.631s][info][gc,metaspace   ] GC(781) Metaspace: 23244K(23552K)->23244K(23552K) NonClass: 20442K(20608K)->20442K(20608K) Class: 2801K(2944K)->2801K(2944K)
[893.631s][info][gc             ] GC(781) Pause Young (Allocation Failure) 2503M->224M(7936M) 87.656ms
[893.631s][info][gc,cpu         ] GC(781) User=0.50s Sys=0.00s Real=0.08s
[894.808s][info][gc,start       ] GC(782) Pause Young (Allocation Failure)
[894.913s][info][gc,heap        ] GC(782) PSYoungGen: 2396384K(2533888K)->161936K(2546176K) Eden: 2271744K(2271744K)->0K(2293248K) From: 124640K(262144K)->161936K(252928K)
[894.913s][info][gc,heap        ] GC(782) ParOldGen: 105335K(5592576K)->107823K(5592576K)
[894.913s][info][gc,metaspace   ] GC(782) Metaspace: 23244K(23552K)->23244K(23552K) NonClass: 20442K(20608K)->20442K(20608K) Class: 2801K(2944K)->2801K(2944K)
[894.913s][info][gc             ] GC(782) Pause Young (Allocation Failure) 2443M->263M(7948M) 105.215ms
[894.913s][info][gc,cpu         ] GC(782) User=0.55s Sys=0.00s Real=0.11s
[896.402s][info][gc,start       ] GC(783) Pause Young (Allocation Failure)
[896.481s][info][gc,heap        ] GC(783) PSYoungGen: 2455184K(2546176K)->110208K(2543104K) Eden: 2293248K(2293248K)->0K(2293248K) From: 161936K(252928K)->110208K(249856K)
[896.482s][info][gc,heap        ] GC(783) ParOldGen: 107823K(5592576K)->108823K(5592576K)
[896.482s][info][gc,metaspace   ] GC(783) Metaspace: 23244K(23552K)->23244K(23552K) NonClass: 20442K(20608K)->20442K(20608K) Class: 2801K(2944K)->2801K(2944K)
[896.482s][info][gc             ] GC(783) Pause Young (Allocation Failure) 2502M->213M(7945M) 79.945ms
[896.482s][info][gc,cpu         ] GC(783) User=0.42s Sys=0.00s Real=0.08s
[897.556s][info][gc,start       ] GC(784) Pause Young (Allocation Failure)
[897.687s][info][gc,heap        ] GC(784) PSYoungGen: 2403456K(2543104K)->193680K(2532352K) Eden: 2293248K(2293248K)->0K(2288128K) From: 110208K(249856K)->193680K(244224K)
[897.687s][info][gc,heap        ] GC(784) ParOldGen: 108823K(5592576K)->113059K(5592576K)
[897.687s][info][gc,metaspace   ] GC(784) Metaspace: 23244K(23552K)->23244K(23552K) NonClass: 20442K(20608K)->20442K(20608K) Class: 2801K(2944K)->2801K(2944K)
[897.687s][info][gc             ] GC(784) Pause Young (Allocation Failure) 2453M->299M(7934M) 130.910ms
[897.687s][info][gc,cpu         ] GC(784) User=0.81s Sys=0.00s Real=0.14s
[899.132s][info][gc,start       ] GC(785) Pause Young (Allocation Failure)
[899.212s][info][gc,heap        ] GC(785) PSYoungGen: 2481808K(2532352K)->104400K(2542080K) Eden: 2288128K(2288128K)->0K(2288128K) From: 193680K(244224K)->104400K(253952K)
[899.212s][info][gc,heap        ] GC(785) ParOldGen: 113059K(5592576K)->113923K(5592576K)
[899.212s][info][gc,metaspace   ] GC(785) Metaspace: 23244K(23552K)->23244K(23552K) NonClass: 20442K(20608K)->20442K(20608K) Class: 2801K(2944K)->2801K(2944K)
[899.212s][info][gc             ] GC(785) Pause Young (Allocation Failure) 2534M->213M(7944M) 79.939ms
[899.212s][info][gc,cpu         ] GC(785) User=0.39s Sys=0.00s Real=0.08s
[900.064s][info][gc,start       ] GC(786) Pause Young (System.gc())
[900.138s][info][gc,heap        ] GC(786) PSYoungGen: 1580185K(2542080K)->93792K(2549248K) Eden: 1475785K(2288128K)->0K(2299392K) From: 104400K(253952K)->93792K(249856K)
[900.138s][info][gc,heap        ] GC(786) ParOldGen: 113923K(5592576K)->117527K(5592576K)
[900.138s][info][gc,metaspace   ] GC(786) Metaspace: 23244K(23552K)->23244K(23552K) NonClass: 20442K(20608K)->20442K(20608K) Class: 2801K(2944K)->2801K(2944K)
[900.138s][info][gc             ] GC(786) Pause Young (System.gc()) 1654M->206M(7951M) 73.816ms
[900.138s][info][gc,cpu         ] GC(786) User=0.48s Sys=0.00s Real=0.08s
[900.138s][info][gc,start       ] GC(787) Pause Full (System.gc())
[900.138s][info][gc,phases,start] GC(787) Marking Phase
[900.175s][info][gc,phases      ] GC(787) Marking Phase 36.411ms
[900.175s][info][gc,phases,start] GC(787) Summary Phase
[900.175s][info][gc,phases      ] GC(787) Summary Phase 0.011ms
[900.175s][info][gc,phases,start] GC(787) Adjust Roots
[900.179s][info][gc,phases      ] GC(787) Adjust Roots 4.649ms
[900.179s][info][gc,phases,start] GC(787) Compaction Phase
[900.270s][info][gc,phases      ] GC(787) Compaction Phase 90.616ms
[900.270s][info][gc,phases,start] GC(787) Post Compact
[900.271s][info][gc,phases      ] GC(787) Post Compact 1.214ms
[900.271s][info][gc,heap        ] GC(787) PSYoungGen: 93792K(2549248K)->0K(2549248K) Eden: 0K(2299392K)->0K(2299392K) From: 93792K(249856K)->0K(249856K)
[900.271s][info][gc,heap        ] GC(787) ParOldGen: 117527K(5592576K)->104063K(5592576K)
[900.271s][info][gc,metaspace   ] GC(787) Metaspace: 23244K(23552K)->23244K(23552K) NonClass: 20442K(20608K)->20442K(20608K) Class: 2801K(2944K)->2801K(2944K)
[900.271s][info][gc             ] GC(787) Pause Full (System.gc()) 206M->101M(7951M) 133.152ms
[900.271s][info][gc,cpu         ] GC(787) User=0.55s Sys=0.00s Real=0.12s
[901.391s][info][gc,start       ] GC(788) Pause Young (Allocation Failure)
[901.511s][info][gc,heap        ] GC(788) PSYoungGen: 2299392K(2549248K)->181328K(2481152K) Eden: 2299392K(2299392K)->0K(2299392K) From: 0K(249856K)->181328K(181760K)
[901.511s][info][gc,heap        ] GC(788) ParOldGen: 104063K(5592576K)->104063K(5592576K)
[901.511s][info][gc,metaspace   ] GC(788) Metaspace: 23244K(23552K)->23244K(23552K) NonClass: 20442K(20608K)->20442K(20608K) Class: 2801K(2944K)->2801K(2944K)
[901.511s][info][gc             ] GC(788) Pause Young (Allocation Failure) 2347M->278M(7884M) 119.803ms
[901.511s][info][gc,cpu         ] GC(788) User=0.64s Sys=0.00s Real=0.11s
[902.944s][info][gc,start       ] GC(789) Pause Young (Allocation Failure)
[903.028s][info][gc,heap        ] GC(789) PSYoungGen: 2480720K(2481152K)->107728K(2548736K) Eden: 2299392K(2299392K)->0K(2295808K) From: 181328K(181760K)->107728K(252928K)
[903.028s][info][gc,heap        ] GC(789) ParOldGen: 104063K(5592576K)->104095K(5592576K)
[903.028s][info][gc,metaspace   ] GC(789) Metaspace: 23244K(23552K)->23244K(23552K) NonClass: 20442K(20608K)->20442K(20608K) Class: 2801K(2944K)->2801K(2944K)
[903.028s][info][gc             ] GC(789) Pause Young (Allocation Failure) 2524M->206M(7950M) 84.363ms
[903.028s][info][gc,cpu         ] GC(789) User=0.53s Sys=0.00s Real=0.08s
[904.113s][info][gc,start       ] GC(790) Pause Young (Allocation Failure)
[904.255s][info][gc,heap        ] GC(790) PSYoungGen: 2403536K(2548736K)->207520K(2503680K) Eden: 2295808K(2295808K)->0K(2295808K) From: 107728K(252928K)->207520K(207872K)
[904.255s][info][gc,heap        ] GC(790) ParOldGen: 104095K(5592576K)->107379K(5592576K)
[904.255s][info][gc,metaspace   ] GC(790) Metaspace: 23244K(23552K)->23244K(23552K) NonClass: 20442K(20608K)->20442K(20608K) Class: 2801K(2944K)->2801K(2944K)
[904.255s][info][gc             ] GC(790) Pause Young (Allocation Failure) 2448M->307M(7906M) 141.715ms
[904.255s][info][gc,cpu         ] GC(790) User=0.80s Sys=0.00s Real=0.14s
[905.613s][info][gc,start       ] GC(791) Pause Young (Allocation Failure)
[905.722s][info][gc,heap        ] GC(791) PSYoungGen: 2503328K(2503680K)->136512K(2544128K) Eden: 2295808K(2295808K)->0K(2281984K) From: 207520K(207872K)->136512K(262144K)
[905.722s][info][gc,heap        ] GC(791) ParOldGen: 107379K(5592576K)->108160K(5592576K)
[905.722s][info][gc,metaspace   ] GC(791) Metaspace: 23244K(23552K)->23244K(23552K) NonClass: 20442K(20608K)->20442K(20608K) Class: 2801K(2944K)->2801K(2944K)
[905.722s][info][gc             ] GC(791) Pause Young (Allocation Failure) 2549M->238M(7946M) 108.929ms
[905.722s][info][gc,cpu         ] GC(791) User=0.55s Sys=0.00s Real=0.11s
[906.763s][info][gc,start       ] GC(792) Pause Young (Allocation Failure)
[906.901s][info][gc,heap        ] GC(792) PSYoungGen: 2418496K(2544128K)->203168K(2485248K) Eden: 2281984K(2281984K)->0K(2281984K) From: 136512K(262144K)->203168K(203264K)
[906.901s][info][gc,heap        ] GC(792) ParOldGen: 108160K(5592576K)->118700K(5592576K)
[906.901s][info][gc,metaspace   ] GC(792) Metaspace: 23244K(23552K)->23244K(23552K) NonClass: 20442K(20608K)->20442K(20608K) Class: 2801K(2944K)->2801K(2944K)
[906.901s][info][gc             ] GC(792) Pause Young (Allocation Failure) 2467M->314M(7888M) 138.166ms
[906.901s][info][gc,cpu         ] GC(792) User=0.80s Sys=0.00s Real=0.14s
[908.290s][info][gc,start       ] GC(793) Pause Young (Allocation Failure)
[908.387s][info][gc,heap        ] GC(793) PSYoungGen: 2485152K(2485248K)->138384K(2542592K) Eden: 2281984K(2281984K)->0K(2279424K) From: 203168K(203264K)->138384K(263168K)
[908.388s][info][gc,heap        ] GC(793) ParOldGen: 118700K(5592576K)->120460K(5592576K)
[908.388s][info][gc,metaspace   ] GC(793) Metaspace: 23244K(23552K)->23244K(23552K) NonClass: 20442K(20608K)->20442K(20608K) Class: 2801K(2944K)->2801K(2944K)
[908.388s][info][gc             ] GC(793) Pause Young (Allocation Failure) 2542M->252M(7944M) 97.494ms
[908.388s][info][gc,cpu         ] GC(793) User=0.56s Sys=0.00s Real=0.09s
[909.110s][info][gc,start       ] GC(794) Pause Young (System.gc())
[909.179s][info][gc,heap        ] GC(794) PSYoungGen: 1324458K(2542592K)->74976K(2532864K) Eden: 1186074K(2279424K)->0K(2279424K) From: 138384K(263168K)->74976K(253440K)
[909.179s][info][gc,heap        ] GC(794) ParOldGen: 120460K(5592576K)->143128K(5592576K)
[909.179s][info][gc,metaspace   ] GC(794) Metaspace: 23244K(23552K)->23244K(23552K) NonClass: 20442K(20608K)->20442K(20608K) Class: 2801K(2944K)->2801K(2944K)
[909.179s][info][gc             ] GC(794) Pause Young (System.gc()) 1411M->212M(7935M) 68.875ms
[909.179s][info][gc,cpu         ] GC(794) User=0.38s Sys=0.00s Real=0.06s
[909.179s][info][gc,start       ] GC(795) Pause Full (System.gc())
[909.179s][info][gc,phases,start] GC(795) Marking Phase
[909.216s][info][gc,phases      ] GC(795) Marking Phase 37.065ms
[909.216s][info][gc,phases,start] GC(795) Summary Phase
[909.216s][info][gc,phases      ] GC(795) Summary Phase 0.011ms
[909.216s][info][gc,phases,start] GC(795) Adjust Roots
[909.220s][info][gc,phases      ] GC(795) Adjust Roots 4.067ms
[909.220s][info][gc,phases,start] GC(795) Compaction Phase
[909.311s][info][gc,phases      ] GC(795) Compaction Phase 90.647ms
[909.311s][info][gc,phases,start] GC(795) Post Compact
[909.317s][info][gc,phases      ] GC(795) Post Compact 5.977ms
[909.317s][info][gc,heap        ] GC(795) PSYoungGen: 74976K(2532864K)->0K(2532864K) Eden: 0K(2279424K)->0K(2279424K) From: 74976K(253440K)->0K(253440K)
[909.317s][info][gc,heap        ] GC(795) ParOldGen: 143128K(5592576K)->104269K(5592576K)
[909.317s][info][gc,metaspace   ] GC(795) Metaspace: 23244K(23552K)->23244K(23552K) NonClass: 20442K(20608K)->20442K(20608K) Class: 2801K(2944K)->2801K(2944K)
[909.317s][info][gc             ] GC(795) Pause Full (System.gc()) 212M->101M(7935M) 138.039ms
[909.317s][info][gc,cpu         ] GC(795) User=0.58s Sys=0.00s Real=0.14s
[910.368s][info][gc,start       ] GC(796) Pause Young (Allocation Failure)
[910.488s][info][gc,heap        ] GC(796) PSYoungGen: 2279424K(2532864K)->179328K(2535424K) Eden: 2279424K(2279424K)->0K(2279936K) From: 0K(253440K)->179328K(255488K)
[910.490s][info][gc,heap        ] GC(796) ParOldGen: 104269K(5592576K)->104269K(5592576K)
[910.490s][info][gc,metaspace   ] GC(796) Metaspace: 23245K(23552K)->23245K(23552K) NonClass: 20443K(20608K)->20443K(20608K) Class: 2801K(2944K)->2801K(2944K)
[910.490s][info][gc             ] GC(796) Pause Young (Allocation Failure) 2327M->276M(7937M) 121.885ms
[910.490s][info][gc,cpu         ] GC(796) User=0.75s Sys=0.00s Real=0.13s
[911.812s][info][gc,start       ] GC(797) Pause Young (Allocation Failure)
[911.905s][info][gc,heap        ] GC(797) PSYoungGen: 2459264K(2535424K)->127056K(2537984K) Eden: 2279936K(2279936K)->0K(2279936K) From: 179328K(255488K)->127056K(258048K)
[911.908s][info][gc,heap        ] GC(797) ParOldGen: 104269K(5592576K)->105645K(5592576K)
[911.908s][info][gc,metaspace   ] GC(797) Metaspace: 23245K(23552K)->23245K(23552K) NonClass: 20443K(20608K)->20443K(20608K) Class: 2801K(2944K)->2801K(2944K)
[911.908s][info][gc             ] GC(797) Pause Young (Allocation Failure) 2503M->227M(7940M) 95.639ms
[911.908s][info][gc,cpu         ] GC(797) User=0.47s Sys=0.00s Real=0.10s
[913.059s][info][gc,start       ] GC(798) Pause Young (Allocation Failure)
[913.179s][info][gc,heap        ] GC(798) PSYoungGen: 2406992K(2537984K)->173072K(2545152K) Eden: 2279936K(2279936K)->0K(2295296K) From: 127056K(258048K)->173072K(249856K)
[913.179s][info][gc,heap        ] GC(798) ParOldGen: 105645K(5592576K)->106461K(5592576K)
[913.179s][info][gc,metaspace   ] GC(798) Metaspace: 23245K(23552K)->23245K(23552K) NonClass: 20443K(20608K)->20443K(20608K) Class: 2801K(2944K)->2801K(2944K)
[913.179s][info][gc             ] GC(798) Pause Young (Allocation Failure) 2453M->272M(7947M) 119.599ms
[913.179s][info][gc,cpu         ] GC(798) User=0.73s Sys=0.00s Real=0.13s
[914.413s][info][gc,start       ] GC(799) Pause Young (Allocation Failure)
[914.509s][info][gc,heap        ] GC(799) PSYoungGen: 2468368K(2545152K)->136496K(2545664K) Eden: 2295296K(2295296K)->0K(2295296K) From: 173072K(249856K)->136496K(250368K)
[914.509s][info][gc,heap        ] GC(799) ParOldGen: 106461K(5592576K)->108813K(5592576K)
[914.509s][info][gc,metaspace   ] GC(799) Metaspace: 23245K(23552K)->23245K(23552K) NonClass: 20443K(20608K)->20443K(20608K) Class: 2801K(2944K)->2801K(2944K)
[914.509s][info][gc             ] GC(799) Pause Young (Allocation Failure) 2514M->239M(7947M) 96.013ms
[914.509s][info][gc,cpu         ] GC(799) User=0.48s Sys=0.00s Real=0.09s
[915.624s][info][gc,start       ] GC(800) Pause Young (Allocation Failure)
[915.746s][info][gc,heap        ] GC(800) PSYoungGen: 2431792K(2545664K)->186624K(2543104K) Eden: 2295296K(2295296K)->0K(2301440K) From: 136496K(250368K)->186624K(241664K)
[915.746s][info][gc,heap        ] GC(800) ParOldGen: 108813K(5592576K)->109349K(5592576K)
[915.746s][info][gc,metaspace   ] GC(800) Metaspace: 23245K(23552K)->23245K(23552K) NonClass: 20443K(20608K)->20443K(20608K) Class: 2801K(2944K)->2801K(2944K)
[915.746s][info][gc             ] GC(800) Pause Young (Allocation Failure) 2481M->289M(7945M) 122.252ms
[915.746s][info][gc,cpu         ] GC(800) User=0.75s Sys=0.00s Real=0.13s
[917.099s][info][gc,start       ] GC(801) Pause Young (Allocation Failure)
[917.178s][info][gc,heap        ] GC(801) PSYoungGen: 2488064K(2543104K)->107232K(2548736K) Eden: 2301440K(2301440K)->0K(2301440K) From: 186624K(241664K)->107232K(247296K)
[917.178s][info][gc,heap        ] GC(801) ParOldGen: 109349K(5592576K)->109381K(5592576K)
[917.178s][info][gc,metaspace   ] GC(801) Metaspace: 23245K(23552K)->23245K(23552K) NonClass: 20443K(20608K)->20443K(20608K) Class: 2801K(2944K)->2801K(2944K)
[917.178s][info][gc             ] GC(801) Pause Young (Allocation Failure) 2536M->211M(7950M) 79.369ms
[917.178s][info][gc,cpu         ] GC(801) User=0.41s Sys=0.00s Real=0.08s
[918.394s][info][gc,heap,exit   ] Heap
[918.394s][info][gc,heap,exit   ]  PSYoungGen      total 2548736K, used 1781697K [0x0000000755580000, 0x0000000800000000, 0x0000000800000000)
[918.394s][info][gc,heap,exit   ]   eden space 2301440K, 72% used [0x0000000755580000,0x00000007bb8b8408,0x00000007e1d00000)
[918.394s][info][gc,heap,exit   ]   from space 247296K, 43% used [0x00000007e1d00000,0x00000007e85b8050,0x00000007f0e80000)
[918.394s][info][gc,heap,exit   ]   to   space 244736K, 0% used [0x00000007f1100000,0x00000007f1100000,0x0000000800000000)
[918.394s][info][gc,heap,exit   ]  ParOldGen       total 5592576K, used 109381K [0x0000000600000000, 0x0000000755580000, 0x0000000755580000)
[918.394s][info][gc,heap,exit   ]   object space 5592576K, 1% used [0x0000000600000000,0x0000000606ad16f8,0x0000000755580000)
[918.394s][info][gc,heap,exit   ]  Metaspace       used 23304K, committed 23616K, reserved 1114112K
[918.394s][info][gc,heap,exit   ]   class space    used 2811K, committed 2944K, reserved 1048576K
