[0.010s][info][gc,heap] Heap region size: 2M
[0.062s][info][gc     ] Using G1
[0.062s][info][gc,heap,coops] Heap address: 0x0000000700000000, size: 4096 MB, Compressed Oops mode: Zero based, Oop shift amount: 3
[2.976s][info][gc,start     ] GC(0) Pause Young (Concurrent Start) (Metadata GC Threshold)
[2.976s][info][gc,task      ] GC(0) Using 6 workers of 6 for evacuation
[2.982s][info][gc,phases    ] GC(0)   Pre Evacuate Collection Set: 0.0ms
[2.982s][info][gc,phases    ] GC(0)   Evacuate Collection Set: 4.9ms
[2.982s][info][gc,phases    ] GC(0)   Post Evacuate Collection Set: 0.5ms
[2.982s][info][gc,phases    ] GC(0)   Other: 0.5ms
[2.984s][info][gc,heap      ] GC(0) Eden regions: 23->0(98)
[2.984s][info][gc,heap      ] GC(0) Survivor regions: 0->4(13)
[2.984s][info][gc,heap      ] GC(0) Old regions: 0->0
[2.984s][info][gc,heap      ] GC(0) Humongous regions: 0->0
[2.984s][info][gc,metaspace ] GC(0) Metaspace: 20707K(21296K)->20707K(21296K) NonClass: 18317K(18608K)->18317K(18608K) Class: 2389K(2688K)->2389K(2688K)
[2.984s][info][gc           ] GC(0) Pause Young (Concurrent Start) (Metadata GC Threshold) 45M->6M(4096M) 8.433ms
[2.984s][info][gc,cpu       ] GC(0) User=0.00s Sys=0.00s Real=0.00s
[2.984s][info][gc           ] GC(1) Concurrent Cycle
[2.984s][info][gc,marking   ] GC(1) Concurrent Clear Claimed Marks
[2.985s][info][gc,marking   ] GC(1) Concurrent Clear Claimed Marks 0.030ms
[2.985s][info][gc,marking   ] GC(1) Concurrent Scan Root Regions
[2.986s][info][gc,marking   ] GC(1) Concurrent Scan Root Regions 1.757ms
[2.986s][info][gc,marking   ] GC(1) Concurrent Mark (2.986s)
[2.986s][info][gc,marking   ] GC(1) Concurrent Mark From Roots
[2.986s][info][gc,task      ] GC(1) Using 2 workers of 2 for marking
[2.990s][info][gc,marking   ] GC(1) Concurrent Mark From Roots 3.363ms
[2.990s][info][gc,marking   ] GC(1) Concurrent Preclean
[2.990s][info][gc,marking   ] GC(1) Concurrent Preclean 0.034ms
[2.990s][info][gc,marking   ] GC(1) Concurrent Mark (2.986s, 2.990s) 3.444ms
[2.990s][info][gc,start     ] GC(1) Pause Remark
[2.991s][info][gc,stringtable] GC(1) Cleaned string and symbol table, strings: 5688 processed, 0 removed, symbols: 57962 processed, 8 removed
[2.992s][info][gc            ] GC(1) Pause Remark 7M->7M(4096M) 1.564ms
[2.992s][info][gc,cpu        ] GC(1) User=0.00s Sys=0.00s Real=0.00s
[2.992s][info][gc,marking    ] GC(1) Concurrent Rebuild Remembered Sets
[2.992s][info][gc,marking    ] GC(1) Concurrent Rebuild Remembered Sets 0.279ms
[2.992s][info][gc,start      ] GC(1) Pause Cleanup
[2.992s][info][gc            ] GC(1) Pause Cleanup 7M->7M(4096M) 0.107ms
[2.992s][info][gc,cpu        ] GC(1) User=0.00s Sys=0.00s Real=0.00s
[2.992s][info][gc,marking    ] GC(1) Concurrent Cleanup for Next Mark
[2.999s][info][gc,marking    ] GC(1) Concurrent Cleanup for Next Mark 7.363ms
[3.000s][info][gc            ] GC(1) Concurrent Cycle 15.139ms
[4.469s][info][gc,start      ] GC(2) Pause Young (Concurrent Start) (Metadata GC Threshold)
[4.469s][info][gc,task       ] GC(2) Using 6 workers of 6 for evacuation
[4.476s][info][gc,phases     ] GC(2)   Pre Evacuate Collection Set: 0.0ms
[4.476s][info][gc,phases     ] GC(2)   Evacuate Collection Set: 6.1ms
[4.476s][info][gc,phases     ] GC(2)   Post Evacuate Collection Set: 0.7ms
[4.476s][info][gc,phases     ] GC(2)   Other: 0.2ms
[4.476s][info][gc,heap       ] GC(2) Eden regions: 35->0(97)
[4.476s][info][gc,heap       ] GC(2) Survivor regions: 4->5(13)
[4.476s][info][gc,heap       ] GC(2) Old regions: 0->0
[4.476s][info][gc,heap       ] GC(2) Humongous regions: 0->0
[4.476s][info][gc,metaspace  ] GC(2) Metaspace: 34999K(35920K)->34999K(35920K) NonClass: 30629K(31056K)->30629K(31056K) Class: 4370K(4864K)->4370K(4864K)
[4.476s][info][gc            ] GC(2) Pause Young (Concurrent Start) (Metadata GC Threshold) 75M->8M(4096M) 7.139ms
[4.476s][info][gc,cpu        ] GC(2) User=0.00s Sys=0.00s Real=0.01s
[4.476s][info][gc            ] GC(3) Concurrent Cycle
[4.476s][info][gc,marking    ] GC(3) Concurrent Clear Claimed Marks
[4.476s][info][gc,marking    ] GC(3) Concurrent Clear Claimed Marks 0.024ms
[4.476s][info][gc,marking    ] GC(3) Concurrent Scan Root Regions
[4.478s][info][gc,marking    ] GC(3) Concurrent Scan Root Regions 1.955ms
[4.478s][info][gc,marking    ] GC(3) Concurrent Mark (4.478s)
[4.478s][info][gc,marking    ] GC(3) Concurrent Mark From Roots
[4.478s][info][gc,task       ] GC(3) Using 2 workers of 2 for marking
[4.481s][info][gc,marking    ] GC(3) Concurrent Mark From Roots 3.094ms
[4.481s][info][gc,marking    ] GC(3) Concurrent Preclean
[4.481s][info][gc,marking    ] GC(3) Concurrent Preclean 0.107ms
[4.481s][info][gc,marking    ] GC(3) Concurrent Mark (4.478s, 4.481s) 3.273ms
[4.481s][info][gc,start      ] GC(3) Pause Remark
[4.483s][info][gc,stringtable] GC(3) Cleaned string and symbol table, strings: 8966 processed, 0 removed, symbols: 85858 processed, 20 removed
[4.483s][info][gc            ] GC(3) Pause Remark 10M->10M(4096M) 1.826ms
[4.483s][info][gc,cpu        ] GC(3) User=0.00s Sys=0.00s Real=0.00s
[4.483s][info][gc,marking    ] GC(3) Concurrent Rebuild Remembered Sets
[4.483s][info][gc,marking    ] GC(3) Concurrent Rebuild Remembered Sets 0.092ms
[4.483s][info][gc,start      ] GC(3) Pause Cleanup
[4.483s][info][gc            ] GC(3) Pause Cleanup 10M->10M(4096M) 0.098ms
[4.484s][info][gc,cpu        ] GC(3) User=0.00s Sys=0.00s Real=0.00s
[4.484s][info][gc,marking    ] GC(3) Concurrent Cleanup for Next Mark
[4.491s][info][gc,marking    ] GC(3) Concurrent Cleanup for Next Mark 7.354ms
[4.491s][info][gc            ] GC(3) Concurrent Cycle 15.212ms
[5.430s][info][gc,task       ] GC(4) Using 6 workers of 6 for full compaction
[5.430s][info][gc,start      ] GC(4) Pause Full (System.gc())
[5.430s][info][gc,phases,start] GC(4) Phase 1: Mark live objects
[5.435s][info][gc,stringtable ] GC(4) Cleaned string and symbol table, strings: 11184 processed, 56 removed, symbols: 102252 processed, 14 removed
[5.435s][info][gc,phases      ] GC(4) Phase 1: Mark live objects 4.736ms
[5.435s][info][gc,phases,start] GC(4) Phase 2: Prepare for compaction
[5.438s][info][gc,phases      ] GC(4) Phase 2: Prepare for compaction 2.874ms
[5.438s][info][gc,phases,start] GC(4) Phase 3: Adjust pointers
[5.440s][info][gc,phases      ] GC(4) Phase 3: Adjust pointers 2.555ms
[5.440s][info][gc,phases,start] GC(4) Phase 4: Compact heap
[5.444s][info][gc,phases      ] GC(4) Phase 4: Compact heap 3.090ms
[5.446s][info][gc,heap        ] GC(4) Eden regions: 20->0(102)
[5.446s][info][gc,heap        ] GC(4) Survivor regions: 5->0(13)
[5.446s][info][gc,heap        ] GC(4) Old regions: 0->10
[5.446s][info][gc,heap        ] GC(4) Humongous regions: 0->0
[5.446s][info][gc,metaspace   ] GC(4) Metaspace: 43667K(45264K)->43667K(45264K) NonClass: 37882K(38736K)->37882K(38736K) Class: 5784K(6528K)->5784K(6528K)
[5.446s][info][gc             ] GC(4) Pause Full (System.gc()) 48M->10M(4096M) 15.727ms
[5.446s][info][gc,cpu         ] GC(4) User=0.00s Sys=0.00s Real=0.00s
[8.252s][info][gc,start       ] GC(5) Pause Young (Normal) (G1 Evacuation Pause)
[8.252s][info][gc,task        ] GC(5) Using 6 workers of 6 for evacuation
[8.259s][info][gc,phases      ] GC(5)   Pre Evacuate Collection Set: 0.1ms
[8.259s][info][gc,phases      ] GC(5)   Evacuate Collection Set: 4.6ms
[8.259s][info][gc,phases      ] GC(5)   Post Evacuate Collection Set: 1.1ms
[8.259s][info][gc,phases      ] GC(5)   Other: 0.4ms
[8.259s][info][gc,heap        ] GC(5) Eden regions: 102->0(1063)
[8.259s][info][gc,heap        ] GC(5) Survivor regions: 0->3(13)
[8.259s][info][gc,heap        ] GC(5) Old regions: 10->10
[8.259s][info][gc,heap        ] GC(5) Humongous regions: 0->0
[8.259s][info][gc,metaspace   ] GC(5) Metaspace: 62563K(66640K)->62563K(66640K) NonClass: 52909K(54864K)->52909K(54864K) Class: 9653K(11776K)->9653K(11776K)
[8.259s][info][gc             ] GC(5) Pause Young (Normal) (G1 Evacuation Pause) 214M->15M(4096M) 6.386ms
[8.259s][info][gc,cpu         ] GC(5) User=0.02s Sys=0.00s Real=0.00s
[13.757s][info][gc,start       ] GC(6) Pause Young (Normal) (G1 Evacuation Pause)
[13.757s][info][gc,task        ] GC(6) Using 6 workers of 6 for evacuation
[13.763s][info][gc,phases      ] GC(6)   Pre Evacuate Collection Set: 0.0ms
[13.763s][info][gc,phases      ] GC(6)   Evacuate Collection Set: 4.8ms
[13.763s][info][gc,phases      ] GC(6)   Post Evacuate Collection Set: 1.1ms
[13.763s][info][gc,phases      ] GC(6)   Other: 0.4ms
[13.763s][info][gc,heap        ] GC(6) Eden regions: 508->0(517)
[13.763s][info][gc,heap        ] GC(6) Survivor regions: 3->3(64)
[13.763s][info][gc,heap        ] GC(6) Old regions: 10->10
[13.763s][info][gc,heap        ] GC(6) Humongous regions: 0->0
[13.763s][info][gc,metaspace   ] GC(6) Metaspace: 62670K(66768K)->62670K(66768K) NonClass: 53010K(54864K)->53010K(54864K) Class: 9660K(11904K)->9660K(11904K)
[13.763s][info][gc             ] GC(6) Pause Young (Normal) (G1 Evacuation Pause) 1031M->15M(4096M) 6.362ms
[13.763s][info][gc,cpu         ] GC(6) User=0.02s Sys=0.00s Real=0.00s
[15.670s][info][gc,start       ] GC(7) Pause Young (Normal) (G1 Evacuation Pause)
[15.670s][info][gc,task        ] GC(7) Using 6 workers of 6 for evacuation
[15.676s][info][gc,phases      ] GC(7)   Pre Evacuate Collection Set: 0.1ms
[15.676s][info][gc,phases      ] GC(7)   Evacuate Collection Set: 4.5ms
[15.676s][info][gc,phases      ] GC(7)   Post Evacuate Collection Set: 0.9ms
[15.676s][info][gc,phases      ] GC(7)   Other: 0.3ms
[15.676s][info][gc,heap        ] GC(7) Eden regions: 516->0(532)
[15.676s][info][gc,heap        ] GC(7) Survivor regions: 3->3(65)
[15.676s][info][gc,heap        ] GC(7) Old regions: 10->10
[15.676s][info][gc,heap        ] GC(7) Humongous regions: 0->0
[15.676s][info][gc,metaspace   ] GC(7) Metaspace: 62672K(66768K)->62672K(66768K) NonClass: 53012K(54864K)->53012K(54864K) Class: 9660K(11904K)->9660K(11904K)
[15.676s][info][gc             ] GC(7) Pause Young (Normal) (G1 Evacuation Pause) 1047M->15M(4096M) 5.841ms
[15.676s][info][gc,cpu         ] GC(7) User=0.00s Sys=0.00s Real=0.00s
[17.059s][info][gc,task        ] GC(8) Using 6 workers of 6 for full compaction
[17.059s][info][gc,start       ] GC(8) Pause Full (System.gc())
[17.059s][info][gc,phases,start] GC(8) Phase 1: Mark live objects
[17.073s][info][gc,stringtable ] GC(8) Cleaned string and symbol table, strings: 15420 processed, 67 removed, symbols: 121346 processed, 16 removed
[17.073s][info][gc,phases      ] GC(8) Phase 1: Mark live objects 13.637ms
[17.073s][info][gc,phases,start] GC(8) Phase 2: Prepare for compaction
[17.077s][info][gc,phases      ] GC(8) Phase 2: Prepare for compaction 3.759ms
[17.077s][info][gc,phases,start] GC(8) Phase 3: Adjust pointers
[17.085s][info][gc,phases      ] GC(8) Phase 3: Adjust pointers 8.576ms
[17.085s][info][gc,phases,start] GC(8) Phase 4: Compact heap
[17.090s][info][gc,phases      ] GC(8) Phase 4: Compact heap 4.010ms
[17.099s][info][gc,heap        ] GC(8) Eden regions: 358->0(534)
[17.099s][info][gc,heap        ] GC(8) Survivor regions: 3->0(65)
[17.099s][info][gc,heap        ] GC(8) Old regions: 10->11
[17.099s][info][gc,heap        ] GC(8) Humongous regions: 0->0
[17.099s][info][gc,metaspace   ] GC(8) Metaspace: 63028K(67280K)->58084K(67280K) NonClass: 53298K(55376K)->50468K(55376K) Class: 9729K(11904K)->7615K(11904K)
[17.099s][info][gc             ] GC(8) Pause Full (System.gc()) 731M->14M(4096M) 40.434ms
[17.099s][info][gc,cpu         ] GC(8) User=0.02s Sys=0.00s Real=0.05s
[19.883s][info][gc,start       ] GC(9) Pause Young (Normal) (G1 Evacuation Pause)
[19.883s][info][gc,task        ] GC(9) Using 6 workers of 6 for evacuation
[19.885s][info][gc,phases      ] GC(9)   Pre Evacuate Collection Set: 0.0ms
[19.885s][info][gc,phases      ] GC(9)   Evacuate Collection Set: 0.9ms
[19.885s][info][gc,phases      ] GC(9)   Post Evacuate Collection Set: 0.6ms
[19.885s][info][gc,phases      ] GC(9)   Other: 0.2ms
[19.885s][info][gc,heap        ] GC(9) Eden regions: 534->0(1227)
[19.885s][info][gc,heap        ] GC(9) Survivor regions: 0->1(67)
[19.885s][info][gc,heap        ] GC(9) Old regions: 11->11
[19.885s][info][gc,heap        ] GC(9) Humongous regions: 0->0
[19.885s][info][gc,metaspace   ] GC(9) Metaspace: 58114K(67280K)->58114K(67280K) NonClass: 50489K(55376K)->50489K(55376K) Class: 7624K(11904K)->7624K(11904K)
[19.885s][info][gc             ] GC(9) Pause Young (Normal) (G1 Evacuation Pause) 1082M->15M(4096M) 1.813ms
[19.885s][info][gc,cpu         ] GC(9) User=0.00s Sys=0.00s Real=0.00s
[22.802s][info][gc,task        ] GC(10) Using 6 workers of 6 for full compaction
[22.802s][info][gc,start       ] GC(10) Pause Full (System.gc())
[22.803s][info][gc,phases,start] GC(10) Phase 1: Mark live objects
[22.816s][info][gc,stringtable ] GC(10) Cleaned string and symbol table, strings: 15400 processed, 0 removed, symbols: 121349 processed, 1324 removed
[22.816s][info][gc,phases      ] GC(10) Phase 1: Mark live objects 12.878ms
[22.816s][info][gc,phases,start] GC(10) Phase 2: Prepare for compaction
[22.820s][info][gc,phases      ] GC(10) Phase 2: Prepare for compaction 4.133ms
[22.820s][info][gc,phases,start] GC(10) Phase 3: Adjust pointers
[22.828s][info][gc,phases      ] GC(10) Phase 3: Adjust pointers 8.086ms
[22.828s][info][gc,phases,start] GC(10) Phase 4: Compact heap
[22.832s][info][gc,phases      ] GC(10) Phase 4: Compact heap 4.180ms
[22.839s][info][gc,heap        ] GC(10) Eden regions: 886->0(1228)
[22.840s][info][gc,heap        ] GC(10) Survivor regions: 1->0(67)
[22.840s][info][gc,heap        ] GC(10) Old regions: 11->10
[22.840s][info][gc,heap        ] GC(10) Humongous regions: 0->0
[22.840s][info][gc,metaspace   ] GC(10) Metaspace: 58132K(67280K)->58120K(67280K) NonClass: 50507K(55376K)->50499K(55376K) Class: 7624K(11904K)->7620K(11904K)
[22.840s][info][gc             ] GC(10) Pause Full (System.gc()) 1787M->14M(4096M) 37.183ms
[22.840s][info][gc,cpu         ] GC(10) User=0.00s Sys=0.00s Real=0.03s
[26.811s][info][gc,start       ] GC(11) Pause Young (Normal) (G1 Evacuation Pause)
[26.812s][info][gc,task        ] GC(11) Using 6 workers of 6 for evacuation
[26.814s][info][gc,phases      ] GC(11)   Pre Evacuate Collection Set: 0.0ms
[26.814s][info][gc,phases      ] GC(11)   Evacuate Collection Set: 0.8ms
[26.814s][info][gc,phases      ] GC(11)   Post Evacuate Collection Set: 0.8ms
[26.814s][info][gc,phases      ] GC(11)   Other: 0.4ms
[26.814s][info][gc,heap        ] GC(11) Eden regions: 1228->0(1227)
[26.814s][info][gc,heap        ] GC(11) Survivor regions: 0->1(154)
[26.814s][info][gc,heap        ] GC(11) Old regions: 10->10
[26.814s][info][gc,heap        ] GC(11) Humongous regions: 0->0
[26.814s][info][gc,metaspace   ] GC(11) Metaspace: 58162K(67280K)->58162K(67280K) NonClass: 50542K(55376K)->50542K(55376K) Class: 7620K(11904K)->7620K(11904K)
[26.814s][info][gc             ] GC(11) Pause Young (Normal) (G1 Evacuation Pause) 2470M->15M(4096M) 2.170ms
[26.814s][info][gc,cpu         ] GC(11) User=0.00s Sys=0.00s Real=0.02s
[27.412s][info][gc,task        ] GC(12) Using 6 workers of 6 for full compaction
[27.412s][info][gc,start       ] GC(12) Pause Full (System.gc())
[27.413s][info][gc,phases,start] GC(12) Phase 1: Mark live objects
[27.423s][info][gc,stringtable ] GC(12) Cleaned string and symbol table, strings: 15454 processed, 6 removed, symbols: 120025 processed, 2 removed
[27.423s][info][gc,phases      ] GC(12) Phase 1: Mark live objects 9.710ms
[27.423s][info][gc,phases,start] GC(12) Phase 2: Prepare for compaction
[27.426s][info][gc,phases      ] GC(12) Phase 2: Prepare for compaction 3.338ms
[27.426s][info][gc,phases,start] GC(12) Phase 3: Adjust pointers
[27.434s][info][gc,phases      ] GC(12) Phase 3: Adjust pointers 7.845ms
[27.434s][info][gc,phases,start] GC(12) Phase 4: Compact heap
[27.436s][info][gc,phases      ] GC(12) Phase 4: Compact heap 2.292ms
[27.443s][info][gc,heap        ] GC(12) Eden regions: 190->0(1228)
[27.443s][info][gc,heap        ] GC(12) Survivor regions: 1->0(154)
[27.443s][info][gc,heap        ] GC(12) Old regions: 10->11
[27.443s][info][gc,heap        ] GC(12) Humongous regions: 0->0
[27.443s][info][gc,metaspace   ] GC(12) Metaspace: 58191K(67280K)->58191K(67280K) NonClass: 50571K(55376K)->50571K(55376K) Class: 7620K(11904K)->7620K(11904K)
[27.443s][info][gc             ] GC(12) Pause Full (System.gc()) 394M->14M(4096M) 31.156ms
[27.443s][info][gc,cpu         ] GC(12) User=0.02s Sys=0.00s Real=0.03s
[31.501s][info][gc,start       ] GC(13) Pause Young (Normal) (G1 Evacuation Pause)
[31.501s][info][gc,task        ] GC(13) Using 6 workers of 6 for evacuation
[31.503s][info][gc,phases      ] GC(13)   Pre Evacuate Collection Set: 0.0ms
[31.503s][info][gc,phases      ] GC(13)   Evacuate Collection Set: 0.9ms
[31.503s][info][gc,phases      ] GC(13)   Post Evacuate Collection Set: 0.8ms
[31.503s][info][gc,phases      ] GC(13)   Other: 0.2ms
[31.503s][info][gc,heap        ] GC(13) Eden regions: 1228->0(1227)
[31.503s][info][gc,heap        ] GC(13) Survivor regions: 0->1(154)
[31.503s][info][gc,heap        ] GC(13) Old regions: 11->11
[31.503s][info][gc,heap        ] GC(13) Humongous regions: 0->0
[31.503s][info][gc,metaspace   ] GC(13) Metaspace: 58253K(67280K)->58253K(67280K) NonClass: 50631K(55376K)->50631K(55376K) Class: 7622K(11904K)->7622K(11904K)
[31.503s][info][gc             ] GC(13) Pause Young (Normal) (G1 Evacuation Pause) 2470M->15M(4096M) 2.099ms
[31.503s][info][gc,cpu         ] GC(13) User=0.00s Sys=0.00s Real=0.00s
[32.151s][info][gc,task        ] GC(14) Using 6 workers of 6 for full compaction
[32.151s][info][gc,start       ] GC(14) Pause Full (System.gc())
[32.152s][info][gc,phases,start] GC(14) Phase 1: Mark live objects
[32.164s][info][gc,stringtable ] GC(14) Cleaned string and symbol table, strings: 15470 processed, 2 removed, symbols: 120029 processed, 0 removed
[32.164s][info][gc,phases      ] GC(14) Phase 1: Mark live objects 12.252ms
[32.164s][info][gc,phases,start] GC(14) Phase 2: Prepare for compaction
[32.167s][info][gc,phases      ] GC(14) Phase 2: Prepare for compaction 3.280ms
[32.167s][info][gc,phases,start] GC(14) Phase 3: Adjust pointers
[32.175s][info][gc,phases      ] GC(14) Phase 3: Adjust pointers 7.928ms
[32.175s][info][gc,phases,start] GC(14) Phase 4: Compact heap
[32.177s][info][gc,phases      ] GC(14) Phase 4: Compact heap 1.657ms
[32.184s][info][gc,heap        ] GC(14) Eden regions: 190->0(1228)
[32.184s][info][gc,heap        ] GC(14) Survivor regions: 1->0(154)
[32.184s][info][gc,heap        ] GC(14) Old regions: 11->11
[32.185s][info][gc,heap        ] GC(14) Humongous regions: 0->0
[32.185s][info][gc,metaspace   ] GC(14) Metaspace: 58275K(67280K)->58268K(67280K) NonClass: 50653K(55376K)->50647K(55376K) Class: 7622K(11904K)->7620K(11904K)
[32.185s][info][gc             ] GC(14) Pause Full (System.gc()) 395M->14M(4096M) 33.575ms
[32.185s][info][gc,cpu         ] GC(14) User=0.00s Sys=0.00s Real=0.03s
[36.258s][info][gc,start       ] GC(15) Pause Young (Normal) (G1 Evacuation Pause)
[36.258s][info][gc,task        ] GC(15) Using 6 workers of 6 for evacuation
[36.260s][info][gc,phases      ] GC(15)   Pre Evacuate Collection Set: 0.0ms
[36.260s][info][gc,phases      ] GC(15)   Evacuate Collection Set: 0.9ms
[36.260s][info][gc,phases      ] GC(15)   Post Evacuate Collection Set: 1.0ms
[36.260s][info][gc,phases      ] GC(15)   Other: 0.2ms
[36.260s][info][gc,heap        ] GC(15) Eden regions: 1228->0(1227)
[36.260s][info][gc,heap        ] GC(15) Survivor regions: 0->1(154)
[36.260s][info][gc,heap        ] GC(15) Old regions: 11->11
[36.260s][info][gc,heap        ] GC(15) Humongous regions: 0->0
[36.260s][info][gc,metaspace   ] GC(15) Metaspace: 58314K(67280K)->58314K(67280K) NonClass: 50693K(55376K)->50693K(55376K) Class: 7620K(11904K)->7620K(11904K)
[36.260s][info][gc             ] GC(15) Pause Young (Normal) (G1 Evacuation Pause) 2470M->15M(4096M) 2.232ms
[36.260s][info][gc,cpu         ] GC(15) User=0.00s Sys=0.00s Real=0.00s
[36.828s][info][gc,task        ] GC(16) Using 6 workers of 6 for full compaction
[36.828s][info][gc,start       ] GC(16) Pause Full (System.gc())
[36.829s][info][gc,phases,start] GC(16) Phase 1: Mark live objects
[36.837s][info][gc,stringtable ] GC(16) Cleaned string and symbol table, strings: 15510 processed, 6 removed, symbols: 120029 processed, 4 removed
[36.837s][info][gc,phases      ] GC(16) Phase 1: Mark live objects 8.031ms
[36.837s][info][gc,phases,start] GC(16) Phase 2: Prepare for compaction
[36.840s][info][gc,phases      ] GC(16) Phase 2: Prepare for compaction 3.041ms
[36.840s][info][gc,phases,start] GC(16) Phase 3: Adjust pointers
[36.848s][info][gc,phases      ] GC(16) Phase 3: Adjust pointers 7.886ms
[36.848s][info][gc,phases,start] GC(16) Phase 4: Compact heap
[36.850s][info][gc,phases      ] GC(16) Phase 4: Compact heap 1.446ms
[36.857s][info][gc,heap        ] GC(16) Eden regions: 186->0(1228)
[36.859s][info][gc,heap        ] GC(16) Survivor regions: 1->0(154)
[36.859s][info][gc,heap        ] GC(16) Old regions: 11->12
[36.859s][info][gc,heap        ] GC(16) Humongous regions: 0->0
[36.859s][info][gc,metaspace   ] GC(16) Metaspace: 58329K(67280K)->58329K(67280K) NonClass: 50708K(55376K)->50708K(55376K) Class: 7620K(11904K)->7620K(11904K)
[36.859s][info][gc             ] GC(16) Pause Full (System.gc()) 386M->14M(4096M) 30.757ms
[36.859s][info][gc,cpu         ] GC(16) User=0.02s Sys=0.00s Real=0.03s
[40.806s][info][gc,start       ] GC(17) Pause Young (Normal) (G1 Evacuation Pause)
[40.806s][info][gc,task        ] GC(17) Using 6 workers of 6 for evacuation
[40.808s][info][gc,phases      ] GC(17)   Pre Evacuate Collection Set: 0.0ms
[40.808s][info][gc,phases      ] GC(17)   Evacuate Collection Set: 0.8ms
[40.808s][info][gc,phases      ] GC(17)   Post Evacuate Collection Set: 0.9ms
[40.808s][info][gc,phases      ] GC(17)   Other: 0.2ms
[40.808s][info][gc,heap        ] GC(17) Eden regions: 1228->0(1227)
[40.808s][info][gc,heap        ] GC(17) Survivor regions: 0->1(154)
[40.808s][info][gc,heap        ] GC(17) Old regions: 12->12
[40.808s][info][gc,heap        ] GC(17) Humongous regions: 0->0
[40.808s][info][gc,metaspace   ] GC(17) Metaspace: 58353K(67536K)->58353K(67536K) NonClass: 50732K(55632K)->50732K(55632K) Class: 7620K(11904K)->7620K(11904K)
[40.808s][info][gc             ] GC(17) Pause Young (Normal) (G1 Evacuation Pause) 2470M->15M(4096M) 2.074ms
[40.808s][info][gc,cpu         ] GC(17) User=0.00s Sys=0.00s Real=0.00s
[41.395s][info][gc,task        ] GC(18) Using 6 workers of 6 for full compaction
[41.395s][info][gc,start       ] GC(18) Pause Full (System.gc())
[41.395s][info][gc,phases,start] GC(18) Phase 1: Mark live objects
[41.403s][info][gc,stringtable ] GC(18) Cleaned string and symbol table, strings: 15526 processed, 5 removed, symbols: 120025 processed, 0 removed
[41.403s][info][gc,phases      ] GC(18) Phase 1: Mark live objects 8.084ms
[41.403s][info][gc,phases,start] GC(18) Phase 2: Prepare for compaction
[41.407s][info][gc,phases      ] GC(18) Phase 2: Prepare for compaction 3.334ms
[41.407s][info][gc,phases,start] GC(18) Phase 3: Adjust pointers
[41.414s][info][gc,phases      ] GC(18) Phase 3: Adjust pointers 7.671ms
[41.414s][info][gc,phases,start] GC(18) Phase 4: Compact heap
[41.416s][info][gc,phases      ] GC(18) Phase 4: Compact heap 1.239ms
[41.423s][info][gc,heap        ] GC(18) Eden regions: 184->0(1228)
[41.423s][info][gc,heap        ] GC(18) Survivor regions: 1->0(154)
[41.423s][info][gc,heap        ] GC(18) Old regions: 12->10
[41.423s][info][gc,heap        ] GC(18) Humongous regions: 0->0
[41.423s][info][gc,metaspace   ] GC(18) Metaspace: 58358K(67536K)->58358K(67536K) NonClass: 50737K(55632K)->50737K(55632K) Class: 7620K(11904K)->7620K(11904K)
[41.423s][info][gc             ] GC(18) Pause Full (System.gc()) 382M->14M(4096M) 28.401ms
[41.423s][info][gc,cpu         ] GC(18) User=0.02s Sys=0.00s Real=0.03s
[45.382s][info][gc,start       ] GC(19) Pause Young (Normal) (G1 Evacuation Pause)
[45.382s][info][gc,task        ] GC(19) Using 6 workers of 6 for evacuation
[45.384s][info][gc,phases      ] GC(19)   Pre Evacuate Collection Set: 0.0ms
[45.384s][info][gc,phases      ] GC(19)   Evacuate Collection Set: 0.9ms
[45.384s][info][gc,phases      ] GC(19)   Post Evacuate Collection Set: 0.9ms
[45.384s][info][gc,phases      ] GC(19)   Other: 0.2ms
[45.384s][info][gc,heap        ] GC(19) Eden regions: 1228->0(1227)
[45.384s][info][gc,heap        ] GC(19) Survivor regions: 0->1(154)
[45.384s][info][gc,heap        ] GC(19) Old regions: 10->10
[45.384s][info][gc,heap        ] GC(19) Humongous regions: 0->0
[45.384s][info][gc,metaspace   ] GC(19) Metaspace: 58396K(67536K)->58396K(67536K) NonClass: 50775K(55632K)->50775K(55632K) Class: 7620K(11904K)->7620K(11904K)
[45.384s][info][gc             ] GC(19) Pause Young (Normal) (G1 Evacuation Pause) 2470M->15M(4096M) 2.212ms
[45.384s][info][gc,cpu         ] GC(19) User=0.00s Sys=0.00s Real=0.00s
[45.967s][info][gc,task        ] GC(20) Using 6 workers of 6 for full compaction
[45.967s][info][gc,start       ] GC(20) Pause Full (System.gc())
[45.968s][info][gc,phases,start] GC(20) Phase 1: Mark live objects
[45.978s][info][gc,stringtable ] GC(20) Cleaned string and symbol table, strings: 15531 processed, 5 removed, symbols: 120025 processed, 0 removed
[45.978s][info][gc,phases      ] GC(20) Phase 1: Mark live objects 9.893ms
[45.978s][info][gc,phases,start] GC(20) Phase 2: Prepare for compaction
[45.981s][info][gc,phases      ] GC(20) Phase 2: Prepare for compaction 3.575ms
[45.981s][info][gc,phases,start] GC(20) Phase 3: Adjust pointers
[45.990s][info][gc,phases      ] GC(20) Phase 3: Adjust pointers 8.192ms
[45.990s][info][gc,phases,start] GC(20) Phase 4: Compact heap
[45.991s][info][gc,phases      ] GC(20) Phase 4: Compact heap 1.608ms
[45.999s][info][gc,heap        ] GC(20) Eden regions: 187->0(1228)
[45.999s][info][gc,heap        ] GC(20) Survivor regions: 1->0(154)
[45.999s][info][gc,heap        ] GC(20) Old regions: 10->10
[45.999s][info][gc,heap        ] GC(20) Humongous regions: 0->0
[45.999s][info][gc,metaspace   ] GC(20) Metaspace: 58411K(67536K)->58411K(67536K) NonClass: 50790K(55632K)->50790K(55632K) Class: 7620K(11904K)->7620K(11904K)
[45.999s][info][gc             ] GC(20) Pause Full (System.gc()) 389M->14M(4096M) 31.447ms
[45.999s][info][gc,cpu         ] GC(20) User=0.03s Sys=0.00s Real=0.03s
[50.021s][info][gc,start       ] GC(21) Pause Young (Normal) (G1 Evacuation Pause)
[50.021s][info][gc,task        ] GC(21) Using 6 workers of 6 for evacuation
[50.023s][info][gc,phases      ] GC(21)   Pre Evacuate Collection Set: 0.0ms
[50.023s][info][gc,phases      ] GC(21)   Evacuate Collection Set: 0.8ms
[50.023s][info][gc,phases      ] GC(21)   Post Evacuate Collection Set: 0.7ms
[50.023s][info][gc,phases      ] GC(21)   Other: 0.2ms
[50.023s][info][gc,heap        ] GC(21) Eden regions: 1228->0(1227)
[50.023s][info][gc,heap        ] GC(21) Survivor regions: 0->1(154)
[50.023s][info][gc,heap        ] GC(21) Old regions: 10->10
[50.023s][info][gc,heap        ] GC(21) Humongous regions: 0->0
[50.023s][info][gc,metaspace   ] GC(21) Metaspace: 58453K(67536K)->58453K(67536K) NonClass: 50832K(55632K)->50832K(55632K) Class: 7620K(11904K)->7620K(11904K)
[50.023s][info][gc             ] GC(21) Pause Young (Normal) (G1 Evacuation Pause) 2470M->15M(4096M) 1.907ms
[50.023s][info][gc,cpu         ] GC(21) User=0.00s Sys=0.00s Real=0.00s
[50.617s][info][gc,task        ] GC(22) Using 6 workers of 6 for full compaction
[50.617s][info][gc,start       ] GC(22) Pause Full (System.gc())
[50.617s][info][gc,phases,start] GC(22) Phase 1: Mark live objects
[50.626s][info][gc,stringtable ] GC(22) Cleaned string and symbol table, strings: 15543 processed, 0 removed, symbols: 120025 processed, 0 removed
[50.626s][info][gc,phases      ] GC(22) Phase 1: Mark live objects 8.449ms
[50.626s][info][gc,phases,start] GC(22) Phase 2: Prepare for compaction
[50.629s][info][gc,phases      ] GC(22) Phase 2: Prepare for compaction 3.320ms
[50.629s][info][gc,phases,start] GC(22) Phase 3: Adjust pointers
[50.637s][info][gc,phases      ] GC(22) Phase 3: Adjust pointers 8.004ms
[50.637s][info][gc,phases,start] GC(22) Phase 4: Compact heap
[50.638s][info][gc,phases      ] GC(22) Phase 4: Compact heap 1.006ms
[50.645s][info][gc,heap        ] GC(22) Eden regions: 184->0(1228)
[50.646s][info][gc,heap        ] GC(22) Survivor regions: 1->0(154)
[50.646s][info][gc,heap        ] GC(22) Old regions: 10->11
[50.646s][info][gc,heap        ] GC(22) Humongous regions: 0->0
[50.646s][info][gc,metaspace   ] GC(22) Metaspace: 58460K(67536K)->58460K(67536K) NonClass: 50839K(55632K)->50839K(55632K) Class: 7620K(11904K)->7620K(11904K)
[50.646s][info][gc             ] GC(22) Pause Full (System.gc()) 382M->14M(4096M) 28.809ms
[50.646s][info][gc,cpu         ] GC(22) User=0.00s Sys=0.00s Real=0.02s
[54.553s][info][gc,start       ] GC(23) Pause Young (Normal) (G1 Evacuation Pause)
[54.553s][info][gc,task        ] GC(23) Using 6 workers of 6 for evacuation
[54.555s][info][gc,phases      ] GC(23)   Pre Evacuate Collection Set: 0.0ms
[54.555s][info][gc,phases      ] GC(23)   Evacuate Collection Set: 0.8ms
[54.555s][info][gc,phases      ] GC(23)   Post Evacuate Collection Set: 0.8ms
[54.555s][info][gc,phases      ] GC(23)   Other: 0.2ms
[54.555s][info][gc,heap        ] GC(23) Eden regions: 1228->0(1227)
[54.555s][info][gc,heap        ] GC(23) Survivor regions: 0->1(154)
[54.555s][info][gc,heap        ] GC(23) Old regions: 11->11
[54.555s][info][gc,heap        ] GC(23) Humongous regions: 0->0
[54.555s][info][gc,metaspace   ] GC(23) Metaspace: 58487K(67536K)->58487K(67536K) NonClass: 50866K(55632K)->50866K(55632K) Class: 7620K(11904K)->7620K(11904K)
[54.555s][info][gc             ] GC(23) Pause Young (Normal) (G1 Evacuation Pause) 2470M->15M(4096M) 2.030ms
[54.555s][info][gc,cpu         ] GC(23) User=0.02s Sys=0.00s Real=0.01s
[55.135s][info][gc,task        ] GC(24) Using 6 workers of 6 for full compaction
[55.136s][info][gc,start       ] GC(24) Pause Full (System.gc())
[55.138s][info][gc,phases,start] GC(24) Phase 1: Mark live objects
[55.146s][info][gc,stringtable ] GC(24) Cleaned string and symbol table, strings: 15561 processed, 5 removed, symbols: 120025 processed, 0 removed
[55.146s][info][gc,phases      ] GC(24) Phase 1: Mark live objects 8.433ms
[55.146s][info][gc,phases,start] GC(24) Phase 2: Prepare for compaction
[55.149s][info][gc,phases      ] GC(24) Phase 2: Prepare for compaction 3.052ms
[55.149s][info][gc,phases,start] GC(24) Phase 3: Adjust pointers
[55.157s][info][gc,phases      ] GC(24) Phase 3: Adjust pointers 8.071ms
[55.157s][info][gc,phases,start] GC(24) Phase 4: Compact heap
[55.159s][info][gc,phases      ] GC(24) Phase 4: Compact heap 1.115ms
[55.166s][info][gc,heap        ] GC(24) Eden regions: 183->0(1228)
[55.166s][info][gc,heap        ] GC(24) Survivor regions: 1->0(154)
[55.166s][info][gc,heap        ] GC(24) Old regions: 11->12
[55.166s][info][gc,heap        ] GC(24) Humongous regions: 0->0
[55.166s][info][gc,metaspace   ] GC(24) Metaspace: 58509K(67536K)->58509K(67536K) NonClass: 50888K(55632K)->50888K(55632K) Class: 7620K(11904K)->7620K(11904K)
[55.166s][info][gc             ] GC(24) Pause Full (System.gc()) 381M->14M(4096M) 30.483ms
[55.166s][info][gc,cpu         ] GC(24) User=0.02s Sys=0.00s Real=0.03s
[59.008s][info][gc,start       ] GC(25) Pause Young (Normal) (G1 Evacuation Pause)
[59.008s][info][gc,task        ] GC(25) Using 6 workers of 6 for evacuation
[59.009s][info][gc,phases      ] GC(25)   Pre Evacuate Collection Set: 0.0ms
[59.009s][info][gc,phases      ] GC(25)   Evacuate Collection Set: 0.8ms
[59.009s][info][gc,phases      ] GC(25)   Post Evacuate Collection Set: 0.8ms
[59.010s][info][gc,phases      ] GC(25)   Other: 0.2ms
[59.010s][info][gc,heap        ] GC(25) Eden regions: 1228->0(1227)
[59.010s][info][gc,heap        ] GC(25) Survivor regions: 0->1(154)
[59.010s][info][gc,heap        ] GC(25) Old regions: 12->12
[59.010s][info][gc,heap        ] GC(25) Humongous regions: 0->0
[59.010s][info][gc,metaspace   ] GC(25) Metaspace: 58550K(67536K)->58550K(67536K) NonClass: 50929K(55632K)->50929K(55632K) Class: 7620K(11904K)->7620K(11904K)
[59.010s][info][gc             ] GC(25) Pause Young (Normal) (G1 Evacuation Pause) 2470M->15M(4096M) 1.982ms
[59.010s][info][gc,cpu         ] GC(25) User=0.00s Sys=0.02s Real=0.02s
[59.642s][info][gc,task        ] GC(26) Using 6 workers of 6 for full compaction
[59.642s][info][gc,start       ] GC(26) Pause Full (System.gc())
[59.644s][info][gc,phases,start] GC(26) Phase 1: Mark live objects
[59.654s][info][gc,stringtable ] GC(26) Cleaned string and symbol table, strings: 15564 processed, 5 removed, symbols: 120025 processed, 0 removed
[59.654s][info][gc,phases      ] GC(26) Phase 1: Mark live objects 10.679ms
[59.654s][info][gc,phases,start] GC(26) Phase 2: Prepare for compaction
[59.658s][info][gc,phases      ] GC(26) Phase 2: Prepare for compaction 3.741ms
[59.658s][info][gc,phases,start] GC(26) Phase 3: Adjust pointers
[59.667s][info][gc,phases      ] GC(26) Phase 3: Adjust pointers 8.432ms
[59.667s][info][gc,phases,start] GC(26) Phase 4: Compact heap
[59.668s][info][gc,phases      ] GC(26) Phase 4: Compact heap 1.165ms
[59.675s][info][gc,heap        ] GC(26) Eden regions: 185->0(1228)
[59.675s][info][gc,heap        ] GC(26) Survivor regions: 1->0(154)
[59.675s][info][gc,heap        ] GC(26) Old regions: 12->11
[59.675s][info][gc,heap        ] GC(26) Humongous regions: 0->0
[59.675s][info][gc,metaspace   ] GC(26) Metaspace: 58566K(67536K)->58566K(67536K) NonClass: 50945K(55632K)->50945K(55632K) Class: 7620K(11904K)->7620K(11904K)
[59.675s][info][gc             ] GC(26) Pause Full (System.gc()) 385M->14M(4096M) 33.321ms
[59.676s][info][gc,cpu         ] GC(26) User=0.02s Sys=0.00s Real=0.03s
[63.803s][info][gc,start       ] GC(27) Pause Young (Normal) (G1 Evacuation Pause)
[63.803s][info][gc,task        ] GC(27) Using 6 workers of 6 for evacuation
[63.805s][info][gc,phases      ] GC(27)   Pre Evacuate Collection Set: 0.0ms
[63.805s][info][gc,phases      ] GC(27)   Evacuate Collection Set: 0.9ms
[63.805s][info][gc,phases      ] GC(27)   Post Evacuate Collection Set: 0.8ms
[63.805s][info][gc,phases      ] GC(27)   Other: 0.2ms
[63.805s][info][gc,heap        ] GC(27) Eden regions: 1228->0(1227)
[63.805s][info][gc,heap        ] GC(27) Survivor regions: 0->1(154)
[63.805s][info][gc,heap        ] GC(27) Old regions: 11->11
[63.805s][info][gc,heap        ] GC(27) Humongous regions: 0->0
[63.805s][info][gc,metaspace   ] GC(27) Metaspace: 58595K(67536K)->58595K(67536K) NonClass: 50974K(55632K)->50974K(55632K) Class: 7620K(11904K)->7620K(11904K)
[63.805s][info][gc             ] GC(27) Pause Young (Normal) (G1 Evacuation Pause) 2470M->15M(4096M) 2.025ms
[63.805s][info][gc,cpu         ] GC(27) User=0.00s Sys=0.00s Real=0.00s
[64.394s][info][gc,task        ] GC(28) Using 6 workers of 6 for full compaction
[64.394s][info][gc,start       ] GC(28) Pause Full (System.gc())
[64.395s][info][gc,phases,start] GC(28) Phase 1: Mark live objects
[64.404s][info][gc,stringtable ] GC(28) Cleaned string and symbol table, strings: 15570 processed, 5 removed, symbols: 120025 processed, 0 removed
[64.404s][info][gc,phases      ] GC(28) Phase 1: Mark live objects 8.866ms
[64.404s][info][gc,phases,start] GC(28) Phase 2: Prepare for compaction
[64.407s][info][gc,phases      ] GC(28) Phase 2: Prepare for compaction 3.285ms
[64.407s][info][gc,phases,start] GC(28) Phase 3: Adjust pointers
[64.416s][info][gc,phases      ] GC(28) Phase 3: Adjust pointers 8.264ms
[64.416s][info][gc,phases,start] GC(28) Phase 4: Compact heap
[64.417s][info][gc,phases      ] GC(28) Phase 4: Compact heap 1.744ms
[64.425s][info][gc,heap        ] GC(28) Eden regions: 182->0(1228)
[64.425s][info][gc,heap        ] GC(28) Survivor regions: 1->0(154)
[64.425s][info][gc,heap        ] GC(28) Old regions: 11->12
[64.425s][info][gc,heap        ] GC(28) Humongous regions: 0->0
[64.425s][info][gc,metaspace   ] GC(28) Metaspace: 58621K(67536K)->58621K(67536K) NonClass: 51000K(55632K)->51000K(55632K) Class: 7620K(11904K)->7620K(11904K)
[64.425s][info][gc             ] GC(28) Pause Full (System.gc()) 379M->14M(4096M) 30.815ms
[64.425s][info][gc,cpu         ] GC(28) User=0.02s Sys=0.00s Real=0.03s
[68.297s][info][gc,start       ] GC(29) Pause Young (Normal) (G1 Evacuation Pause)
[68.297s][info][gc,task        ] GC(29) Using 6 workers of 6 for evacuation
[68.299s][info][gc,phases      ] GC(29)   Pre Evacuate Collection Set: 0.0ms
[68.299s][info][gc,phases      ] GC(29)   Evacuate Collection Set: 0.8ms
[68.299s][info][gc,phases      ] GC(29)   Post Evacuate Collection Set: 0.8ms
[68.299s][info][gc,phases      ] GC(29)   Other: 0.3ms
[68.299s][info][gc,heap        ] GC(29) Eden regions: 1228->0(1227)
[68.299s][info][gc,heap        ] GC(29) Survivor regions: 0->1(154)
[68.299s][info][gc,heap        ] GC(29) Old regions: 12->12
[68.299s][info][gc,heap        ] GC(29) Humongous regions: 0->0
[68.299s][info][gc,metaspace   ] GC(29) Metaspace: 58647K(67792K)->58647K(67792K) NonClass: 51026K(55888K)->51026K(55888K) Class: 7620K(11904K)->7620K(11904K)
[68.299s][info][gc             ] GC(29) Pause Young (Normal) (G1 Evacuation Pause) 2470M->15M(4096M) 2.028ms
[68.299s][info][gc,cpu         ] GC(29) User=0.00s Sys=0.02s Real=0.01s
[68.843s][info][gc,task        ] GC(30) Using 6 workers of 6 for full compaction
[68.843s][info][gc,start       ] GC(30) Pause Full (System.gc())
[68.844s][info][gc,phases,start] GC(30) Phase 1: Mark live objects
[68.852s][info][gc,stringtable ] GC(30) Cleaned string and symbol table, strings: 15574 processed, 0 removed, symbols: 120025 processed, 0 removed
[68.852s][info][gc,phases      ] GC(30) Phase 1: Mark live objects 8.567ms
[68.852s][info][gc,phases,start] GC(30) Phase 2: Prepare for compaction
[68.855s][info][gc,phases      ] GC(30) Phase 2: Prepare for compaction 2.927ms
[68.855s][info][gc,phases,start] GC(30) Phase 3: Adjust pointers
[68.864s][info][gc,phases      ] GC(30) Phase 3: Adjust pointers 8.906ms
[68.864s][info][gc,phases,start] GC(30) Phase 4: Compact heap
[68.865s][info][gc,phases      ] GC(30) Phase 4: Compact heap 1.035ms
[68.873s][info][gc,heap        ] GC(30) Eden regions: 181->0(1228)
[68.873s][info][gc,heap        ] GC(30) Survivor regions: 1->0(154)
[68.873s][info][gc,heap        ] GC(30) Old regions: 12->12
[68.873s][info][gc,heap        ] GC(30) Humongous regions: 0->0
[68.873s][info][gc,metaspace   ] GC(30) Metaspace: 58648K(67792K)->58648K(67792K) NonClass: 51027K(55888K)->51027K(55888K) Class: 7620K(11904K)->7620K(11904K)
[68.873s][info][gc             ] GC(30) Pause Full (System.gc()) 377M->14M(4096M) 29.718ms
[68.873s][info][gc,cpu         ] GC(30) User=0.00s Sys=0.00s Real=0.03s
[72.934s][info][gc,start       ] GC(31) Pause Young (Normal) (G1 Evacuation Pause)
[72.934s][info][gc,task        ] GC(31) Using 6 workers of 6 for evacuation
[72.936s][info][gc,phases      ] GC(31)   Pre Evacuate Collection Set: 0.0ms
[72.936s][info][gc,phases      ] GC(31)   Evacuate Collection Set: 1.0ms
[72.936s][info][gc,phases      ] GC(31)   Post Evacuate Collection Set: 1.1ms
[72.936s][info][gc,phases      ] GC(31)   Other: 0.3ms
[72.936s][info][gc,heap        ] GC(31) Eden regions: 1228->0(1227)
[72.936s][info][gc,heap        ] GC(31) Survivor regions: 0->1(154)
[72.936s][info][gc,heap        ] GC(31) Old regions: 12->12
[72.936s][info][gc,heap        ] GC(31) Humongous regions: 0->0
[72.936s][info][gc,metaspace   ] GC(31) Metaspace: 58685K(67792K)->58685K(67792K) NonClass: 51064K(55888K)->51064K(55888K) Class: 7620K(11904K)->7620K(11904K)
[72.936s][info][gc             ] GC(31) Pause Young (Normal) (G1 Evacuation Pause) 2470M->15M(4096M) 2.484ms
[72.936s][info][gc,cpu         ] GC(31) User=0.00s Sys=0.00s Real=0.00s
[73.535s][info][gc,task        ] GC(32) Using 6 workers of 6 for full compaction
[73.535s][info][gc,start       ] GC(32) Pause Full (System.gc())
[73.538s][info][gc,phases,start] GC(32) Phase 1: Mark live objects
[73.547s][info][gc,stringtable ] GC(32) Cleaned string and symbol table, strings: 15586 processed, 5 removed, symbols: 120025 processed, 0 removed
[73.547s][info][gc,phases      ] GC(32) Phase 1: Mark live objects 8.986ms
[73.547s][info][gc,phases,start] GC(32) Phase 2: Prepare for compaction
[73.550s][info][gc,phases      ] GC(32) Phase 2: Prepare for compaction 3.044ms
[73.550s][info][gc,phases,start] GC(32) Phase 3: Adjust pointers
[73.558s][info][gc,phases      ] GC(32) Phase 3: Adjust pointers 8.388ms
[73.558s][info][gc,phases,start] GC(32) Phase 4: Compact heap
[73.560s][info][gc,phases      ] GC(32) Phase 4: Compact heap 1.917ms
[73.568s][info][gc,heap        ] GC(32) Eden regions: 183->0(1228)
[73.568s][info][gc,heap        ] GC(32) Survivor regions: 1->0(154)
[73.568s][info][gc,heap        ] GC(32) Old regions: 12->13
[73.568s][info][gc,heap        ] GC(32) Humongous regions: 0->0
[73.568s][info][gc,metaspace   ] GC(32) Metaspace: 58693K(67792K)->58693K(67792K) NonClass: 51072K(55888K)->51072K(55888K) Class: 7620K(11904K)->7620K(11904K)
[73.568s][info][gc             ] GC(32) Pause Full (System.gc()) 381M->14M(4096M) 33.029ms
[73.568s][info][gc,cpu         ] GC(32) User=0.02s Sys=0.00s Real=0.03s
[77.430s][info][gc,start       ] GC(33) Pause Young (Normal) (G1 Evacuation Pause)
[77.430s][info][gc,task        ] GC(33) Using 6 workers of 6 for evacuation
[77.432s][info][gc,phases      ] GC(33)   Pre Evacuate Collection Set: 0.0ms
[77.432s][info][gc,phases      ] GC(33)   Evacuate Collection Set: 0.7ms
[77.432s][info][gc,phases      ] GC(33)   Post Evacuate Collection Set: 0.8ms
[77.432s][info][gc,phases      ] GC(33)   Other: 0.2ms
[77.432s][info][gc,heap        ] GC(33) Eden regions: 1228->0(1227)
[77.432s][info][gc,heap        ] GC(33) Survivor regions: 0->1(154)
[77.432s][info][gc,heap        ] GC(33) Old regions: 13->13
[77.432s][info][gc,heap        ] GC(33) Humongous regions: 0->0
[77.432s][info][gc,metaspace   ] GC(33) Metaspace: 58702K(67792K)->58702K(67792K) NonClass: 51081K(55888K)->51081K(55888K) Class: 7620K(11904K)->7620K(11904K)
[77.432s][info][gc             ] GC(33) Pause Young (Normal) (G1 Evacuation Pause) 2470M->15M(4096M) 2.006ms
[77.432s][info][gc,cpu         ] GC(33) User=0.00s Sys=0.02s Real=0.01s
[78.008s][info][gc,task        ] GC(34) Using 6 workers of 6 for full compaction
[78.008s][info][gc,start       ] GC(34) Pause Full (System.gc())
[78.010s][info][gc,phases,start] GC(34) Phase 1: Mark live objects
[78.020s][info][gc,stringtable ] GC(34) Cleaned string and symbol table, strings: 15592 processed, 0 removed, symbols: 120025 processed, 0 removed
[78.020s][info][gc,phases      ] GC(34) Phase 1: Mark live objects 10.600ms
[78.020s][info][gc,phases,start] GC(34) Phase 2: Prepare for compaction
[78.024s][info][gc,phases      ] GC(34) Phase 2: Prepare for compaction 3.669ms
[78.024s][info][gc,phases,start] GC(34) Phase 3: Adjust pointers
[78.033s][info][gc,phases      ] GC(34) Phase 3: Adjust pointers 8.554ms
[78.033s][info][gc,phases,start] GC(34) Phase 4: Compact heap
[78.034s][info][gc,phases      ] GC(34) Phase 4: Compact heap 1.477ms
[78.042s][info][gc,heap        ] GC(34) Eden regions: 183->0(1228)
[78.042s][info][gc,heap        ] GC(34) Survivor regions: 1->0(154)
[78.042s][info][gc,heap        ] GC(34) Old regions: 13->11
[78.042s][info][gc,heap        ] GC(34) Humongous regions: 0->0
[78.042s][info][gc,metaspace   ] GC(34) Metaspace: 58717K(67792K)->58717K(67792K) NonClass: 51096K(55888K)->51096K(55888K) Class: 7620K(11904K)->7620K(11904K)
[78.042s][info][gc             ] GC(34) Pause Full (System.gc()) 380M->14M(4096M) 33.958ms
[78.042s][info][gc,cpu         ] GC(34) User=0.02s Sys=0.00s Real=0.03s
[81.923s][info][gc,start       ] GC(35) Pause Young (Normal) (G1 Evacuation Pause)
[81.923s][info][gc,task        ] GC(35) Using 6 workers of 6 for evacuation
[81.925s][info][gc,phases      ] GC(35)   Pre Evacuate Collection Set: 0.0ms
[81.925s][info][gc,phases      ] GC(35)   Evacuate Collection Set: 0.8ms
[81.925s][info][gc,phases      ] GC(35)   Post Evacuate Collection Set: 1.1ms
[81.925s][info][gc,phases      ] GC(35)   Other: 0.3ms
[81.925s][info][gc,heap        ] GC(35) Eden regions: 1228->0(1227)
[81.925s][info][gc,heap        ] GC(35) Survivor regions: 0->1(154)
[81.925s][info][gc,heap        ] GC(35) Old regions: 11->11
[81.925s][info][gc,heap        ] GC(35) Humongous regions: 0->0
[81.925s][info][gc,metaspace   ] GC(35) Metaspace: 58756K(67792K)->58756K(67792K) NonClass: 51135K(55888K)->51135K(55888K) Class: 7620K(11904K)->7620K(11904K)
[81.925s][info][gc             ] GC(35) Pause Young (Normal) (G1 Evacuation Pause) 2470M->15M(4096M) 2.272ms
[81.925s][info][gc,cpu         ] GC(35) User=0.00s Sys=0.00s Real=0.00s
[82.487s][info][gc,task        ] GC(36) Using 6 workers of 6 for full compaction
[82.487s][info][gc,start       ] GC(36) Pause Full (System.gc())
[82.488s][info][gc,phases,start] GC(36) Phase 1: Mark live objects
[82.495s][info][gc,stringtable ] GC(36) Cleaned string and symbol table, strings: 15594 processed, 0 removed, symbols: 120025 processed, 0 removed
[82.495s][info][gc,phases      ] GC(36) Phase 1: Mark live objects 7.739ms
[82.495s][info][gc,phases,start] GC(36) Phase 2: Prepare for compaction
[82.498s][info][gc,phases      ] GC(36) Phase 2: Prepare for compaction 3.015ms
[82.498s][info][gc,phases,start] GC(36) Phase 3: Adjust pointers
[82.507s][info][gc,phases      ] GC(36) Phase 3: Adjust pointers 8.567ms
[82.507s][info][gc,phases,start] GC(36) Phase 4: Compact heap
[82.508s][info][gc,phases      ] GC(36) Phase 4: Compact heap 1.106ms
[82.516s][info][gc,heap        ] GC(36) Eden regions: 183->0(1228)
[82.516s][info][gc,heap        ] GC(36) Survivor regions: 1->0(154)
[82.516s][info][gc,heap        ] GC(36) Old regions: 11->12
[82.516s][info][gc,heap        ] GC(36) Humongous regions: 0->0
[82.516s][info][gc,metaspace   ] GC(36) Metaspace: 58761K(67792K)->58761K(67792K) NonClass: 51141K(55888K)->51141K(55888K) Class: 7620K(11904K)->7620K(11904K)
[82.516s][info][gc             ] GC(36) Pause Full (System.gc()) 381M->14M(4096M) 29.076ms
[82.516s][info][gc,cpu         ] GC(36) User=0.02s Sys=0.00s Real=0.03s
[86.459s][info][gc,start       ] GC(37) Pause Young (Normal) (G1 Evacuation Pause)
[86.459s][info][gc,task        ] GC(37) Using 6 workers of 6 for evacuation
[86.461s][info][gc,phases      ] GC(37)   Pre Evacuate Collection Set: 0.0ms
[86.461s][info][gc,phases      ] GC(37)   Evacuate Collection Set: 0.8ms
[86.461s][info][gc,phases      ] GC(37)   Post Evacuate Collection Set: 0.8ms
[86.461s][info][gc,phases      ] GC(37)   Other: 0.2ms
[86.461s][info][gc,heap        ] GC(37) Eden regions: 1228->0(1227)
[86.461s][info][gc,heap        ] GC(37) Survivor regions: 0->1(154)
[86.461s][info][gc,heap        ] GC(37) Old regions: 12->12
[86.461s][info][gc,heap        ] GC(37) Humongous regions: 0->0
[86.461s][info][gc,metaspace   ] GC(37) Metaspace: 58793K(67792K)->58793K(67792K) NonClass: 51172K(55888K)->51172K(55888K) Class: 7620K(11904K)->7620K(11904K)
[86.461s][info][gc             ] GC(37) Pause Young (Normal) (G1 Evacuation Pause) 2470M->15M(4096M) 2.030ms
[86.461s][info][gc,cpu         ] GC(37) User=0.00s Sys=0.00s Real=0.00s
[87.087s][info][gc,task        ] GC(38) Using 6 workers of 6 for full compaction
[87.087s][info][gc,start       ] GC(38) Pause Full (System.gc())
[87.088s][info][gc,phases,start] GC(38) Phase 1: Mark live objects
[87.097s][info][gc,stringtable ] GC(38) Cleaned string and symbol table, strings: 15598 processed, 5 removed, symbols: 120025 processed, 0 removed
[87.097s][info][gc,phases      ] GC(38) Phase 1: Mark live objects 8.490ms
[87.097s][info][gc,phases,start] GC(38) Phase 2: Prepare for compaction
[87.100s][info][gc,phases      ] GC(38) Phase 2: Prepare for compaction 3.262ms
[87.100s][info][gc,phases,start] GC(38) Phase 3: Adjust pointers
[87.109s][info][gc,phases      ] GC(38) Phase 3: Adjust pointers 8.776ms
[87.109s][info][gc,phases,start] GC(38) Phase 4: Compact heap
[87.110s][info][gc,phases      ] GC(38) Phase 4: Compact heap 1.290ms
[87.118s][info][gc,heap        ] GC(38) Eden regions: 183->0(1228)
[87.118s][info][gc,heap        ] GC(38) Survivor regions: 1->0(154)
[87.118s][info][gc,heap        ] GC(38) Old regions: 12->11
[87.118s][info][gc,heap        ] GC(38) Humongous regions: 0->0
[87.118s][info][gc,metaspace   ] GC(38) Metaspace: 58803K(67792K)->58803K(67792K) NonClass: 51182K(55888K)->51182K(55888K) Class: 7620K(11904K)->7620K(11904K)
[87.118s][info][gc             ] GC(38) Pause Full (System.gc()) 381M->14M(4096M) 30.805ms
[87.118s][info][gc,cpu         ] GC(38) User=0.02s Sys=0.00s Real=0.03s
[91.009s][info][gc,start       ] GC(39) Pause Young (Normal) (G1 Evacuation Pause)
[91.009s][info][gc,task        ] GC(39) Using 6 workers of 6 for evacuation
[91.011s][info][gc,phases      ] GC(39)   Pre Evacuate Collection Set: 0.0ms
[91.011s][info][gc,phases      ] GC(39)   Evacuate Collection Set: 0.8ms
[91.011s][info][gc,phases      ] GC(39)   Post Evacuate Collection Set: 0.8ms
[91.011s][info][gc,phases      ] GC(39)   Other: 0.2ms
[91.011s][info][gc,heap        ] GC(39) Eden regions: 1228->0(1227)
[91.011s][info][gc,heap        ] GC(39) Survivor regions: 0->1(154)
[91.011s][info][gc,heap        ] GC(39) Old regions: 11->11
[91.011s][info][gc,heap        ] GC(39) Humongous regions: 0->0
[91.011s][info][gc,metaspace   ] GC(39) Metaspace: 58825K(67792K)->58825K(67792K) NonClass: 51204K(55888K)->51204K(55888K) Class: 7620K(11904K)->7620K(11904K)
[91.011s][info][gc             ] GC(39) Pause Young (Normal) (G1 Evacuation Pause) 2470M->15M(4096M) 2.034ms
[91.011s][info][gc,cpu         ] GC(39) User=0.00s Sys=0.00s Real=0.00s
[91.563s][info][gc,task        ] GC(40) Using 6 workers of 6 for full compaction
[91.563s][info][gc,start       ] GC(40) Pause Full (System.gc())
[91.565s][info][gc,phases,start] GC(40) Phase 1: Mark live objects
[91.573s][info][gc,stringtable ] GC(40) Cleaned string and symbol table, strings: 15607 processed, 0 removed, symbols: 120025 processed, 0 removed
[91.573s][info][gc,phases      ] GC(40) Phase 1: Mark live objects 8.727ms
[91.573s][info][gc,phases,start] GC(40) Phase 2: Prepare for compaction
[91.576s][info][gc,phases      ] GC(40) Phase 2: Prepare for compaction 2.951ms
[91.576s][info][gc,phases,start] GC(40) Phase 3: Adjust pointers
[91.585s][info][gc,phases      ] GC(40) Phase 3: Adjust pointers 8.849ms
[91.585s][info][gc,phases,start] GC(40) Phase 4: Compact heap
[91.587s][info][gc,phases      ] GC(40) Phase 4: Compact heap 1.552ms
[91.595s][info][gc,heap        ] GC(40) Eden regions: 182->0(1228)
[91.595s][info][gc,heap        ] GC(40) Survivor regions: 1->0(154)
[91.595s][info][gc,heap        ] GC(40) Old regions: 11->12
[91.595s][info][gc,heap        ] GC(40) Humongous regions: 0->0
[91.595s][info][gc,metaspace   ] GC(40) Metaspace: 58826K(67792K)->58826K(67792K) NonClass: 51205K(55888K)->51205K(55888K) Class: 7620K(11904K)->7620K(11904K)
[91.595s][info][gc             ] GC(40) Pause Full (System.gc()) 379M->14M(4096M) 31.269ms
[91.595s][info][gc,cpu         ] GC(40) User=0.03s Sys=0.00s Real=0.03s
[95.470s][info][gc,start       ] GC(41) Pause Young (Normal) (G1 Evacuation Pause)
[95.470s][info][gc,task        ] GC(41) Using 6 workers of 6 for evacuation
[95.472s][info][gc,phases      ] GC(41)   Pre Evacuate Collection Set: 0.0ms
[95.472s][info][gc,phases      ] GC(41)   Evacuate Collection Set: 0.8ms
[95.472s][info][gc,phases      ] GC(41)   Post Evacuate Collection Set: 0.8ms
[95.472s][info][gc,phases      ] GC(41)   Other: 0.2ms
[95.472s][info][gc,heap        ] GC(41) Eden regions: 1228->0(1227)
[95.472s][info][gc,heap        ] GC(41) Survivor regions: 0->1(154)
[95.472s][info][gc,heap        ] GC(41) Old regions: 12->12
[95.472s][info][gc,heap        ] GC(41) Humongous regions: 0->0
[95.472s][info][gc,metaspace   ] GC(41) Metaspace: 58834K(67792K)->58834K(67792K) NonClass: 51213K(55888K)->51213K(55888K) Class: 7620K(11904K)->7620K(11904K)
[95.472s][info][gc             ] GC(41) Pause Young (Normal) (G1 Evacuation Pause) 2470M->15M(4096M) 1.972ms
[95.472s][info][gc,cpu         ] GC(41) User=0.00s Sys=0.00s Real=0.00s
[96.049s][info][gc,task        ] GC(42) Using 6 workers of 6 for full compaction
[96.049s][info][gc,start       ] GC(42) Pause Full (System.gc())
[96.050s][info][gc,phases,start] GC(42) Phase 1: Mark live objects
[96.058s][info][gc,stringtable ] GC(42) Cleaned string and symbol table, strings: 15607 processed, 5 removed, symbols: 120025 processed, 0 removed
[96.058s][info][gc,phases      ] GC(42) Phase 1: Mark live objects 8.543ms
[96.058s][info][gc,phases,start] GC(42) Phase 2: Prepare for compaction
[96.061s][info][gc,phases      ] GC(42) Phase 2: Prepare for compaction 2.959ms
[96.061s][info][gc,phases,start] GC(42) Phase 3: Adjust pointers
[96.070s][info][gc,phases      ] GC(42) Phase 3: Adjust pointers 8.602ms
[96.070s][info][gc,phases,start] GC(42) Phase 4: Compact heap
[96.071s][info][gc,phases      ] GC(42) Phase 4: Compact heap 1.225ms
[96.079s][info][gc,heap        ] GC(42) Eden regions: 183->0(1228)
[96.079s][info][gc,heap        ] GC(42) Survivor regions: 1->0(154)
[96.079s][info][gc,heap        ] GC(42) Old regions: 12->13
[96.079s][info][gc,heap        ] GC(42) Humongous regions: 0->0
[96.079s][info][gc,metaspace   ] GC(42) Metaspace: 58838K(67792K)->58838K(67792K) NonClass: 51217K(55888K)->51217K(55888K) Class: 7620K(11904K)->7620K(11904K)
[96.079s][info][gc             ] GC(42) Pause Full (System.gc()) 381M->14M(4096M) 30.141ms
[96.079s][info][gc,cpu         ] GC(42) User=0.02s Sys=0.00s Real=0.03s
[100.269s][info][gc,start       ] GC(43) Pause Young (Normal) (G1 Evacuation Pause)
[100.269s][info][gc,task        ] GC(43) Using 6 workers of 6 for evacuation
[100.272s][info][gc,phases      ] GC(43)   Pre Evacuate Collection Set: 0.0ms
[100.272s][info][gc,phases      ] GC(43)   Evacuate Collection Set: 1.1ms
[100.272s][info][gc,phases      ] GC(43)   Post Evacuate Collection Set: 1.1ms
[100.272s][info][gc,phases      ] GC(43)   Other: 0.3ms
[100.272s][info][gc,heap        ] GC(43) Eden regions: 1228->0(1227)
[100.272s][info][gc,heap        ] GC(43) Survivor regions: 0->1(154)
[100.272s][info][gc,heap        ] GC(43) Old regions: 13->13
[100.272s][info][gc,heap        ] GC(43) Humongous regions: 0->0
[100.272s][info][gc,metaspace   ] GC(43) Metaspace: 58850K(67792K)->58850K(67792K) NonClass: 51229K(55888K)->51229K(55888K) Class: 7620K(11904K)->7620K(11904K)
[100.272s][info][gc             ] GC(43) Pause Young (Normal) (G1 Evacuation Pause) 2470M->15M(4096M) 2.697ms
[100.272s][info][gc,cpu         ] GC(43) User=0.00s Sys=0.00s Real=0.00s
[100.930s][info][gc,task        ] GC(44) Using 6 workers of 6 for full compaction
[100.930s][info][gc,start       ] GC(44) Pause Full (System.gc())
[100.931s][info][gc,phases,start] GC(44) Phase 1: Mark live objects
[100.940s][info][gc,stringtable ] GC(44) Cleaned string and symbol table, strings: 15608 processed, 0 removed, symbols: 120025 processed, 0 removed
[100.940s][info][gc,phases      ] GC(44) Phase 1: Mark live objects 9.865ms
[100.940s][info][gc,phases,start] GC(44) Phase 2: Prepare for compaction
[100.944s][info][gc,phases      ] GC(44) Phase 2: Prepare for compaction 2.984ms
[100.944s][info][gc,phases,start] GC(44) Phase 3: Adjust pointers
[100.952s][info][gc,phases      ] GC(44) Phase 3: Adjust pointers 8.552ms
[100.952s][info][gc,phases,start] GC(44) Phase 4: Compact heap
[100.954s][info][gc,phases      ] GC(44) Phase 4: Compact heap 1.798ms
[100.962s][info][gc,heap        ] GC(44) Eden regions: 180->0(1228)
[100.962s][info][gc,heap        ] GC(44) Survivor regions: 1->0(154)
[100.962s][info][gc,heap        ] GC(44) Old regions: 13->12
[100.962s][info][gc,heap        ] GC(44) Humongous regions: 0->0
[100.962s][info][gc,metaspace   ] GC(44) Metaspace: 58852K(67792K)->58852K(67792K) NonClass: 51231K(55888K)->51231K(55888K) Class: 7620K(11904K)->7620K(11904K)
[100.962s][info][gc             ] GC(44) Pause Full (System.gc()) 374M->14M(4096M) 32.220ms
[100.963s][info][gc,cpu         ] GC(44) User=0.02s Sys=0.02s Real=0.03s
[104.966s][info][gc,start       ] GC(45) Pause Young (Normal) (G1 Evacuation Pause)
[104.966s][info][gc,task        ] GC(45) Using 6 workers of 6 for evacuation
[104.969s][info][gc,phases      ] GC(45)   Pre Evacuate Collection Set: 0.0ms
[104.969s][info][gc,phases      ] GC(45)   Evacuate Collection Set: 1.0ms
[104.969s][info][gc,phases      ] GC(45)   Post Evacuate Collection Set: 1.1ms
[104.969s][info][gc,phases      ] GC(45)   Other: 0.3ms
[104.969s][info][gc,heap        ] GC(45) Eden regions: 1228->0(1227)
[104.969s][info][gc,heap        ] GC(45) Survivor regions: 0->1(154)
[104.969s][info][gc,heap        ] GC(45) Old regions: 12->12
[104.969s][info][gc,heap        ] GC(45) Humongous regions: 0->0
[104.969s][info][gc,metaspace   ] GC(45) Metaspace: 58871K(68048K)->58871K(68048K) NonClass: 51250K(56144K)->51250K(56144K) Class: 7620K(11904K)->7620K(11904K)
[104.969s][info][gc             ] GC(45) Pause Young (Normal) (G1 Evacuation Pause) 2470M->15M(4096M) 2.514ms
[104.969s][info][gc,cpu         ] GC(45) User=0.02s Sys=0.00s Real=0.02s
[105.578s][info][gc,task        ] GC(46) Using 6 workers of 6 for full compaction
[105.578s][info][gc,start       ] GC(46) Pause Full (System.gc())
[105.580s][info][gc,phases,start] GC(46) Phase 1: Mark live objects
[105.590s][info][gc,stringtable ] GC(46) Cleaned string and symbol table, strings: 15615 processed, 5 removed, symbols: 120025 processed, 0 removed
[105.590s][info][gc,phases      ] GC(46) Phase 1: Mark live objects 10.008ms
[105.590s][info][gc,phases,start] GC(46) Phase 2: Prepare for compaction
[105.593s][info][gc,phases      ] GC(46) Phase 2: Prepare for compaction 3.159ms
[105.593s][info][gc,phases,start] GC(46) Phase 3: Adjust pointers
[105.602s][info][gc,phases      ] GC(46) Phase 3: Adjust pointers 8.680ms
[105.602s][info][gc,phases,start] GC(46) Phase 4: Compact heap
[105.603s][info][gc,phases      ] GC(46) Phase 4: Compact heap 1.162ms
[105.611s][info][gc,heap        ] GC(46) Eden regions: 183->0(1228)
[105.611s][info][gc,heap        ] GC(46) Survivor regions: 1->0(154)
[105.611s][info][gc,heap        ] GC(46) Old regions: 12->12
[105.611s][info][gc,heap        ] GC(46) Humongous regions: 0->0
[105.611s][info][gc,metaspace   ] GC(46) Metaspace: 58875K(68048K)->58875K(68048K) NonClass: 51254K(56144K)->51254K(56144K) Class: 7620K(11904K)->7620K(11904K)
[105.611s][info][gc             ] GC(46) Pause Full (System.gc()) 381M->14M(4096M) 33.484ms
[105.612s][info][gc,cpu         ] GC(46) User=0.00s Sys=0.00s Real=0.02s
[109.642s][info][gc,start       ] GC(47) Pause Young (Normal) (G1 Evacuation Pause)
[109.642s][info][gc,task        ] GC(47) Using 6 workers of 6 for evacuation
[109.644s][info][gc,phases      ] GC(47)   Pre Evacuate Collection Set: 0.0ms
[109.644s][info][gc,phases      ] GC(47)   Evacuate Collection Set: 0.9ms
[109.644s][info][gc,phases      ] GC(47)   Post Evacuate Collection Set: 0.9ms
[109.644s][info][gc,phases      ] GC(47)   Other: 0.2ms
[109.644s][info][gc,heap        ] GC(47) Eden regions: 1228->0(1227)
[109.644s][info][gc,heap        ] GC(47) Survivor regions: 0->1(154)
[109.644s][info][gc,heap        ] GC(47) Old regions: 12->12
[109.644s][info][gc,heap        ] GC(47) Humongous regions: 0->0
[109.644s][info][gc,metaspace   ] GC(47) Metaspace: 58905K(68048K)->58905K(68048K) NonClass: 51284K(56144K)->51284K(56144K) Class: 7620K(11904K)->7620K(11904K)
[109.644s][info][gc             ] GC(47) Pause Young (Normal) (G1 Evacuation Pause) 2470M->15M(4096M) 2.320ms
[109.644s][info][gc,cpu         ] GC(47) User=0.00s Sys=0.02s Real=0.02s
[110.505s][info][gc,task        ] GC(48) Using 6 workers of 6 for full compaction
[110.505s][info][gc,start       ] GC(48) Pause Full (System.gc())
[110.505s][info][gc,phases,start] GC(48) Phase 1: Mark live objects
[110.517s][info][gc,stringtable ] GC(48) Cleaned string and symbol table, strings: 15616 processed, 5 removed, symbols: 120025 processed, 0 removed
[110.517s][info][gc,phases      ] GC(48) Phase 1: Mark live objects 11.563ms
[110.517s][info][gc,phases,start] GC(48) Phase 2: Prepare for compaction
[110.520s][info][gc,phases      ] GC(48) Phase 2: Prepare for compaction 3.456ms
[110.520s][info][gc,phases,start] GC(48) Phase 3: Adjust pointers
[110.529s][info][gc,phases      ] GC(48) Phase 3: Adjust pointers 8.739ms
[110.529s][info][gc,phases,start] GC(48) Phase 4: Compact heap
[110.531s][info][gc,phases      ] GC(48) Phase 4: Compact heap 1.791ms
[110.539s][info][gc,heap        ] GC(48) Eden regions: 181->0(1228)
[110.539s][info][gc,heap        ] GC(48) Survivor regions: 1->0(154)
[110.539s][info][gc,heap        ] GC(48) Old regions: 12->11
[110.539s][info][gc,heap        ] GC(48) Humongous regions: 0->0
[110.539s][info][gc,metaspace   ] GC(48) Metaspace: 58916K(68048K)->58916K(68048K) NonClass: 51295K(56144K)->51295K(56144K) Class: 7620K(11904K)->7620K(11904K)
[110.539s][info][gc             ] GC(48) Pause Full (System.gc()) 377M->14M(4096M) 34.474ms
[110.539s][info][gc,cpu         ] GC(48) User=0.02s Sys=0.00s Real=0.05s
[114.621s][info][gc,start       ] GC(49) Pause Young (Normal) (G1 Evacuation Pause)
[114.621s][info][gc,task        ] GC(49) Using 6 workers of 6 for evacuation
[114.623s][info][gc,phases      ] GC(49)   Pre Evacuate Collection Set: 0.0ms
[114.623s][info][gc,phases      ] GC(49)   Evacuate Collection Set: 0.9ms
[114.623s][info][gc,phases      ] GC(49)   Post Evacuate Collection Set: 0.8ms
[114.623s][info][gc,phases      ] GC(49)   Other: 0.2ms
[114.623s][info][gc,heap        ] GC(49) Eden regions: 1228->0(1227)
[114.623s][info][gc,heap        ] GC(49) Survivor regions: 0->1(154)
[114.623s][info][gc,heap        ] GC(49) Old regions: 11->11
[114.623s][info][gc,heap        ] GC(49) Humongous regions: 0->0
[114.623s][info][gc,metaspace   ] GC(49) Metaspace: 58960K(68048K)->58960K(68048K) NonClass: 51339K(56144K)->51339K(56144K) Class: 7620K(11904K)->7620K(11904K)
[114.623s][info][gc             ] GC(49) Pause Young (Normal) (G1 Evacuation Pause) 2470M->15M(4096M) 2.067ms
[114.623s][info][gc,cpu         ] GC(49) User=0.00s Sys=0.00s Real=0.00s
[115.232s][info][gc,task        ] GC(50) Using 6 workers of 6 for full compaction
[115.232s][info][gc,start       ] GC(50) Pause Full (System.gc())
[115.233s][info][gc,phases,start] GC(50) Phase 1: Mark live objects
[115.242s][info][gc,stringtable ] GC(50) Cleaned string and symbol table, strings: 15619 processed, 0 removed, symbols: 120025 processed, 0 removed
[115.242s][info][gc,phases      ] GC(50) Phase 1: Mark live objects 9.128ms
[115.242s][info][gc,phases,start] GC(50) Phase 2: Prepare for compaction
[115.245s][info][gc,phases      ] GC(50) Phase 2: Prepare for compaction 3.014ms
[115.245s][info][gc,phases,start] GC(50) Phase 3: Adjust pointers
[115.255s][info][gc,phases      ] GC(50) Phase 3: Adjust pointers 9.333ms
[115.255s][info][gc,phases,start] GC(50) Phase 4: Compact heap
[115.256s][info][gc,phases      ] GC(50) Phase 4: Compact heap 1.272ms
[115.264s][info][gc,heap        ] GC(50) Eden regions: 184->0(1228)
[115.264s][info][gc,heap        ] GC(50) Survivor regions: 1->0(154)
[115.264s][info][gc,heap        ] GC(50) Old regions: 11->12
[115.264s][info][gc,heap        ] GC(50) Humongous regions: 0->0
[115.264s][info][gc,metaspace   ] GC(50) Metaspace: 58990K(68048K)->58990K(68048K) NonClass: 51369K(56144K)->51369K(56144K) Class: 7620K(11904K)->7620K(11904K)
[115.264s][info][gc             ] GC(50) Pause Full (System.gc()) 382M->14M(4096M) 32.350ms
[115.264s][info][gc,cpu         ] GC(50) User=0.00s Sys=0.02s Real=0.05s
[119.217s][info][gc,start       ] GC(51) Pause Young (Normal) (G1 Evacuation Pause)
[119.217s][info][gc,task        ] GC(51) Using 6 workers of 6 for evacuation
[119.218s][info][gc,phases      ] GC(51)   Pre Evacuate Collection Set: 0.0ms
[119.218s][info][gc,phases      ] GC(51)   Evacuate Collection Set: 0.8ms
[119.218s][info][gc,phases      ] GC(51)   Post Evacuate Collection Set: 0.8ms
[119.218s][info][gc,phases      ] GC(51)   Other: 0.2ms
[119.218s][info][gc,heap        ] GC(51) Eden regions: 1228->0(1227)
[119.219s][info][gc,heap        ] GC(51) Survivor regions: 0->1(154)
[119.219s][info][gc,heap        ] GC(51) Old regions: 12->12
[119.219s][info][gc,heap        ] GC(51) Humongous regions: 0->0
[119.219s][info][gc,metaspace   ] GC(51) Metaspace: 59004K(68048K)->59004K(68048K) NonClass: 51383K(56144K)->51383K(56144K) Class: 7620K(11904K)->7620K(11904K)
[119.219s][info][gc             ] GC(51) Pause Young (Normal) (G1 Evacuation Pause) 2470M->15M(4096M) 2.033ms
[119.219s][info][gc,cpu         ] GC(51) User=0.02s Sys=0.00s Real=0.01s
[119.840s][info][gc,task        ] GC(52) Using 6 workers of 6 for full compaction
[119.840s][info][gc,start       ] GC(52) Pause Full (System.gc())
[119.841s][info][gc,phases,start] GC(52) Phase 1: Mark live objects
[119.851s][info][gc,stringtable ] GC(52) Cleaned string and symbol table, strings: 15621 processed, 0 removed, symbols: 120025 processed, 0 removed
[119.851s][info][gc,phases      ] GC(52) Phase 1: Mark live objects 10.012ms
[119.851s][info][gc,phases,start] GC(52) Phase 2: Prepare for compaction
[119.854s][info][gc,phases      ] GC(52) Phase 2: Prepare for compaction 3.066ms
[119.854s][info][gc,phases,start] GC(52) Phase 3: Adjust pointers
[119.863s][info][gc,phases      ] GC(52) Phase 3: Adjust pointers 8.814ms
[119.863s][info][gc,phases,start] GC(52) Phase 4: Compact heap
[119.864s][info][gc,phases      ] GC(52) Phase 4: Compact heap 1.534ms
[119.872s][info][gc,heap        ] GC(52) Eden regions: 182->0(1228)
[119.872s][info][gc,heap        ] GC(52) Survivor regions: 1->0(154)
[119.872s][info][gc,heap        ] GC(52) Old regions: 12->12
[119.872s][info][gc,heap        ] GC(52) Humongous regions: 0->0
[119.872s][info][gc,metaspace   ] GC(52) Metaspace: 59005K(68048K)->59005K(68048K) NonClass: 51384K(56144K)->51384K(56144K) Class: 7620K(11904K)->7620K(11904K)
[119.872s][info][gc             ] GC(52) Pause Full (System.gc()) 379M->14M(4096M) 32.665ms
[119.873s][info][gc,cpu         ] GC(52) User=0.00s Sys=0.00s Real=0.03s
[123.983s][info][gc,start       ] GC(53) Pause Young (Normal) (G1 Evacuation Pause)
[123.983s][info][gc,task        ] GC(53) Using 6 workers of 6 for evacuation
[123.985s][info][gc,phases      ] GC(53)   Pre Evacuate Collection Set: 0.0ms
[123.985s][info][gc,phases      ] GC(53)   Evacuate Collection Set: 0.8ms
[123.985s][info][gc,phases      ] GC(53)   Post Evacuate Collection Set: 1.1ms
[123.985s][info][gc,phases      ] GC(53)   Other: 0.2ms
[123.985s][info][gc,heap        ] GC(53) Eden regions: 1228->0(1227)
[123.985s][info][gc,heap        ] GC(53) Survivor regions: 0->1(154)
[123.985s][info][gc,heap        ] GC(53) Old regions: 12->12
[123.985s][info][gc,heap        ] GC(53) Humongous regions: 0->0
[123.985s][info][gc,metaspace   ] GC(53) Metaspace: 59010K(68048K)->59010K(68048K) NonClass: 51389K(56144K)->51389K(56144K) Class: 7620K(11904K)->7620K(11904K)
[123.985s][info][gc             ] GC(53) Pause Young (Normal) (G1 Evacuation Pause) 2470M->15M(4096M) 2.289ms
[123.985s][info][gc,cpu         ] GC(53) User=0.02s Sys=0.00s Real=0.00s
[124.679s][info][gc,task        ] GC(54) Using 6 workers of 6 for full compaction
[124.679s][info][gc,start       ] GC(54) Pause Full (System.gc())
[124.679s][info][gc,phases,start] GC(54) Phase 1: Mark live objects
[124.690s][info][gc,stringtable ] GC(54) Cleaned string and symbol table, strings: 15638 processed, 0 removed, symbols: 120025 processed, 0 removed
[124.690s][info][gc,phases      ] GC(54) Phase 1: Mark live objects 10.451ms
[124.690s][info][gc,phases,start] GC(54) Phase 2: Prepare for compaction
[124.693s][info][gc,phases      ] GC(54) Phase 2: Prepare for compaction 2.975ms
[124.693s][info][gc,phases,start] GC(54) Phase 3: Adjust pointers
[124.703s][info][gc,phases      ] GC(54) Phase 3: Adjust pointers 10.045ms
[124.703s][info][gc,phases,start] GC(54) Phase 4: Compact heap
[124.705s][info][gc,phases      ] GC(54) Phase 4: Compact heap 1.486ms
[124.713s][info][gc,heap        ] GC(54) Eden regions: 183->0(1228)
[124.713s][info][gc,heap        ] GC(54) Survivor regions: 1->0(154)
[124.713s][info][gc,heap        ] GC(54) Old regions: 12->12
[124.713s][info][gc,heap        ] GC(54) Humongous regions: 0->0
[124.713s][info][gc,metaspace   ] GC(54) Metaspace: 59010K(68048K)->59010K(68048K) NonClass: 51389K(56144K)->51389K(56144K) Class: 7620K(11904K)->7620K(11904K)
[124.713s][info][gc             ] GC(54) Pause Full (System.gc()) 381M->14M(4096M) 33.961ms
[124.713s][info][gc,cpu         ] GC(54) User=0.02s Sys=0.00s Real=0.05s
[128.656s][info][gc,start       ] GC(55) Pause Young (Normal) (G1 Evacuation Pause)
[128.656s][info][gc,task        ] GC(55) Using 6 workers of 6 for evacuation
[128.657s][info][gc,phases      ] GC(55)   Pre Evacuate Collection Set: 0.0ms
[128.658s][info][gc,phases      ] GC(55)   Evacuate Collection Set: 0.8ms
[128.658s][info][gc,phases      ] GC(55)   Post Evacuate Collection Set: 0.8ms
[128.658s][info][gc,phases      ] GC(55)   Other: 0.2ms
[128.658s][info][gc,heap        ] GC(55) Eden regions: 1228->0(1227)
[128.658s][info][gc,heap        ] GC(55) Survivor regions: 0->1(154)
[128.658s][info][gc,heap        ] GC(55) Old regions: 12->12
[128.658s][info][gc,heap        ] GC(55) Humongous regions: 0->0
[128.658s][info][gc,metaspace   ] GC(55) Metaspace: 59011K(68048K)->59011K(68048K) NonClass: 51390K(56144K)->51390K(56144K) Class: 7620K(11904K)->7620K(11904K)
[128.658s][info][gc             ] GC(55) Pause Young (Normal) (G1 Evacuation Pause) 2470M->15M(4096M) 1.948ms
[128.658s][info][gc,cpu         ] GC(55) User=0.00s Sys=0.00s Real=0.00s
[129.257s][info][gc,task        ] GC(56) Using 6 workers of 6 for full compaction
[129.257s][info][gc,start       ] GC(56) Pause Full (System.gc())
[129.258s][info][gc,phases,start] GC(56) Phase 1: Mark live objects
[129.269s][info][gc,stringtable ] GC(56) Cleaned string and symbol table, strings: 15639 processed, 0 removed, symbols: 120025 processed, 0 removed
[129.269s][info][gc,phases      ] GC(56) Phase 1: Mark live objects 10.664ms
[129.269s][info][gc,phases,start] GC(56) Phase 2: Prepare for compaction
[129.272s][info][gc,phases      ] GC(56) Phase 2: Prepare for compaction 3.117ms
[129.272s][info][gc,phases,start] GC(56) Phase 3: Adjust pointers
[129.281s][info][gc,phases      ] GC(56) Phase 3: Adjust pointers 8.930ms
[129.281s][info][gc,phases,start] GC(56) Phase 4: Compact heap
[129.283s][info][gc,phases      ] GC(56) Phase 4: Compact heap 1.954ms
[129.291s][info][gc,heap        ] GC(56) Eden regions: 181->0(1228)
[129.291s][info][gc,heap        ] GC(56) Survivor regions: 1->0(154)
[129.291s][info][gc,heap        ] GC(56) Old regions: 12->12
[129.291s][info][gc,heap        ] GC(56) Humongous regions: 0->0
[129.291s][info][gc,metaspace   ] GC(56) Metaspace: 59013K(68048K)->59013K(68048K) NonClass: 51392K(56144K)->51392K(56144K) Class: 7620K(11904K)->7620K(11904K)
[129.291s][info][gc             ] GC(56) Pause Full (System.gc()) 376M->14M(4096M) 33.930ms
[129.291s][info][gc,cpu         ] GC(56) User=0.02s Sys=0.00s Real=0.03s
[133.245s][info][gc,start       ] GC(57) Pause Young (Normal) (G1 Evacuation Pause)
[133.245s][info][gc,task        ] GC(57) Using 6 workers of 6 for evacuation
[133.248s][info][gc,phases      ] GC(57)   Pre Evacuate Collection Set: 0.0ms
[133.248s][info][gc,phases      ] GC(57)   Evacuate Collection Set: 1.1ms
[133.248s][info][gc,phases      ] GC(57)   Post Evacuate Collection Set: 1.1ms
[133.248s][info][gc,phases      ] GC(57)   Other: 0.3ms
[133.248s][info][gc,heap        ] GC(57) Eden regions: 1228->0(1227)
[133.248s][info][gc,heap        ] GC(57) Survivor regions: 0->1(154)
[133.248s][info][gc,heap        ] GC(57) Old regions: 12->12
[133.248s][info][gc,heap        ] GC(57) Humongous regions: 0->0
[133.248s][info][gc,metaspace   ] GC(57) Metaspace: 59019K(68048K)->59019K(68048K) NonClass: 51398K(56144K)->51398K(56144K) Class: 7620K(11904K)->7620K(11904K)
[133.248s][info][gc             ] GC(57) Pause Young (Normal) (G1 Evacuation Pause) 2470M->15M(4096M) 2.685ms
[133.248s][info][gc,cpu         ] GC(57) User=0.02s Sys=0.00s Real=0.01s
[133.860s][info][gc,task        ] GC(58) Using 6 workers of 6 for full compaction
[133.860s][info][gc,start       ] GC(58) Pause Full (System.gc())
[133.861s][info][gc,phases,start] GC(58) Phase 1: Mark live objects
[133.870s][info][gc,stringtable ] GC(58) Cleaned string and symbol table, strings: 15642 processed, 5 removed, symbols: 120025 processed, 0 removed
[133.871s][info][gc,phases      ] GC(58) Phase 1: Mark live objects 9.419ms
[133.871s][info][gc,phases,start] GC(58) Phase 2: Prepare for compaction
[133.874s][info][gc,phases      ] GC(58) Phase 2: Prepare for compaction 3.203ms
[133.874s][info][gc,phases,start] GC(58) Phase 3: Adjust pointers
[133.883s][info][gc,phases      ] GC(58) Phase 3: Adjust pointers 8.879ms
[133.883s][info][gc,phases,start] GC(58) Phase 4: Compact heap
[133.884s][info][gc,phases      ] GC(58) Phase 4: Compact heap 1.423ms
[133.892s][info][gc,heap        ] GC(58) Eden regions: 182->0(1228)
[133.892s][info][gc,heap        ] GC(58) Survivor regions: 1->0(154)
[133.892s][info][gc,heap        ] GC(58) Old regions: 12->12
[133.892s][info][gc,heap        ] GC(58) Humongous regions: 0->0
[133.892s][info][gc,metaspace   ] GC(58) Metaspace: 59021K(68048K)->59021K(68048K) NonClass: 51400K(56144K)->51400K(56144K) Class: 7620K(11904K)->7620K(11904K)
[133.892s][info][gc             ] GC(58) Pause Full (System.gc()) 378M->14M(4096M) 32.003ms
[133.893s][info][gc,cpu         ] GC(58) User=0.02s Sys=0.00s Real=0.03s
[137.811s][info][gc,start       ] GC(59) Pause Young (Normal) (G1 Evacuation Pause)
[137.811s][info][gc,task        ] GC(59) Using 6 workers of 6 for evacuation
[137.813s][info][gc,phases      ] GC(59)   Pre Evacuate Collection Set: 0.0ms
[137.813s][info][gc,phases      ] GC(59)   Evacuate Collection Set: 0.9ms
[137.813s][info][gc,phases      ] GC(59)   Post Evacuate Collection Set: 0.9ms
[137.813s][info][gc,phases      ] GC(59)   Other: 0.3ms
[137.813s][info][gc,heap        ] GC(59) Eden regions: 1228->0(1227)
[137.813s][info][gc,heap        ] GC(59) Survivor regions: 0->1(154)
[137.813s][info][gc,heap        ] GC(59) Old regions: 12->12
[137.813s][info][gc,heap        ] GC(59) Humongous regions: 0->0
[137.813s][info][gc,metaspace   ] GC(59) Metaspace: 59024K(68048K)->59024K(68048K) NonClass: 51403K(56144K)->51403K(56144K) Class: 7620K(11904K)->7620K(11904K)
[137.813s][info][gc             ] GC(59) Pause Young (Normal) (G1 Evacuation Pause) 2470M->15M(4096M) 2.184ms
[137.813s][info][gc,cpu         ] GC(59) User=0.00s Sys=0.00s Real=0.00s
[138.402s][info][gc,task        ] GC(60) Using 6 workers of 6 for full compaction
[138.403s][info][gc,start       ] GC(60) Pause Full (System.gc())
[138.403s][info][gc,phases,start] GC(60) Phase 1: Mark live objects
[138.412s][info][gc,stringtable ] GC(60) Cleaned string and symbol table, strings: 15656 processed, 0 removed, symbols: 120025 processed, 0 removed
[138.412s][info][gc,phases      ] GC(60) Phase 1: Mark live objects 8.688ms
[138.412s][info][gc,phases,start] GC(60) Phase 2: Prepare for compaction
[138.415s][info][gc,phases      ] GC(60) Phase 2: Prepare for compaction 2.988ms
[138.415s][info][gc,phases,start] GC(60) Phase 3: Adjust pointers
[138.424s][info][gc,phases      ] GC(60) Phase 3: Adjust pointers 8.872ms
[138.424s][info][gc,phases,start] GC(60) Phase 4: Compact heap
[138.426s][info][gc,phases      ] GC(60) Phase 4: Compact heap 1.755ms
[138.434s][info][gc,heap        ] GC(60) Eden regions: 182->0(1228)
[138.434s][info][gc,heap        ] GC(60) Survivor regions: 1->0(154)
[138.434s][info][gc,heap        ] GC(60) Old regions: 12->12
[138.434s][info][gc,heap        ] GC(60) Humongous regions: 0->0
[138.434s][info][gc,metaspace   ] GC(60) Metaspace: 59028K(68048K)->59028K(68048K) NonClass: 51407K(56144K)->51407K(56144K) Class: 7620K(11904K)->7620K(11904K)
[138.434s][info][gc             ] GC(60) Pause Full (System.gc()) 379M->14M(4096M) 31.638ms
[138.434s][info][gc,cpu         ] GC(60) User=0.02s Sys=0.00s Real=0.03s
[142.440s][info][gc,start       ] GC(61) Pause Young (Normal) (G1 Evacuation Pause)
[142.440s][info][gc,task        ] GC(61) Using 6 workers of 6 for evacuation
[142.443s][info][gc,phases      ] GC(61)   Pre Evacuate Collection Set: 0.0ms
[142.443s][info][gc,phases      ] GC(61)   Evacuate Collection Set: 1.2ms
[142.443s][info][gc,phases      ] GC(61)   Post Evacuate Collection Set: 0.9ms
[142.443s][info][gc,phases      ] GC(61)   Other: 0.7ms
[142.443s][info][gc,heap        ] GC(61) Eden regions: 1228->0(1227)
[142.443s][info][gc,heap        ] GC(61) Survivor regions: 0->1(154)
[142.443s][info][gc,heap        ] GC(61) Old regions: 12->12
[142.443s][info][gc,heap        ] GC(61) Humongous regions: 0->0
[142.443s][info][gc,metaspace   ] GC(61) Metaspace: 59031K(68048K)->59031K(68048K) NonClass: 51410K(56144K)->51410K(56144K) Class: 7620K(11904K)->7620K(11904K)
[142.443s][info][gc             ] GC(61) Pause Young (Normal) (G1 Evacuation Pause) 2470M->15M(4096M) 2.452ms
[142.443s][info][gc,cpu         ] GC(61) User=0.00s Sys=0.00s Real=0.00s
[143.007s][info][gc,task        ] GC(62) Using 6 workers of 6 for full compaction
[143.007s][info][gc,start       ] GC(62) Pause Full (System.gc())
[143.008s][info][gc,phases,start] GC(62) Phase 1: Mark live objects
[143.016s][info][gc,stringtable ] GC(62) Cleaned string and symbol table, strings: 15656 processed, 0 removed, symbols: 120025 processed, 0 removed
[143.016s][info][gc,phases      ] GC(62) Phase 1: Mark live objects 8.645ms
[143.016s][info][gc,phases,start] GC(62) Phase 2: Prepare for compaction
[143.020s][info][gc,phases      ] GC(62) Phase 2: Prepare for compaction 3.113ms
[143.020s][info][gc,phases,start] GC(62) Phase 3: Adjust pointers
[143.029s][info][gc,phases      ] GC(62) Phase 3: Adjust pointers 9.058ms
[143.029s][info][gc,phases,start] GC(62) Phase 4: Compact heap
[143.030s][info][gc,phases      ] GC(62) Phase 4: Compact heap 1.608ms
[143.038s][info][gc,heap        ] GC(62) Eden regions: 184->0(1228)
[143.039s][info][gc,heap        ] GC(62) Survivor regions: 1->0(154)
[143.039s][info][gc,heap        ] GC(62) Old regions: 12->12
[143.039s][info][gc,heap        ] GC(62) Humongous regions: 0->0
[143.039s][info][gc,metaspace   ] GC(62) Metaspace: 59032K(68048K)->59032K(68048K) NonClass: 51411K(56144K)->51411K(56144K) Class: 7620K(11904K)->7620K(11904K)
[143.039s][info][gc             ] GC(62) Pause Full (System.gc()) 382M->14M(4096M) 31.338ms
[143.039s][info][gc,cpu         ] GC(62) User=0.00s Sys=0.00s Real=0.03s
[146.914s][info][gc,start       ] GC(63) Pause Young (Normal) (G1 Evacuation Pause)
[146.914s][info][gc,task        ] GC(63) Using 6 workers of 6 for evacuation
[146.916s][info][gc,phases      ] GC(63)   Pre Evacuate Collection Set: 0.0ms
[146.916s][info][gc,phases      ] GC(63)   Evacuate Collection Set: 0.9ms
[146.916s][info][gc,phases      ] GC(63)   Post Evacuate Collection Set: 0.9ms
[146.916s][info][gc,phases      ] GC(63)   Other: 0.2ms
[146.916s][info][gc,heap        ] GC(63) Eden regions: 1228->0(1227)
[146.916s][info][gc,heap        ] GC(63) Survivor regions: 0->1(154)
[146.916s][info][gc,heap        ] GC(63) Old regions: 12->12
[146.916s][info][gc,heap        ] GC(63) Humongous regions: 0->0
[146.916s][info][gc,metaspace   ] GC(63) Metaspace: 59111K(68048K)->59111K(68048K) NonClass: 51490K(56144K)->51490K(56144K) Class: 7620K(11904K)->7620K(11904K)
[146.916s][info][gc             ] GC(63) Pause Young (Normal) (G1 Evacuation Pause) 2470M->15M(4096M) 2.135ms
[146.916s][info][gc,cpu         ] GC(63) User=0.00s Sys=0.00s Real=0.00s
[147.495s][info][gc,task        ] GC(64) Using 6 workers of 6 for full compaction
[147.495s][info][gc,start       ] GC(64) Pause Full (System.gc())
[147.495s][info][gc,phases,start] GC(64) Phase 1: Mark live objects
[147.503s][info][gc,stringtable ] GC(64) Cleaned string and symbol table, strings: 15664 processed, 0 removed, symbols: 120025 processed, 0 removed
[147.504s][info][gc,phases      ] GC(64) Phase 1: Mark live objects 8.273ms
[147.504s][info][gc,phases,start] GC(64) Phase 2: Prepare for compaction
[147.506s][info][gc,phases      ] GC(64) Phase 2: Prepare for compaction 2.900ms
[147.506s][info][gc,phases,start] GC(64) Phase 3: Adjust pointers
[147.516s][info][gc,phases      ] GC(64) Phase 3: Adjust pointers 9.045ms
[147.516s][info][gc,phases,start] GC(64) Phase 4: Compact heap
[147.517s][info][gc,phases      ] GC(64) Phase 4: Compact heap 1.694ms
[147.526s][info][gc,heap        ] GC(64) Eden regions: 181->0(1228)
[147.526s][info][gc,heap        ] GC(64) Survivor regions: 1->0(154)
[147.526s][info][gc,heap        ] GC(64) Old regions: 12->12
[147.526s][info][gc,heap        ] GC(64) Humongous regions: 0->0
[147.526s][info][gc,metaspace   ] GC(64) Metaspace: 59113K(68048K)->59113K(68048K) NonClass: 51492K(56144K)->51492K(56144K) Class: 7620K(11904K)->7620K(11904K)
[147.526s][info][gc             ] GC(64) Pause Full (System.gc()) 376M->14M(4096M) 31.164ms
[147.526s][info][gc,cpu         ] GC(64) User=0.02s Sys=0.00s Real=0.03s
[151.562s][info][gc,start       ] GC(65) Pause Young (Normal) (G1 Evacuation Pause)
[151.563s][info][gc,task        ] GC(65) Using 6 workers of 6 for evacuation
[151.565s][info][gc,phases      ] GC(65)   Pre Evacuate Collection Set: 0.0ms
[151.565s][info][gc,phases      ] GC(65)   Evacuate Collection Set: 0.9ms
[151.565s][info][gc,phases      ] GC(65)   Post Evacuate Collection Set: 0.9ms
[151.565s][info][gc,phases      ] GC(65)   Other: 0.2ms
[151.565s][info][gc,heap        ] GC(65) Eden regions: 1228->0(1227)
[151.565s][info][gc,heap        ] GC(65) Survivor regions: 0->1(154)
[151.565s][info][gc,heap        ] GC(65) Old regions: 12->12
[151.565s][info][gc,heap        ] GC(65) Humongous regions: 0->0
[151.565s][info][gc,metaspace   ] GC(65) Metaspace: 59138K(68048K)->59138K(68048K) NonClass: 51517K(56144K)->51517K(56144K) Class: 7620K(11904K)->7620K(11904K)
[151.565s][info][gc             ] GC(65) Pause Young (Normal) (G1 Evacuation Pause) 2470M->15M(4096M) 2.261ms
[151.565s][info][gc,cpu         ] GC(65) User=0.00s Sys=0.00s Real=0.00s
[152.191s][info][gc,task        ] GC(66) Using 6 workers of 6 for full compaction
[152.191s][info][gc,start       ] GC(66) Pause Full (System.gc())
[152.193s][info][gc,phases,start] GC(66) Phase 1: Mark live objects
[152.202s][info][gc,stringtable ] GC(66) Cleaned string and symbol table, strings: 15675 processed, 5 removed, symbols: 120025 processed, 0 removed
[152.202s][info][gc,phases      ] GC(66) Phase 1: Mark live objects 9.911ms
[152.202s][info][gc,phases,start] GC(66) Phase 2: Prepare for compaction
[152.206s][info][gc,phases      ] GC(66) Phase 2: Prepare for compaction 3.470ms
[152.206s][info][gc,phases,start] GC(66) Phase 3: Adjust pointers
[152.215s][info][gc,phases      ] GC(66) Phase 3: Adjust pointers 9.293ms
[152.215s][info][gc,phases,start] GC(66) Phase 4: Compact heap
[152.217s][info][gc,phases      ] GC(66) Phase 4: Compact heap 1.385ms
[152.225s][info][gc,heap        ] GC(66) Eden regions: 182->0(1228)
[152.225s][info][gc,heap        ] GC(66) Survivor regions: 1->0(154)
[152.225s][info][gc,heap        ] GC(66) Old regions: 12->11
[152.225s][info][gc,heap        ] GC(66) Humongous regions: 0->0
[152.225s][info][gc,metaspace   ] GC(66) Metaspace: 59163K(68048K)->59163K(68048K) NonClass: 51542K(56144K)->51542K(56144K) Class: 7620K(11904K)->7620K(11904K)
[152.225s][info][gc             ] GC(66) Pause Full (System.gc()) 378M->14M(4096M) 33.969ms
[152.225s][info][gc,cpu         ] GC(66) User=0.03s Sys=0.00s Real=0.03s
[156.148s][info][gc,start       ] GC(67) Pause Young (Normal) (G1 Evacuation Pause)
[156.148s][info][gc,task        ] GC(67) Using 6 workers of 6 for evacuation
[156.150s][info][gc,phases      ] GC(67)   Pre Evacuate Collection Set: 0.0ms
[156.150s][info][gc,phases      ] GC(67)   Evacuate Collection Set: 0.9ms
[156.150s][info][gc,phases      ] GC(67)   Post Evacuate Collection Set: 0.8ms
[156.150s][info][gc,phases      ] GC(67)   Other: 0.2ms
[156.150s][info][gc,heap        ] GC(67) Eden regions: 1228->0(1227)
[156.150s][info][gc,heap        ] GC(67) Survivor regions: 0->1(154)
[156.150s][info][gc,heap        ] GC(67) Old regions: 11->11
[156.150s][info][gc,heap        ] GC(67) Humongous regions: 0->0
[156.150s][info][gc,metaspace   ] GC(67) Metaspace: 59172K(68048K)->59172K(68048K) NonClass: 51551K(56144K)->51551K(56144K) Class: 7620K(11904K)->7620K(11904K)
[156.150s][info][gc             ] GC(67) Pause Young (Normal) (G1 Evacuation Pause) 2470M->15M(4096M) 2.102ms
[156.150s][info][gc,cpu         ] GC(67) User=0.00s Sys=0.00s Real=0.00s
[156.754s][info][gc,task        ] GC(68) Using 6 workers of 6 for full compaction
[156.754s][info][gc,start       ] GC(68) Pause Full (System.gc())
[156.755s][info][gc,phases,start] GC(68) Phase 1: Mark live objects
[156.764s][info][gc,stringtable ] GC(68) Cleaned string and symbol table, strings: 15676 processed, 0 removed, symbols: 120025 processed, 0 removed
[156.765s][info][gc,phases      ] GC(68) Phase 1: Mark live objects 9.656ms
[156.765s][info][gc,phases,start] GC(68) Phase 2: Prepare for compaction
[156.768s][info][gc,phases      ] GC(68) Phase 2: Prepare for compaction 3.062ms
[156.768s][info][gc,phases,start] GC(68) Phase 3: Adjust pointers
[156.777s][info][gc,phases      ] GC(68) Phase 3: Adjust pointers 9.623ms
[156.777s][info][gc,phases,start] GC(68) Phase 4: Compact heap
[156.778s][info][gc,phases      ] GC(68) Phase 4: Compact heap 1.088ms
[156.787s][info][gc,heap        ] GC(68) Eden regions: 180->0(1228)
[156.787s][info][gc,heap        ] GC(68) Survivor regions: 1->0(154)
[156.787s][info][gc,heap        ] GC(68) Old regions: 11->12
[156.787s][info][gc,heap        ] GC(68) Humongous regions: 0->0
[156.787s][info][gc,metaspace   ] GC(68) Metaspace: 59173K(68048K)->59173K(68048K) NonClass: 51552K(56144K)->51552K(56144K) Class: 7620K(11904K)->7620K(11904K)
[156.787s][info][gc             ] GC(68) Pause Full (System.gc()) 374M->14M(4096M) 32.702ms
[156.787s][info][gc,cpu         ] GC(68) User=0.02s Sys=0.00s Real=0.03s
[160.798s][info][gc,start       ] GC(69) Pause Young (Normal) (G1 Evacuation Pause)
[160.798s][info][gc,task        ] GC(69) Using 6 workers of 6 for evacuation
[160.801s][info][gc,phases      ] GC(69)   Pre Evacuate Collection Set: 0.0ms
[160.801s][info][gc,phases      ] GC(69)   Evacuate Collection Set: 1.2ms
[160.801s][info][gc,phases      ] GC(69)   Post Evacuate Collection Set: 1.0ms
[160.801s][info][gc,phases      ] GC(69)   Other: 0.3ms
[160.801s][info][gc,heap        ] GC(69) Eden regions: 1228->0(1227)
[160.801s][info][gc,heap        ] GC(69) Survivor regions: 0->1(154)
[160.801s][info][gc,heap        ] GC(69) Old regions: 12->12
[160.801s][info][gc,heap        ] GC(69) Humongous regions: 0->0
[160.801s][info][gc,metaspace   ] GC(69) Metaspace: 59207K(68304K)->59207K(68304K) NonClass: 51586K(56400K)->51586K(56400K) Class: 7620K(11904K)->7620K(11904K)
[160.801s][info][gc             ] GC(69) Pause Young (Normal) (G1 Evacuation Pause) 2470M->15M(4096M) 2.595ms
[160.801s][info][gc,cpu         ] GC(69) User=0.00s Sys=0.00s Real=0.01s
[161.449s][info][gc,task        ] GC(70) Using 6 workers of 6 for full compaction
[161.450s][info][gc,start       ] GC(70) Pause Full (System.gc())
[161.451s][info][gc,phases,start] GC(70) Phase 1: Mark live objects
[161.460s][info][gc,stringtable ] GC(70) Cleaned string and symbol table, strings: 15713 processed, 0 removed, symbols: 120025 processed, 0 removed
[161.460s][info][gc,phases      ] GC(70) Phase 1: Mark live objects 9.076ms
[161.460s][info][gc,phases,start] GC(70) Phase 2: Prepare for compaction
[161.463s][info][gc,phases      ] GC(70) Phase 2: Prepare for compaction 3.380ms
[161.463s][info][gc,phases,start] GC(70) Phase 3: Adjust pointers
[161.472s][info][gc,phases      ] GC(70) Phase 3: Adjust pointers 8.974ms
[161.472s][info][gc,phases,start] GC(70) Phase 4: Compact heap
[161.474s][info][gc,phases      ] GC(70) Phase 4: Compact heap 1.971ms
[161.483s][info][gc,heap        ] GC(70) Eden regions: 182->0(1228)
[161.483s][info][gc,heap        ] GC(70) Survivor regions: 1->0(154)
[161.483s][info][gc,heap        ] GC(70) Old regions: 12->12
[161.483s][info][gc,heap        ] GC(70) Humongous regions: 0->0
[161.483s][info][gc,metaspace   ] GC(70) Metaspace: 59211K(68304K)->59211K(68304K) NonClass: 51590K(56400K)->51590K(56400K) Class: 7620K(11904K)->7620K(11904K)
[161.483s][info][gc             ] GC(70) Pause Full (System.gc()) 378M->14M(4096M) 33.548ms
[161.483s][info][gc,cpu         ] GC(70) User=0.03s Sys=0.00s Real=0.03s
[165.531s][info][gc,start       ] GC(71) Pause Young (Normal) (G1 Evacuation Pause)
[165.531s][info][gc,task        ] GC(71) Using 6 workers of 6 for evacuation
[165.533s][info][gc,phases      ] GC(71)   Pre Evacuate Collection Set: 0.0ms
[165.533s][info][gc,phases      ] GC(71)   Evacuate Collection Set: 0.8ms
[165.533s][info][gc,phases      ] GC(71)   Post Evacuate Collection Set: 0.8ms
[165.533s][info][gc,phases      ] GC(71)   Other: 0.2ms
[165.533s][info][gc,heap        ] GC(71) Eden regions: 1228->0(1227)
[165.533s][info][gc,heap        ] GC(71) Survivor regions: 0->1(154)
[165.533s][info][gc,heap        ] GC(71) Old regions: 12->12
[165.533s][info][gc,heap        ] GC(71) Humongous regions: 0->0
[165.533s][info][gc,metaspace   ] GC(71) Metaspace: 59267K(68304K)->59267K(68304K) NonClass: 51646K(56400K)->51646K(56400K) Class: 7620K(11904K)->7620K(11904K)
[165.533s][info][gc             ] GC(71) Pause Young (Normal) (G1 Evacuation Pause) 2470M->15M(4096M) 1.994ms
[165.533s][info][gc,cpu         ] GC(71) User=0.00s Sys=0.00s Real=0.00s
[166.113s][info][gc,task        ] GC(72) Using 6 workers of 6 for full compaction
[166.113s][info][gc,start       ] GC(72) Pause Full (System.gc())
[166.114s][info][gc,phases,start] GC(72) Phase 1: Mark live objects
[166.123s][info][gc,stringtable ] GC(72) Cleaned string and symbol table, strings: 15756 processed, 5 removed, symbols: 120025 processed, 0 removed
[166.123s][info][gc,phases      ] GC(72) Phase 1: Mark live objects 8.370ms
[166.123s][info][gc,phases,start] GC(72) Phase 2: Prepare for compaction
[166.126s][info][gc,phases      ] GC(72) Phase 2: Prepare for compaction 3.006ms
[166.126s][info][gc,phases,start] GC(72) Phase 3: Adjust pointers
[166.135s][info][gc,phases      ] GC(72) Phase 3: Adjust pointers 9.080ms
[166.135s][info][gc,phases,start] GC(72) Phase 4: Compact heap
[166.136s][info][gc,phases      ] GC(72) Phase 4: Compact heap 1.484ms
[166.145s][info][gc,heap        ] GC(72) Eden regions: 182->0(1228)
[166.145s][info][gc,heap        ] GC(72) Survivor regions: 1->0(154)
[166.145s][info][gc,heap        ] GC(72) Old regions: 12->12
[166.145s][info][gc,heap        ] GC(72) Humongous regions: 0->0
[166.145s][info][gc,metaspace   ] GC(72) Metaspace: 59288K(68304K)->59288K(68304K) NonClass: 51667K(56400K)->51667K(56400K) Class: 7620K(11904K)->7620K(11904K)
[166.145s][info][gc             ] GC(72) Pause Full (System.gc()) 378M->14M(4096M) 31.720ms
[166.145s][info][gc,cpu         ] GC(72) User=0.02s Sys=0.00s Real=0.03s
[170.192s][info][gc,start       ] GC(73) Pause Young (Normal) (G1 Evacuation Pause)
[170.192s][info][gc,task        ] GC(73) Using 6 workers of 6 for evacuation
[170.194s][info][gc,phases      ] GC(73)   Pre Evacuate Collection Set: 0.0ms
[170.194s][info][gc,phases      ] GC(73)   Evacuate Collection Set: 0.8ms
[170.194s][info][gc,phases      ] GC(73)   Post Evacuate Collection Set: 0.8ms
[170.194s][info][gc,phases      ] GC(73)   Other: 0.2ms
[170.194s][info][gc,heap        ] GC(73) Eden regions: 1228->0(1227)
[170.194s][info][gc,heap        ] GC(73) Survivor regions: 0->1(154)
[170.194s][info][gc,heap        ] GC(73) Old regions: 12->12
[170.194s][info][gc,heap        ] GC(73) Humongous regions: 0->0
[170.194s][info][gc,metaspace   ] GC(73) Metaspace: 59327K(68304K)->59327K(68304K) NonClass: 51706K(56400K)->51706K(56400K) Class: 7620K(11904K)->7620K(11904K)
[170.194s][info][gc             ] GC(73) Pause Young (Normal) (G1 Evacuation Pause) 2470M->15M(4096M) 1.903ms
[170.194s][info][gc,cpu         ] GC(73) User=0.00s Sys=0.00s Real=0.00s
[170.780s][info][gc,task        ] GC(74) Using 6 workers of 6 for full compaction
[170.780s][info][gc,start       ] GC(74) Pause Full (System.gc())
[170.781s][info][gc,phases,start] GC(74) Phase 1: Mark live objects
[170.789s][info][gc,stringtable ] GC(74) Cleaned string and symbol table, strings: 15757 processed, 0 removed, symbols: 120025 processed, 0 removed
[170.789s][info][gc,phases      ] GC(74) Phase 1: Mark live objects 8.544ms
[170.789s][info][gc,phases,start] GC(74) Phase 2: Prepare for compaction
[170.792s][info][gc,phases      ] GC(74) Phase 2: Prepare for compaction 3.004ms
[170.793s][info][gc,phases,start] GC(74) Phase 3: Adjust pointers
[170.802s][info][gc,phases      ] GC(74) Phase 3: Adjust pointers 9.054ms
[170.802s][info][gc,phases,start] GC(74) Phase 4: Compact heap
[170.803s][info][gc,phases      ] GC(74) Phase 4: Compact heap 1.540ms
[170.811s][info][gc,heap        ] GC(74) Eden regions: 181->0(1228)
[170.811s][info][gc,heap        ] GC(74) Survivor regions: 1->0(154)
[170.811s][info][gc,heap        ] GC(74) Old regions: 12->12
[170.811s][info][gc,heap        ] GC(74) Humongous regions: 0->0
[170.811s][info][gc,metaspace   ] GC(74) Metaspace: 59328K(68304K)->59328K(68304K) NonClass: 51707K(56400K)->51707K(56400K) Class: 7620K(11904K)->7620K(11904K)
[170.811s][info][gc             ] GC(74) Pause Full (System.gc()) 376M->14M(4096M) 31.477ms
[170.812s][info][gc,cpu         ] GC(74) User=0.00s Sys=0.00s Real=0.03s
[174.838s][info][gc,start       ] GC(75) Pause Young (Normal) (G1 Evacuation Pause)
[174.838s][info][gc,task        ] GC(75) Using 6 workers of 6 for evacuation
[174.840s][info][gc,phases      ] GC(75)   Pre Evacuate Collection Set: 0.0ms
[174.840s][info][gc,phases      ] GC(75)   Evacuate Collection Set: 0.9ms
[174.840s][info][gc,phases      ] GC(75)   Post Evacuate Collection Set: 0.8ms
[174.840s][info][gc,phases      ] GC(75)   Other: 0.2ms
[174.840s][info][gc,heap        ] GC(75) Eden regions: 1228->0(1227)
[174.840s][info][gc,heap        ] GC(75) Survivor regions: 0->1(154)
[174.840s][info][gc,heap        ] GC(75) Old regions: 12->12
[174.840s][info][gc,heap        ] GC(75) Humongous regions: 0->0
[174.840s][info][gc,metaspace   ] GC(75) Metaspace: 59342K(68304K)->59342K(68304K) NonClass: 51721K(56400K)->51721K(56400K) Class: 7620K(11904K)->7620K(11904K)
[174.840s][info][gc             ] GC(75) Pause Young (Normal) (G1 Evacuation Pause) 2470M->15M(4096M) 2.105ms
[174.840s][info][gc,cpu         ] GC(75) User=0.00s Sys=0.00s Real=0.00s
[175.443s][info][gc,task        ] GC(76) Using 6 workers of 6 for full compaction
[175.444s][info][gc,start       ] GC(76) Pause Full (System.gc())
[175.444s][info][gc,phases,start] GC(76) Phase 1: Mark live objects
[175.453s][info][gc,stringtable ] GC(76) Cleaned string and symbol table, strings: 15758 processed, 0 removed, symbols: 120025 processed, 0 removed
[175.453s][info][gc,phases      ] GC(76) Phase 1: Mark live objects 8.500ms
[175.453s][info][gc,phases,start] GC(76) Phase 2: Prepare for compaction
[175.456s][info][gc,phases      ] GC(76) Phase 2: Prepare for compaction 3.005ms
[175.456s][info][gc,phases,start] GC(76) Phase 3: Adjust pointers
[175.465s][info][gc,phases      ] GC(76) Phase 3: Adjust pointers 9.469ms
[175.465s][info][gc,phases,start] GC(76) Phase 4: Compact heap
[175.467s][info][gc,phases      ] GC(76) Phase 4: Compact heap 1.277ms
[175.475s][info][gc,heap        ] GC(76) Eden regions: 180->0(1228)
[175.475s][info][gc,heap        ] GC(76) Survivor regions: 1->0(154)
[175.475s][info][gc,heap        ] GC(76) Old regions: 12->12
[175.475s][info][gc,heap        ] GC(76) Humongous regions: 0->0
[175.475s][info][gc,metaspace   ] GC(76) Metaspace: 59342K(68304K)->59342K(68304K) NonClass: 51721K(56400K)->51721K(56400K) Class: 7620K(11904K)->7620K(11904K)
[175.475s][info][gc             ] GC(76) Pause Full (System.gc()) 375M->14M(4096M) 31.330ms
[175.475s][info][gc,cpu         ] GC(76) User=0.02s Sys=0.00s Real=0.03s
[179.426s][info][gc,start       ] GC(77) Pause Young (Normal) (G1 Evacuation Pause)
[179.426s][info][gc,task        ] GC(77) Using 6 workers of 6 for evacuation
[179.428s][info][gc,phases      ] GC(77)   Pre Evacuate Collection Set: 0.0ms
[179.428s][info][gc,phases      ] GC(77)   Evacuate Collection Set: 0.8ms
[179.428s][info][gc,phases      ] GC(77)   Post Evacuate Collection Set: 0.8ms
[179.428s][info][gc,phases      ] GC(77)   Other: 0.2ms
[179.428s][info][gc,heap        ] GC(77) Eden regions: 1228->0(1227)
[179.428s][info][gc,heap        ] GC(77) Survivor regions: 0->1(154)
[179.428s][info][gc,heap        ] GC(77) Old regions: 12->12
[179.428s][info][gc,heap        ] GC(77) Humongous regions: 0->0
[179.428s][info][gc,metaspace   ] GC(77) Metaspace: 59347K(68304K)->59347K(68304K) NonClass: 51726K(56400K)->51726K(56400K) Class: 7620K(11904K)->7620K(11904K)
[179.428s][info][gc             ] GC(77) Pause Young (Normal) (G1 Evacuation Pause) 2470M->15M(4096M) 1.974ms
[179.428s][info][gc,cpu         ] GC(77) User=0.00s Sys=0.00s Real=0.00s
[179.999s][info][gc,task        ] GC(78) Using 6 workers of 6 for full compaction
[180.000s][info][gc,start       ] GC(78) Pause Full (System.gc())
[180.000s][info][gc,phases,start] GC(78) Phase 1: Mark live objects
[180.012s][info][gc,stringtable ] GC(78) Cleaned string and symbol table, strings: 15803 processed, 0 removed, symbols: 120025 processed, 0 removed
[180.012s][info][gc,phases      ] GC(78) Phase 1: Mark live objects 11.386ms
[180.012s][info][gc,phases,start] GC(78) Phase 2: Prepare for compaction
[180.015s][info][gc,phases      ] GC(78) Phase 2: Prepare for compaction 3.037ms
[180.015s][info][gc,phases,start] GC(78) Phase 3: Adjust pointers
[180.024s][info][gc,phases      ] GC(78) Phase 3: Adjust pointers 9.434ms
[180.024s][info][gc,phases,start] GC(78) Phase 4: Compact heap
[180.027s][info][gc,phases      ] GC(78) Phase 4: Compact heap 2.425ms
[180.035s][info][gc,heap        ] GC(78) Eden regions: 180->0(1228)
[180.035s][info][gc,heap        ] GC(78) Survivor regions: 1->0(154)
[180.035s][info][gc,heap        ] GC(78) Old regions: 12->12
[180.035s][info][gc,heap        ] GC(78) Humongous regions: 0->0
[180.035s][info][gc,metaspace   ] GC(78) Metaspace: 59348K(68304K)->59348K(68304K) NonClass: 51727K(56400K)->51727K(56400K) Class: 7620K(11904K)->7620K(11904K)
[180.035s][info][gc             ] GC(78) Pause Full (System.gc()) 375M->14M(4096M) 35.770ms
[180.035s][info][gc,cpu         ] GC(78) User=0.00s Sys=0.00s Real=0.04s
[183.943s][info][gc,start       ] GC(79) Pause Young (Normal) (G1 Evacuation Pause)
[183.943s][info][gc,task        ] GC(79) Using 6 workers of 6 for evacuation
[183.945s][info][gc,phases      ] GC(79)   Pre Evacuate Collection Set: 0.0ms
[183.945s][info][gc,phases      ] GC(79)   Evacuate Collection Set: 0.9ms
[183.945s][info][gc,phases      ] GC(79)   Post Evacuate Collection Set: 0.9ms
[183.945s][info][gc,phases      ] GC(79)   Other: 0.2ms
[183.945s][info][gc,heap        ] GC(79) Eden regions: 1228->0(1227)
[183.945s][info][gc,heap        ] GC(79) Survivor regions: 0->1(154)
[183.945s][info][gc,heap        ] GC(79) Old regions: 12->12
[183.945s][info][gc,heap        ] GC(79) Humongous regions: 0->0
[183.945s][info][gc,metaspace   ] GC(79) Metaspace: 59352K(68304K)->59352K(68304K) NonClass: 51731K(56400K)->51731K(56400K) Class: 7620K(11904K)->7620K(11904K)
[183.945s][info][gc             ] GC(79) Pause Young (Normal) (G1 Evacuation Pause) 2470M->15M(4096M) 2.223ms
[183.945s][info][gc,cpu         ] GC(79) User=0.00s Sys=0.00s Real=0.01s
[184.514s][info][gc,task        ] GC(80) Using 6 workers of 6 for full compaction
[184.514s][info][gc,start       ] GC(80) Pause Full (System.gc())
[184.515s][info][gc,phases,start] GC(80) Phase 1: Mark live objects
[184.525s][info][gc,stringtable ] GC(80) Cleaned string and symbol table, strings: 15804 processed, 0 removed, symbols: 120025 processed, 0 removed
[184.525s][info][gc,phases      ] GC(80) Phase 1: Mark live objects 10.080ms
[184.525s][info][gc,phases,start] GC(80) Phase 2: Prepare for compaction
[184.529s][info][gc,phases      ] GC(80) Phase 2: Prepare for compaction 3.545ms
[184.529s][info][gc,phases,start] GC(80) Phase 3: Adjust pointers
[184.538s][info][gc,phases      ] GC(80) Phase 3: Adjust pointers 9.304ms
[184.538s][info][gc,phases,start] GC(80) Phase 4: Compact heap
[184.540s][info][gc,phases      ] GC(80) Phase 4: Compact heap 1.491ms
[184.549s][info][gc,heap        ] GC(80) Eden regions: 182->0(1228)
[184.549s][info][gc,heap        ] GC(80) Survivor regions: 1->0(154)
[184.549s][info][gc,heap        ] GC(80) Old regions: 12->12
[184.549s][info][gc,heap        ] GC(80) Humongous regions: 0->0
[184.549s][info][gc,metaspace   ] GC(80) Metaspace: 59360K(68304K)->59360K(68304K) NonClass: 51739K(56400K)->51739K(56400K) Class: 7620K(11904K)->7620K(11904K)
[184.549s][info][gc             ] GC(80) Pause Full (System.gc()) 379M->14M(4096M) 34.351ms
[184.549s][info][gc,cpu         ] GC(80) User=0.03s Sys=0.00s Real=0.03s
[188.963s][info][gc,start       ] GC(81) Pause Young (Normal) (G1 Evacuation Pause)
[188.963s][info][gc,task        ] GC(81) Using 6 workers of 6 for evacuation
[188.965s][info][gc,phases      ] GC(81)   Pre Evacuate Collection Set: 0.0ms
[188.965s][info][gc,phases      ] GC(81)   Evacuate Collection Set: 0.8ms
[188.965s][info][gc,phases      ] GC(81)   Post Evacuate Collection Set: 1.0ms
[188.965s][info][gc,phases      ] GC(81)   Other: 0.2ms
[188.965s][info][gc,heap        ] GC(81) Eden regions: 1228->0(1227)
[188.966s][info][gc,heap        ] GC(81) Survivor regions: 0->1(154)
[188.966s][info][gc,heap        ] GC(81) Old regions: 12->12
[188.966s][info][gc,heap        ] GC(81) Humongous regions: 0->0
[188.966s][info][gc,metaspace   ] GC(81) Metaspace: 59366K(68304K)->59366K(68304K) NonClass: 51745K(56400K)->51745K(56400K) Class: 7620K(11904K)->7620K(11904K)
[188.966s][info][gc             ] GC(81) Pause Young (Normal) (G1 Evacuation Pause) 2470M->15M(4096M) 2.162ms
[188.966s][info][gc,cpu         ] GC(81) User=0.00s Sys=0.00s Real=0.02s
[189.575s][info][gc,task        ] GC(82) Using 6 workers of 6 for full compaction
[189.575s][info][gc,start       ] GC(82) Pause Full (System.gc())
[189.576s][info][gc,phases,start] GC(82) Phase 1: Mark live objects
[189.585s][info][gc,stringtable ] GC(82) Cleaned string and symbol table, strings: 15804 processed, 5 removed, symbols: 120025 processed, 0 removed
[189.585s][info][gc,phases      ] GC(82) Phase 1: Mark live objects 9.462ms
[189.585s][info][gc,phases,start] GC(82) Phase 2: Prepare for compaction
[189.588s][info][gc,phases      ] GC(82) Phase 2: Prepare for compaction 2.875ms
[189.588s][info][gc,phases,start] GC(82) Phase 3: Adjust pointers
[189.598s][info][gc,phases      ] GC(82) Phase 3: Adjust pointers 9.261ms
[189.598s][info][gc,phases,start] GC(82) Phase 4: Compact heap
[189.599s][info][gc,phases      ] GC(82) Phase 4: Compact heap 1.361ms
[189.608s][info][gc,heap        ] GC(82) Eden regions: 179->0(1228)
[189.608s][info][gc,heap        ] GC(82) Survivor regions: 1->0(154)
[189.608s][info][gc,heap        ] GC(82) Old regions: 12->12
[189.608s][info][gc,heap        ] GC(82) Humongous regions: 0->0
[189.608s][info][gc,metaspace   ] GC(82) Metaspace: 59366K(68304K)->59366K(68304K) NonClass: 51745K(56400K)->51745K(56400K) Class: 7620K(11904K)->7620K(11904K)
[189.608s][info][gc             ] GC(82) Pause Full (System.gc()) 373M->14M(4096M) 32.933ms
[189.608s][info][gc,cpu         ] GC(82) User=0.02s Sys=0.00s Real=0.05s
[193.499s][info][gc,start       ] GC(83) Pause Young (Normal) (G1 Evacuation Pause)
[193.499s][info][gc,task        ] GC(83) Using 6 workers of 6 for evacuation
[193.501s][info][gc,phases      ] GC(83)   Pre Evacuate Collection Set: 0.0ms
[193.501s][info][gc,phases      ] GC(83)   Evacuate Collection Set: 0.9ms
[193.501s][info][gc,phases      ] GC(83)   Post Evacuate Collection Set: 0.8ms
[193.501s][info][gc,phases      ] GC(83)   Other: 0.2ms
[193.501s][info][gc,heap        ] GC(83) Eden regions: 1228->0(1227)
[193.501s][info][gc,heap        ] GC(83) Survivor regions: 0->1(154)
[193.501s][info][gc,heap        ] GC(83) Old regions: 12->12
[193.501s][info][gc,heap        ] GC(83) Humongous regions: 0->0
[193.501s][info][gc,metaspace   ] GC(83) Metaspace: 59372K(68304K)->59372K(68304K) NonClass: 51751K(56400K)->51751K(56400K) Class: 7620K(11904K)->7620K(11904K)
[193.501s][info][gc             ] GC(83) Pause Young (Normal) (G1 Evacuation Pause) 2470M->15M(4096M) 2.068ms
[193.501s][info][gc,cpu         ] GC(83) User=0.02s Sys=0.00s Real=0.02s
[194.090s][info][gc,task        ] GC(84) Using 6 workers of 6 for full compaction
[194.091s][info][gc,start       ] GC(84) Pause Full (System.gc())
[194.092s][info][gc,phases,start] GC(84) Phase 1: Mark live objects
[194.101s][info][gc,stringtable ] GC(84) Cleaned string and symbol table, strings: 15805 processed, 5 removed, symbols: 120025 processed, 0 removed
[194.101s][info][gc,phases      ] GC(84) Phase 1: Mark live objects 9.344ms
[194.101s][info][gc,phases,start] GC(84) Phase 2: Prepare for compaction
[194.104s][info][gc,phases      ] GC(84) Phase 2: Prepare for compaction 3.162ms
[194.104s][info][gc,phases,start] GC(84) Phase 3: Adjust pointers
[194.114s][info][gc,phases      ] GC(84) Phase 3: Adjust pointers 10.019ms
[194.114s][info][gc,phases,start] GC(84) Phase 4: Compact heap
[194.115s][info][gc,phases      ] GC(84) Phase 4: Compact heap 1.078ms
[194.124s][info][gc,heap        ] GC(84) Eden regions: 182->0(1228)
[194.124s][info][gc,heap        ] GC(84) Survivor regions: 1->0(154)
[194.124s][info][gc,heap        ] GC(84) Old regions: 12->13
[194.124s][info][gc,heap        ] GC(84) Humongous regions: 0->0
[194.124s][info][gc,metaspace   ] GC(84) Metaspace: 59373K(68304K)->59373K(68304K) NonClass: 51752K(56400K)->51752K(56400K) Class: 7620K(11904K)->7620K(11904K)
[194.124s][info][gc             ] GC(84) Pause Full (System.gc()) 379M->14M(4096M) 33.358ms
[194.124s][info][gc,cpu         ] GC(84) User=0.02s Sys=0.00s Real=0.03s
[197.961s][info][gc,start       ] GC(85) Pause Young (Normal) (G1 Evacuation Pause)
[197.961s][info][gc,task        ] GC(85) Using 6 workers of 6 for evacuation
[197.963s][info][gc,phases      ] GC(85)   Pre Evacuate Collection Set: 0.0ms
[197.963s][info][gc,phases      ] GC(85)   Evacuate Collection Set: 0.9ms
[197.963s][info][gc,phases      ] GC(85)   Post Evacuate Collection Set: 0.8ms
[197.963s][info][gc,phases      ] GC(85)   Other: 0.2ms
[197.963s][info][gc,heap        ] GC(85) Eden regions: 1228->0(1227)
[197.963s][info][gc,heap        ] GC(85) Survivor regions: 0->1(154)
[197.963s][info][gc,heap        ] GC(85) Old regions: 13->13
[197.963s][info][gc,heap        ] GC(85) Humongous regions: 0->0
[197.963s][info][gc,metaspace   ] GC(85) Metaspace: 59381K(68304K)->59381K(68304K) NonClass: 51760K(56400K)->51760K(56400K) Class: 7620K(11904K)->7620K(11904K)
[197.963s][info][gc             ] GC(85) Pause Young (Normal) (G1 Evacuation Pause) 2470M->15M(4096M) 1.985ms
[197.963s][info][gc,cpu         ] GC(85) User=0.00s Sys=0.00s Real=0.00s
[198.530s][info][gc,task        ] GC(86) Using 6 workers of 6 for full compaction
[198.530s][info][gc,start       ] GC(86) Pause Full (System.gc())
[198.531s][info][gc,phases,start] GC(86) Phase 1: Mark live objects
[198.539s][info][gc,stringtable ] GC(86) Cleaned string and symbol table, strings: 15811 processed, 0 removed, symbols: 120025 processed, 0 removed
[198.539s][info][gc,phases      ] GC(86) Phase 1: Mark live objects 8.115ms
[198.539s][info][gc,phases,start] GC(86) Phase 2: Prepare for compaction
[198.542s][info][gc,phases      ] GC(86) Phase 2: Prepare for compaction 3.099ms
[198.542s][info][gc,phases,start] GC(86) Phase 3: Adjust pointers
[198.552s][info][gc,phases      ] GC(86) Phase 3: Adjust pointers 9.583ms
[198.552s][info][gc,phases,start] GC(86) Phase 4: Compact heap
[198.553s][info][gc,phases      ] GC(86) Phase 4: Compact heap 1.313ms
[198.561s][info][gc,heap        ] GC(86) Eden regions: 182->0(1228)
[198.561s][info][gc,heap        ] GC(86) Survivor regions: 1->0(154)
[198.561s][info][gc,heap        ] GC(86) Old regions: 13->12
[198.561s][info][gc,heap        ] GC(86) Humongous regions: 0->0
[198.561s][info][gc,metaspace   ] GC(86) Metaspace: 59381K(68304K)->59381K(68304K) NonClass: 51760K(56400K)->51760K(56400K) Class: 7620K(11904K)->7620K(11904K)
[198.561s][info][gc             ] GC(86) Pause Full (System.gc()) 378M->14M(4096M) 31.758ms
[198.562s][info][gc,cpu         ] GC(86) User=0.02s Sys=0.00s Real=0.03s
[202.556s][info][gc,start       ] GC(87) Pause Young (Normal) (G1 Evacuation Pause)
[202.556s][info][gc,task        ] GC(87) Using 6 workers of 6 for evacuation
[202.558s][info][gc,phases      ] GC(87)   Pre Evacuate Collection Set: 0.0ms
[202.558s][info][gc,phases      ] GC(87)   Evacuate Collection Set: 0.8ms
[202.558s][info][gc,phases      ] GC(87)   Post Evacuate Collection Set: 0.8ms
[202.558s][info][gc,phases      ] GC(87)   Other: 0.3ms
[202.558s][info][gc,heap        ] GC(87) Eden regions: 1228->0(1227)
[202.558s][info][gc,heap        ] GC(87) Survivor regions: 0->1(154)
[202.558s][info][gc,heap        ] GC(87) Old regions: 12->12
[202.558s][info][gc,heap        ] GC(87) Humongous regions: 0->0
[202.558s][info][gc,metaspace   ] GC(87) Metaspace: 59400K(68304K)->59400K(68304K) NonClass: 51779K(56400K)->51779K(56400K) Class: 7620K(11904K)->7620K(11904K)
[202.558s][info][gc             ] GC(87) Pause Young (Normal) (G1 Evacuation Pause) 2470M->15M(4096M) 2.155ms
[202.558s][info][gc,cpu         ] GC(87) User=0.00s Sys=0.00s Real=0.00s
[203.203s][info][gc,task        ] GC(88) Using 6 workers of 6 for full compaction
[203.203s][info][gc,start       ] GC(88) Pause Full (System.gc())
[203.203s][info][gc,phases,start] GC(88) Phase 1: Mark live objects
[203.214s][info][gc,stringtable ] GC(88) Cleaned string and symbol table, strings: 15811 processed, 0 removed, symbols: 120025 processed, 0 removed
[203.214s][info][gc,phases      ] GC(88) Phase 1: Mark live objects 10.709ms
[203.214s][info][gc,phases,start] GC(88) Phase 2: Prepare for compaction
[203.217s][info][gc,phases      ] GC(88) Phase 2: Prepare for compaction 2.986ms
[203.217s][info][gc,phases,start] GC(88) Phase 3: Adjust pointers
[203.227s][info][gc,phases      ] GC(88) Phase 3: Adjust pointers 9.284ms
[203.227s][info][gc,phases,start] GC(88) Phase 4: Compact heap
[203.228s][info][gc,phases      ] GC(88) Phase 4: Compact heap 1.315ms
[203.236s][info][gc,heap        ] GC(88) Eden regions: 182->0(1228)
[203.236s][info][gc,heap        ] GC(88) Survivor regions: 1->0(154)
[203.236s][info][gc,heap        ] GC(88) Old regions: 12->12
[203.236s][info][gc,heap        ] GC(88) Humongous regions: 0->0
[203.236s][info][gc,metaspace   ] GC(88) Metaspace: 59409K(68304K)->59409K(68304K) NonClass: 51788K(56400K)->51788K(56400K) Class: 7620K(11904K)->7620K(11904K)
[203.236s][info][gc             ] GC(88) Pause Full (System.gc()) 378M->14M(4096M) 33.719ms
[203.237s][info][gc,cpu         ] GC(88) User=0.02s Sys=0.00s Real=0.03s
[207.139s][info][gc,start       ] GC(89) Pause Young (Normal) (G1 Evacuation Pause)
[207.139s][info][gc,task        ] GC(89) Using 6 workers of 6 for evacuation
[207.141s][info][gc,phases      ] GC(89)   Pre Evacuate Collection Set: 0.0ms
[207.141s][info][gc,phases      ] GC(89)   Evacuate Collection Set: 0.8ms
[207.141s][info][gc,phases      ] GC(89)   Post Evacuate Collection Set: 0.8ms
[207.141s][info][gc,phases      ] GC(89)   Other: 0.2ms
[207.141s][info][gc,heap        ] GC(89) Eden regions: 1228->0(1227)
[207.141s][info][gc,heap        ] GC(89) Survivor regions: 0->1(154)
[207.141s][info][gc,heap        ] GC(89) Old regions: 12->12
[207.141s][info][gc,heap        ] GC(89) Humongous regions: 0->0
[207.141s][info][gc,metaspace   ] GC(89) Metaspace: 59447K(68304K)->59447K(68304K) NonClass: 51826K(56400K)->51826K(56400K) Class: 7620K(11904K)->7620K(11904K)
[207.141s][info][gc             ] GC(89) Pause Young (Normal) (G1 Evacuation Pause) 2470M->15M(4096M) 1.964ms
[207.141s][info][gc,cpu         ] GC(89) User=0.00s Sys=0.00s Real=0.00s
[207.758s][info][gc,task        ] GC(90) Using 6 workers of 6 for full compaction
[207.758s][info][gc,start       ] GC(90) Pause Full (System.gc())
[207.758s][info][gc,phases,start] GC(90) Phase 1: Mark live objects
[207.767s][info][gc,stringtable ] GC(90) Cleaned string and symbol table, strings: 15812 processed, 0 removed, symbols: 120025 processed, 0 removed
[207.767s][info][gc,phases      ] GC(90) Phase 1: Mark live objects 8.718ms
[207.767s][info][gc,phases,start] GC(90) Phase 2: Prepare for compaction
[207.770s][info][gc,phases      ] GC(90) Phase 2: Prepare for compaction 3.184ms
[207.770s][info][gc,phases,start] GC(90) Phase 3: Adjust pointers
[207.780s][info][gc,phases      ] GC(90) Phase 3: Adjust pointers 9.468ms
[207.780s][info][gc,phases,start] GC(90) Phase 4: Compact heap
[207.781s][info][gc,phases      ] GC(90) Phase 4: Compact heap 1.371ms
[207.790s][info][gc,heap        ] GC(90) Eden regions: 181->0(1228)
[207.790s][info][gc,heap        ] GC(90) Survivor regions: 1->0(154)
[207.790s][info][gc,heap        ] GC(90) Old regions: 12->11
[207.790s][info][gc,heap        ] GC(90) Humongous regions: 0->0
[207.790s][info][gc,metaspace   ] GC(90) Metaspace: 59452K(68304K)->59452K(68304K) NonClass: 51831K(56400K)->51831K(56400K) Class: 7620K(11904K)->7620K(11904K)
[207.790s][info][gc             ] GC(90) Pause Full (System.gc()) 377M->14M(4096M) 31.948ms
[207.790s][info][gc,cpu         ] GC(90) User=0.02s Sys=0.00s Real=0.04s
[211.829s][info][gc,start       ] GC(91) Pause Young (Normal) (G1 Evacuation Pause)
[211.829s][info][gc,task        ] GC(91) Using 6 workers of 6 for evacuation
[211.832s][info][gc,phases      ] GC(91)   Pre Evacuate Collection Set: 0.0ms
[211.832s][info][gc,phases      ] GC(91)   Evacuate Collection Set: 0.8ms
[211.832s][info][gc,phases      ] GC(91)   Post Evacuate Collection Set: 1.2ms
[211.832s][info][gc,phases      ] GC(91)   Other: 0.2ms
[211.832s][info][gc,heap        ] GC(91) Eden regions: 1228->0(1227)
[211.832s][info][gc,heap        ] GC(91) Survivor regions: 0->1(154)
[211.832s][info][gc,heap        ] GC(91) Old regions: 11->11
[211.832s][info][gc,heap        ] GC(91) Humongous regions: 0->0
[211.832s][info][gc,metaspace   ] GC(91) Metaspace: 59512K(68560K)->59512K(68560K) NonClass: 51891K(56656K)->51891K(56656K) Class: 7620K(11904K)->7620K(11904K)
[211.832s][info][gc             ] GC(91) Pause Young (Normal) (G1 Evacuation Pause) 2470M->15M(4096M) 2.410ms
[211.832s][info][gc,cpu         ] GC(91) User=0.00s Sys=0.00s Real=0.00s
[212.430s][info][gc,task        ] GC(92) Using 6 workers of 6 for full compaction
[212.430s][info][gc,start       ] GC(92) Pause Full (System.gc())
[212.431s][info][gc,phases,start] GC(92) Phase 1: Mark live objects
[212.439s][info][gc,stringtable ] GC(92) Cleaned string and symbol table, strings: 15815 processed, 0 removed, symbols: 120025 processed, 0 removed
[212.439s][info][gc,phases      ] GC(92) Phase 1: Mark live objects 8.429ms
[212.439s][info][gc,phases,start] GC(92) Phase 2: Prepare for compaction
[212.443s][info][gc,phases      ] GC(92) Phase 2: Prepare for compaction 3.118ms
[212.443s][info][gc,phases,start] GC(92) Phase 3: Adjust pointers
[212.452s][info][gc,phases      ] GC(92) Phase 3: Adjust pointers 9.735ms
[212.452s][info][gc,phases,start] GC(92) Phase 4: Compact heap
[212.454s][info][gc,phases      ] GC(92) Phase 4: Compact heap 1.503ms
[212.463s][info][gc,heap        ] GC(92) Eden regions: 182->0(1228)
[212.463s][info][gc,heap        ] GC(92) Survivor regions: 1->0(154)
[212.463s][info][gc,heap        ] GC(92) Old regions: 11->12
[212.463s][info][gc,heap        ] GC(92) Humongous regions: 0->0
[212.463s][info][gc,metaspace   ] GC(92) Metaspace: 59549K(68560K)->59549K(68560K) NonClass: 51928K(56656K)->51928K(56656K) Class: 7620K(11904K)->7620K(11904K)
[212.463s][info][gc             ] GC(92) Pause Full (System.gc()) 379M->14M(4096M) 33.385ms
[212.463s][info][gc,cpu         ] GC(92) User=0.00s Sys=0.00s Real=0.03s
[216.830s][info][gc,start       ] GC(93) Pause Young (Normal) (G1 Evacuation Pause)
[216.830s][info][gc,task        ] GC(93) Using 6 workers of 6 for evacuation
[216.832s][info][gc,phases      ] GC(93)   Pre Evacuate Collection Set: 0.0ms
[216.832s][info][gc,phases      ] GC(93)   Evacuate Collection Set: 0.8ms
[216.832s][info][gc,phases      ] GC(93)   Post Evacuate Collection Set: 0.9ms
[216.832s][info][gc,phases      ] GC(93)   Other: 0.2ms
[216.832s][info][gc,heap        ] GC(93) Eden regions: 1228->0(1227)
[216.832s][info][gc,heap        ] GC(93) Survivor regions: 0->1(154)
[216.832s][info][gc,heap        ] GC(93) Old regions: 12->12
[216.832s][info][gc,heap        ] GC(93) Humongous regions: 0->0
[216.832s][info][gc,metaspace   ] GC(93) Metaspace: 59676K(68560K)->59676K(68560K) NonClass: 52055K(56656K)->52055K(56656K) Class: 7620K(11904K)->7620K(11904K)
[216.832s][info][gc             ] GC(93) Pause Young (Normal) (G1 Evacuation Pause) 2470M->15M(4096M) 2.129ms
[216.832s][info][gc,cpu         ] GC(93) User=0.00s Sys=0.00s Real=0.02s
[217.426s][info][gc,task        ] GC(94) Using 6 workers of 6 for full compaction
[217.426s][info][gc,start       ] GC(94) Pause Full (System.gc())
[217.427s][info][gc,phases,start] GC(94) Phase 1: Mark live objects
[217.436s][info][gc,stringtable ] GC(94) Cleaned string and symbol table, strings: 15828 processed, 0 removed, symbols: 120025 processed, 0 removed
[217.436s][info][gc,phases      ] GC(94) Phase 1: Mark live objects 8.695ms
[217.436s][info][gc,phases,start] GC(94) Phase 2: Prepare for compaction
[217.439s][info][gc,phases      ] GC(94) Phase 2: Prepare for compaction 2.956ms
[217.439s][info][gc,phases,start] GC(94) Phase 3: Adjust pointers
[217.449s][info][gc,phases      ] GC(94) Phase 3: Adjust pointers 10.040ms
[217.449s][info][gc,phases,start] GC(94) Phase 4: Compact heap
[217.450s][info][gc,phases      ] GC(94) Phase 4: Compact heap 1.406ms
[217.459s][info][gc,heap        ] GC(94) Eden regions: 182->0(1228)
[217.459s][info][gc,heap        ] GC(94) Survivor regions: 1->0(154)
[217.459s][info][gc,heap        ] GC(94) Old regions: 12->12
[217.459s][info][gc,heap        ] GC(94) Humongous regions: 0->0
[217.459s][info][gc,metaspace   ] GC(94) Metaspace: 59677K(68560K)->59677K(68560K) NonClass: 52056K(56656K)->52056K(56656K) Class: 7620K(11904K)->7620K(11904K)
[217.459s][info][gc             ] GC(94) Pause Full (System.gc()) 379M->14M(4096M) 32.894ms
[217.459s][info][gc,cpu         ] GC(94) User=0.03s Sys=0.00s Real=0.03s
[221.448s][info][gc,start       ] GC(95) Pause Young (Normal) (G1 Evacuation Pause)
[221.448s][info][gc,task        ] GC(95) Using 6 workers of 6 for evacuation
[221.449s][info][gc,phases      ] GC(95)   Pre Evacuate Collection Set: 0.0ms
[221.449s][info][gc,phases      ] GC(95)   Evacuate Collection Set: 0.8ms
[221.449s][info][gc,phases      ] GC(95)   Post Evacuate Collection Set: 0.8ms
[221.449s][info][gc,phases      ] GC(95)   Other: 0.2ms
[221.449s][info][gc,heap        ] GC(95) Eden regions: 1228->0(1227)
[221.449s][info][gc,heap        ] GC(95) Survivor regions: 0->1(154)
[221.449s][info][gc,heap        ] GC(95) Old regions: 12->12
[221.449s][info][gc,heap        ] GC(95) Humongous regions: 0->0
[221.449s][info][gc,metaspace   ] GC(95) Metaspace: 59744K(68816K)->59744K(68816K) NonClass: 52123K(56912K)->52123K(56912K) Class: 7620K(11904K)->7620K(11904K)
[221.449s][info][gc             ] GC(95) Pause Young (Normal) (G1 Evacuation Pause) 2470M->15M(4096M) 1.982ms
[221.450s][info][gc,cpu         ] GC(95) User=0.00s Sys=0.00s Real=0.00s
[222.073s][info][gc,task        ] GC(96) Using 6 workers of 6 for full compaction
[222.074s][info][gc,start       ] GC(96) Pause Full (System.gc())
[222.075s][info][gc,phases,start] GC(96) Phase 1: Mark live objects
[222.084s][info][gc,stringtable ] GC(96) Cleaned string and symbol table, strings: 15831 processed, 5 removed, symbols: 120025 processed, 0 removed
[222.084s][info][gc,phases      ] GC(96) Phase 1: Mark live objects 8.779ms
[222.084s][info][gc,phases,start] GC(96) Phase 2: Prepare for compaction
[222.087s][info][gc,phases      ] GC(96) Phase 2: Prepare for compaction 3.271ms
[222.087s][info][gc,phases,start] GC(96) Phase 3: Adjust pointers
[222.097s][info][gc,phases      ] GC(96) Phase 3: Adjust pointers 10.008ms
[222.097s][info][gc,phases,start] GC(96) Phase 4: Compact heap
[222.099s][info][gc,phases      ] GC(96) Phase 4: Compact heap 1.334ms
[222.107s][info][gc,heap        ] GC(96) Eden regions: 182->0(1228)
[222.108s][info][gc,heap        ] GC(96) Survivor regions: 1->0(154)
[222.108s][info][gc,heap        ] GC(96) Old regions: 12->13
[222.108s][info][gc,heap        ] GC(96) Humongous regions: 0->0
[222.108s][info][gc,metaspace   ] GC(96) Metaspace: 59744K(68816K)->59744K(68816K) NonClass: 52123K(56912K)->52123K(56912K) Class: 7620K(11904K)->7620K(11904K)
[222.108s][info][gc             ] GC(96) Pause Full (System.gc()) 378M->14M(4096M) 33.978ms
[222.108s][info][gc,cpu         ] GC(96) User=0.02s Sys=0.00s Real=0.03s
[226.095s][info][gc,start       ] GC(97) Pause Young (Normal) (G1 Evacuation Pause)
[226.095s][info][gc,task        ] GC(97) Using 6 workers of 6 for evacuation
[226.097s][info][gc,phases      ] GC(97)   Pre Evacuate Collection Set: 0.0ms
[226.097s][info][gc,phases      ] GC(97)   Evacuate Collection Set: 0.7ms
[226.097s][info][gc,phases      ] GC(97)   Post Evacuate Collection Set: 0.9ms
[226.097s][info][gc,phases      ] GC(97)   Other: 0.2ms
[226.097s][info][gc,heap        ] GC(97) Eden regions: 1228->0(1227)
[226.097s][info][gc,heap        ] GC(97) Survivor regions: 0->1(154)
[226.097s][info][gc,heap        ] GC(97) Old regions: 13->13
[226.097s][info][gc,heap        ] GC(97) Humongous regions: 0->0
[226.097s][info][gc,metaspace   ] GC(97) Metaspace: 59751K(68816K)->59751K(68816K) NonClass: 52130K(56912K)->52130K(56912K) Class: 7620K(11904K)->7620K(11904K)
[226.097s][info][gc             ] GC(97) Pause Young (Normal) (G1 Evacuation Pause) 2470M->15M(4096M) 1.938ms
[226.097s][info][gc,cpu         ] GC(97) User=0.02s Sys=0.00s Real=0.01s
[226.688s][info][gc,task        ] GC(98) Using 6 workers of 6 for full compaction
[226.688s][info][gc,start       ] GC(98) Pause Full (System.gc())
[226.689s][info][gc,phases,start] GC(98) Phase 1: Mark live objects
[226.697s][info][gc,stringtable ] GC(98) Cleaned string and symbol table, strings: 15832 processed, 0 removed, symbols: 120025 processed, 0 removed
[226.697s][info][gc,phases      ] GC(98) Phase 1: Mark live objects 8.808ms
[226.697s][info][gc,phases,start] GC(98) Phase 2: Prepare for compaction
[226.700s][info][gc,phases      ] GC(98) Phase 2: Prepare for compaction 3.027ms
[226.701s][info][gc,phases,start] GC(98) Phase 3: Adjust pointers
[226.711s][info][gc,phases      ] GC(98) Phase 3: Adjust pointers 9.996ms
[226.711s][info][gc,phases,start] GC(98) Phase 4: Compact heap
[226.712s][info][gc,phases      ] GC(98) Phase 4: Compact heap 1.351ms
[226.721s][info][gc,heap        ] GC(98) Eden regions: 181->0(1228)
[226.721s][info][gc,heap        ] GC(98) Survivor regions: 1->0(154)
[226.721s][info][gc,heap        ] GC(98) Old regions: 13->12
[226.721s][info][gc,heap        ] GC(98) Humongous regions: 0->0
[226.721s][info][gc,metaspace   ] GC(98) Metaspace: 59751K(68816K)->59751K(68816K) NonClass: 52130K(56912K)->52130K(56912K) Class: 7620K(11904K)->7620K(11904K)
[226.721s][info][gc             ] GC(98) Pause Full (System.gc()) 377M->14M(4096M) 32.552ms
[226.721s][info][gc,cpu         ] GC(98) User=0.00s Sys=0.00s Real=0.03s
[231.669s][info][gc,start       ] GC(99) Pause Young (Normal) (G1 Evacuation Pause)
[231.669s][info][gc,task        ] GC(99) Using 6 workers of 6 for evacuation
[231.679s][info][gc,phases      ] GC(99)   Pre Evacuate Collection Set: 0.2ms
[231.679s][info][gc,phases      ] GC(99)   Evacuate Collection Set: 6.0ms
[231.680s][info][gc,phases      ] GC(99)   Post Evacuate Collection Set: 3.4ms
[231.680s][info][gc,phases      ] GC(99)   Other: 1.3ms
[231.680s][info][gc,heap        ] GC(99) Eden regions: 1228->0(1227)
[231.680s][info][gc,heap        ] GC(99) Survivor regions: 0->1(154)
[231.680s][info][gc,heap        ] GC(99) Old regions: 12->12
[231.680s][info][gc,heap        ] GC(99) Humongous regions: 0->0
[231.680s][info][gc,metaspace   ] GC(99) Metaspace: 59761K(68816K)->59761K(68816K) NonClass: 52140K(56912K)->52140K(56912K) Class: 7620K(11904K)->7620K(11904K)
[231.680s][info][gc             ] GC(99) Pause Young (Normal) (G1 Evacuation Pause) 2470M->15M(4096M) 11.547ms
[231.680s][info][gc,cpu         ] GC(99) User=0.00s Sys=0.00s Real=0.00s
[235.036s][info][gc,task        ] GC(100) Using 6 workers of 6 for full compaction
[235.037s][info][gc,start       ] GC(100) Pause Full (System.gc())
[235.038s][info][gc,phases,start] GC(100) Phase 1: Mark live objects
[235.068s][info][gc,stringtable ] GC(100) Cleaned string and symbol table, strings: 15832 processed, 5 removed, symbols: 120025 processed, 0 removed
[235.068s][info][gc,phases      ] GC(100) Phase 1: Mark live objects 29.221ms
[235.068s][info][gc,phases,start] GC(100) Phase 2: Prepare for compaction
[235.072s][info][gc,phases      ] GC(100) Phase 2: Prepare for compaction 4.309ms
[235.072s][info][gc,phases,start] GC(100) Phase 3: Adjust pointers
[235.098s][info][gc,phases      ] GC(100) Phase 3: Adjust pointers 25.659ms
[235.098s][info][gc,phases,start] GC(100) Phase 4: Compact heap
[235.100s][info][gc,phases      ] GC(100) Phase 4: Compact heap 2.028ms
[235.120s][info][gc,heap        ] GC(100) Eden regions: 181->0(1228)
[235.120s][info][gc,heap        ] GC(100) Survivor regions: 1->0(154)
[235.120s][info][gc,heap        ] GC(100) Old regions: 12->12
[235.120s][info][gc,heap        ] GC(100) Humongous regions: 0->0
[235.120s][info][gc,metaspace   ] GC(100) Metaspace: 59761K(68816K)->59761K(68816K) NonClass: 52140K(56912K)->52140K(56912K) Class: 7620K(11904K)->7620K(11904K)
[235.121s][info][gc             ] GC(100) Pause Full (System.gc()) 376M->14M(4096M) 83.900ms
[235.121s][info][gc,cpu         ] GC(100) User=0.05s Sys=0.00s Real=0.09s
[241.393s][info][gc,start       ] GC(101) Pause Young (Normal) (G1 Evacuation Pause)
[241.393s][info][gc,task        ] GC(101) Using 6 workers of 6 for evacuation
[241.396s][info][gc,phases      ] GC(101)   Pre Evacuate Collection Set: 0.0ms
[241.396s][info][gc,phases      ] GC(101)   Evacuate Collection Set: 1.1ms
[241.396s][info][gc,phases      ] GC(101)   Post Evacuate Collection Set: 0.9ms
[241.396s][info][gc,phases      ] GC(101)   Other: 0.3ms
[241.396s][info][gc,heap        ] GC(101) Eden regions: 1228->0(1227)
[241.396s][info][gc,heap        ] GC(101) Survivor regions: 0->1(154)
[241.396s][info][gc,heap        ] GC(101) Old regions: 12->12
[241.396s][info][gc,heap        ] GC(101) Humongous regions: 0->0
[241.396s][info][gc,metaspace   ] GC(101) Metaspace: 59770K(68816K)->59770K(68816K) NonClass: 52149K(56912K)->52149K(56912K) Class: 7620K(11904K)->7620K(11904K)
[241.396s][info][gc             ] GC(101) Pause Young (Normal) (G1 Evacuation Pause) 2470M->15M(4096M) 2.422ms
[241.396s][info][gc,cpu         ] GC(101) User=0.00s Sys=0.00s Real=0.00s
[242.176s][info][gc,task        ] GC(102) Using 6 workers of 6 for full compaction
[242.176s][info][gc,start       ] GC(102) Pause Full (System.gc())
[242.177s][info][gc,phases,start] GC(102) Phase 1: Mark live objects
[242.187s][info][gc,stringtable ] GC(102) Cleaned string and symbol table, strings: 15834 processed, 5 removed, symbols: 120025 processed, 0 removed
[242.187s][info][gc,phases      ] GC(102) Phase 1: Mark live objects 10.553ms
[242.187s][info][gc,phases,start] GC(102) Phase 2: Prepare for compaction
[242.191s][info][gc,phases      ] GC(102) Phase 2: Prepare for compaction 3.341ms
[242.191s][info][gc,phases,start] GC(102) Phase 3: Adjust pointers
[242.204s][info][gc,phases      ] GC(102) Phase 3: Adjust pointers 12.957ms
[242.204s][info][gc,phases,start] GC(102) Phase 4: Compact heap
[242.206s][info][gc,phases      ] GC(102) Phase 4: Compact heap 1.905ms
[242.217s][info][gc,heap        ] GC(102) Eden regions: 182->0(1228)
[242.217s][info][gc,heap        ] GC(102) Survivor regions: 1->0(154)
[242.217s][info][gc,heap        ] GC(102) Old regions: 12->12
[242.217s][info][gc,heap        ] GC(102) Humongous regions: 0->0
[242.217s][info][gc,metaspace   ] GC(102) Metaspace: 59774K(68816K)->59774K(68816K) NonClass: 52153K(56912K)->52153K(56912K) Class: 7620K(11904K)->7620K(11904K)
[242.217s][info][gc             ] GC(102) Pause Full (System.gc()) 377M->14M(4096M) 41.245ms
[242.217s][info][gc,cpu         ] GC(102) User=0.02s Sys=0.00s Real=0.05s
[247.136s][info][gc,start       ] GC(103) Pause Young (Normal) (G1 Evacuation Pause)
[247.136s][info][gc,task        ] GC(103) Using 6 workers of 6 for evacuation
[247.138s][info][gc,phases      ] GC(103)   Pre Evacuate Collection Set: 0.0ms
[247.138s][info][gc,phases      ] GC(103)   Evacuate Collection Set: 1.1ms
[247.138s][info][gc,phases      ] GC(103)   Post Evacuate Collection Set: 0.8ms
[247.138s][info][gc,phases      ] GC(103)   Other: 0.3ms
[247.138s][info][gc,heap        ] GC(103) Eden regions: 1228->0(1227)
[247.138s][info][gc,heap        ] GC(103) Survivor regions: 0->1(154)
[247.138s][info][gc,heap        ] GC(103) Old regions: 12->12
[247.138s][info][gc,heap        ] GC(103) Humongous regions: 0->0
[247.138s][info][gc,metaspace   ] GC(103) Metaspace: 59799K(68816K)->59799K(68816K) NonClass: 52178K(56912K)->52178K(56912K) Class: 7620K(11904K)->7620K(11904K)
[247.138s][info][gc             ] GC(103) Pause Young (Normal) (G1 Evacuation Pause) 2470M->15M(4096M) 2.471ms
[247.138s][info][gc,cpu         ] GC(103) User=0.00s Sys=0.00s Real=0.00s
[247.828s][info][gc,task        ] GC(104) Using 6 workers of 6 for full compaction
[247.828s][info][gc,start       ] GC(104) Pause Full (System.gc())
[247.829s][info][gc,phases,start] GC(104) Phase 1: Mark live objects
[247.840s][info][gc,stringtable ] GC(104) Cleaned string and symbol table, strings: 15834 processed, 5 removed, symbols: 120025 processed, 0 removed
[247.840s][info][gc,phases      ] GC(104) Phase 1: Mark live objects 10.924ms
[247.840s][info][gc,phases,start] GC(104) Phase 2: Prepare for compaction
[247.843s][info][gc,phases      ] GC(104) Phase 2: Prepare for compaction 3.674ms
[247.843s][info][gc,phases,start] GC(104) Phase 3: Adjust pointers
[247.855s][info][gc,phases      ] GC(104) Phase 3: Adjust pointers 12.079ms
[247.856s][info][gc,phases,start] GC(104) Phase 4: Compact heap
[247.857s][info][gc,phases      ] GC(104) Phase 4: Compact heap 1.147ms
[247.867s][info][gc,heap        ] GC(104) Eden regions: 182->0(1228)
[247.867s][info][gc,heap        ] GC(104) Survivor regions: 1->0(154)
[247.867s][info][gc,heap        ] GC(104) Old regions: 12->12
[247.867s][info][gc,heap        ] GC(104) Humongous regions: 0->0
[247.867s][info][gc,metaspace   ] GC(104) Metaspace: 59803K(68816K)->59803K(68816K) NonClass: 52182K(56912K)->52182K(56912K) Class: 7620K(11904K)->7620K(11904K)
[247.867s][info][gc             ] GC(104) Pause Full (System.gc()) 379M->14M(4096M) 39.057ms
[247.867s][info][gc,cpu         ] GC(104) User=0.02s Sys=0.00s Real=0.03s
[253.089s][info][gc,start       ] GC(105) Pause Young (Normal) (G1 Evacuation Pause)
[253.089s][info][gc,task        ] GC(105) Using 6 workers of 6 for evacuation
[253.091s][info][gc,phases      ] GC(105)   Pre Evacuate Collection Set: 0.0ms
[253.091s][info][gc,phases      ] GC(105)   Evacuate Collection Set: 0.9ms
[253.091s][info][gc,phases      ] GC(105)   Post Evacuate Collection Set: 0.8ms
[253.091s][info][gc,phases      ] GC(105)   Other: 0.3ms
[253.091s][info][gc,heap        ] GC(105) Eden regions: 1228->0(1227)
[253.091s][info][gc,heap        ] GC(105) Survivor regions: 0->1(154)
[253.091s][info][gc,heap        ] GC(105) Old regions: 12->12
[253.091s][info][gc,heap        ] GC(105) Humongous regions: 0->0
[253.091s][info][gc,metaspace   ] GC(105) Metaspace: 59811K(68816K)->59811K(68816K) NonClass: 52190K(56912K)->52190K(56912K) Class: 7620K(11904K)->7620K(11904K)
[253.091s][info][gc             ] GC(105) Pause Young (Normal) (G1 Evacuation Pause) 2470M->15M(4096M) 2.173ms
[253.091s][info][gc,cpu         ] GC(105) User=0.00s Sys=0.00s Real=0.00s
[253.769s][info][gc,task        ] GC(106) Using 6 workers of 6 for full compaction
[253.769s][info][gc,start       ] GC(106) Pause Full (System.gc())
[253.770s][info][gc,phases,start] GC(106) Phase 1: Mark live objects
[253.781s][info][gc,stringtable ] GC(106) Cleaned string and symbol table, strings: 15836 processed, 5 removed, symbols: 120025 processed, 0 removed
[253.781s][info][gc,phases      ] GC(106) Phase 1: Mark live objects 11.093ms
[253.781s][info][gc,phases,start] GC(106) Phase 2: Prepare for compaction
[253.785s][info][gc,phases      ] GC(106) Phase 2: Prepare for compaction 3.748ms
[253.785s][info][gc,phases,start] GC(106) Phase 3: Adjust pointers
[253.797s][info][gc,phases      ] GC(106) Phase 3: Adjust pointers 11.418ms
[253.797s][info][gc,phases,start] GC(106) Phase 4: Compact heap
[253.798s][info][gc,phases      ] GC(106) Phase 4: Compact heap 1.562ms
[253.808s][info][gc,heap        ] GC(106) Eden regions: 182->0(1228)
[253.808s][info][gc,heap        ] GC(106) Survivor regions: 1->0(154)
[253.808s][info][gc,heap        ] GC(106) Old regions: 12->13
[253.808s][info][gc,heap        ] GC(106) Humongous regions: 0->0
[253.808s][info][gc,metaspace   ] GC(106) Metaspace: 59811K(68816K)->59811K(68816K) NonClass: 52190K(56912K)->52190K(56912K) Class: 7620K(11904K)->7620K(11904K)
[253.808s][info][gc             ] GC(106) Pause Full (System.gc()) 379M->14M(4096M) 39.109ms
[253.808s][info][gc,cpu         ] GC(106) User=0.03s Sys=0.00s Real=0.03s
[258.309s][info][gc,start       ] GC(107) Pause Young (Normal) (G1 Evacuation Pause)
[258.309s][info][gc,task        ] GC(107) Using 6 workers of 6 for evacuation
[258.312s][info][gc,phases      ] GC(107)   Pre Evacuate Collection Set: 0.0ms
[258.312s][info][gc,phases      ] GC(107)   Evacuate Collection Set: 1.0ms
[258.312s][info][gc,phases      ] GC(107)   Post Evacuate Collection Set: 1.0ms
[258.312s][info][gc,phases      ] GC(107)   Other: 0.2ms
[258.312s][info][gc,heap        ] GC(107) Eden regions: 1228->0(1227)
[258.312s][info][gc,heap        ] GC(107) Survivor regions: 0->1(154)
[258.312s][info][gc,heap        ] GC(107) Old regions: 13->13
[258.312s][info][gc,heap        ] GC(107) Humongous regions: 0->0
[258.312s][info][gc,metaspace   ] GC(107) Metaspace: 59812K(68816K)->59812K(68816K) NonClass: 52191K(56912K)->52191K(56912K) Class: 7620K(11904K)->7620K(11904K)
[258.312s][info][gc             ] GC(107) Pause Young (Normal) (G1 Evacuation Pause) 2470M->15M(4096M) 2.367ms
[258.312s][info][gc,cpu         ] GC(107) User=0.00s Sys=0.00s Real=0.00s
[258.963s][info][gc,task        ] GC(108) Using 6 workers of 6 for full compaction
[258.964s][info][gc,start       ] GC(108) Pause Full (System.gc())
[258.964s][info][gc,phases,start] GC(108) Phase 1: Mark live objects
[258.974s][info][gc,stringtable ] GC(108) Cleaned string and symbol table, strings: 15837 processed, 0 removed, symbols: 120025 processed, 0 removed
[258.974s][info][gc,phases      ] GC(108) Phase 1: Mark live objects 9.520ms
[258.974s][info][gc,phases,start] GC(108) Phase 2: Prepare for compaction
[258.977s][info][gc,phases      ] GC(108) Phase 2: Prepare for compaction 3.186ms
[258.977s][info][gc,phases,start] GC(108) Phase 3: Adjust pointers
[258.988s][info][gc,phases      ] GC(108) Phase 3: Adjust pointers 11.219ms
[258.988s][info][gc,phases,start] GC(108) Phase 4: Compact heap
[258.990s][info][gc,phases      ] GC(108) Phase 4: Compact heap 1.698ms
[259.001s][info][gc,heap        ] GC(108) Eden regions: 181->0(1228)
[259.001s][info][gc,heap        ] GC(108) Survivor regions: 1->0(154)
[259.001s][info][gc,heap        ] GC(108) Old regions: 13->12
[259.001s][info][gc,heap        ] GC(108) Humongous regions: 0->0
[259.001s][info][gc,metaspace   ] GC(108) Metaspace: 59812K(68816K)->59812K(68816K) NonClass: 52192K(56912K)->52192K(56912K) Class: 7620K(11904K)->7620K(11904K)
[259.001s][info][gc             ] GC(108) Pause Full (System.gc()) 377M->14M(4096M) 37.283ms
[259.001s][info][gc,cpu         ] GC(108) User=0.00s Sys=0.00s Real=0.03s
[263.503s][info][gc,start       ] GC(109) Pause Young (Normal) (G1 Evacuation Pause)
[263.503s][info][gc,task        ] GC(109) Using 6 workers of 6 for evacuation
[263.505s][info][gc,phases      ] GC(109)   Pre Evacuate Collection Set: 0.0ms
[263.505s][info][gc,phases      ] GC(109)   Evacuate Collection Set: 0.9ms
[263.505s][info][gc,phases      ] GC(109)   Post Evacuate Collection Set: 0.8ms
[263.505s][info][gc,phases      ] GC(109)   Other: 0.3ms
[263.505s][info][gc,heap        ] GC(109) Eden regions: 1228->0(1227)
[263.505s][info][gc,heap        ] GC(109) Survivor regions: 0->1(154)
[263.505s][info][gc,heap        ] GC(109) Old regions: 12->12
[263.505s][info][gc,heap        ] GC(109) Humongous regions: 0->0
[263.505s][info][gc,metaspace   ] GC(109) Metaspace: 59816K(68816K)->59816K(68816K) NonClass: 52195K(56912K)->52195K(56912K) Class: 7620K(11904K)->7620K(11904K)
[263.505s][info][gc             ] GC(109) Pause Young (Normal) (G1 Evacuation Pause) 2470M->15M(4096M) 2.206ms
[263.505s][info][gc,cpu         ] GC(109) User=0.00s Sys=0.00s Real=0.00s
[264.166s][info][gc,task        ] GC(110) Using 6 workers of 6 for full compaction
[264.167s][info][gc,start       ] GC(110) Pause Full (System.gc())
[264.167s][info][gc,phases,start] GC(110) Phase 1: Mark live objects
[264.178s][info][gc,stringtable ] GC(110) Cleaned string and symbol table, strings: 15842 processed, 0 removed, symbols: 120025 processed, 0 removed
[264.178s][info][gc,phases      ] GC(110) Phase 1: Mark live objects 10.189ms
[264.178s][info][gc,phases,start] GC(110) Phase 2: Prepare for compaction
[264.181s][info][gc,phases      ] GC(110) Phase 2: Prepare for compaction 3.139ms
[264.181s][info][gc,phases,start] GC(110) Phase 3: Adjust pointers
[264.191s][info][gc,phases      ] GC(110) Phase 3: Adjust pointers 10.510ms
[264.191s][info][gc,phases,start] GC(110) Phase 4: Compact heap
[264.193s][info][gc,phases      ] GC(110) Phase 4: Compact heap 1.358ms
[264.202s][info][gc,heap        ] GC(110) Eden regions: 182->0(1228)
[264.202s][info][gc,heap        ] GC(110) Survivor regions: 1->0(154)
[264.202s][info][gc,heap        ] GC(110) Old regions: 12->12
[264.202s][info][gc,heap        ] GC(110) Humongous regions: 0->0
[264.202s][info][gc,metaspace   ] GC(110) Metaspace: 59816K(68816K)->59816K(68816K) NonClass: 52195K(56912K)->52195K(56912K) Class: 7620K(11904K)->7620K(11904K)
[264.202s][info][gc             ] GC(110) Pause Full (System.gc()) 378M->14M(4096M) 35.906ms
[264.203s][info][gc,cpu         ] GC(110) User=0.02s Sys=0.00s Real=0.03s
[268.661s][info][gc,start       ] GC(111) Pause Young (Normal) (G1 Evacuation Pause)
[268.661s][info][gc,task        ] GC(111) Using 6 workers of 6 for evacuation
[268.663s][info][gc,phases      ] GC(111)   Pre Evacuate Collection Set: 0.0ms
[268.663s][info][gc,phases      ] GC(111)   Evacuate Collection Set: 0.9ms
[268.663s][info][gc,phases      ] GC(111)   Post Evacuate Collection Set: 0.8ms
[268.663s][info][gc,phases      ] GC(111)   Other: 0.2ms
[268.663s][info][gc,heap        ] GC(111) Eden regions: 1228->0(1227)
[268.663s][info][gc,heap        ] GC(111) Survivor regions: 0->1(154)
[268.663s][info][gc,heap        ] GC(111) Old regions: 12->12
[268.663s][info][gc,heap        ] GC(111) Humongous regions: 0->0
[268.663s][info][gc,metaspace   ] GC(111) Metaspace: 59817K(68816K)->59817K(68816K) NonClass: 52196K(56912K)->52196K(56912K) Class: 7620K(11904K)->7620K(11904K)
[268.663s][info][gc             ] GC(111) Pause Young (Normal) (G1 Evacuation Pause) 2470M->15M(4096M) 2.148ms
[268.663s][info][gc,cpu         ] GC(111) User=0.00s Sys=0.00s Real=0.00s
[269.322s][info][gc,task        ] GC(112) Using 6 workers of 6 for full compaction
[269.323s][info][gc,start       ] GC(112) Pause Full (System.gc())
[269.323s][info][gc,phases,start] GC(112) Phase 1: Mark live objects
[269.334s][info][gc,stringtable ] GC(112) Cleaned string and symbol table, strings: 15842 processed, 0 removed, symbols: 120025 processed, 0 removed
[269.334s][info][gc,phases      ] GC(112) Phase 1: Mark live objects 10.663ms
[269.334s][info][gc,phases,start] GC(112) Phase 2: Prepare for compaction
[269.337s][info][gc,phases      ] GC(112) Phase 2: Prepare for compaction 3.590ms
[269.338s][info][gc,phases,start] GC(112) Phase 3: Adjust pointers
[269.348s][info][gc,phases      ] GC(112) Phase 3: Adjust pointers 10.306ms
[269.348s][info][gc,phases,start] GC(112) Phase 4: Compact heap
[269.349s][info][gc,phases      ] GC(112) Phase 4: Compact heap 1.356ms
[269.358s][info][gc,heap        ] GC(112) Eden regions: 182->0(1228)
[269.358s][info][gc,heap        ] GC(112) Survivor regions: 1->0(154)
[269.358s][info][gc,heap        ] GC(112) Old regions: 12->11
[269.358s][info][gc,heap        ] GC(112) Humongous regions: 0->0
[269.358s][info][gc,metaspace   ] GC(112) Metaspace: 59818K(68816K)->59818K(68816K) NonClass: 52197K(56912K)->52197K(56912K) Class: 7620K(11904K)->7620K(11904K)
[269.358s][info][gc             ] GC(112) Pause Full (System.gc()) 378M->14M(4096M) 35.725ms
[269.358s][info][gc,cpu         ] GC(112) User=0.02s Sys=0.00s Real=0.03s
[273.773s][info][gc,start       ] GC(113) Pause Young (Normal) (G1 Evacuation Pause)
[273.773s][info][gc,task        ] GC(113) Using 6 workers of 6 for evacuation
[273.775s][info][gc,phases      ] GC(113)   Pre Evacuate Collection Set: 0.0ms
[273.775s][info][gc,phases      ] GC(113)   Evacuate Collection Set: 0.8ms
[273.775s][info][gc,phases      ] GC(113)   Post Evacuate Collection Set: 0.8ms
[273.775s][info][gc,phases      ] GC(113)   Other: 0.3ms
[273.775s][info][gc,heap        ] GC(113) Eden regions: 1228->0(1227)
[273.775s][info][gc,heap        ] GC(113) Survivor regions: 0->1(154)
[273.775s][info][gc,heap        ] GC(113) Old regions: 11->11
[273.775s][info][gc,heap        ] GC(113) Humongous regions: 0->0
[273.775s][info][gc,metaspace   ] GC(113) Metaspace: 59824K(68816K)->59824K(68816K) NonClass: 52203K(56912K)->52203K(56912K) Class: 7620K(11904K)->7620K(11904K)
[273.775s][info][gc             ] GC(113) Pause Young (Normal) (G1 Evacuation Pause) 2470M->15M(4096M) 2.058ms
[273.775s][info][gc,cpu         ] GC(113) User=0.00s Sys=0.00s Real=0.00s
[274.409s][info][gc,task        ] GC(114) Using 6 workers of 6 for full compaction
[274.409s][info][gc,start       ] GC(114) Pause Full (System.gc())
[274.410s][info][gc,phases,start] GC(114) Phase 1: Mark live objects
[274.422s][info][gc,stringtable ] GC(114) Cleaned string and symbol table, strings: 15850 processed, 5 removed, symbols: 120025 processed, 0 removed
[274.422s][info][gc,phases      ] GC(114) Phase 1: Mark live objects 11.366ms
[274.422s][info][gc,phases,start] GC(114) Phase 2: Prepare for compaction
[274.425s][info][gc,phases      ] GC(114) Phase 2: Prepare for compaction 3.337ms
[274.425s][info][gc,phases,start] GC(114) Phase 3: Adjust pointers
[274.435s][info][gc,phases      ] GC(114) Phase 3: Adjust pointers 10.236ms
[274.436s][info][gc,phases,start] GC(114) Phase 4: Compact heap
[274.437s][info][gc,phases      ] GC(114) Phase 4: Compact heap 1.437ms
[274.446s][info][gc,heap        ] GC(114) Eden regions: 181->0(1228)
[274.446s][info][gc,heap        ] GC(114) Survivor regions: 1->0(154)
[274.446s][info][gc,heap        ] GC(114) Old regions: 11->13
[274.446s][info][gc,heap        ] GC(114) Humongous regions: 0->0
[274.446s][info][gc,metaspace   ] GC(114) Metaspace: 59837K(68816K)->59837K(68816K) NonClass: 52216K(56912K)->52216K(56912K) Class: 7620K(11904K)->7620K(11904K)
[274.446s][info][gc             ] GC(114) Pause Full (System.gc()) 376M->14M(4096M) 36.669ms
[274.446s][info][gc,cpu         ] GC(114) User=0.02s Sys=0.00s Real=0.03s
[278.904s][info][gc,start       ] GC(115) Pause Young (Normal) (G1 Evacuation Pause)
[278.904s][info][gc,task        ] GC(115) Using 6 workers of 6 for evacuation
[278.906s][info][gc,phases      ] GC(115)   Pre Evacuate Collection Set: 0.0ms
[278.906s][info][gc,phases      ] GC(115)   Evacuate Collection Set: 0.9ms
[278.906s][info][gc,phases      ] GC(115)   Post Evacuate Collection Set: 0.8ms
[278.906s][info][gc,phases      ] GC(115)   Other: 0.2ms
[278.906s][info][gc,heap        ] GC(115) Eden regions: 1228->0(1227)
[278.906s][info][gc,heap        ] GC(115) Survivor regions: 0->1(154)
[278.906s][info][gc,heap        ] GC(115) Old regions: 13->13
[278.906s][info][gc,heap        ] GC(115) Humongous regions: 0->0
[278.906s][info][gc,metaspace   ] GC(115) Metaspace: 59839K(68816K)->59839K(68816K) NonClass: 52218K(56912K)->52218K(56912K) Class: 7620K(11904K)->7620K(11904K)
[278.906s][info][gc             ] GC(115) Pause Young (Normal) (G1 Evacuation Pause) 2470M->15M(4096M) 2.099ms
[278.906s][info][gc,cpu         ] GC(115) User=0.00s Sys=0.00s Real=0.00s
[279.550s][info][gc,task        ] GC(116) Using 6 workers of 6 for full compaction
[279.550s][info][gc,start       ] GC(116) Pause Full (System.gc())
[279.551s][info][gc,phases,start] GC(116) Phase 1: Mark live objects
[279.560s][info][gc,stringtable ] GC(116) Cleaned string and symbol table, strings: 15860 processed, 0 removed, symbols: 120025 processed, 0 removed
[279.560s][info][gc,phases      ] GC(116) Phase 1: Mark live objects 9.570ms
[279.560s][info][gc,phases,start] GC(116) Phase 2: Prepare for compaction
[279.564s][info][gc,phases      ] GC(116) Phase 2: Prepare for compaction 3.692ms
[279.564s][info][gc,phases,start] GC(116) Phase 3: Adjust pointers
[279.575s][info][gc,phases      ] GC(116) Phase 3: Adjust pointers 10.814ms
[279.575s][info][gc,phases,start] GC(116) Phase 4: Compact heap
[279.576s][info][gc,phases      ] GC(116) Phase 4: Compact heap 1.373ms
[279.586s][info][gc,heap        ] GC(116) Eden regions: 181->0(1228)
[279.586s][info][gc,heap        ] GC(116) Survivor regions: 1->0(154)
[279.586s][info][gc,heap        ] GC(116) Old regions: 13->12
[279.586s][info][gc,heap        ] GC(116) Humongous regions: 0->0
[279.586s][info][gc,metaspace   ] GC(116) Metaspace: 59844K(68816K)->59844K(68816K) NonClass: 52223K(56912K)->52223K(56912K) Class: 7620K(11904K)->7620K(11904K)
[279.586s][info][gc             ] GC(116) Pause Full (System.gc()) 377M->14M(4096M) 35.703ms
[279.586s][info][gc,cpu         ] GC(116) User=0.02s Sys=0.00s Real=0.03s
[284.047s][info][gc,start       ] GC(117) Pause Young (Normal) (G1 Evacuation Pause)
[284.047s][info][gc,task        ] GC(117) Using 6 workers of 6 for evacuation
[284.049s][info][gc,phases      ] GC(117)   Pre Evacuate Collection Set: 0.0ms
[284.049s][info][gc,phases      ] GC(117)   Evacuate Collection Set: 1.0ms
[284.049s][info][gc,phases      ] GC(117)   Post Evacuate Collection Set: 0.8ms
[284.049s][info][gc,phases      ] GC(117)   Other: 0.3ms
[284.049s][info][gc,heap        ] GC(117) Eden regions: 1228->0(1227)
[284.049s][info][gc,heap        ] GC(117) Survivor regions: 0->1(154)
[284.049s][info][gc,heap        ] GC(117) Old regions: 12->12
[284.049s][info][gc,heap        ] GC(117) Humongous regions: 0->0
[284.049s][info][gc,metaspace   ] GC(117) Metaspace: 59845K(68816K)->59845K(68816K) NonClass: 52224K(56912K)->52224K(56912K) Class: 7620K(11904K)->7620K(11904K)
[284.049s][info][gc             ] GC(117) Pause Young (Normal) (G1 Evacuation Pause) 2470M->15M(4096M) 2.171ms
[284.049s][info][gc,cpu         ] GC(117) User=0.00s Sys=0.00s Real=0.00s
[284.690s][info][gc,task        ] GC(118) Using 6 workers of 6 for full compaction
[284.690s][info][gc,start       ] GC(118) Pause Full (System.gc())
[284.691s][info][gc,phases,start] GC(118) Phase 1: Mark live objects
[284.700s][info][gc,stringtable ] GC(118) Cleaned string and symbol table, strings: 15860 processed, 0 removed, symbols: 120025 processed, 0 removed
[284.700s][info][gc,phases      ] GC(118) Phase 1: Mark live objects 9.698ms
[284.700s][info][gc,phases,start] GC(118) Phase 2: Prepare for compaction
[284.703s][info][gc,phases      ] GC(118) Phase 2: Prepare for compaction 3.026ms
[284.703s][info][gc,phases,start] GC(118) Phase 3: Adjust pointers
[284.714s][info][gc,phases      ] GC(118) Phase 3: Adjust pointers 10.586ms
[284.714s][info][gc,phases,start] GC(118) Phase 4: Compact heap
[284.716s][info][gc,phases      ] GC(118) Phase 4: Compact heap 1.394ms
[284.725s][info][gc,heap        ] GC(118) Eden regions: 180->0(1228)
[284.725s][info][gc,heap        ] GC(118) Survivor regions: 1->0(154)
[284.725s][info][gc,heap        ] GC(118) Old regions: 12->12
[284.725s][info][gc,heap        ] GC(118) Humongous regions: 0->0
[284.725s][info][gc,metaspace   ] GC(118) Metaspace: 59846K(68816K)->59846K(68816K) NonClass: 52225K(56912K)->52225K(56912K) Class: 7620K(11904K)->7620K(11904K)
[284.725s][info][gc             ] GC(118) Pause Full (System.gc()) 375M->14M(4096M) 34.644ms
[284.725s][info][gc,cpu         ] GC(118) User=0.02s Sys=0.00s Real=0.03s
[289.131s][info][gc,start       ] GC(119) Pause Young (Normal) (G1 Evacuation Pause)
[289.132s][info][gc,task        ] GC(119) Using 6 workers of 6 for evacuation
[289.134s][info][gc,phases      ] GC(119)   Pre Evacuate Collection Set: 0.0ms
[289.134s][info][gc,phases      ] GC(119)   Evacuate Collection Set: 1.0ms
[289.134s][info][gc,phases      ] GC(119)   Post Evacuate Collection Set: 0.9ms
[289.134s][info][gc,phases      ] GC(119)   Other: 0.3ms
[289.134s][info][gc,heap        ] GC(119) Eden regions: 1228->0(1227)
[289.134s][info][gc,heap        ] GC(119) Survivor regions: 0->1(154)
[289.134s][info][gc,heap        ] GC(119) Old regions: 12->12
[289.134s][info][gc,heap        ] GC(119) Humongous regions: 0->0
[289.134s][info][gc,metaspace   ] GC(119) Metaspace: 59847K(68816K)->59847K(68816K) NonClass: 52226K(56912K)->52226K(56912K) Class: 7620K(11904K)->7620K(11904K)
[289.134s][info][gc             ] GC(119) Pause Young (Normal) (G1 Evacuation Pause) 2470M->15M(4096M) 2.351ms
[289.134s][info][gc,cpu         ] GC(119) User=0.00s Sys=0.00s Real=0.00s
[289.771s][info][gc,task        ] GC(120) Using 6 workers of 6 for full compaction
[289.771s][info][gc,start       ] GC(120) Pause Full (System.gc())
[289.772s][info][gc,phases,start] GC(120) Phase 1: Mark live objects
[289.783s][info][gc,stringtable ] GC(120) Cleaned string and symbol table, strings: 15862 processed, 5 removed, symbols: 120025 processed, 0 removed
[289.783s][info][gc,phases      ] GC(120) Phase 1: Mark live objects 10.497ms
[289.783s][info][gc,phases,start] GC(120) Phase 2: Prepare for compaction
[289.786s][info][gc,phases      ] GC(120) Phase 2: Prepare for compaction 3.220ms
[289.786s][info][gc,phases,start] GC(120) Phase 3: Adjust pointers
[289.796s][info][gc,phases      ] GC(120) Phase 3: Adjust pointers 10.429ms
[289.797s][info][gc,phases,start] GC(120) Phase 4: Compact heap
[289.798s][info][gc,phases      ] GC(120) Phase 4: Compact heap 1.442ms
[289.807s][info][gc,heap        ] GC(120) Eden regions: 180->0(1228)
[289.807s][info][gc,heap        ] GC(120) Survivor regions: 1->0(154)
[289.807s][info][gc,heap        ] GC(120) Old regions: 12->12
[289.807s][info][gc,heap        ] GC(120) Humongous regions: 0->0
[289.807s][info][gc,metaspace   ] GC(120) Metaspace: 59847K(68816K)->59847K(68816K) NonClass: 52226K(56912K)->52226K(56912K) Class: 7620K(11904K)->7620K(11904K)
[289.807s][info][gc             ] GC(120) Pause Full (System.gc()) 375M->14M(4096M) 35.942ms
[289.807s][info][gc,cpu         ] GC(120) User=0.00s Sys=0.00s Real=0.03s
[294.314s][info][gc,start       ] GC(121) Pause Young (Normal) (G1 Evacuation Pause)
[294.314s][info][gc,task        ] GC(121) Using 6 workers of 6 for evacuation
[294.316s][info][gc,phases      ] GC(121)   Pre Evacuate Collection Set: 0.0ms
[294.316s][info][gc,phases      ] GC(121)   Evacuate Collection Set: 1.0ms
[294.316s][info][gc,phases      ] GC(121)   Post Evacuate Collection Set: 0.9ms
[294.316s][info][gc,phases      ] GC(121)   Other: 0.3ms
[294.316s][info][gc,heap        ] GC(121) Eden regions: 1228->0(1227)
[294.316s][info][gc,heap        ] GC(121) Survivor regions: 0->1(154)
[294.316s][info][gc,heap        ] GC(121) Old regions: 12->12
[294.316s][info][gc,heap        ] GC(121) Humongous regions: 0->0
[294.316s][info][gc,metaspace   ] GC(121) Metaspace: 59849K(68816K)->59849K(68816K) NonClass: 52228K(56912K)->52228K(56912K) Class: 7620K(11904K)->7620K(11904K)
[294.316s][info][gc             ] GC(121) Pause Young (Normal) (G1 Evacuation Pause) 2470M->15M(4096M) 2.261ms
[294.316s][info][gc,cpu         ] GC(121) User=0.00s Sys=0.00s Real=0.00s
[294.959s][info][gc,task        ] GC(122) Using 6 workers of 6 for full compaction
[294.959s][info][gc,start       ] GC(122) Pause Full (System.gc())
[294.960s][info][gc,phases,start] GC(122) Phase 1: Mark live objects
[294.969s][info][gc,stringtable ] GC(122) Cleaned string and symbol table, strings: 15862 processed, 5 removed, symbols: 120025 processed, 0 removed
[294.969s][info][gc,phases      ] GC(122) Phase 1: Mark live objects 9.338ms
[294.969s][info][gc,phases,start] GC(122) Phase 2: Prepare for compaction
[294.973s][info][gc,phases      ] GC(122) Phase 2: Prepare for compaction 3.607ms
[294.973s][info][gc,phases,start] GC(122) Phase 3: Adjust pointers
[294.983s][info][gc,phases      ] GC(122) Phase 3: Adjust pointers 10.119ms
[294.983s][info][gc,phases,start] GC(122) Phase 4: Compact heap
[294.984s][info][gc,phases      ] GC(122) Phase 4: Compact heap 1.306ms
[294.993s][info][gc,heap        ] GC(122) Eden regions: 181->0(1228)
[294.993s][info][gc,heap        ] GC(122) Survivor regions: 1->0(154)
[294.993s][info][gc,heap        ] GC(122) Old regions: 12->12
[294.993s][info][gc,heap        ] GC(122) Humongous regions: 0->0
[294.993s][info][gc,metaspace   ] GC(122) Metaspace: 59851K(68816K)->59851K(68816K) NonClass: 52230K(56912K)->52230K(56912K) Class: 7620K(11904K)->7620K(11904K)
[294.993s][info][gc             ] GC(122) Pause Full (System.gc()) 377M->14M(4096M) 33.787ms
[294.993s][info][gc,cpu         ] GC(122) User=0.02s Sys=0.00s Real=0.04s
[299.467s][info][gc,start       ] GC(123) Pause Young (Normal) (G1 Evacuation Pause)
[299.467s][info][gc,task        ] GC(123) Using 6 workers of 6 for evacuation
[299.469s][info][gc,phases      ] GC(123)   Pre Evacuate Collection Set: 0.0ms
[299.469s][info][gc,phases      ] GC(123)   Evacuate Collection Set: 0.8ms
[299.469s][info][gc,phases      ] GC(123)   Post Evacuate Collection Set: 0.8ms
[299.469s][info][gc,phases      ] GC(123)   Other: 0.2ms
[299.469s][info][gc,heap        ] GC(123) Eden regions: 1228->0(1227)
[299.469s][info][gc,heap        ] GC(123) Survivor regions: 0->1(154)
[299.469s][info][gc,heap        ] GC(123) Old regions: 12->12
[299.469s][info][gc,heap        ] GC(123) Humongous regions: 0->0
[299.469s][info][gc,metaspace   ] GC(123) Metaspace: 59859K(68816K)->59859K(68816K) NonClass: 52238K(56912K)->52238K(56912K) Class: 7620K(11904K)->7620K(11904K)
[299.469s][info][gc             ] GC(123) Pause Young (Normal) (G1 Evacuation Pause) 2470M->15M(4096M) 2.032ms
[299.469s][info][gc,cpu         ] GC(123) User=0.00s Sys=0.00s Real=0.00s
[300.100s][info][gc,task        ] GC(124) Using 6 workers of 6 for full compaction
[300.101s][info][gc,start       ] GC(124) Pause Full (System.gc())
[300.101s][info][gc,phases,start] GC(124) Phase 1: Mark live objects
[300.113s][info][gc,stringtable ] GC(124) Cleaned string and symbol table, strings: 15866 processed, 0 removed, symbols: 120025 processed, 0 removed
[300.113s][info][gc,phases      ] GC(124) Phase 1: Mark live objects 11.966ms
[300.113s][info][gc,phases,start] GC(124) Phase 2: Prepare for compaction
[300.116s][info][gc,phases      ] GC(124) Phase 2: Prepare for compaction 3.011ms
[300.116s][info][gc,phases,start] GC(124) Phase 3: Adjust pointers
[300.125s][info][gc,phases      ] GC(124) Phase 3: Adjust pointers 9.179ms
[300.125s][info][gc,phases,start] GC(124) Phase 4: Compact heap
[300.127s][info][gc,phases      ] GC(124) Phase 4: Compact heap 1.337ms
[300.135s][info][gc,heap        ] GC(124) Eden regions: 181->0(1228)
[300.135s][info][gc,heap        ] GC(124) Survivor regions: 1->0(154)
[300.135s][info][gc,heap        ] GC(124) Old regions: 12->12
[300.135s][info][gc,heap        ] GC(124) Humongous regions: 0->0
[300.135s][info][gc,metaspace   ] GC(124) Metaspace: 59859K(68816K)->59859K(68816K) NonClass: 52238K(56912K)->52238K(56912K) Class: 7620K(11904K)->7620K(11904K)
[300.135s][info][gc             ] GC(124) Pause Full (System.gc()) 377M->14M(4096M) 34.753ms
[300.135s][info][gc,cpu         ] GC(124) User=0.00s Sys=0.00s Real=0.03s
[304.572s][info][gc,start       ] GC(125) Pause Young (Normal) (G1 Evacuation Pause)
[304.572s][info][gc,task        ] GC(125) Using 6 workers of 6 for evacuation
[304.574s][info][gc,phases      ] GC(125)   Pre Evacuate Collection Set: 0.0ms
[304.574s][info][gc,phases      ] GC(125)   Evacuate Collection Set: 1.0ms
[304.574s][info][gc,phases      ] GC(125)   Post Evacuate Collection Set: 0.8ms
[304.574s][info][gc,phases      ] GC(125)   Other: 0.2ms
[304.574s][info][gc,heap        ] GC(125) Eden regions: 1228->0(1227)
[304.574s][info][gc,heap        ] GC(125) Survivor regions: 0->1(154)
[304.574s][info][gc,heap        ] GC(125) Old regions: 12->12
[304.574s][info][gc,heap        ] GC(125) Humongous regions: 0->0
[304.574s][info][gc,metaspace   ] GC(125) Metaspace: 59861K(68816K)->59861K(68816K) NonClass: 52240K(56912K)->52240K(56912K) Class: 7620K(11904K)->7620K(11904K)
[304.574s][info][gc             ] GC(125) Pause Young (Normal) (G1 Evacuation Pause) 2470M->15M(4096M) 2.154ms
[304.574s][info][gc,cpu         ] GC(125) User=0.00s Sys=0.00s Real=0.00s
[305.217s][info][gc,task        ] GC(126) Using 6 workers of 6 for full compaction
[305.217s][info][gc,start       ] GC(126) Pause Full (System.gc())
[305.219s][info][gc,phases,start] GC(126) Phase 1: Mark live objects
[305.231s][info][gc,stringtable ] GC(126) Cleaned string and symbol table, strings: 15878 processed, 5 removed, symbols: 120025 processed, 0 removed
[305.231s][info][gc,phases      ] GC(126) Phase 1: Mark live objects 12.095ms
[305.231s][info][gc,phases,start] GC(126) Phase 2: Prepare for compaction
[305.234s][info][gc,phases      ] GC(126) Phase 2: Prepare for compaction 3.555ms
[305.235s][info][gc,phases,start] GC(126) Phase 3: Adjust pointers
[305.244s][info][gc,phases      ] GC(126) Phase 3: Adjust pointers 9.692ms
[305.244s][info][gc,phases,start] GC(126) Phase 4: Compact heap
[305.246s][info][gc,phases      ] GC(126) Phase 4: Compact heap 1.495ms
[305.254s][info][gc,heap        ] GC(126) Eden regions: 182->0(1228)
[305.254s][info][gc,heap        ] GC(126) Survivor regions: 1->0(154)
[305.254s][info][gc,heap        ] GC(126) Old regions: 12->12
[305.254s][info][gc,heap        ] GC(126) Humongous regions: 0->0
[305.254s][info][gc,metaspace   ] GC(126) Metaspace: 59861K(68816K)->59861K(68816K) NonClass: 52240K(56912K)->52240K(56912K) Class: 7620K(11904K)->7620K(11904K)
[305.254s][info][gc             ] GC(126) Pause Full (System.gc()) 379M->14M(4096M) 36.646ms
[305.254s][info][gc,cpu         ] GC(126) User=0.02s Sys=0.00s Real=0.03s
[309.694s][info][gc,start       ] GC(127) Pause Young (Normal) (G1 Evacuation Pause)
[309.694s][info][gc,task        ] GC(127) Using 6 workers of 6 for evacuation
[309.696s][info][gc,phases      ] GC(127)   Pre Evacuate Collection Set: 0.0ms
[309.696s][info][gc,phases      ] GC(127)   Evacuate Collection Set: 1.0ms
[309.696s][info][gc,phases      ] GC(127)   Post Evacuate Collection Set: 0.8ms
[309.697s][info][gc,phases      ] GC(127)   Other: 0.3ms
[309.697s][info][gc,heap        ] GC(127) Eden regions: 1228->0(1227)
[309.697s][info][gc,heap        ] GC(127) Survivor regions: 0->1(154)
[309.697s][info][gc,heap        ] GC(127) Old regions: 12->12
[309.697s][info][gc,heap        ] GC(127) Humongous regions: 0->0
[309.697s][info][gc,metaspace   ] GC(127) Metaspace: 59865K(68816K)->59865K(68816K) NonClass: 52244K(56912K)->52244K(56912K) Class: 7620K(11904K)->7620K(11904K)
[309.697s][info][gc             ] GC(127) Pause Young (Normal) (G1 Evacuation Pause) 2470M->15M(4096M) 2.221ms
[309.697s][info][gc,cpu         ] GC(127) User=0.00s Sys=0.00s Real=0.00s
[310.362s][info][gc,task        ] GC(128) Using 6 workers of 6 for full compaction
[310.362s][info][gc,start       ] GC(128) Pause Full (System.gc())
[310.363s][info][gc,phases,start] GC(128) Phase 1: Mark live objects
[310.372s][info][gc,stringtable ] GC(128) Cleaned string and symbol table, strings: 15881 processed, 0 removed, symbols: 120025 processed, 0 removed
[310.372s][info][gc,phases      ] GC(128) Phase 1: Mark live objects 9.757ms
[310.372s][info][gc,phases,start] GC(128) Phase 2: Prepare for compaction
[310.376s][info][gc,phases      ] GC(128) Phase 2: Prepare for compaction 3.245ms
[310.376s][info][gc,phases,start] GC(128) Phase 3: Adjust pointers
[310.385s][info][gc,phases      ] GC(128) Phase 3: Adjust pointers 9.190ms
[310.385s][info][gc,phases,start] GC(128) Phase 4: Compact heap
[310.386s][info][gc,phases      ] GC(128) Phase 4: Compact heap 1.382ms
[310.395s][info][gc,heap        ] GC(128) Eden regions: 182->0(1228)
[310.395s][info][gc,heap        ] GC(128) Survivor regions: 1->0(154)
[310.395s][info][gc,heap        ] GC(128) Old regions: 12->12
[310.395s][info][gc,heap        ] GC(128) Humongous regions: 0->0
[310.395s][info][gc,metaspace   ] GC(128) Metaspace: 59865K(68816K)->59865K(68816K) NonClass: 52244K(56912K)->52244K(56912K) Class: 7620K(11904K)->7620K(11904K)
[310.395s][info][gc             ] GC(128) Pause Full (System.gc()) 379M->14M(4096M) 33.217ms
[310.396s][info][gc,cpu         ] GC(128) User=0.00s Sys=0.00s Real=0.03s
[315.038s][info][gc,start       ] GC(129) Pause Young (Normal) (G1 Evacuation Pause)
[315.038s][info][gc,task        ] GC(129) Using 6 workers of 6 for evacuation
[315.041s][info][gc,phases      ] GC(129)   Pre Evacuate Collection Set: 0.1ms
[315.041s][info][gc,phases      ] GC(129)   Evacuate Collection Set: 1.0ms
[315.041s][info][gc,phases      ] GC(129)   Post Evacuate Collection Set: 0.9ms
[315.041s][info][gc,phases      ] GC(129)   Other: 0.3ms
[315.041s][info][gc,heap        ] GC(129) Eden regions: 1228->0(1227)
[315.041s][info][gc,heap        ] GC(129) Survivor regions: 0->1(154)
[315.041s][info][gc,heap        ] GC(129) Old regions: 12->12
[315.041s][info][gc,heap        ] GC(129) Humongous regions: 0->0
[315.041s][info][gc,metaspace   ] GC(129) Metaspace: 59868K(68816K)->59868K(68816K) NonClass: 52247K(56912K)->52247K(56912K) Class: 7620K(11904K)->7620K(11904K)
[315.041s][info][gc             ] GC(129) Pause Young (Normal) (G1 Evacuation Pause) 2470M->15M(4096M) 2.300ms
[315.041s][info][gc,cpu         ] GC(129) User=0.00s Sys=0.00s Real=0.00s
[315.813s][info][gc,task        ] GC(130) Using 6 workers of 6 for full compaction
[315.813s][info][gc,start       ] GC(130) Pause Full (System.gc())
[315.815s][info][gc,phases,start] GC(130) Phase 1: Mark live objects
[315.827s][info][gc,stringtable ] GC(130) Cleaned string and symbol table, strings: 15881 processed, 5 removed, symbols: 120025 processed, 0 removed
[315.827s][info][gc,phases      ] GC(130) Phase 1: Mark live objects 11.502ms
[315.827s][info][gc,phases,start] GC(130) Phase 2: Prepare for compaction
[315.830s][info][gc,phases      ] GC(130) Phase 2: Prepare for compaction 3.078ms
[315.830s][info][gc,phases,start] GC(130) Phase 3: Adjust pointers
[315.840s][info][gc,phases      ] GC(130) Phase 3: Adjust pointers 10.355ms
[315.840s][info][gc,phases,start] GC(130) Phase 4: Compact heap
[315.842s][info][gc,phases      ] GC(130) Phase 4: Compact heap 1.729ms
[315.851s][info][gc,heap        ] GC(130) Eden regions: 183->0(1228)
[315.851s][info][gc,heap        ] GC(130) Survivor regions: 1->0(154)
[315.851s][info][gc,heap        ] GC(130) Old regions: 12->12
[315.851s][info][gc,heap        ] GC(130) Humongous regions: 0->0
[315.851s][info][gc,metaspace   ] GC(130) Metaspace: 59869K(68816K)->59869K(68816K) NonClass: 52248K(56912K)->52248K(56912K) Class: 7620K(11904K)->7620K(11904K)
[315.851s][info][gc             ] GC(130) Pause Full (System.gc()) 381M->14M(4096M) 38.363ms
[315.852s][info][gc,cpu         ] GC(130) User=0.03s Sys=0.00s Real=0.04s
[320.349s][info][gc,start       ] GC(131) Pause Young (Normal) (G1 Evacuation Pause)
[320.349s][info][gc,task        ] GC(131) Using 6 workers of 6 for evacuation
[320.351s][info][gc,phases      ] GC(131)   Pre Evacuate Collection Set: 0.0ms
[320.351s][info][gc,phases      ] GC(131)   Evacuate Collection Set: 0.9ms
[320.351s][info][gc,phases      ] GC(131)   Post Evacuate Collection Set: 0.8ms
[320.351s][info][gc,phases      ] GC(131)   Other: 0.3ms
[320.351s][info][gc,heap        ] GC(131) Eden regions: 1228->0(1227)
[320.351s][info][gc,heap        ] GC(131) Survivor regions: 0->1(154)
[320.351s][info][gc,heap        ] GC(131) Old regions: 12->12
[320.351s][info][gc,heap        ] GC(131) Humongous regions: 0->0
[320.351s][info][gc,metaspace   ] GC(131) Metaspace: 59872K(68816K)->59872K(68816K) NonClass: 52251K(56912K)->52251K(56912K) Class: 7620K(11904K)->7620K(11904K)
[320.351s][info][gc             ] GC(131) Pause Young (Normal) (G1 Evacuation Pause) 2470M->15M(4096M) 2.108ms
[320.351s][info][gc,cpu         ] GC(131) User=0.00s Sys=0.02s Real=0.00s
[320.998s][info][gc,task        ] GC(132) Using 6 workers of 6 for full compaction
[320.998s][info][gc,start       ] GC(132) Pause Full (System.gc())
[320.999s][info][gc,phases,start] GC(132) Phase 1: Mark live objects
[321.009s][info][gc,stringtable ] GC(132) Cleaned string and symbol table, strings: 15881 processed, 0 removed, symbols: 120025 processed, 0 removed
[321.009s][info][gc,phases      ] GC(132) Phase 1: Mark live objects 10.342ms
[321.009s][info][gc,phases,start] GC(132) Phase 2: Prepare for compaction
[321.013s][info][gc,phases      ] GC(132) Phase 2: Prepare for compaction 3.382ms
[321.013s][info][gc,phases,start] GC(132) Phase 3: Adjust pointers
[321.023s][info][gc,phases      ] GC(132) Phase 3: Adjust pointers 9.936ms
[321.023s][info][gc,phases,start] GC(132) Phase 4: Compact heap
[321.024s][info][gc,phases      ] GC(132) Phase 4: Compact heap 1.448ms
[321.033s][info][gc,heap        ] GC(132) Eden regions: 180->0(1228)
[321.033s][info][gc,heap        ] GC(132) Survivor regions: 1->0(154)
[321.033s][info][gc,heap        ] GC(132) Old regions: 12->11
[321.033s][info][gc,heap        ] GC(132) Humongous regions: 0->0
[321.033s][info][gc,metaspace   ] GC(132) Metaspace: 59873K(68816K)->59873K(68816K) NonClass: 52252K(56912K)->52252K(56912K) Class: 7620K(11904K)->7620K(11904K)
[321.033s][info][gc             ] GC(132) Pause Full (System.gc()) 375M->14M(4096M) 34.314ms
[321.033s][info][gc,cpu         ] GC(132) User=0.02s Sys=0.00s Real=0.03s
[325.451s][info][gc,start       ] GC(133) Pause Young (Normal) (G1 Evacuation Pause)
[325.451s][info][gc,task        ] GC(133) Using 6 workers of 6 for evacuation
[325.453s][info][gc,phases      ] GC(133)   Pre Evacuate Collection Set: 0.0ms
[325.453s][info][gc,phases      ] GC(133)   Evacuate Collection Set: 0.9ms
[325.453s][info][gc,phases      ] GC(133)   Post Evacuate Collection Set: 0.8ms
[325.453s][info][gc,phases      ] GC(133)   Other: 0.2ms
[325.453s][info][gc,heap        ] GC(133) Eden regions: 1228->0(1227)
[325.453s][info][gc,heap        ] GC(133) Survivor regions: 0->1(154)
[325.453s][info][gc,heap        ] GC(133) Old regions: 11->11
[325.453s][info][gc,heap        ] GC(133) Humongous regions: 0->0
[325.453s][info][gc,metaspace   ] GC(133) Metaspace: 59893K(68816K)->59893K(68816K) NonClass: 52272K(56912K)->52272K(56912K) Class: 7620K(11904K)->7620K(11904K)
[325.453s][info][gc             ] GC(133) Pause Young (Normal) (G1 Evacuation Pause) 2470M->15M(4096M) 2.066ms
[325.453s][info][gc,cpu         ] GC(133) User=0.00s Sys=0.00s Real=0.00s
[326.143s][info][gc,task        ] GC(134) Using 6 workers of 6 for full compaction
[326.143s][info][gc,start       ] GC(134) Pause Full (System.gc())
[326.144s][info][gc,phases,start] GC(134) Phase 1: Mark live objects
[326.159s][info][gc,stringtable ] GC(134) Cleaned string and symbol table, strings: 15895 processed, 0 removed, symbols: 120025 processed, 0 removed
[326.159s][info][gc,phases      ] GC(134) Phase 1: Mark live objects 15.788ms
[326.159s][info][gc,phases,start] GC(134) Phase 2: Prepare for compaction
[326.164s][info][gc,phases      ] GC(134) Phase 2: Prepare for compaction 4.227ms
[326.164s][info][gc,phases,start] GC(134) Phase 3: Adjust pointers
[326.174s][info][gc,phases      ] GC(134) Phase 3: Adjust pointers 10.168ms
[326.174s][info][gc,phases,start] GC(134) Phase 4: Compact heap
[326.175s][info][gc,phases      ] GC(134) Phase 4: Compact heap 1.550ms
[326.184s][info][gc,heap        ] GC(134) Eden regions: 179->0(1228)
[326.184s][info][gc,heap        ] GC(134) Survivor regions: 1->0(154)
[326.184s][info][gc,heap        ] GC(134) Old regions: 11->10
[326.184s][info][gc,heap        ] GC(134) Humongous regions: 0->0
[326.184s][info][gc,metaspace   ] GC(134) Metaspace: 59898K(68816K)->59898K(68816K) NonClass: 52278K(56912K)->52278K(56912K) Class: 7620K(11904K)->7620K(11904K)
[326.184s][info][gc             ] GC(134) Pause Full (System.gc()) 373M->14M(4096M) 41.093ms
[326.184s][info][gc,cpu         ] GC(134) User=0.02s Sys=0.00s Real=0.05s
[330.594s][info][gc,start       ] GC(135) Pause Young (Normal) (G1 Evacuation Pause)
[330.594s][info][gc,task        ] GC(135) Using 6 workers of 6 for evacuation
[330.596s][info][gc,phases      ] GC(135)   Pre Evacuate Collection Set: 0.0ms
[330.596s][info][gc,phases      ] GC(135)   Evacuate Collection Set: 0.9ms
[330.596s][info][gc,phases      ] GC(135)   Post Evacuate Collection Set: 0.8ms
[330.596s][info][gc,phases      ] GC(135)   Other: 0.3ms
[330.596s][info][gc,heap        ] GC(135) Eden regions: 1228->0(1227)
[330.596s][info][gc,heap        ] GC(135) Survivor regions: 0->1(154)
[330.596s][info][gc,heap        ] GC(135) Old regions: 10->10
[330.596s][info][gc,heap        ] GC(135) Humongous regions: 0->0
[330.596s][info][gc,metaspace   ] GC(135) Metaspace: 59917K(68816K)->59917K(68816K) NonClass: 52296K(56912K)->52296K(56912K) Class: 7620K(11904K)->7620K(11904K)
[330.596s][info][gc             ] GC(135) Pause Young (Normal) (G1 Evacuation Pause) 2470M->15M(4096M) 2.145ms
[330.596s][info][gc,cpu         ] GC(135) User=0.00s Sys=0.00s Real=0.00s
[331.221s][info][gc,task        ] GC(136) Using 6 workers of 6 for full compaction
[331.221s][info][gc,start       ] GC(136) Pause Full (System.gc())
[331.221s][info][gc,phases,start] GC(136) Phase 1: Mark live objects
[331.231s][info][gc,stringtable ] GC(136) Cleaned string and symbol table, strings: 15898 processed, 5 removed, symbols: 120025 processed, 0 removed
[331.231s][info][gc,phases      ] GC(136) Phase 1: Mark live objects 9.229ms
[331.231s][info][gc,phases,start] GC(136) Phase 2: Prepare for compaction
[331.234s][info][gc,phases      ] GC(136) Phase 2: Prepare for compaction 3.002ms
[331.234s][info][gc,phases,start] GC(136) Phase 3: Adjust pointers
[331.244s][info][gc,phases      ] GC(136) Phase 3: Adjust pointers 10.150ms
[331.244s][info][gc,phases,start] GC(136) Phase 4: Compact heap
[331.245s][info][gc,phases      ] GC(136) Phase 4: Compact heap 0.940ms
[331.253s][info][gc,heap        ] GC(136) Eden regions: 180->0(1228)
[331.253s][info][gc,heap        ] GC(136) Survivor regions: 1->0(154)
[331.253s][info][gc,heap        ] GC(136) Old regions: 10->12
[331.253s][info][gc,heap        ] GC(136) Humongous regions: 0->0
[331.253s][info][gc,metaspace   ] GC(136) Metaspace: 59932K(68816K)->59932K(68816K) NonClass: 52311K(56912K)->52311K(56912K) Class: 7620K(11904K)->7620K(11904K)
[331.253s][info][gc             ] GC(136) Pause Full (System.gc()) 375M->14M(4096M) 32.227ms
[331.253s][info][gc,cpu         ] GC(136) User=0.02s Sys=0.00s Real=0.02s
[335.695s][info][gc,start       ] GC(137) Pause Young (Normal) (G1 Evacuation Pause)
[335.695s][info][gc,task        ] GC(137) Using 6 workers of 6 for evacuation
[335.697s][info][gc,phases      ] GC(137)   Pre Evacuate Collection Set: 0.1ms
[335.697s][info][gc,phases      ] GC(137)   Evacuate Collection Set: 0.8ms
[335.697s][info][gc,phases      ] GC(137)   Post Evacuate Collection Set: 0.8ms
[335.697s][info][gc,phases      ] GC(137)   Other: 0.2ms
[335.697s][info][gc,heap        ] GC(137) Eden regions: 1228->0(1227)
[335.697s][info][gc,heap        ] GC(137) Survivor regions: 0->1(154)
[335.697s][info][gc,heap        ] GC(137) Old regions: 12->12
[335.697s][info][gc,heap        ] GC(137) Humongous regions: 0->0
[335.697s][info][gc,metaspace   ] GC(137) Metaspace: 59939K(68816K)->59939K(68816K) NonClass: 52318K(56912K)->52318K(56912K) Class: 7620K(11904K)->7620K(11904K)
[335.697s][info][gc             ] GC(137) Pause Young (Normal) (G1 Evacuation Pause) 2470M->15M(4096M) 2.008ms
[335.697s][info][gc,cpu         ] GC(137) User=0.00s Sys=0.00s Real=0.00s
[336.337s][info][gc,task        ] GC(138) Using 6 workers of 6 for full compaction
[336.337s][info][gc,start       ] GC(138) Pause Full (System.gc())
[336.338s][info][gc,phases,start] GC(138) Phase 1: Mark live objects
[336.348s][info][gc,stringtable ] GC(138) Cleaned string and symbol table, strings: 15920 processed, 0 removed, symbols: 120025 processed, 0 removed
[336.348s][info][gc,phases      ] GC(138) Phase 1: Mark live objects 10.323ms
[336.348s][info][gc,phases,start] GC(138) Phase 2: Prepare for compaction
[336.352s][info][gc,phases      ] GC(138) Phase 2: Prepare for compaction 3.613ms
[336.352s][info][gc,phases,start] GC(138) Phase 3: Adjust pointers
[336.362s][info][gc,phases      ] GC(138) Phase 3: Adjust pointers 9.933ms
[336.362s][info][gc,phases,start] GC(138) Phase 4: Compact heap
[336.363s][info][gc,phases      ] GC(138) Phase 4: Compact heap 1.620ms
[336.372s][info][gc,heap        ] GC(138) Eden regions: 183->0(1228)
[336.372s][info][gc,heap        ] GC(138) Survivor regions: 1->0(154)
[336.372s][info][gc,heap        ] GC(138) Old regions: 12->11
[336.372s][info][gc,heap        ] GC(138) Humongous regions: 0->0
[336.372s][info][gc,metaspace   ] GC(138) Metaspace: 59947K(68816K)->59947K(68816K) NonClass: 52326K(56912K)->52326K(56912K) Class: 7620K(11904K)->7620K(11904K)
[336.372s][info][gc             ] GC(138) Pause Full (System.gc()) 380M->14M(4096M) 34.970ms
[336.372s][info][gc,cpu         ] GC(138) User=0.02s Sys=0.00s Real=0.03s
[340.853s][info][gc,start       ] GC(139) Pause Young (Normal) (G1 Evacuation Pause)
[340.853s][info][gc,task        ] GC(139) Using 6 workers of 6 for evacuation
[340.855s][info][gc,phases      ] GC(139)   Pre Evacuate Collection Set: 0.0ms
[340.855s][info][gc,phases      ] GC(139)   Evacuate Collection Set: 0.9ms
[340.855s][info][gc,phases      ] GC(139)   Post Evacuate Collection Set: 0.8ms
[340.855s][info][gc,phases      ] GC(139)   Other: 0.2ms
[340.855s][info][gc,heap        ] GC(139) Eden regions: 1228->0(1227)
[340.855s][info][gc,heap        ] GC(139) Survivor regions: 0->1(154)
[340.855s][info][gc,heap        ] GC(139) Old regions: 11->11
[340.855s][info][gc,heap        ] GC(139) Humongous regions: 0->0
[340.855s][info][gc,metaspace   ] GC(139) Metaspace: 59973K(68816K)->59973K(68816K) NonClass: 52352K(56912K)->52352K(56912K) Class: 7620K(11904K)->7620K(11904K)
[340.855s][info][gc             ] GC(139) Pause Young (Normal) (G1 Evacuation Pause) 2470M->15M(4096M) 2.124ms
[340.855s][info][gc,cpu         ] GC(139) User=0.00s Sys=0.00s Real=0.00s
[341.489s][info][gc,task        ] GC(140) Using 6 workers of 6 for full compaction
[341.489s][info][gc,start       ] GC(140) Pause Full (System.gc())
[341.490s][info][gc,phases,start] GC(140) Phase 1: Mark live objects
[341.500s][info][gc,stringtable ] GC(140) Cleaned string and symbol table, strings: 15924 processed, 0 removed, symbols: 120025 processed, 0 removed
[341.500s][info][gc,phases      ] GC(140) Phase 1: Mark live objects 10.036ms
[341.500s][info][gc,phases,start] GC(140) Phase 2: Prepare for compaction
[341.503s][info][gc,phases      ] GC(140) Phase 2: Prepare for compaction 3.219ms
[341.503s][info][gc,phases,start] GC(140) Phase 3: Adjust pointers
[341.513s][info][gc,phases      ] GC(140) Phase 3: Adjust pointers 9.689ms
[341.513s][info][gc,phases,start] GC(140) Phase 4: Compact heap
[341.514s][info][gc,phases      ] GC(140) Phase 4: Compact heap 1.575ms
[341.523s][info][gc,heap        ] GC(140) Eden regions: 181->0(1228)
[341.523s][info][gc,heap        ] GC(140) Survivor regions: 1->0(154)
[341.523s][info][gc,heap        ] GC(140) Old regions: 11->12
[341.523s][info][gc,heap        ] GC(140) Humongous regions: 0->0
[341.523s][info][gc,metaspace   ] GC(140) Metaspace: 59974K(68816K)->59974K(68816K) NonClass: 52353K(56912K)->52353K(56912K) Class: 7620K(11904K)->7620K(11904K)
[341.523s][info][gc             ] GC(140) Pause Full (System.gc()) 376M->14M(4096M) 33.790ms
[341.523s][info][gc,cpu         ] GC(140) User=0.02s Sys=0.00s Real=0.03s
[346.012s][info][gc,start       ] GC(141) Pause Young (Normal) (G1 Evacuation Pause)
[346.012s][info][gc,task        ] GC(141) Using 6 workers of 6 for evacuation
[346.015s][info][gc,phases      ] GC(141)   Pre Evacuate Collection Set: 0.0ms
[346.015s][info][gc,phases      ] GC(141)   Evacuate Collection Set: 1.0ms
[346.015s][info][gc,phases      ] GC(141)   Post Evacuate Collection Set: 0.9ms
[346.015s][info][gc,phases      ] GC(141)   Other: 0.3ms
[346.015s][info][gc,heap        ] GC(141) Eden regions: 1228->0(1227)
[346.015s][info][gc,heap        ] GC(141) Survivor regions: 0->1(154)
[346.015s][info][gc,heap        ] GC(141) Old regions: 12->12
[346.015s][info][gc,heap        ] GC(141) Humongous regions: 0->0
[346.015s][info][gc,metaspace   ] GC(141) Metaspace: 59998K(68816K)->59998K(68816K) NonClass: 52377K(56912K)->52377K(56912K) Class: 7620K(11904K)->7620K(11904K)
[346.015s][info][gc             ] GC(141) Pause Young (Normal) (G1 Evacuation Pause) 2470M->15M(4096M) 2.342ms
[346.015s][info][gc,cpu         ] GC(141) User=0.00s Sys=0.00s Real=0.00s
[346.663s][info][gc,task        ] GC(142) Using 6 workers of 6 for full compaction
[346.663s][info][gc,start       ] GC(142) Pause Full (System.gc())
[346.664s][info][gc,phases,start] GC(142) Phase 1: Mark live objects
[346.673s][info][gc,stringtable ] GC(142) Cleaned string and symbol table, strings: 15927 processed, 0 removed, symbols: 120025 processed, 0 removed
[346.673s][info][gc,phases      ] GC(142) Phase 1: Mark live objects 9.003ms
[346.673s][info][gc,phases,start] GC(142) Phase 2: Prepare for compaction
[346.676s][info][gc,phases      ] GC(142) Phase 2: Prepare for compaction 3.538ms
[346.676s][info][gc,phases,start] GC(142) Phase 3: Adjust pointers
[346.686s][info][gc,phases      ] GC(142) Phase 3: Adjust pointers 9.604ms
[346.686s][info][gc,phases,start] GC(142) Phase 4: Compact heap
[346.687s][info][gc,phases      ] GC(142) Phase 4: Compact heap 1.489ms
[346.696s][info][gc,heap        ] GC(142) Eden regions: 181->0(1228)
[346.696s][info][gc,heap        ] GC(142) Survivor regions: 1->0(154)
[346.696s][info][gc,heap        ] GC(142) Old regions: 12->12
[346.696s][info][gc,heap        ] GC(142) Humongous regions: 0->0
[346.696s][info][gc,metaspace   ] GC(142) Metaspace: 59999K(68816K)->59999K(68816K) NonClass: 52378K(56912K)->52378K(56912K) Class: 7620K(11904K)->7620K(11904K)
[346.696s][info][gc             ] GC(142) Pause Full (System.gc()) 376M->14M(4096M) 32.702ms
[346.696s][info][gc,cpu         ] GC(142) User=0.02s Sys=0.00s Real=0.03s
[351.156s][info][gc,start       ] GC(143) Pause Young (Normal) (G1 Evacuation Pause)
[351.156s][info][gc,task        ] GC(143) Using 6 workers of 6 for evacuation
[351.158s][info][gc,phases      ] GC(143)   Pre Evacuate Collection Set: 0.0ms
[351.158s][info][gc,phases      ] GC(143)   Evacuate Collection Set: 1.0ms
[351.158s][info][gc,phases      ] GC(143)   Post Evacuate Collection Set: 0.8ms
[351.158s][info][gc,phases      ] GC(143)   Other: 0.3ms
[351.158s][info][gc,heap        ] GC(143) Eden regions: 1228->0(1227)
[351.158s][info][gc,heap        ] GC(143) Survivor regions: 0->1(154)
[351.158s][info][gc,heap        ] GC(143) Old regions: 12->12
[351.158s][info][gc,heap        ] GC(143) Humongous regions: 0->0
[351.158s][info][gc,metaspace   ] GC(143) Metaspace: 60024K(69072K)->60024K(69072K) NonClass: 52403K(57168K)->52403K(57168K) Class: 7620K(11904K)->7620K(11904K)
[351.158s][info][gc             ] GC(143) Pause Young (Normal) (G1 Evacuation Pause) 2470M->15M(4096M) 2.238ms
[351.158s][info][gc,cpu         ] GC(143) User=0.00s Sys=0.00s Real=0.00s
[351.799s][info][gc,task        ] GC(144) Using 6 workers of 6 for full compaction
[351.799s][info][gc,start       ] GC(144) Pause Full (System.gc())
[351.800s][info][gc,phases,start] GC(144) Phase 1: Mark live objects
[351.809s][info][gc,stringtable ] GC(144) Cleaned string and symbol table, strings: 15929 processed, 5 removed, symbols: 120025 processed, 0 removed
[351.809s][info][gc,phases      ] GC(144) Phase 1: Mark live objects 9.442ms
[351.809s][info][gc,phases,start] GC(144) Phase 2: Prepare for compaction
[351.812s][info][gc,phases      ] GC(144) Phase 2: Prepare for compaction 3.146ms
[351.812s][info][gc,phases,start] GC(144) Phase 3: Adjust pointers
[351.822s][info][gc,phases      ] GC(144) Phase 3: Adjust pointers 9.762ms
[351.822s][info][gc,phases,start] GC(144) Phase 4: Compact heap
[351.824s][info][gc,phases      ] GC(144) Phase 4: Compact heap 1.329ms
[351.832s][info][gc,heap        ] GC(144) Eden regions: 182->0(1228)
[351.833s][info][gc,heap        ] GC(144) Survivor regions: 1->0(154)
[351.833s][info][gc,heap        ] GC(144) Old regions: 12->12
[351.833s][info][gc,heap        ] GC(144) Humongous regions: 0->0
[351.833s][info][gc,metaspace   ] GC(144) Metaspace: 60025K(69072K)->60025K(69072K) NonClass: 52404K(57168K)->52404K(57168K) Class: 7620K(11904K)->7620K(11904K)
[351.833s][info][gc             ] GC(144) Pause Full (System.gc()) 379M->14M(4096M) 33.656ms
[351.833s][info][gc,cpu         ] GC(144) User=0.02s Sys=0.00s Real=0.03s
[356.262s][info][gc,start       ] GC(145) Pause Young (Normal) (G1 Evacuation Pause)
[356.262s][info][gc,task        ] GC(145) Using 6 workers of 6 for evacuation
[356.264s][info][gc,phases      ] GC(145)   Pre Evacuate Collection Set: 0.0ms
[356.264s][info][gc,phases      ] GC(145)   Evacuate Collection Set: 0.9ms
[356.264s][info][gc,phases      ] GC(145)   Post Evacuate Collection Set: 0.8ms
[356.264s][info][gc,phases      ] GC(145)   Other: 0.3ms
[356.264s][info][gc,heap        ] GC(145) Eden regions: 1228->0(1227)
[356.264s][info][gc,heap        ] GC(145) Survivor regions: 0->1(154)
[356.264s][info][gc,heap        ] GC(145) Old regions: 12->12
[356.264s][info][gc,heap        ] GC(145) Humongous regions: 0->0
[356.264s][info][gc,metaspace   ] GC(145) Metaspace: 60045K(69072K)->60045K(69072K) NonClass: 52424K(57168K)->52424K(57168K) Class: 7620K(11904K)->7620K(11904K)
[356.264s][info][gc             ] GC(145) Pause Young (Normal) (G1 Evacuation Pause) 2470M->15M(4096M) 2.150ms
[356.264s][info][gc,cpu         ] GC(145) User=0.00s Sys=0.00s Real=0.00s
[356.903s][info][gc,task        ] GC(146) Using 6 workers of 6 for full compaction
[356.904s][info][gc,start       ] GC(146) Pause Full (System.gc())
[356.904s][info][gc,phases,start] GC(146) Phase 1: Mark live objects
[356.914s][info][gc,stringtable ] GC(146) Cleaned string and symbol table, strings: 15929 processed, 5 removed, symbols: 120025 processed, 0 removed
[356.914s][info][gc,phases      ] GC(146) Phase 1: Mark live objects 10.056ms
[356.914s][info][gc,phases,start] GC(146) Phase 2: Prepare for compaction
[356.918s][info][gc,phases      ] GC(146) Phase 2: Prepare for compaction 3.488ms
[356.918s][info][gc,phases,start] GC(146) Phase 3: Adjust pointers
[356.928s][info][gc,phases      ] GC(146) Phase 3: Adjust pointers 10.122ms
[356.928s][info][gc,phases,start] GC(146) Phase 4: Compact heap
[356.930s][info][gc,phases      ] GC(146) Phase 4: Compact heap 1.241ms
[356.938s][info][gc,heap        ] GC(146) Eden regions: 182->0(1228)
[356.938s][info][gc,heap        ] GC(146) Survivor regions: 1->0(154)
[356.938s][info][gc,heap        ] GC(146) Old regions: 12->11
[356.938s][info][gc,heap        ] GC(146) Humongous regions: 0->0
[356.938s][info][gc,metaspace   ] GC(146) Metaspace: 60045K(69072K)->60045K(69072K) NonClass: 52424K(57168K)->52424K(57168K) Class: 7620K(11904K)->7620K(11904K)
[356.938s][info][gc             ] GC(146) Pause Full (System.gc()) 378M->14M(4096M) 34.566ms
[356.938s][info][gc,cpu         ] GC(146) User=0.03s Sys=0.00s Real=0.03s
[361.432s][info][gc,start       ] GC(147) Pause Young (Normal) (G1 Evacuation Pause)
[361.432s][info][gc,task        ] GC(147) Using 6 workers of 6 for evacuation
[361.434s][info][gc,phases      ] GC(147)   Pre Evacuate Collection Set: 0.0ms
[361.434s][info][gc,phases      ] GC(147)   Evacuate Collection Set: 1.0ms
[361.434s][info][gc,phases      ] GC(147)   Post Evacuate Collection Set: 0.8ms
[361.434s][info][gc,phases      ] GC(147)   Other: 0.2ms
[361.434s][info][gc,heap        ] GC(147) Eden regions: 1228->0(1227)
[361.435s][info][gc,heap        ] GC(147) Survivor regions: 0->1(154)
[361.435s][info][gc,heap        ] GC(147) Old regions: 11->11
[361.435s][info][gc,heap        ] GC(147) Humongous regions: 0->0
[361.435s][info][gc,metaspace   ] GC(147) Metaspace: 60061K(69072K)->60061K(69072K) NonClass: 52440K(57168K)->52440K(57168K) Class: 7620K(11904K)->7620K(11904K)
[361.435s][info][gc             ] GC(147) Pause Young (Normal) (G1 Evacuation Pause) 2470M->15M(4096M) 2.160ms
[361.435s][info][gc,cpu         ] GC(147) User=0.00s Sys=0.00s Real=0.00s
[362.079s][info][gc,task        ] GC(148) Using 6 workers of 6 for full compaction
[362.079s][info][gc,start       ] GC(148) Pause Full (System.gc())
[362.080s][info][gc,phases,start] GC(148) Phase 1: Mark live objects
[362.090s][info][gc,stringtable ] GC(148) Cleaned string and symbol table, strings: 15929 processed, 5 removed, symbols: 120025 processed, 0 removed
[362.090s][info][gc,phases      ] GC(148) Phase 1: Mark live objects 9.858ms
[362.090s][info][gc,phases,start] GC(148) Phase 2: Prepare for compaction
[362.093s][info][gc,phases      ] GC(148) Phase 2: Prepare for compaction 3.057ms
[362.093s][info][gc,phases,start] GC(148) Phase 3: Adjust pointers
[362.103s][info][gc,phases      ] GC(148) Phase 3: Adjust pointers 10.317ms
[362.103s][info][gc,phases,start] GC(148) Phase 4: Compact heap
[362.104s][info][gc,phases      ] GC(148) Phase 4: Compact heap 1.090ms
[362.113s][info][gc,heap        ] GC(148) Eden regions: 181->0(1228)
[362.113s][info][gc,heap        ] GC(148) Survivor regions: 1->0(154)
[362.113s][info][gc,heap        ] GC(148) Old regions: 11->12
[362.113s][info][gc,heap        ] GC(148) Humongous regions: 0->0
[362.113s][info][gc,metaspace   ] GC(148) Metaspace: 60061K(69072K)->60061K(69072K) NonClass: 52440K(57168K)->52440K(57168K) Class: 7620K(11904K)->7620K(11904K)
[362.113s][info][gc             ] GC(148) Pause Full (System.gc()) 377M->14M(4096M) 33.568ms
[362.113s][info][gc,cpu         ] GC(148) User=0.03s Sys=0.00s Real=0.03s
[366.556s][info][gc,start       ] GC(149) Pause Young (Normal) (G1 Evacuation Pause)
[366.556s][info][gc,task        ] GC(149) Using 6 workers of 6 for evacuation
[366.558s][info][gc,phases      ] GC(149)   Pre Evacuate Collection Set: 0.0ms
[366.558s][info][gc,phases      ] GC(149)   Evacuate Collection Set: 0.9ms
[366.558s][info][gc,phases      ] GC(149)   Post Evacuate Collection Set: 0.8ms
[366.558s][info][gc,phases      ] GC(149)   Other: 0.2ms
[366.558s][info][gc,heap        ] GC(149) Eden regions: 1228->0(1227)
[366.558s][info][gc,heap        ] GC(149) Survivor regions: 0->1(154)
[366.558s][info][gc,heap        ] GC(149) Old regions: 12->12
[366.558s][info][gc,heap        ] GC(149) Humongous regions: 0->0
[366.558s][info][gc,metaspace   ] GC(149) Metaspace: 60067K(69072K)->60067K(69072K) NonClass: 52446K(57168K)->52446K(57168K) Class: 7620K(11904K)->7620K(11904K)
[366.558s][info][gc             ] GC(149) Pause Young (Normal) (G1 Evacuation Pause) 2470M->15M(4096M) 2.134ms
[366.558s][info][gc,cpu         ] GC(149) User=0.00s Sys=0.00s Real=0.00s
[367.182s][info][gc,task        ] GC(150) Using 6 workers of 6 for full compaction
[367.182s][info][gc,start       ] GC(150) Pause Full (System.gc())
[367.183s][info][gc,phases,start] GC(150) Phase 1: Mark live objects
[367.192s][info][gc,stringtable ] GC(150) Cleaned string and symbol table, strings: 15929 processed, 5 removed, symbols: 120025 processed, 0 removed
[367.192s][info][gc,phases      ] GC(150) Phase 1: Mark live objects 9.728ms
[367.192s][info][gc,phases,start] GC(150) Phase 2: Prepare for compaction
[367.196s][info][gc,phases      ] GC(150) Phase 2: Prepare for compaction 3.636ms
[367.196s][info][gc,phases,start] GC(150) Phase 3: Adjust pointers
[367.206s][info][gc,phases      ] GC(150) Phase 3: Adjust pointers 9.893ms
[367.206s][info][gc,phases,start] GC(150) Phase 4: Compact heap
[367.207s][info][gc,phases      ] GC(150) Phase 4: Compact heap 1.293ms
[367.217s][info][gc,heap        ] GC(150) Eden regions: 180->0(1228)
[367.217s][info][gc,heap        ] GC(150) Survivor regions: 1->0(154)
[367.217s][info][gc,heap        ] GC(150) Old regions: 12->12
[367.217s][info][gc,heap        ] GC(150) Humongous regions: 0->0
[367.217s][info][gc,metaspace   ] GC(150) Metaspace: 60067K(69072K)->60067K(69072K) NonClass: 52446K(57168K)->52446K(57168K) Class: 7620K(11904K)->7620K(11904K)
[367.217s][info][gc             ] GC(150) Pause Full (System.gc()) 375M->14M(4096M) 35.262ms
[367.217s][info][gc,cpu         ] GC(150) User=0.02s Sys=0.00s Real=0.03s
[371.655s][info][gc,start       ] GC(151) Pause Young (Normal) (G1 Evacuation Pause)
[371.655s][info][gc,task        ] GC(151) Using 6 workers of 6 for evacuation
[371.657s][info][gc,phases      ] GC(151)   Pre Evacuate Collection Set: 0.0ms
[371.657s][info][gc,phases      ] GC(151)   Evacuate Collection Set: 1.0ms
[371.657s][info][gc,phases      ] GC(151)   Post Evacuate Collection Set: 1.0ms
[371.657s][info][gc,phases      ] GC(151)   Other: 0.3ms
[371.657s][info][gc,heap        ] GC(151) Eden regions: 1228->0(1227)
[371.657s][info][gc,heap        ] GC(151) Survivor regions: 0->1(154)
[371.657s][info][gc,heap        ] GC(151) Old regions: 12->12
[371.657s][info][gc,heap        ] GC(151) Humongous regions: 0->0
[371.657s][info][gc,metaspace   ] GC(151) Metaspace: 60075K(69072K)->60075K(69072K) NonClass: 52454K(57168K)->52454K(57168K) Class: 7620K(11904K)->7620K(11904K)
[371.658s][info][gc             ] GC(151) Pause Young (Normal) (G1 Evacuation Pause) 2470M->15M(4096M) 2.438ms
[371.658s][info][gc,cpu         ] GC(151) User=0.02s Sys=0.00s Real=0.02s
[372.301s][info][gc,task        ] GC(152) Using 6 workers of 6 for full compaction
[372.301s][info][gc,start       ] GC(152) Pause Full (System.gc())
[372.301s][info][gc,phases,start] GC(152) Phase 1: Mark live objects
[372.311s][info][gc,stringtable ] GC(152) Cleaned string and symbol table, strings: 15930 processed, 0 removed, symbols: 120025 processed, 0 removed
[372.311s][info][gc,phases      ] GC(152) Phase 1: Mark live objects 9.595ms
[372.311s][info][gc,phases,start] GC(152) Phase 2: Prepare for compaction
[372.314s][info][gc,phases      ] GC(152) Phase 2: Prepare for compaction 2.992ms
[372.314s][info][gc,phases,start] GC(152) Phase 3: Adjust pointers
[372.324s][info][gc,phases      ] GC(152) Phase 3: Adjust pointers 10.111ms
[372.324s][info][gc,phases,start] GC(152) Phase 4: Compact heap
[372.326s][info][gc,phases      ] GC(152) Phase 4: Compact heap 1.488ms
[372.335s][info][gc,heap        ] GC(152) Eden regions: 182->0(1228)
[372.335s][info][gc,heap        ] GC(152) Survivor regions: 1->0(154)
[372.335s][info][gc,heap        ] GC(152) Old regions: 12->12
[372.335s][info][gc,heap        ] GC(152) Humongous regions: 0->0
[372.335s][info][gc,metaspace   ] GC(152) Metaspace: 60075K(69072K)->60075K(69072K) NonClass: 52454K(57168K)->52454K(57168K) Class: 7620K(11904K)->7620K(11904K)
[372.335s][info][gc             ] GC(152) Pause Full (System.gc()) 379M->14M(4096M) 33.927ms
[372.335s][info][gc,cpu         ] GC(152) User=0.00s Sys=0.00s Real=0.03s
[376.916s][info][gc,start       ] GC(153) Pause Young (Normal) (G1 Evacuation Pause)
[376.916s][info][gc,task        ] GC(153) Using 6 workers of 6 for evacuation
[376.918s][info][gc,phases      ] GC(153)   Pre Evacuate Collection Set: 0.0ms
[376.918s][info][gc,phases      ] GC(153)   Evacuate Collection Set: 0.9ms
[376.918s][info][gc,phases      ] GC(153)   Post Evacuate Collection Set: 0.9ms
[376.918s][info][gc,phases      ] GC(153)   Other: 0.3ms
[376.918s][info][gc,heap        ] GC(153) Eden regions: 1228->0(1227)
[376.918s][info][gc,heap        ] GC(153) Survivor regions: 0->1(154)
[376.918s][info][gc,heap        ] GC(153) Old regions: 12->12
[376.918s][info][gc,heap        ] GC(153) Humongous regions: 0->0
[376.918s][info][gc,metaspace   ] GC(153) Metaspace: 60081K(69072K)->60081K(69072K) NonClass: 52460K(57168K)->52460K(57168K) Class: 7620K(11904K)->7620K(11904K)
[376.918s][info][gc             ] GC(153) Pause Young (Normal) (G1 Evacuation Pause) 2470M->15M(4096M) 2.178ms
[376.918s][info][gc,cpu         ] GC(153) User=0.00s Sys=0.00s Real=0.00s
[377.736s][info][gc,task        ] GC(154) Using 6 workers of 6 for full compaction
[377.736s][info][gc,start       ] GC(154) Pause Full (System.gc())
[377.737s][info][gc,phases,start] GC(154) Phase 1: Mark live objects
[377.748s][info][gc,stringtable ] GC(154) Cleaned string and symbol table, strings: 15931 processed, 0 removed, symbols: 120025 processed, 0 removed
[377.748s][info][gc,phases      ] GC(154) Phase 1: Mark live objects 11.178ms
[377.748s][info][gc,phases,start] GC(154) Phase 2: Prepare for compaction
[377.751s][info][gc,phases      ] GC(154) Phase 2: Prepare for compaction 3.510ms
[377.751s][info][gc,phases,start] GC(154) Phase 3: Adjust pointers
[377.762s][info][gc,phases      ] GC(154) Phase 3: Adjust pointers 10.630ms
[377.762s][info][gc,phases,start] GC(154) Phase 4: Compact heap
[377.763s][info][gc,phases      ] GC(154) Phase 4: Compact heap 1.187ms
[377.772s][info][gc,heap        ] GC(154) Eden regions: 181->0(1228)
[377.772s][info][gc,heap        ] GC(154) Survivor regions: 1->0(154)
[377.772s][info][gc,heap        ] GC(154) Old regions: 12->11
[377.772s][info][gc,heap        ] GC(154) Humongous regions: 0->0
[377.772s][info][gc,metaspace   ] GC(154) Metaspace: 60081K(69072K)->60081K(69072K) NonClass: 52460K(57168K)->52460K(57168K) Class: 7620K(11904K)->7620K(11904K)
[377.772s][info][gc             ] GC(154) Pause Full (System.gc()) 377M->14M(4096M) 36.386ms
[377.772s][info][gc,cpu         ] GC(154) User=0.00s Sys=0.00s Real=0.03s
[382.370s][info][gc,start       ] GC(155) Pause Young (Normal) (G1 Evacuation Pause)
[382.370s][info][gc,task        ] GC(155) Using 6 workers of 6 for evacuation
[382.371s][info][gc,phases      ] GC(155)   Pre Evacuate Collection Set: 0.0ms
[382.371s][info][gc,phases      ] GC(155)   Evacuate Collection Set: 0.8ms
[382.372s][info][gc,phases      ] GC(155)   Post Evacuate Collection Set: 0.8ms
[382.372s][info][gc,phases      ] GC(155)   Other: 0.2ms
[382.372s][info][gc,heap        ] GC(155) Eden regions: 1228->0(1227)
[382.372s][info][gc,heap        ] GC(155) Survivor regions: 0->1(154)
[382.372s][info][gc,heap        ] GC(155) Old regions: 11->11
[382.372s][info][gc,heap        ] GC(155) Humongous regions: 0->0
[382.372s][info][gc,metaspace   ] GC(155) Metaspace: 60082K(69072K)->60082K(69072K) NonClass: 52461K(57168K)->52461K(57168K) Class: 7620K(11904K)->7620K(11904K)
[382.372s][info][gc             ] GC(155) Pause Young (Normal) (G1 Evacuation Pause) 2470M->15M(4096M) 2.005ms
[382.372s][info][gc,cpu         ] GC(155) User=0.00s Sys=0.00s Real=0.00s
[383.027s][info][gc,task        ] GC(156) Using 6 workers of 6 for full compaction
[383.027s][info][gc,start       ] GC(156) Pause Full (System.gc())
[383.028s][info][gc,phases,start] GC(156) Phase 1: Mark live objects
[383.039s][info][gc,stringtable ] GC(156) Cleaned string and symbol table, strings: 15931 processed, 5 removed, symbols: 120025 processed, 0 removed
[383.039s][info][gc,phases      ] GC(156) Phase 1: Mark live objects 10.416ms
[383.039s][info][gc,phases,start] GC(156) Phase 2: Prepare for compaction
[383.042s][info][gc,phases      ] GC(156) Phase 2: Prepare for compaction 3.065ms
[383.042s][info][gc,phases,start] GC(156) Phase 3: Adjust pointers
[383.052s][info][gc,phases      ] GC(156) Phase 3: Adjust pointers 10.179ms
[383.052s][info][gc,phases,start] GC(156) Phase 4: Compact heap
[383.054s][info][gc,phases      ] GC(156) Phase 4: Compact heap 1.624ms
[383.062s][info][gc,heap        ] GC(156) Eden regions: 182->0(1228)
[383.062s][info][gc,heap        ] GC(156) Survivor regions: 1->0(154)
[383.062s][info][gc,heap        ] GC(156) Old regions: 11->13
[383.062s][info][gc,heap        ] GC(156) Humongous regions: 0->0
[383.062s][info][gc,metaspace   ] GC(156) Metaspace: 60082K(69072K)->60082K(69072K) NonClass: 52461K(57168K)->52461K(57168K) Class: 7620K(11904K)->7620K(11904K)
[383.062s][info][gc             ] GC(156) Pause Full (System.gc()) 379M->14M(4096M) 34.366ms
[383.062s][info][gc,cpu         ] GC(156) User=0.03s Sys=0.00s Real=0.03s
[387.523s][info][gc,start       ] GC(157) Pause Young (Normal) (G1 Evacuation Pause)
[387.523s][info][gc,task        ] GC(157) Using 6 workers of 6 for evacuation
[387.525s][info][gc,phases      ] GC(157)   Pre Evacuate Collection Set: 0.0ms
[387.525s][info][gc,phases      ] GC(157)   Evacuate Collection Set: 0.8ms
[387.525s][info][gc,phases      ] GC(157)   Post Evacuate Collection Set: 0.8ms
[387.525s][info][gc,phases      ] GC(157)   Other: 0.2ms
[387.525s][info][gc,heap        ] GC(157) Eden regions: 1228->0(1227)
[387.525s][info][gc,heap        ] GC(157) Survivor regions: 0->1(154)
[387.525s][info][gc,heap        ] GC(157) Old regions: 13->13
[387.525s][info][gc,heap        ] GC(157) Humongous regions: 0->0
[387.525s][info][gc,metaspace   ] GC(157) Metaspace: 60085K(69072K)->60085K(69072K) NonClass: 52464K(57168K)->52464K(57168K) Class: 7620K(11904K)->7620K(11904K)
[387.525s][info][gc             ] GC(157) Pause Young (Normal) (G1 Evacuation Pause) 2470M->15M(4096M) 2.104ms
[387.525s][info][gc,cpu         ] GC(157) User=0.00s Sys=0.00s Real=0.00s
[388.177s][info][gc,task        ] GC(158) Using 6 workers of 6 for full compaction
[388.177s][info][gc,start       ] GC(158) Pause Full (System.gc())
[388.178s][info][gc,phases,start] GC(158) Phase 1: Mark live objects
[388.188s][info][gc,stringtable ] GC(158) Cleaned string and symbol table, strings: 15934 processed, 5 removed, symbols: 120025 processed, 0 removed
[388.188s][info][gc,phases      ] GC(158) Phase 1: Mark live objects 9.978ms
[388.188s][info][gc,phases,start] GC(158) Phase 2: Prepare for compaction
[388.191s][info][gc,phases      ] GC(158) Phase 2: Prepare for compaction 3.153ms
[388.192s][info][gc,phases,start] GC(158) Phase 3: Adjust pointers
[388.202s][info][gc,phases      ] GC(158) Phase 3: Adjust pointers 10.114ms
[388.202s][info][gc,phases,start] GC(158) Phase 4: Compact heap
[388.203s][info][gc,phases      ] GC(158) Phase 4: Compact heap 1.345ms
[388.211s][info][gc,heap        ] GC(158) Eden regions: 181->0(1228)
[388.211s][info][gc,heap        ] GC(158) Survivor regions: 1->0(154)
[388.211s][info][gc,heap        ] GC(158) Old regions: 13->13
[388.211s][info][gc,heap        ] GC(158) Humongous regions: 0->0
[388.211s][info][gc,metaspace   ] GC(158) Metaspace: 60085K(69072K)->60085K(69072K) NonClass: 52465K(57168K)->52465K(57168K) Class: 7620K(11904K)->7620K(11904K)
[388.212s][info][gc             ] GC(158) Pause Full (System.gc()) 376M->14M(4096M) 34.098ms
[388.212s][info][gc,cpu         ] GC(158) User=0.02s Sys=0.00s Real=0.03s
[392.851s][info][gc,start       ] GC(159) Pause Young (Normal) (G1 Evacuation Pause)
[392.851s][info][gc,task        ] GC(159) Using 6 workers of 6 for evacuation
[392.853s][info][gc,phases      ] GC(159)   Pre Evacuate Collection Set: 0.0ms
[392.853s][info][gc,phases      ] GC(159)   Evacuate Collection Set: 0.8ms
[392.853s][info][gc,phases      ] GC(159)   Post Evacuate Collection Set: 0.8ms
[392.853s][info][gc,phases      ] GC(159)   Other: 0.2ms
[392.853s][info][gc,heap        ] GC(159) Eden regions: 1228->0(1227)
[392.853s][info][gc,heap        ] GC(159) Survivor regions: 0->1(154)
[392.853s][info][gc,heap        ] GC(159) Old regions: 13->13
[392.853s][info][gc,heap        ] GC(159) Humongous regions: 0->0
[392.853s][info][gc,metaspace   ] GC(159) Metaspace: 60093K(69072K)->60093K(69072K) NonClass: 52473K(57168K)->52473K(57168K) Class: 7620K(11904K)->7620K(11904K)
[392.853s][info][gc             ] GC(159) Pause Young (Normal) (G1 Evacuation Pause) 2470M->15M(4096M) 2.051ms
[392.853s][info][gc,cpu         ] GC(159) User=0.00s Sys=0.00s Real=0.00s
[393.548s][info][gc,task        ] GC(160) Using 6 workers of 6 for full compaction
[393.548s][info][gc,start       ] GC(160) Pause Full (System.gc())
[393.549s][info][gc,phases,start] GC(160) Phase 1: Mark live objects
[393.560s][info][gc,stringtable ] GC(160) Cleaned string and symbol table, strings: 15934 processed, 5 removed, symbols: 120025 processed, 0 removed
[393.560s][info][gc,phases      ] GC(160) Phase 1: Mark live objects 11.003ms
[393.560s][info][gc,phases,start] GC(160) Phase 2: Prepare for compaction
[393.564s][info][gc,phases      ] GC(160) Phase 2: Prepare for compaction 3.230ms
[393.564s][info][gc,phases,start] GC(160) Phase 3: Adjust pointers
[393.574s][info][gc,phases      ] GC(160) Phase 3: Adjust pointers 10.007ms
[393.574s][info][gc,phases,start] GC(160) Phase 4: Compact heap
[393.575s][info][gc,phases      ] GC(160) Phase 4: Compact heap 1.262ms
[393.584s][info][gc,heap        ] GC(160) Eden regions: 181->0(1228)
[393.584s][info][gc,heap        ] GC(160) Survivor regions: 1->0(154)
[393.584s][info][gc,heap        ] GC(160) Old regions: 13->13
[393.584s][info][gc,heap        ] GC(160) Humongous regions: 0->0
[393.584s][info][gc,metaspace   ] GC(160) Metaspace: 60093K(69072K)->60093K(69072K) NonClass: 52473K(57168K)->52473K(57168K) Class: 7620K(11904K)->7620K(11904K)
[393.584s][info][gc             ] GC(160) Pause Full (System.gc()) 377M->14M(4096M) 36.006ms
[393.584s][info][gc,cpu         ] GC(160) User=0.00s Sys=0.00s Real=0.03s
[398.426s][info][gc,start       ] GC(161) Pause Young (Normal) (G1 Evacuation Pause)
[398.426s][info][gc,task        ] GC(161) Using 6 workers of 6 for evacuation
[398.428s][info][gc,phases      ] GC(161)   Pre Evacuate Collection Set: 0.0ms
[398.428s][info][gc,phases      ] GC(161)   Evacuate Collection Set: 1.0ms
[398.428s][info][gc,phases      ] GC(161)   Post Evacuate Collection Set: 1.1ms
[398.428s][info][gc,phases      ] GC(161)   Other: 0.3ms
[398.428s][info][gc,heap        ] GC(161) Eden regions: 1228->0(1227)
[398.428s][info][gc,heap        ] GC(161) Survivor regions: 0->1(154)
[398.428s][info][gc,heap        ] GC(161) Old regions: 13->13
[398.428s][info][gc,heap        ] GC(161) Humongous regions: 0->0
[398.428s][info][gc,metaspace   ] GC(161) Metaspace: 60095K(69072K)->60095K(69072K) NonClass: 52474K(57168K)->52474K(57168K) Class: 7620K(11904K)->7620K(11904K)
[398.428s][info][gc             ] GC(161) Pause Young (Normal) (G1 Evacuation Pause) 2470M->15M(4096M) 2.558ms
[398.428s][info][gc,cpu         ] GC(161) User=0.02s Sys=0.00s Real=0.02s
[399.121s][info][gc,task        ] GC(162) Using 6 workers of 6 for full compaction
[399.121s][info][gc,start       ] GC(162) Pause Full (System.gc())
[399.122s][info][gc,phases,start] GC(162) Phase 1: Mark live objects
[399.131s][info][gc,stringtable ] GC(162) Cleaned string and symbol table, strings: 15934 processed, 5 removed, symbols: 120025 processed, 0 removed
[399.131s][info][gc,phases      ] GC(162) Phase 1: Mark live objects 9.001ms
[399.131s][info][gc,phases,start] GC(162) Phase 2: Prepare for compaction
[399.135s][info][gc,phases      ] GC(162) Phase 2: Prepare for compaction 3.956ms
[399.135s][info][gc,phases,start] GC(162) Phase 3: Adjust pointers
[399.145s][info][gc,phases      ] GC(162) Phase 3: Adjust pointers 9.934ms
[399.145s][info][gc,phases,start] GC(162) Phase 4: Compact heap
[399.146s][info][gc,phases      ] GC(162) Phase 4: Compact heap 1.419ms
[399.155s][info][gc,heap        ] GC(162) Eden regions: 182->0(1228)
[399.155s][info][gc,heap        ] GC(162) Survivor regions: 1->0(154)
[399.155s][info][gc,heap        ] GC(162) Old regions: 13->12
[399.155s][info][gc,heap        ] GC(162) Humongous regions: 0->0
[399.155s][info][gc,metaspace   ] GC(162) Metaspace: 60095K(69072K)->60095K(69072K) NonClass: 52474K(57168K)->52474K(57168K) Class: 7620K(11904K)->7620K(11904K)
[399.155s][info][gc             ] GC(162) Pause Full (System.gc()) 378M->14M(4096M) 34.212ms
[399.155s][info][gc,cpu         ] GC(162) User=0.02s Sys=0.00s Real=0.03s
[404.439s][info][gc,start       ] GC(163) Pause Young (Normal) (G1 Evacuation Pause)
[404.439s][info][gc,task        ] GC(163) Using 6 workers of 6 for evacuation
[404.441s][info][gc,phases      ] GC(163)   Pre Evacuate Collection Set: 0.0ms
[404.441s][info][gc,phases      ] GC(163)   Evacuate Collection Set: 0.8ms
[404.441s][info][gc,phases      ] GC(163)   Post Evacuate Collection Set: 0.9ms
[404.441s][info][gc,phases      ] GC(163)   Other: 0.2ms
[404.441s][info][gc,heap        ] GC(163) Eden regions: 1228->0(1227)
[404.441s][info][gc,heap        ] GC(163) Survivor regions: 0->1(154)
[404.441s][info][gc,heap        ] GC(163) Old regions: 12->12
[404.441s][info][gc,heap        ] GC(163) Humongous regions: 0->0
[404.441s][info][gc,metaspace   ] GC(163) Metaspace: 60099K(69072K)->60099K(69072K) NonClass: 52478K(57168K)->52478K(57168K) Class: 7620K(11904K)->7620K(11904K)
[404.441s][info][gc             ] GC(163) Pause Young (Normal) (G1 Evacuation Pause) 2470M->15M(4096M) 2.101ms
[404.441s][info][gc,cpu         ] GC(163) User=0.00s Sys=0.00s Real=0.00s
[405.226s][info][gc,task        ] GC(164) Using 6 workers of 6 for full compaction
[405.226s][info][gc,start       ] GC(164) Pause Full (System.gc())
[405.227s][info][gc,phases,start] GC(164) Phase 1: Mark live objects
[405.239s][info][gc,stringtable ] GC(164) Cleaned string and symbol table, strings: 15934 processed, 0 removed, symbols: 120025 processed, 0 removed
[405.239s][info][gc,phases      ] GC(164) Phase 1: Mark live objects 12.028ms
[405.239s][info][gc,phases,start] GC(164) Phase 2: Prepare for compaction
[405.242s][info][gc,phases      ] GC(164) Phase 2: Prepare for compaction 3.001ms
[405.242s][info][gc,phases,start] GC(164) Phase 3: Adjust pointers
[405.252s][info][gc,phases      ] GC(164) Phase 3: Adjust pointers 10.098ms
[405.252s][info][gc,phases,start] GC(164) Phase 4: Compact heap
[405.253s][info][gc,phases      ] GC(164) Phase 4: Compact heap 1.346ms
[405.262s][info][gc,heap        ] GC(164) Eden regions: 182->0(1228)
[405.262s][info][gc,heap        ] GC(164) Survivor regions: 1->0(154)
[405.262s][info][gc,heap        ] GC(164) Old regions: 12->12
[405.262s][info][gc,heap        ] GC(164) Humongous regions: 0->0
[405.262s][info][gc,metaspace   ] GC(164) Metaspace: 60099K(69072K)->60099K(69072K) NonClass: 52478K(57168K)->52478K(57168K) Class: 7620K(11904K)->7620K(11904K)
[405.262s][info][gc             ] GC(164) Pause Full (System.gc()) 379M->14M(4096M) 35.781ms
[405.262s][info][gc,cpu         ] GC(164) User=0.02s Sys=0.00s Real=0.03s
[410.154s][info][gc,start       ] GC(165) Pause Young (Normal) (G1 Evacuation Pause)
[410.154s][info][gc,task        ] GC(165) Using 6 workers of 6 for evacuation
[410.157s][info][gc,phases      ] GC(165)   Pre Evacuate Collection Set: 0.0ms
[410.157s][info][gc,phases      ] GC(165)   Evacuate Collection Set: 1.3ms
[410.157s][info][gc,phases      ] GC(165)   Post Evacuate Collection Set: 1.1ms
[410.157s][info][gc,phases      ] GC(165)   Other: 0.3ms
[410.157s][info][gc,heap        ] GC(165) Eden regions: 1228->0(1227)
[410.157s][info][gc,heap        ] GC(165) Survivor regions: 0->1(154)
[410.157s][info][gc,heap        ] GC(165) Old regions: 12->12
[410.157s][info][gc,heap        ] GC(165) Humongous regions: 0->0
[410.157s][info][gc,metaspace   ] GC(165) Metaspace: 60100K(69072K)->60100K(69072K) NonClass: 52479K(57168K)->52479K(57168K) Class: 7620K(11904K)->7620K(11904K)
[410.157s][info][gc             ] GC(165) Pause Young (Normal) (G1 Evacuation Pause) 2470M->15M(4096M) 2.846ms
[410.157s][info][gc,cpu         ] GC(165) User=0.03s Sys=0.00s Real=0.00s
[410.850s][info][gc,task        ] GC(166) Using 6 workers of 6 for full compaction
[410.850s][info][gc,start       ] GC(166) Pause Full (System.gc())
[410.851s][info][gc,phases,start] GC(166) Phase 1: Mark live objects
[410.861s][info][gc,stringtable ] GC(166) Cleaned string and symbol table, strings: 15946 processed, 0 removed, symbols: 120025 processed, 0 removed
[410.861s][info][gc,phases      ] GC(166) Phase 1: Mark live objects 10.872ms
[410.861s][info][gc,phases,start] GC(166) Phase 2: Prepare for compaction
[410.864s][info][gc,phases      ] GC(166) Phase 2: Prepare for compaction 2.980ms
[410.865s][info][gc,phases,start] GC(166) Phase 3: Adjust pointers
[410.874s][info][gc,phases      ] GC(166) Phase 3: Adjust pointers 9.562ms
[410.874s][info][gc,phases,start] GC(166) Phase 4: Compact heap
[410.875s][info][gc,phases      ] GC(166) Phase 4: Compact heap 0.960ms
[410.884s][info][gc,heap        ] GC(166) Eden regions: 183->0(1228)
[410.884s][info][gc,heap        ] GC(166) Survivor regions: 1->0(154)
[410.884s][info][gc,heap        ] GC(166) Old regions: 12->12
[410.884s][info][gc,heap        ] GC(166) Humongous regions: 0->0
[410.884s][info][gc,metaspace   ] GC(166) Metaspace: 60101K(69072K)->60101K(69072K) NonClass: 52480K(57168K)->52480K(57168K) Class: 7620K(11904K)->7620K(11904K)
[410.884s][info][gc             ] GC(166) Pause Full (System.gc()) 381M->14M(4096M) 33.710ms
[410.884s][info][gc,cpu         ] GC(166) User=0.02s Sys=0.00s Real=0.03s
[415.488s][info][gc,start       ] GC(167) Pause Young (Normal) (G1 Evacuation Pause)
[415.488s][info][gc,task        ] GC(167) Using 6 workers of 6 for evacuation
[415.490s][info][gc,phases      ] GC(167)   Pre Evacuate Collection Set: 0.0ms
[415.490s][info][gc,phases      ] GC(167)   Evacuate Collection Set: 1.0ms
[415.490s][info][gc,phases      ] GC(167)   Post Evacuate Collection Set: 0.8ms
[415.490s][info][gc,phases      ] GC(167)   Other: 0.3ms
[415.490s][info][gc,heap        ] GC(167) Eden regions: 1228->0(1227)
[415.490s][info][gc,heap        ] GC(167) Survivor regions: 0->1(154)
[415.490s][info][gc,heap        ] GC(167) Old regions: 12->12
[415.490s][info][gc,heap        ] GC(167) Humongous regions: 0->0
[415.490s][info][gc,metaspace   ] GC(167) Metaspace: 60101K(69072K)->60101K(69072K) NonClass: 52480K(57168K)->52480K(57168K) Class: 7620K(11904K)->7620K(11904K)
[415.490s][info][gc             ] GC(167) Pause Young (Normal) (G1 Evacuation Pause) 2470M->15M(4096M) 2.175ms
[415.490s][info][gc,cpu         ] GC(167) User=0.00s Sys=0.00s Real=0.00s
[416.125s][info][gc,task        ] GC(168) Using 6 workers of 6 for full compaction
[416.125s][info][gc,start       ] GC(168) Pause Full (System.gc())
[416.126s][info][gc,phases,start] GC(168) Phase 1: Mark live objects
[416.138s][info][gc,stringtable ] GC(168) Cleaned string and symbol table, strings: 15946 processed, 0 removed, symbols: 120025 processed, 0 removed
[416.138s][info][gc,phases      ] GC(168) Phase 1: Mark live objects 11.998ms
[416.138s][info][gc,phases,start] GC(168) Phase 2: Prepare for compaction
[416.141s][info][gc,phases      ] GC(168) Phase 2: Prepare for compaction 3.161ms
[416.141s][info][gc,phases,start] GC(168) Phase 3: Adjust pointers
[416.151s][info][gc,phases      ] GC(168) Phase 3: Adjust pointers 9.559ms
[416.151s][info][gc,phases,start] GC(168) Phase 4: Compact heap
[416.153s][info][gc,phases      ] GC(168) Phase 4: Compact heap 1.868ms
[416.162s][info][gc,heap        ] GC(168) Eden regions: 181->0(1228)
[416.162s][info][gc,heap        ] GC(168) Survivor regions: 1->0(154)
[416.162s][info][gc,heap        ] GC(168) Old regions: 12->12
[416.162s][info][gc,heap        ] GC(168) Humongous regions: 0->0
[416.162s][info][gc,metaspace   ] GC(168) Metaspace: 60101K(69072K)->60101K(69072K) NonClass: 52480K(57168K)->52480K(57168K) Class: 7620K(11904K)->7620K(11904K)
[416.162s][info][gc             ] GC(168) Pause Full (System.gc()) 377M->14M(4096M) 36.578ms
[416.162s][info][gc,cpu         ] GC(168) User=0.00s Sys=0.00s Real=0.05s
[420.929s][info][gc,start       ] GC(169) Pause Young (Normal) (G1 Evacuation Pause)
[420.929s][info][gc,task        ] GC(169) Using 6 workers of 6 for evacuation
[420.931s][info][gc,phases      ] GC(169)   Pre Evacuate Collection Set: 0.0ms
[420.931s][info][gc,phases      ] GC(169)   Evacuate Collection Set: 0.9ms
[420.931s][info][gc,phases      ] GC(169)   Post Evacuate Collection Set: 0.9ms
[420.931s][info][gc,phases      ] GC(169)   Other: 0.3ms
[420.931s][info][gc,heap        ] GC(169) Eden regions: 1228->0(1227)
[420.931s][info][gc,heap        ] GC(169) Survivor regions: 0->1(154)
[420.931s][info][gc,heap        ] GC(169) Old regions: 12->12
[420.931s][info][gc,heap        ] GC(169) Humongous regions: 0->0
[420.931s][info][gc,metaspace   ] GC(169) Metaspace: 60104K(69072K)->60104K(69072K) NonClass: 52483K(57168K)->52483K(57168K) Class: 7620K(11904K)->7620K(11904K)
[420.931s][info][gc             ] GC(169) Pause Young (Normal) (G1 Evacuation Pause) 2470M->15M(4096M) 2.252ms
[420.931s][info][gc,cpu         ] GC(169) User=0.00s Sys=0.00s Real=0.00s
[421.646s][info][gc,task        ] GC(170) Using 6 workers of 6 for full compaction
[421.646s][info][gc,start       ] GC(170) Pause Full (System.gc())
[421.646s][info][gc,phases,start] GC(170) Phase 1: Mark live objects
[421.657s][info][gc,stringtable ] GC(170) Cleaned string and symbol table, strings: 15949 processed, 0 removed, symbols: 120025 processed, 0 removed
[421.657s][info][gc,phases      ] GC(170) Phase 1: Mark live objects 10.726ms
[421.657s][info][gc,phases,start] GC(170) Phase 2: Prepare for compaction
[421.661s][info][gc,phases      ] GC(170) Phase 2: Prepare for compaction 3.472ms
[421.661s][info][gc,phases,start] GC(170) Phase 3: Adjust pointers
[421.671s][info][gc,phases      ] GC(170) Phase 3: Adjust pointers 10.022ms
[421.671s][info][gc,phases,start] GC(170) Phase 4: Compact heap
[421.672s][info][gc,phases      ] GC(170) Phase 4: Compact heap 1.226ms
[421.681s][info][gc,heap        ] GC(170) Eden regions: 180->0(1228)
[421.681s][info][gc,heap        ] GC(170) Survivor regions: 1->0(154)
[421.681s][info][gc,heap        ] GC(170) Old regions: 12->11
[421.681s][info][gc,heap        ] GC(170) Humongous regions: 0->0
[421.681s][info][gc,metaspace   ] GC(170) Metaspace: 60104K(69072K)->60104K(69072K) NonClass: 52483K(57168K)->52483K(57168K) Class: 7620K(11904K)->7620K(11904K)
[421.681s][info][gc             ] GC(170) Pause Full (System.gc()) 375M->14M(4096M) 34.766ms
[421.681s][info][gc,cpu         ] GC(170) User=0.00s Sys=0.00s Real=0.03s
[426.717s][info][gc,start       ] GC(171) Pause Young (Normal) (G1 Evacuation Pause)
[426.717s][info][gc,task        ] GC(171) Using 6 workers of 6 for evacuation
[426.720s][info][gc,phases      ] GC(171)   Pre Evacuate Collection Set: 0.0ms
[426.720s][info][gc,phases      ] GC(171)   Evacuate Collection Set: 1.4ms
[426.720s][info][gc,phases      ] GC(171)   Post Evacuate Collection Set: 1.1ms
[426.720s][info][gc,phases      ] GC(171)   Other: 0.3ms
[426.720s][info][gc,heap        ] GC(171) Eden regions: 1228->0(1227)
[426.720s][info][gc,heap        ] GC(171) Survivor regions: 0->1(154)
[426.720s][info][gc,heap        ] GC(171) Old regions: 11->11
[426.720s][info][gc,heap        ] GC(171) Humongous regions: 0->0
[426.720s][info][gc,metaspace   ] GC(171) Metaspace: 60105K(69072K)->60105K(69072K) NonClass: 52484K(57168K)->52484K(57168K) Class: 7620K(11904K)->7620K(11904K)
[426.720s][info][gc             ] GC(171) Pause Young (Normal) (G1 Evacuation Pause) 2470M->15M(4096M) 2.865ms
[426.720s][info][gc,cpu         ] GC(171) User=0.00s Sys=0.00s Real=0.00s
[427.481s][info][gc,task        ] GC(172) Using 6 workers of 6 for full compaction
[427.481s][info][gc,start       ] GC(172) Pause Full (System.gc())
[427.481s][info][gc,phases,start] GC(172) Phase 1: Mark live objects
[427.491s][info][gc,stringtable ] GC(172) Cleaned string and symbol table, strings: 15949 processed, 0 removed, symbols: 120025 processed, 0 removed
[427.491s][info][gc,phases      ] GC(172) Phase 1: Mark live objects 9.653ms
[427.491s][info][gc,phases,start] GC(172) Phase 2: Prepare for compaction
[427.494s][info][gc,phases      ] GC(172) Phase 2: Prepare for compaction 3.524ms
[427.495s][info][gc,phases,start] GC(172) Phase 3: Adjust pointers
[427.505s][info][gc,phases      ] GC(172) Phase 3: Adjust pointers 10.518ms
[427.505s][info][gc,phases,start] GC(172) Phase 4: Compact heap
[427.507s][info][gc,phases      ] GC(172) Phase 4: Compact heap 1.488ms
[427.517s][info][gc,heap        ] GC(172) Eden regions: 179->0(1228)
[427.517s][info][gc,heap        ] GC(172) Survivor regions: 1->0(154)
[427.517s][info][gc,heap        ] GC(172) Old regions: 11->11
[427.517s][info][gc,heap        ] GC(172) Humongous regions: 0->0
[427.517s][info][gc,metaspace   ] GC(172) Metaspace: 60105K(69072K)->60105K(69072K) NonClass: 52484K(57168K)->52484K(57168K) Class: 7620K(11904K)->7620K(11904K)
[427.517s][info][gc             ] GC(172) Pause Full (System.gc()) 372M->14M(4096M) 35.850ms
[427.517s][info][gc,cpu         ] GC(172) User=0.02s Sys=0.00s Real=0.03s
[432.035s][info][gc,start       ] GC(173) Pause Young (Normal) (G1 Evacuation Pause)
[432.035s][info][gc,task        ] GC(173) Using 6 workers of 6 for evacuation
[432.037s][info][gc,phases      ] GC(173)   Pre Evacuate Collection Set: 0.0ms
[432.037s][info][gc,phases      ] GC(173)   Evacuate Collection Set: 0.9ms
[432.037s][info][gc,phases      ] GC(173)   Post Evacuate Collection Set: 0.9ms
[432.037s][info][gc,phases      ] GC(173)   Other: 0.3ms
[432.037s][info][gc,heap        ] GC(173) Eden regions: 1228->0(1227)
[432.037s][info][gc,heap        ] GC(173) Survivor regions: 0->1(154)
[432.037s][info][gc,heap        ] GC(173) Old regions: 11->11
[432.037s][info][gc,heap        ] GC(173) Humongous regions: 0->0
[432.037s][info][gc,metaspace   ] GC(173) Metaspace: 60106K(69072K)->60106K(69072K) NonClass: 52485K(57168K)->52485K(57168K) Class: 7620K(11904K)->7620K(11904K)
[432.037s][info][gc             ] GC(173) Pause Young (Normal) (G1 Evacuation Pause) 2470M->15M(4096M) 2.235ms
[432.037s][info][gc,cpu         ] GC(173) User=0.00s Sys=0.00s Real=0.02s
[432.711s][info][gc,task        ] GC(174) Using 6 workers of 6 for full compaction
[432.711s][info][gc,start       ] GC(174) Pause Full (System.gc())
[432.712s][info][gc,phases,start] GC(174) Phase 1: Mark live objects
[432.721s][info][gc,stringtable ] GC(174) Cleaned string and symbol table, strings: 15949 processed, 0 removed, symbols: 120025 processed, 0 removed
[432.721s][info][gc,phases      ] GC(174) Phase 1: Mark live objects 9.168ms
[432.721s][info][gc,phases,start] GC(174) Phase 2: Prepare for compaction
[432.724s][info][gc,phases      ] GC(174) Phase 2: Prepare for compaction 3.535ms
[432.724s][info][gc,phases,start] GC(174) Phase 3: Adjust pointers
[432.735s][info][gc,phases      ] GC(174) Phase 3: Adjust pointers 10.726ms
[432.735s][info][gc,phases,start] GC(174) Phase 4: Compact heap
[432.736s][info][gc,phases      ] GC(174) Phase 4: Compact heap 1.334ms
[432.747s][info][gc,heap        ] GC(174) Eden regions: 182->0(1228)
[432.747s][info][gc,heap        ] GC(174) Survivor regions: 1->0(154)
[432.747s][info][gc,heap        ] GC(174) Old regions: 11->11
[432.747s][info][gc,heap        ] GC(174) Humongous regions: 0->0
[432.747s][info][gc,metaspace   ] GC(174) Metaspace: 60106K(69072K)->60106K(69072K) NonClass: 52485K(57168K)->52485K(57168K) Class: 7620K(11904K)->7620K(11904K)
[432.747s][info][gc             ] GC(174) Pause Full (System.gc()) 378M->14M(4096M) 35.877ms
[432.747s][info][gc,cpu         ] GC(174) User=0.00s Sys=0.00s Real=0.03s
[437.214s][info][gc,start       ] GC(175) Pause Young (Normal) (G1 Evacuation Pause)
[437.214s][info][gc,task        ] GC(175) Using 6 workers of 6 for evacuation
[437.216s][info][gc,phases      ] GC(175)   Pre Evacuate Collection Set: 0.0ms
[437.216s][info][gc,phases      ] GC(175)   Evacuate Collection Set: 0.9ms
[437.216s][info][gc,phases      ] GC(175)   Post Evacuate Collection Set: 0.9ms
[437.216s][info][gc,phases      ] GC(175)   Other: 0.3ms
[437.216s][info][gc,heap        ] GC(175) Eden regions: 1228->0(1227)
[437.216s][info][gc,heap        ] GC(175) Survivor regions: 0->1(154)
[437.216s][info][gc,heap        ] GC(175) Old regions: 11->11
[437.216s][info][gc,heap        ] GC(175) Humongous regions: 0->0
[437.216s][info][gc,metaspace   ] GC(175) Metaspace: 60106K(69072K)->60106K(69072K) NonClass: 52485K(57168K)->52485K(57168K) Class: 7620K(11904K)->7620K(11904K)
[437.216s][info][gc             ] GC(175) Pause Young (Normal) (G1 Evacuation Pause) 2470M->15M(4096M) 2.200ms
[437.216s][info][gc,cpu         ] GC(175) User=0.00s Sys=0.00s Real=0.00s
[437.885s][info][gc,task        ] GC(176) Using 6 workers of 6 for full compaction
[437.885s][info][gc,start       ] GC(176) Pause Full (System.gc())
[437.886s][info][gc,phases,start] GC(176) Phase 1: Mark live objects
[437.896s][info][gc,stringtable ] GC(176) Cleaned string and symbol table, strings: 15952 processed, 5 removed, symbols: 120025 processed, 0 removed
[437.896s][info][gc,phases      ] GC(176) Phase 1: Mark live objects 10.497ms
[437.896s][info][gc,phases,start] GC(176) Phase 2: Prepare for compaction
[437.900s][info][gc,phases      ] GC(176) Phase 2: Prepare for compaction 3.144ms
[437.900s][info][gc,phases,start] GC(176) Phase 3: Adjust pointers
[437.910s][info][gc,phases      ] GC(176) Phase 3: Adjust pointers 10.609ms
[437.910s][info][gc,phases,start] GC(176) Phase 4: Compact heap
[437.912s][info][gc,phases      ] GC(176) Phase 4: Compact heap 1.547ms
[437.921s][info][gc,heap        ] GC(176) Eden regions: 183->0(1228)
[437.921s][info][gc,heap        ] GC(176) Survivor regions: 1->0(154)
[437.921s][info][gc,heap        ] GC(176) Old regions: 11->13
[437.921s][info][gc,heap        ] GC(176) Humongous regions: 0->0
[437.921s][info][gc,metaspace   ] GC(176) Metaspace: 60118K(69072K)->60118K(69072K) NonClass: 52497K(57168K)->52497K(57168K) Class: 7620K(11904K)->7620K(11904K)
[437.921s][info][gc             ] GC(176) Pause Full (System.gc()) 381M->14M(4096M) 36.059ms
[437.921s][info][gc,cpu         ] GC(176) User=0.02s Sys=0.00s Real=0.03s
[442.783s][info][gc,start       ] GC(177) Pause Young (Normal) (G1 Evacuation Pause)
[442.783s][info][gc,task        ] GC(177) Using 6 workers of 6 for evacuation
[442.785s][info][gc,phases      ] GC(177)   Pre Evacuate Collection Set: 0.0ms
[442.785s][info][gc,phases      ] GC(177)   Evacuate Collection Set: 0.9ms
[442.785s][info][gc,phases      ] GC(177)   Post Evacuate Collection Set: 1.0ms
[442.785s][info][gc,phases      ] GC(177)   Other: 0.3ms
[442.785s][info][gc,heap        ] GC(177) Eden regions: 1228->0(1227)
[442.785s][info][gc,heap        ] GC(177) Survivor regions: 0->1(154)
[442.785s][info][gc,heap        ] GC(177) Old regions: 13->13
[442.785s][info][gc,heap        ] GC(177) Humongous regions: 0->0
[442.785s][info][gc,metaspace   ] GC(177) Metaspace: 60238K(69072K)->60238K(69072K) NonClass: 52617K(57168K)->52617K(57168K) Class: 7620K(11904K)->7620K(11904K)
[442.785s][info][gc             ] GC(177) Pause Young (Normal) (G1 Evacuation Pause) 2470M->15M(4096M) 2.346ms
[442.785s][info][gc,cpu         ] GC(177) User=0.00s Sys=0.00s Real=0.00s
[443.593s][info][gc,task        ] GC(178) Using 6 workers of 6 for full compaction
[443.593s][info][gc,start       ] GC(178) Pause Full (System.gc())
[443.594s][info][gc,phases,start] GC(178) Phase 1: Mark live objects
[443.606s][info][gc,stringtable ] GC(178) Cleaned string and symbol table, strings: 15954 processed, 5 removed, symbols: 120025 processed, 0 removed
[443.606s][info][gc,phases      ] GC(178) Phase 1: Mark live objects 11.731ms
[443.606s][info][gc,phases,start] GC(178) Phase 2: Prepare for compaction
[443.609s][info][gc,phases      ] GC(178) Phase 2: Prepare for compaction 3.001ms
[443.609s][info][gc,phases,start] GC(178) Phase 3: Adjust pointers
[443.619s][info][gc,phases      ] GC(178) Phase 3: Adjust pointers 9.966ms
[443.619s][info][gc,phases,start] GC(178) Phase 4: Compact heap
[443.620s][info][gc,phases      ] GC(178) Phase 4: Compact heap 1.305ms
[443.630s][info][gc,heap        ] GC(178) Eden regions: 182->0(1228)
[443.630s][info][gc,heap        ] GC(178) Survivor regions: 1->0(154)
[443.630s][info][gc,heap        ] GC(178) Old regions: 13->12
[443.630s][info][gc,heap        ] GC(178) Humongous regions: 0->0
[443.630s][info][gc,metaspace   ] GC(178) Metaspace: 60329K(69328K)->60329K(69328K) NonClass: 52708K(57424K)->52708K(57424K) Class: 7620K(11904K)->7620K(11904K)
[443.630s][info][gc             ] GC(178) Pause Full (System.gc()) 379M->14M(4096M) 36.376ms
[443.630s][info][gc,cpu         ] GC(178) User=0.02s Sys=0.00s Real=0.05s
[448.165s][info][gc,start       ] GC(179) Pause Young (Normal) (G1 Evacuation Pause)
[448.165s][info][gc,task        ] GC(179) Using 6 workers of 6 for evacuation
[448.167s][info][gc,phases      ] GC(179)   Pre Evacuate Collection Set: 0.0ms
[448.167s][info][gc,phases      ] GC(179)   Evacuate Collection Set: 1.0ms
[448.167s][info][gc,phases      ] GC(179)   Post Evacuate Collection Set: 1.0ms
[448.167s][info][gc,phases      ] GC(179)   Other: 0.3ms
[448.167s][info][gc,heap        ] GC(179) Eden regions: 1228->0(1227)
[448.167s][info][gc,heap        ] GC(179) Survivor regions: 0->1(154)
[448.167s][info][gc,heap        ] GC(179) Old regions: 12->12
[448.167s][info][gc,heap        ] GC(179) Humongous regions: 0->0
[448.167s][info][gc,metaspace   ] GC(179) Metaspace: 60505K(69328K)->60505K(69328K) NonClass: 52884K(57424K)->52884K(57424K) Class: 7620K(11904K)->7620K(11904K)
[448.167s][info][gc             ] GC(179) Pause Young (Normal) (G1 Evacuation Pause) 2470M->15M(4096M) 2.351ms
[448.167s][info][gc,cpu         ] GC(179) User=0.00s Sys=0.00s Real=0.01s
[448.843s][info][gc,task        ] GC(180) Using 6 workers of 6 for full compaction
[448.843s][info][gc,start       ] GC(180) Pause Full (System.gc())
[448.843s][info][gc,phases,start] GC(180) Phase 1: Mark live objects
[448.853s][info][gc,stringtable ] GC(180) Cleaned string and symbol table, strings: 15962 processed, 0 removed, symbols: 120025 processed, 0 removed
[448.853s][info][gc,phases      ] GC(180) Phase 1: Mark live objects 9.970ms
[448.853s][info][gc,phases,start] GC(180) Phase 2: Prepare for compaction
[448.856s][info][gc,phases      ] GC(180) Phase 2: Prepare for compaction 3.077ms
[448.856s][info][gc,phases,start] GC(180) Phase 3: Adjust pointers
[448.867s][info][gc,phases      ] GC(180) Phase 3: Adjust pointers 10.928ms
[448.867s][info][gc,phases,start] GC(180) Phase 4: Compact heap
[448.869s][info][gc,phases      ] GC(180) Phase 4: Compact heap 1.388ms
[448.878s][info][gc,heap        ] GC(180) Eden regions: 183->0(1228)
[448.879s][info][gc,heap        ] GC(180) Survivor regions: 1->0(154)
[448.879s][info][gc,heap        ] GC(180) Old regions: 12->12
[448.879s][info][gc,heap        ] GC(180) Humongous regions: 0->0
[448.879s][info][gc,metaspace   ] GC(180) Metaspace: 60505K(69328K)->60505K(69328K) NonClass: 52884K(57424K)->52884K(57424K) Class: 7620K(11904K)->7620K(11904K)
[448.879s][info][gc             ] GC(180) Pause Full (System.gc()) 381M->14M(4096M) 35.831ms
[448.879s][info][gc,cpu         ] GC(180) User=0.02s Sys=0.00s Real=0.03s
[453.521s][info][gc,start       ] GC(181) Pause Young (Normal) (G1 Evacuation Pause)
[453.521s][info][gc,task        ] GC(181) Using 6 workers of 6 for evacuation
[453.524s][info][gc,phases      ] GC(181)   Pre Evacuate Collection Set: 0.1ms
[453.524s][info][gc,phases      ] GC(181)   Evacuate Collection Set: 1.0ms
[453.524s][info][gc,phases      ] GC(181)   Post Evacuate Collection Set: 1.4ms
[453.524s][info][gc,phases      ] GC(181)   Other: 0.4ms
[453.524s][info][gc,heap        ] GC(181) Eden regions: 1228->0(1227)
[453.524s][info][gc,heap        ] GC(181) Survivor regions: 0->1(154)
[453.524s][info][gc,heap        ] GC(181) Old regions: 12->12
[453.524s][info][gc,heap        ] GC(181) Humongous regions: 0->0
[453.524s][info][gc,metaspace   ] GC(181) Metaspace: 60659K(69584K)->60659K(69584K) NonClass: 53038K(57680K)->53038K(57680K) Class: 7620K(11904K)->7620K(11904K)
[453.524s][info][gc             ] GC(181) Pause Young (Normal) (G1 Evacuation Pause) 2470M->15M(4096M) 3.051ms
[453.524s][info][gc,cpu         ] GC(181) User=0.00s Sys=0.00s Real=0.00s
[454.232s][info][gc,task        ] GC(182) Using 6 workers of 6 for full compaction
[454.232s][info][gc,start       ] GC(182) Pause Full (System.gc())
[454.232s][info][gc,phases,start] GC(182) Phase 1: Mark live objects
[454.243s][info][gc,stringtable ] GC(182) Cleaned string and symbol table, strings: 15966 processed, 0 removed, symbols: 120025 processed, 0 removed
[454.243s][info][gc,phases      ] GC(182) Phase 1: Mark live objects 10.825ms
[454.243s][info][gc,phases,start] GC(182) Phase 2: Prepare for compaction
[454.246s][info][gc,phases      ] GC(182) Phase 2: Prepare for compaction 3.069ms
[454.246s][info][gc,phases,start] GC(182) Phase 3: Adjust pointers
[454.257s][info][gc,phases      ] GC(182) Phase 3: Adjust pointers 10.924ms
[454.257s][info][gc,phases,start] GC(182) Phase 4: Compact heap
[454.259s][info][gc,phases      ] GC(182) Phase 4: Compact heap 1.543ms
[454.270s][info][gc,heap        ] GC(182) Eden regions: 182->0(1228)
[454.270s][info][gc,heap        ] GC(182) Survivor regions: 1->0(154)
[454.270s][info][gc,heap        ] GC(182) Old regions: 12->12
[454.270s][info][gc,heap        ] GC(182) Humongous regions: 0->0
[454.270s][info][gc,metaspace   ] GC(182) Metaspace: 60659K(69584K)->60659K(69584K) NonClass: 53038K(57680K)->53038K(57680K) Class: 7620K(11904K)->7620K(11904K)
[454.270s][info][gc             ] GC(182) Pause Full (System.gc()) 379M->14M(4096M) 38.101ms
[454.270s][info][gc,cpu         ] GC(182) User=0.02s Sys=0.00s Real=0.05s
[458.932s][info][gc,start       ] GC(183) Pause Young (Normal) (G1 Evacuation Pause)
[458.932s][info][gc,task        ] GC(183) Using 6 workers of 6 for evacuation
[458.934s][info][gc,phases      ] GC(183)   Pre Evacuate Collection Set: 0.0ms
[458.934s][info][gc,phases      ] GC(183)   Evacuate Collection Set: 0.9ms
[458.934s][info][gc,phases      ] GC(183)   Post Evacuate Collection Set: 0.9ms
[458.934s][info][gc,phases      ] GC(183)   Other: 0.3ms
[458.934s][info][gc,heap        ] GC(183) Eden regions: 1228->0(1227)
[458.934s][info][gc,heap        ] GC(183) Survivor regions: 0->1(154)
[458.934s][info][gc,heap        ] GC(183) Old regions: 12->12
[458.934s][info][gc,heap        ] GC(183) Humongous regions: 0->0
[458.934s][info][gc,metaspace   ] GC(183) Metaspace: 60776K(69584K)->60776K(69584K) NonClass: 53155K(57680K)->53155K(57680K) Class: 7620K(11904K)->7620K(11904K)
[458.934s][info][gc             ] GC(183) Pause Young (Normal) (G1 Evacuation Pause) 2470M->15M(4096M) 2.164ms
[458.934s][info][gc,cpu         ] GC(183) User=0.00s Sys=0.00s Real=0.00s
[459.616s][info][gc,task        ] GC(184) Using 6 workers of 6 for full compaction
[459.616s][info][gc,start       ] GC(184) Pause Full (System.gc())
[459.617s][info][gc,phases,start] GC(184) Phase 1: Mark live objects
[459.627s][info][gc,stringtable ] GC(184) Cleaned string and symbol table, strings: 15967 processed, 0 removed, symbols: 120025 processed, 0 removed
[459.627s][info][gc,phases      ] GC(184) Phase 1: Mark live objects 10.389ms
[459.627s][info][gc,phases,start] GC(184) Phase 2: Prepare for compaction
[459.631s][info][gc,phases      ] GC(184) Phase 2: Prepare for compaction 3.658ms
[459.631s][info][gc,phases,start] GC(184) Phase 3: Adjust pointers
[459.642s][info][gc,phases      ] GC(184) Phase 3: Adjust pointers 10.959ms
[459.642s][info][gc,phases,start] GC(184) Phase 4: Compact heap
[459.643s][info][gc,phases      ] GC(184) Phase 4: Compact heap 1.302ms
[459.653s][info][gc,heap        ] GC(184) Eden regions: 182->0(1228)
[459.653s][info][gc,heap        ] GC(184) Survivor regions: 1->0(154)
[459.653s][info][gc,heap        ] GC(184) Old regions: 12->11
[459.653s][info][gc,heap        ] GC(184) Humongous regions: 0->0
[459.653s][info][gc,metaspace   ] GC(184) Metaspace: 60779K(69584K)->60779K(69584K) NonClass: 53158K(57680K)->53158K(57680K) Class: 7620K(11904K)->7620K(11904K)
[459.653s][info][gc             ] GC(184) Pause Full (System.gc()) 379M->14M(4096M) 36.538ms
[459.653s][info][gc,cpu         ] GC(184) User=0.02s Sys=0.00s Real=0.05s
[464.125s][info][gc,start       ] GC(185) Pause Young (Normal) (G1 Evacuation Pause)
[464.125s][info][gc,task        ] GC(185) Using 6 workers of 6 for evacuation
[464.127s][info][gc,phases      ] GC(185)   Pre Evacuate Collection Set: 0.0ms
[464.127s][info][gc,phases      ] GC(185)   Evacuate Collection Set: 1.0ms
[464.127s][info][gc,phases      ] GC(185)   Post Evacuate Collection Set: 0.8ms
[464.127s][info][gc,phases      ] GC(185)   Other: 0.3ms
[464.127s][info][gc,heap        ] GC(185) Eden regions: 1228->0(1227)
[464.127s][info][gc,heap        ] GC(185) Survivor regions: 0->1(154)
[464.127s][info][gc,heap        ] GC(185) Old regions: 11->11
[464.127s][info][gc,heap        ] GC(185) Humongous regions: 0->0
[464.127s][info][gc,metaspace   ] GC(185) Metaspace: 60849K(69584K)->60849K(69584K) NonClass: 53228K(57680K)->53228K(57680K) Class: 7620K(11904K)->7620K(11904K)
[464.127s][info][gc             ] GC(185) Pause Young (Normal) (G1 Evacuation Pause) 2470M->15M(4096M) 2.196ms
[464.127s][info][gc,cpu         ] GC(185) User=0.00s Sys=0.00s Real=0.00s
[464.774s][info][gc,task        ] GC(186) Using 6 workers of 6 for full compaction
[464.774s][info][gc,start       ] GC(186) Pause Full (System.gc())
[464.776s][info][gc,phases,start] GC(186) Phase 1: Mark live objects
[464.786s][info][gc,stringtable ] GC(186) Cleaned string and symbol table, strings: 15967 processed, 5 removed, symbols: 120025 processed, 0 removed
[464.786s][info][gc,phases      ] GC(186) Phase 1: Mark live objects 9.953ms
[464.786s][info][gc,phases,start] GC(186) Phase 2: Prepare for compaction
[464.789s][info][gc,phases      ] GC(186) Phase 2: Prepare for compaction 3.273ms
[464.789s][info][gc,phases,start] GC(186) Phase 3: Adjust pointers
[464.799s][info][gc,phases      ] GC(186) Phase 3: Adjust pointers 10.374ms
[464.799s][info][gc,phases,start] GC(186) Phase 4: Compact heap
[464.801s][info][gc,phases      ] GC(186) Phase 4: Compact heap 1.202ms
[464.810s][info][gc,heap        ] GC(186) Eden regions: 182->0(1228)
[464.810s][info][gc,heap        ] GC(186) Survivor regions: 1->0(154)
[464.810s][info][gc,heap        ] GC(186) Old regions: 11->12
[464.810s][info][gc,heap        ] GC(186) Humongous regions: 0->0
[464.810s][info][gc,metaspace   ] GC(186) Metaspace: 60851K(69584K)->60851K(69584K) NonClass: 53230K(57680K)->53230K(57680K) Class: 7620K(11904K)->7620K(11904K)
[464.810s][info][gc             ] GC(186) Pause Full (System.gc()) 379M->14M(4096M) 35.405ms
[464.810s][info][gc,cpu         ] GC(186) User=0.02s Sys=0.00s Real=0.04s
[469.210s][info][gc,start       ] GC(187) Pause Young (Normal) (G1 Evacuation Pause)
[469.210s][info][gc,task        ] GC(187) Using 6 workers of 6 for evacuation
[469.212s][info][gc,phases      ] GC(187)   Pre Evacuate Collection Set: 0.0ms
[469.212s][info][gc,phases      ] GC(187)   Evacuate Collection Set: 0.8ms
[469.212s][info][gc,phases      ] GC(187)   Post Evacuate Collection Set: 0.8ms
[469.212s][info][gc,phases      ] GC(187)   Other: 0.3ms
[469.212s][info][gc,heap        ] GC(187) Eden regions: 1228->0(1227)
[469.212s][info][gc,heap        ] GC(187) Survivor regions: 0->1(154)
[469.212s][info][gc,heap        ] GC(187) Old regions: 12->12
[469.212s][info][gc,heap        ] GC(187) Humongous regions: 0->0
[469.212s][info][gc,metaspace   ] GC(187) Metaspace: 60880K(69584K)->60880K(69584K) NonClass: 53259K(57680K)->53259K(57680K) Class: 7620K(11904K)->7620K(11904K)
[469.212s][info][gc             ] GC(187) Pause Young (Normal) (G1 Evacuation Pause) 2470M->15M(4096M) 2.047ms
[469.212s][info][gc,cpu         ] GC(187) User=0.00s Sys=0.00s Real=0.00s
[469.827s][info][gc,task        ] GC(188) Using 6 workers of 6 for full compaction
[469.827s][info][gc,start       ] GC(188) Pause Full (System.gc())
[469.828s][info][gc,phases,start] GC(188) Phase 1: Mark live objects
[469.838s][info][gc,stringtable ] GC(188) Cleaned string and symbol table, strings: 15974 processed, 5 removed, symbols: 120025 processed, 0 removed
[469.838s][info][gc,phases      ] GC(188) Phase 1: Mark live objects 10.008ms
[469.838s][info][gc,phases,start] GC(188) Phase 2: Prepare for compaction
[469.842s][info][gc,phases      ] GC(188) Phase 2: Prepare for compaction 3.163ms
[469.842s][info][gc,phases,start] GC(188) Phase 3: Adjust pointers
[469.852s][info][gc,phases      ] GC(188) Phase 3: Adjust pointers 10.491ms
[469.852s][info][gc,phases,start] GC(188) Phase 4: Compact heap
[469.854s][info][gc,phases      ] GC(188) Phase 4: Compact heap 1.448ms
[469.862s][info][gc,heap        ] GC(188) Eden regions: 182->0(1228)
[469.862s][info][gc,heap        ] GC(188) Survivor regions: 1->0(154)
[469.862s][info][gc,heap        ] GC(188) Old regions: 12->12
[469.862s][info][gc,heap        ] GC(188) Humongous regions: 0->0
[469.862s][info][gc,metaspace   ] GC(188) Metaspace: 60880K(69584K)->60880K(69584K) NonClass: 53259K(57680K)->53259K(57680K) Class: 7620K(11904K)->7620K(11904K)
[469.862s][info][gc             ] GC(188) Pause Full (System.gc()) 378M->14M(4096M) 34.825ms
[469.862s][info][gc,cpu         ] GC(188) User=0.03s Sys=0.00s Real=0.03s
[474.344s][info][gc,start       ] GC(189) Pause Young (Normal) (G1 Evacuation Pause)
[474.344s][info][gc,task        ] GC(189) Using 6 workers of 6 for evacuation
[474.346s][info][gc,phases      ] GC(189)   Pre Evacuate Collection Set: 0.0ms
[474.346s][info][gc,phases      ] GC(189)   Evacuate Collection Set: 0.9ms
[474.346s][info][gc,phases      ] GC(189)   Post Evacuate Collection Set: 0.9ms
[474.346s][info][gc,phases      ] GC(189)   Other: 0.3ms
[474.346s][info][gc,heap        ] GC(189) Eden regions: 1228->0(1227)
[474.346s][info][gc,heap        ] GC(189) Survivor regions: 0->1(154)
[474.346s][info][gc,heap        ] GC(189) Old regions: 12->12
[474.346s][info][gc,heap        ] GC(189) Humongous regions: 0->0
[474.346s][info][gc,metaspace   ] GC(189) Metaspace: 60900K(69584K)->60900K(69584K) NonClass: 53279K(57680K)->53279K(57680K) Class: 7620K(11904K)->7620K(11904K)
[474.346s][info][gc             ] GC(189) Pause Young (Normal) (G1 Evacuation Pause) 2470M->15M(4096M) 2.167ms
[474.346s][info][gc,cpu         ] GC(189) User=0.00s Sys=0.00s Real=0.00s
[475.010s][info][gc,task        ] GC(190) Using 6 workers of 6 for full compaction
[475.010s][info][gc,start       ] GC(190) Pause Full (System.gc())
[475.013s][info][gc,phases,start] GC(190) Phase 1: Mark live objects
[475.025s][info][gc,stringtable ] GC(190) Cleaned string and symbol table, strings: 15983 processed, 5 removed, symbols: 120025 processed, 0 removed
[475.025s][info][gc,phases      ] GC(190) Phase 1: Mark live objects 12.271ms
[475.025s][info][gc,phases,start] GC(190) Phase 2: Prepare for compaction
[475.028s][info][gc,phases      ] GC(190) Phase 2: Prepare for compaction 3.470ms
[475.028s][info][gc,phases,start] GC(190) Phase 3: Adjust pointers
[475.039s][info][gc,phases      ] GC(190) Phase 3: Adjust pointers 10.235ms
[475.039s][info][gc,phases,start] GC(190) Phase 4: Compact heap
[475.040s][info][gc,phases      ] GC(190) Phase 4: Compact heap 1.485ms
[475.049s][info][gc,heap        ] GC(190) Eden regions: 184->0(1228)
[475.049s][info][gc,heap        ] GC(190) Survivor regions: 1->0(154)
[475.049s][info][gc,heap        ] GC(190) Old regions: 12->13
[475.049s][info][gc,heap        ] GC(190) Humongous regions: 0->0
[475.049s][info][gc,metaspace   ] GC(190) Metaspace: 60900K(69584K)->60900K(69584K) NonClass: 53279K(57680K)->53279K(57680K) Class: 7620K(11904K)->7620K(11904K)
[475.049s][info][gc             ] GC(190) Pause Full (System.gc()) 382M->14M(4096M) 39.087ms
[475.049s][info][gc,cpu         ] GC(190) User=0.00s Sys=0.00s Real=0.04s
[479.403s][info][gc,start       ] GC(191) Pause Young (Normal) (G1 Evacuation Pause)
[479.403s][info][gc,task        ] GC(191) Using 6 workers of 6 for evacuation
[479.405s][info][gc,phases      ] GC(191)   Pre Evacuate Collection Set: 0.0ms
[479.405s][info][gc,phases      ] GC(191)   Evacuate Collection Set: 0.8ms
[479.405s][info][gc,phases      ] GC(191)   Post Evacuate Collection Set: 0.8ms
[479.405s][info][gc,phases      ] GC(191)   Other: 0.3ms
[479.405s][info][gc,heap        ] GC(191) Eden regions: 1228->0(1227)
[479.405s][info][gc,heap        ] GC(191) Survivor regions: 0->1(154)
[479.405s][info][gc,heap        ] GC(191) Old regions: 13->13
[479.405s][info][gc,heap        ] GC(191) Humongous regions: 0->0
[479.405s][info][gc,metaspace   ] GC(191) Metaspace: 60910K(69840K)->60910K(69840K) NonClass: 53289K(57936K)->53289K(57936K) Class: 7620K(11904K)->7620K(11904K)
[479.405s][info][gc             ] GC(191) Pause Young (Normal) (G1 Evacuation Pause) 2470M->15M(4096M) 2.084ms
[479.405s][info][gc,cpu         ] GC(191) User=0.00s Sys=0.00s Real=0.00s
[480.063s][info][gc,task        ] GC(192) Using 6 workers of 6 for full compaction
[480.063s][info][gc,start       ] GC(192) Pause Full (System.gc())
[480.064s][info][gc,phases,start] GC(192) Phase 1: Mark live objects
[480.074s][info][gc,stringtable ] GC(192) Cleaned string and symbol table, strings: 15983 processed, 5 removed, symbols: 120025 processed, 0 removed
[480.075s][info][gc,phases      ] GC(192) Phase 1: Mark live objects 10.293ms
[480.075s][info][gc,phases,start] GC(192) Phase 2: Prepare for compaction
[480.078s][info][gc,phases      ] GC(192) Phase 2: Prepare for compaction 3.054ms
[480.078s][info][gc,phases,start] GC(192) Phase 3: Adjust pointers
[480.088s][info][gc,phases      ] GC(192) Phase 3: Adjust pointers 10.258ms
[480.088s][info][gc,phases,start] GC(192) Phase 4: Compact heap
[480.090s][info][gc,phases      ] GC(192) Phase 4: Compact heap 1.483ms
[480.099s][info][gc,heap        ] GC(192) Eden regions: 179->0(1228)
[480.099s][info][gc,heap        ] GC(192) Survivor regions: 1->0(154)
[480.099s][info][gc,heap        ] GC(192) Old regions: 13->13
[480.099s][info][gc,heap        ] GC(192) Humongous regions: 0->0
[480.099s][info][gc,metaspace   ] GC(192) Metaspace: 60910K(69840K)->60910K(69840K) NonClass: 53289K(57936K)->53289K(57936K) Class: 7620K(11904K)->7620K(11904K)
[480.099s][info][gc             ] GC(192) Pause Full (System.gc()) 372M->14M(4096M) 35.391ms
[480.099s][info][gc,cpu         ] GC(192) User=0.00s Sys=0.00s Real=0.04s
[484.483s][info][gc,start       ] GC(193) Pause Young (Normal) (G1 Evacuation Pause)
[484.483s][info][gc,task        ] GC(193) Using 6 workers of 6 for evacuation
[484.485s][info][gc,phases      ] GC(193)   Pre Evacuate Collection Set: 0.0ms
[484.485s][info][gc,phases      ] GC(193)   Evacuate Collection Set: 0.9ms
[484.485s][info][gc,phases      ] GC(193)   Post Evacuate Collection Set: 0.9ms
[484.485s][info][gc,phases      ] GC(193)   Other: 0.3ms
[484.485s][info][gc,heap        ] GC(193) Eden regions: 1228->0(1227)
[484.485s][info][gc,heap        ] GC(193) Survivor regions: 0->1(154)
[484.485s][info][gc,heap        ] GC(193) Old regions: 13->13
[484.485s][info][gc,heap        ] GC(193) Humongous regions: 0->0
[484.485s][info][gc,metaspace   ] GC(193) Metaspace: 60915K(69840K)->60915K(69840K) NonClass: 53294K(57936K)->53294K(57936K) Class: 7620K(11904K)->7620K(11904K)
[484.485s][info][gc             ] GC(193) Pause Young (Normal) (G1 Evacuation Pause) 2470M->15M(4096M) 2.252ms
[484.485s][info][gc,cpu         ] GC(193) User=0.00s Sys=0.00s Real=0.00s
[485.111s][info][gc,task        ] GC(194) Using 6 workers of 6 for full compaction
[485.112s][info][gc,start       ] GC(194) Pause Full (System.gc())
[485.113s][info][gc,phases,start] GC(194) Phase 1: Mark live objects
[485.124s][info][gc,stringtable ] GC(194) Cleaned string and symbol table, strings: 15983 processed, 5 removed, symbols: 120025 processed, 0 removed
[485.124s][info][gc,phases      ] GC(194) Phase 1: Mark live objects 10.928ms
[485.124s][info][gc,phases,start] GC(194) Phase 2: Prepare for compaction
[485.127s][info][gc,phases      ] GC(194) Phase 2: Prepare for compaction 3.156ms
[485.127s][info][gc,phases,start] GC(194) Phase 3: Adjust pointers
[485.137s][info][gc,phases      ] GC(194) Phase 3: Adjust pointers 10.382ms
[485.137s][info][gc,phases,start] GC(194) Phase 4: Compact heap
[485.139s][info][gc,phases      ] GC(194) Phase 4: Compact heap 1.514ms
[485.148s][info][gc,heap        ] GC(194) Eden regions: 179->0(1228)
[485.148s][info][gc,heap        ] GC(194) Survivor regions: 1->0(154)
[485.148s][info][gc,heap        ] GC(194) Old regions: 13->13
[485.148s][info][gc,heap        ] GC(194) Humongous regions: 0->0
[485.148s][info][gc,metaspace   ] GC(194) Metaspace: 60915K(69840K)->60915K(69840K) NonClass: 53294K(57936K)->53294K(57936K) Class: 7620K(11904K)->7620K(11904K)
[485.148s][info][gc             ] GC(194) Pause Full (System.gc()) 373M->14M(4096M) 36.127ms
[485.148s][info][gc,cpu         ] GC(194) User=0.02s Sys=0.00s Real=0.03s
[489.593s][info][gc,start       ] GC(195) Pause Young (Normal) (G1 Evacuation Pause)
[489.593s][info][gc,task        ] GC(195) Using 6 workers of 6 for evacuation
[489.595s][info][gc,phases      ] GC(195)   Pre Evacuate Collection Set: 0.0ms
[489.595s][info][gc,phases      ] GC(195)   Evacuate Collection Set: 0.9ms
[489.595s][info][gc,phases      ] GC(195)   Post Evacuate Collection Set: 0.8ms
[489.595s][info][gc,phases      ] GC(195)   Other: 0.2ms
[489.595s][info][gc,heap        ] GC(195) Eden regions: 1228->0(1227)
[489.595s][info][gc,heap        ] GC(195) Survivor regions: 0->1(154)
[489.595s][info][gc,heap        ] GC(195) Old regions: 13->13
[489.595s][info][gc,heap        ] GC(195) Humongous regions: 0->0
[489.595s][info][gc,metaspace   ] GC(195) Metaspace: 60925K(69840K)->60925K(69840K) NonClass: 53304K(57936K)->53304K(57936K) Class: 7620K(11904K)->7620K(11904K)
[489.595s][info][gc             ] GC(195) Pause Young (Normal) (G1 Evacuation Pause) 2470M->15M(4096M) 2.128ms
[489.595s][info][gc,cpu         ] GC(195) User=0.00s Sys=0.00s Real=0.00s
[490.225s][info][gc,task        ] GC(196) Using 6 workers of 6 for full compaction
[490.225s][info][gc,start       ] GC(196) Pause Full (System.gc())
[490.225s][info][gc,phases,start] GC(196) Phase 1: Mark live objects
[490.235s][info][gc,stringtable ] GC(196) Cleaned string and symbol table, strings: 15984 processed, 5 removed, symbols: 120025 processed, 0 removed
[490.235s][info][gc,phases      ] GC(196) Phase 1: Mark live objects 10.010ms
[490.235s][info][gc,phases,start] GC(196) Phase 2: Prepare for compaction
[490.238s][info][gc,phases      ] GC(196) Phase 2: Prepare for compaction 3.252ms
[490.238s][info][gc,phases,start] GC(196) Phase 3: Adjust pointers
[490.248s][info][gc,phases      ] GC(196) Phase 3: Adjust pointers 9.917ms
[490.248s][info][gc,phases,start] GC(196) Phase 4: Compact heap
[490.250s][info][gc,phases      ] GC(196) Phase 4: Compact heap 1.604ms
[490.259s][info][gc,heap        ] GC(196) Eden regions: 180->0(1228)
[490.259s][info][gc,heap        ] GC(196) Survivor regions: 1->0(154)
[490.259s][info][gc,heap        ] GC(196) Old regions: 13->12
[490.259s][info][gc,heap        ] GC(196) Humongous regions: 0->0
[490.259s][info][gc,metaspace   ] GC(196) Metaspace: 60925K(69840K)->60925K(69840K) NonClass: 53304K(57936K)->53304K(57936K) Class: 7620K(11904K)->7620K(11904K)
[490.259s][info][gc             ] GC(196) Pause Full (System.gc()) 375M->14M(4096M) 34.447ms
[490.259s][info][gc,cpu         ] GC(196) User=0.03s Sys=0.00s Real=0.05s
[494.725s][info][gc,start       ] GC(197) Pause Young (Normal) (G1 Evacuation Pause)
[494.725s][info][gc,task        ] GC(197) Using 6 workers of 6 for evacuation
[494.727s][info][gc,phases      ] GC(197)   Pre Evacuate Collection Set: 0.0ms
[494.727s][info][gc,phases      ] GC(197)   Evacuate Collection Set: 0.9ms
[494.727s][info][gc,phases      ] GC(197)   Post Evacuate Collection Set: 0.8ms
[494.727s][info][gc,phases      ] GC(197)   Other: 0.3ms
[494.727s][info][gc,heap        ] GC(197) Eden regions: 1228->0(1227)
[494.727s][info][gc,heap        ] GC(197) Survivor regions: 0->1(154)
[494.727s][info][gc,heap        ] GC(197) Old regions: 12->12
[494.727s][info][gc,heap        ] GC(197) Humongous regions: 0->0
[494.727s][info][gc,metaspace   ] GC(197) Metaspace: 60925K(69840K)->60925K(69840K) NonClass: 53304K(57936K)->53304K(57936K) Class: 7620K(11904K)->7620K(11904K)
[494.727s][info][gc             ] GC(197) Pause Young (Normal) (G1 Evacuation Pause) 2470M->15M(4096M) 2.128ms
[494.727s][info][gc,cpu         ] GC(197) User=0.00s Sys=0.00s Real=0.00s
[495.360s][info][gc,task        ] GC(198) Using 6 workers of 6 for full compaction
[495.360s][info][gc,start       ] GC(198) Pause Full (System.gc())
[495.360s][info][gc,phases,start] GC(198) Phase 1: Mark live objects
[495.370s][info][gc,stringtable ] GC(198) Cleaned string and symbol table, strings: 15984 processed, 5 removed, symbols: 120025 processed, 0 removed
[495.370s][info][gc,phases      ] GC(198) Phase 1: Mark live objects 9.934ms
[495.370s][info][gc,phases,start] GC(198) Phase 2: Prepare for compaction
[495.374s][info][gc,phases      ] GC(198) Phase 2: Prepare for compaction 3.959ms
[495.374s][info][gc,phases,start] GC(198) Phase 3: Adjust pointers
[495.386s][info][gc,phases      ] GC(198) Phase 3: Adjust pointers 11.095ms
[495.386s][info][gc,phases,start] GC(198) Phase 4: Compact heap
[495.387s][info][gc,phases      ] GC(198) Phase 4: Compact heap 1.339ms
[495.396s][info][gc,heap        ] GC(198) Eden regions: 181->0(1228)
[495.396s][info][gc,heap        ] GC(198) Survivor regions: 1->0(154)
[495.396s][info][gc,heap        ] GC(198) Old regions: 12->12
[495.396s][info][gc,heap        ] GC(198) Humongous regions: 0->0
[495.396s][info][gc,metaspace   ] GC(198) Metaspace: 60935K(69840K)->60935K(69840K) NonClass: 53314K(57936K)->53314K(57936K) Class: 7620K(11904K)->7620K(11904K)
[495.396s][info][gc             ] GC(198) Pause Full (System.gc()) 376M->14M(4096M) 36.636ms
[495.397s][info][gc,cpu         ] GC(198) User=0.02s Sys=0.00s Real=0.03s
[499.915s][info][gc,start       ] GC(199) Pause Young (Normal) (G1 Evacuation Pause)
[499.915s][info][gc,task        ] GC(199) Using 6 workers of 6 for evacuation
[499.917s][info][gc,phases      ] GC(199)   Pre Evacuate Collection Set: 0.0ms
[499.918s][info][gc,phases      ] GC(199)   Evacuate Collection Set: 1.0ms
[499.918s][info][gc,phases      ] GC(199)   Post Evacuate Collection Set: 0.9ms
[499.918s][info][gc,phases      ] GC(199)   Other: 0.3ms
[499.918s][info][gc,heap        ] GC(199) Eden regions: 1228->0(1227)
[499.918s][info][gc,heap        ] GC(199) Survivor regions: 0->1(154)
[499.918s][info][gc,heap        ] GC(199) Old regions: 12->12
[499.918s][info][gc,heap        ] GC(199) Humongous regions: 0->0
[499.918s][info][gc,metaspace   ] GC(199) Metaspace: 60945K(69840K)->60945K(69840K) NonClass: 53324K(57936K)->53324K(57936K) Class: 7620K(11904K)->7620K(11904K)
[499.918s][info][gc             ] GC(199) Pause Young (Normal) (G1 Evacuation Pause) 2470M->15M(4096M) 2.335ms
[499.918s][info][gc,cpu         ] GC(199) User=0.00s Sys=0.00s Real=0.00s
[500.553s][info][gc,task        ] GC(200) Using 6 workers of 6 for full compaction
[500.553s][info][gc,start       ] GC(200) Pause Full (System.gc())
[500.554s][info][gc,phases,start] GC(200) Phase 1: Mark live objects
[500.564s][info][gc,stringtable ] GC(200) Cleaned string and symbol table, strings: 15984 processed, 0 removed, symbols: 120025 processed, 0 removed
[500.564s][info][gc,phases      ] GC(200) Phase 1: Mark live objects 10.249ms
[500.564s][info][gc,phases,start] GC(200) Phase 2: Prepare for compaction
[500.567s][info][gc,phases      ] GC(200) Phase 2: Prepare for compaction 3.184ms
[500.567s][info][gc,phases,start] GC(200) Phase 3: Adjust pointers
[500.578s][info][gc,phases      ] GC(200) Phase 3: Adjust pointers 10.610ms
[500.578s][info][gc,phases,start] GC(200) Phase 4: Compact heap
[500.579s][info][gc,phases      ] GC(200) Phase 4: Compact heap 1.365ms
[500.588s][info][gc,heap        ] GC(200) Eden regions: 180->0(1228)
[500.588s][info][gc,heap        ] GC(200) Survivor regions: 1->0(154)
[500.588s][info][gc,heap        ] GC(200) Old regions: 12->12
[500.588s][info][gc,heap        ] GC(200) Humongous regions: 0->0
[500.588s][info][gc,metaspace   ] GC(200) Metaspace: 60945K(69840K)->60945K(69840K) NonClass: 53324K(57936K)->53324K(57936K) Class: 7620K(11904K)->7620K(11904K)
[500.588s][info][gc             ] GC(200) Pause Full (System.gc()) 375M->14M(4096M) 34.969ms
[500.588s][info][gc,cpu         ] GC(200) User=0.00s Sys=0.00s Real=0.03s
[505.279s][info][gc,start       ] GC(201) Pause Young (Normal) (G1 Evacuation Pause)
[505.279s][info][gc,task        ] GC(201) Using 6 workers of 6 for evacuation
[505.281s][info][gc,phases      ] GC(201)   Pre Evacuate Collection Set: 0.0ms
[505.281s][info][gc,phases      ] GC(201)   Evacuate Collection Set: 0.9ms
[505.281s][info][gc,phases      ] GC(201)   Post Evacuate Collection Set: 0.9ms
[505.282s][info][gc,phases      ] GC(201)   Other: 0.3ms
[505.282s][info][gc,heap        ] GC(201) Eden regions: 1228->0(1227)
[505.282s][info][gc,heap        ] GC(201) Survivor regions: 0->1(154)
[505.282s][info][gc,heap        ] GC(201) Old regions: 12->12
[505.282s][info][gc,heap        ] GC(201) Humongous regions: 0->0
[505.282s][info][gc,metaspace   ] GC(201) Metaspace: 60945K(69840K)->60945K(69840K) NonClass: 53324K(57936K)->53324K(57936K) Class: 7620K(11904K)->7620K(11904K)
[505.282s][info][gc             ] GC(201) Pause Young (Normal) (G1 Evacuation Pause) 2470M->15M(4096M) 2.267ms
[505.282s][info][gc,cpu         ] GC(201) User=0.06s Sys=0.00s Real=0.00s
[506.070s][info][gc,task        ] GC(202) Using 6 workers of 6 for full compaction
[506.070s][info][gc,start       ] GC(202) Pause Full (System.gc())
[506.070s][info][gc,phases,start] GC(202) Phase 1: Mark live objects
[506.082s][info][gc,stringtable ] GC(202) Cleaned string and symbol table, strings: 15984 processed, 5 removed, symbols: 120025 processed, 0 removed
[506.082s][info][gc,phases      ] GC(202) Phase 1: Mark live objects 11.645ms
[506.082s][info][gc,phases,start] GC(202) Phase 2: Prepare for compaction
[506.085s][info][gc,phases      ] GC(202) Phase 2: Prepare for compaction 3.254ms
[506.085s][info][gc,phases,start] GC(202) Phase 3: Adjust pointers
[506.097s][info][gc,phases      ] GC(202) Phase 3: Adjust pointers 11.284ms
[506.097s][info][gc,phases,start] GC(202) Phase 4: Compact heap
[506.099s][info][gc,phases      ] GC(202) Phase 4: Compact heap 1.944ms
[506.109s][info][gc,heap        ] GC(202) Eden regions: 182->0(1228)
[506.109s][info][gc,heap        ] GC(202) Survivor regions: 1->0(154)
[506.109s][info][gc,heap        ] GC(202) Old regions: 12->13
[506.109s][info][gc,heap        ] GC(202) Humongous regions: 0->0
[506.109s][info][gc,metaspace   ] GC(202) Metaspace: 60945K(69840K)->60945K(69840K) NonClass: 53324K(57936K)->53324K(57936K) Class: 7620K(11904K)->7620K(11904K)
[506.109s][info][gc             ] GC(202) Pause Full (System.gc()) 379M->14M(4096M) 39.762ms
[506.110s][info][gc,cpu         ] GC(202) User=0.03s Sys=0.00s Real=0.05s
[509.896s][info][gc,start       ] GC(203) Pause Young (Normal) (G1 Evacuation Pause)
[509.896s][info][gc,task        ] GC(203) Using 6 workers of 6 for evacuation
[509.897s][info][gc,phases      ] GC(203)   Pre Evacuate Collection Set: 0.0ms
[509.897s][info][gc,phases      ] GC(203)   Evacuate Collection Set: 0.8ms
[509.897s][info][gc,phases      ] GC(203)   Post Evacuate Collection Set: 0.8ms
[509.897s][info][gc,phases      ] GC(203)   Other: 0.2ms
[509.897s][info][gc,heap        ] GC(203) Eden regions: 1228->0(1227)
[509.897s][info][gc,heap        ] GC(203) Survivor regions: 0->1(154)
[509.897s][info][gc,heap        ] GC(203) Old regions: 13->13
[509.897s][info][gc,heap        ] GC(203) Humongous regions: 0->0
[509.897s][info][gc,metaspace   ] GC(203) Metaspace: 60946K(69840K)->60946K(69840K) NonClass: 53325K(57936K)->53325K(57936K) Class: 7620K(11904K)->7620K(11904K)
[509.897s][info][gc             ] GC(203) Pause Young (Normal) (G1 Evacuation Pause) 2470M->15M(4096M) 1.885ms
[509.897s][info][gc,cpu         ] GC(203) User=0.00s Sys=0.00s Real=0.01s
[510.404s][info][gc,task        ] GC(204) Using 6 workers of 6 for full compaction
[510.404s][info][gc,start       ] GC(204) Pause Full (System.gc())
[510.404s][info][gc,phases,start] GC(204) Phase 1: Mark live objects
[510.414s][info][gc,stringtable ] GC(204) Cleaned string and symbol table, strings: 15984 processed, 0 removed, symbols: 120025 processed, 0 removed
[510.414s][info][gc,phases      ] GC(204) Phase 1: Mark live objects 9.866ms
[510.414s][info][gc,phases,start] GC(204) Phase 2: Prepare for compaction
[510.417s][info][gc,phases      ] GC(204) Phase 2: Prepare for compaction 3.048ms
[510.417s][info][gc,phases,start] GC(204) Phase 3: Adjust pointers
[510.427s][info][gc,phases      ] GC(204) Phase 3: Adjust pointers 9.575ms
[510.427s][info][gc,phases,start] GC(204) Phase 4: Compact heap
[510.429s][info][gc,phases      ] GC(204) Phase 4: Compact heap 1.627ms
[510.438s][info][gc,heap        ] GC(204) Eden regions: 181->0(1228)
[510.438s][info][gc,heap        ] GC(204) Survivor regions: 1->0(154)
[510.438s][info][gc,heap        ] GC(204) Old regions: 13->12
[510.438s][info][gc,heap        ] GC(204) Humongous regions: 0->0
[510.438s][info][gc,metaspace   ] GC(204) Metaspace: 60946K(69840K)->60946K(69840K) NonClass: 53325K(57936K)->53325K(57936K) Class: 7620K(11904K)->7620K(11904K)
[510.438s][info][gc             ] GC(204) Pause Full (System.gc()) 377M->14M(4096M) 33.791ms
[510.438s][info][gc,cpu         ] GC(204) User=0.00s Sys=0.00s Real=0.03s
[514.053s][info][gc,start       ] GC(205) Pause Young (Normal) (G1 Evacuation Pause)
[514.053s][info][gc,task        ] GC(205) Using 6 workers of 6 for evacuation
[514.054s][info][gc,phases      ] GC(205)   Pre Evacuate Collection Set: 0.0ms
[514.054s][info][gc,phases      ] GC(205)   Evacuate Collection Set: 0.7ms
[514.054s][info][gc,phases      ] GC(205)   Post Evacuate Collection Set: 0.7ms
[514.054s][info][gc,phases      ] GC(205)   Other: 0.2ms
[514.054s][info][gc,heap        ] GC(205) Eden regions: 1228->0(1227)
[514.054s][info][gc,heap        ] GC(205) Survivor regions: 0->1(154)
[514.054s][info][gc,heap        ] GC(205) Old regions: 12->12
[514.054s][info][gc,heap        ] GC(205) Humongous regions: 0->0
[514.054s][info][gc,metaspace   ] GC(205) Metaspace: 60946K(69840K)->60946K(69840K) NonClass: 53325K(57936K)->53325K(57936K) Class: 7620K(11904K)->7620K(11904K)
[514.054s][info][gc             ] GC(205) Pause Young (Normal) (G1 Evacuation Pause) 2470M->15M(4096M) 1.832ms
[514.054s][info][gc,cpu         ] GC(205) User=0.00s Sys=0.00s Real=0.00s
[514.609s][info][gc,heap,exit   ] Heap
[514.609s][info][gc,heap,exit   ]  garbage-first heap   total 4194304K, used 382411K [0x0000000700000000, 0x0000000800000000)
[514.609s][info][gc,heap,exit   ]   region size 2048K, 181 young (370688K), 1 survivors (2048K)
[514.609s][info][gc,heap,exit   ]  Metaspace       used 61057K, capacity 63372K, committed 69840K, reserved 1107968K
[514.609s][info][gc,heap,exit   ]   class space    used 7648K, capacity 8647K, committed 11904K, reserved 1048576K
