[0.019s][info][gc] Using Concurrent Mark Sweep
[0.019s][info][gc,heap,coops] Heap address: 0x0000000700000000, size: 4096 MB, Compressed Oops mode: Zero based, Oop shift amount: 3
[1.290s][info][gc,start     ] GC(0) Pause Full (System.gc())
[1.291s][info][gc,phases,start] GC(0) Phase 1: Mark live objects
[1.306s][info][gc,phases      ] GC(0) Phase 1: Mark live objects 15.133ms
[1.306s][info][gc,phases,start] GC(0) Phase 2: Compute new object addresses
[1.316s][info][gc,phases      ] GC(0) Phase 2: Compute new object addresses 10.321ms
[1.316s][info][gc,phases,start] GC(0) Phase 3: Adjust pointers
[1.326s][info][gc,phases      ] GC(0) Phase 3: Adjust pointers 9.859ms
[1.327s][info][gc,phases,start] GC(0) Phase 4: Move objects
[1.341s][info][gc,phases      ] GC(0) Phase 4: Move objects 14.430ms
[1.356s][info][gc,heap        ] GC(0) ParNew: 81829K->0K(460096K)
[1.356s][info][gc,heap        ] GC(0) CMS: 0K->26541K(3683136K)
[1.356s][info][gc,metaspace   ] GC(0) Metaspace: 20411K(21120K)->20411K(21120K) NonClass: 17952K(18432K)->17952K(18432K) Class: 2459K(2688K)->2459K(2688K)
[1.356s][info][gc             ] GC(0) Pause Full (System.gc()) 79M->25M(4046M) 66.291ms
[1.356s][info][gc,cpu         ] GC(0) User=0.05s Sys=0.00s Real=0.06s
[1.636s][info][gc,start       ] GC(1) Pause Full (System.gc())
[1.637s][info][gc,phases,start] GC(1) Phase 1: Mark live objects
[1.650s][info][gc,phases      ] GC(1) Phase 1: Mark live objects 13.813ms
[1.650s][info][gc,phases,start] GC(1) Phase 2: Compute new object addresses
[1.678s][info][gc,phases      ] GC(1) Phase 2: Compute new object addresses 28.009ms
[1.679s][info][gc,phases,start] GC(1) Phase 3: Adjust pointers
[1.688s][info][gc,phases      ] GC(1) Phase 3: Adjust pointers 9.046ms
[1.688s][info][gc,phases,start] GC(1) Phase 4: Move objects
[1.694s][info][gc,phases      ] GC(1) Phase 4: Move objects 6.116ms
[1.697s][info][gc,heap        ] GC(1) ParNew: 114527K->0K(460096K)
[1.697s][info][gc,heap        ] GC(1) CMS: 26541K->26626K(3683136K)
[1.697s][info][gc,metaspace   ] GC(1) Metaspace: 20900K(21504K)->20900K(21504K) NonClass: 18361K(18688K)->18361K(18688K) Class: 2539K(2816K)->2539K(2816K)
[1.697s][info][gc             ] GC(1) Pause Full (System.gc()) 137M->26M(4046M) 61.025ms
[1.698s][info][gc,cpu         ] GC(1) User=0.06s Sys=0.00s Real=0.06s
[1.906s][info][gc,start       ] GC(2) Pause Full (System.gc())
[1.906s][info][gc,phases,start] GC(2) Phase 1: Mark live objects
[1.921s][info][gc,phases      ] GC(2) Phase 1: Mark live objects 14.279ms
[1.921s][info][gc,phases,start] GC(2) Phase 2: Compute new object addresses
[1.952s][info][gc,phases      ] GC(2) Phase 2: Compute new object addresses 31.393ms
[1.952s][info][gc,phases,start] GC(2) Phase 3: Adjust pointers
[1.960s][info][gc,phases      ] GC(2) Phase 3: Adjust pointers 8.307ms
[1.960s][info][gc,phases,start] GC(2) Phase 4: Move objects
[1.961s][info][gc,phases      ] GC(2) Phase 4: Move objects 0.576ms
[1.964s][info][gc,heap        ] GC(2) ParNew: 139068K->0K(460096K)
[1.964s][info][gc,heap        ] GC(2) CMS: 26626K->26625K(3683136K)
[1.964s][info][gc,metaspace   ] GC(2) Metaspace: 20909K(21504K)->20909K(21504K) NonClass: 18369K(18688K)->18369K(18688K) Class: 2539K(2816K)->2539K(2816K)
[1.965s][info][gc             ] GC(2) Pause Full (System.gc()) 161M->26M(4046M) 58.663ms
[1.965s][info][gc,cpu         ] GC(2) User=0.05s Sys=0.00s Real=0.06s
[2.160s][info][gc,start       ] GC(3) Pause Full (System.gc())
[2.160s][info][gc,phases,start] GC(3) Phase 1: Mark live objects
[2.175s][info][gc,phases      ] GC(3) Phase 1: Mark live objects 14.105ms
[2.175s][info][gc,phases,start] GC(3) Phase 2: Compute new object addresses
[2.204s][info][gc,phases      ] GC(3) Phase 2: Compute new object addresses 29.884ms
[2.205s][info][gc,phases,start] GC(3) Phase 3: Adjust pointers
[2.213s][info][gc,phases      ] GC(3) Phase 3: Adjust pointers 8.309ms
[2.213s][info][gc,phases,start] GC(3) Phase 4: Move objects
[2.213s][info][gc,phases      ] GC(3) Phase 4: Move objects 0.542ms
[2.216s][info][gc,heap        ] GC(3) ParNew: 130887K->0K(460096K)
[2.217s][info][gc,heap        ] GC(3) CMS: 26625K->26625K(3683136K)
[2.217s][info][gc,metaspace   ] GC(3) Metaspace: 20919K(21504K)->20919K(21504K) NonClass: 18379K(18688K)->18379K(18688K) Class: 2539K(2816K)->2539K(2816K)
[2.217s][info][gc             ] GC(3) Pause Full (System.gc()) 153M->26M(4046M) 57.057ms
[2.217s][info][gc,cpu         ] GC(3) User=0.05s Sys=0.00s Real=0.06s
[2.401s][info][gc,start       ] GC(4) Pause Full (System.gc())
[2.401s][info][gc,phases,start] GC(4) Phase 1: Mark live objects
[2.415s][info][gc,phases      ] GC(4) Phase 1: Mark live objects 14.162ms
[2.415s][info][gc,phases,start] GC(4) Phase 2: Compute new object addresses
[2.441s][info][gc,phases      ] GC(4) Phase 2: Compute new object addresses 26.279ms
[2.441s][info][gc,phases,start] GC(4) Phase 3: Adjust pointers
[2.450s][info][gc,phases      ] GC(4) Phase 3: Adjust pointers 8.173ms
[2.450s][info][gc,phases,start] GC(4) Phase 4: Move objects
[2.450s][info][gc,phases      ] GC(4) Phase 4: Move objects 0.543ms
[2.453s][info][gc,heap        ] GC(4) ParNew: 106346K->0K(460096K)
[2.453s][info][gc,heap        ] GC(4) CMS: 26625K->26625K(3683136K)
[2.453s][info][gc,metaspace   ] GC(4) Metaspace: 20934K(21760K)->20934K(21760K) NonClass: 18395K(18944K)->18395K(18944K) Class: 2539K(2816K)->2539K(2816K)
[2.454s][info][gc             ] GC(4) Pause Full (System.gc()) 129M->26M(4046M) 53.332ms
[2.454s][info][gc,cpu         ] GC(4) User=0.05s Sys=0.00s Real=0.05s
[2.637s][info][gc,start       ] GC(5) Pause Full (System.gc())
[2.637s][info][gc,phases,start] GC(5) Phase 1: Mark live objects
[2.651s][info][gc,phases      ] GC(5) Phase 1: Mark live objects 14.138ms
[2.651s][info][gc,phases,start] GC(5) Phase 2: Compute new object addresses
[2.678s][info][gc,phases      ] GC(5) Phase 2: Compute new object addresses 26.445ms
[2.678s][info][gc,phases,start] GC(5) Phase 3: Adjust pointers
[2.686s][info][gc,phases      ] GC(5) Phase 3: Adjust pointers 8.171ms
[2.686s][info][gc,phases,start] GC(5) Phase 4: Move objects
[2.687s][info][gc,phases      ] GC(5) Phase 4: Move objects 0.543ms
[2.690s][info][gc,heap        ] GC(5) ParNew: 106346K->0K(460096K)
[2.690s][info][gc,heap        ] GC(5) CMS: 26625K->26625K(3683136K)
[2.690s][info][gc,metaspace   ] GC(5) Metaspace: 20940K(21760K)->20940K(21760K) NonClass: 18401K(18944K)->18401K(18944K) Class: 2539K(2816K)->2539K(2816K)
[2.690s][info][gc             ] GC(5) Pause Full (System.gc()) 129M->26M(4046M) 53.476ms
[2.690s][info][gc,cpu         ] GC(5) User=0.05s Sys=0.00s Real=0.05s
[2.874s][info][gc,start       ] GC(6) Pause Full (System.gc())
[2.874s][info][gc,phases,start] GC(6) Phase 1: Mark live objects
[2.888s][info][gc,phases      ] GC(6) Phase 1: Mark live objects 13.658ms
[2.888s][info][gc,phases,start] GC(6) Phase 2: Compute new object addresses
[2.914s][info][gc,phases      ] GC(6) Phase 2: Compute new object addresses 26.044ms
[2.914s][info][gc,phases,start] GC(6) Phase 3: Adjust pointers
[2.922s][info][gc,phases      ] GC(6) Phase 3: Adjust pointers 8.164ms
[2.922s][info][gc,phases,start] GC(6) Phase 4: Move objects
[2.923s][info][gc,phases      ] GC(6) Phase 4: Move objects 0.546ms
[2.925s][info][gc,heap        ] GC(6) ParNew: 114527K->0K(460096K)
[2.926s][info][gc,heap        ] GC(6) CMS: 26625K->26625K(3683136K)
[2.926s][info][gc,metaspace   ] GC(6) Metaspace: 20953K(21760K)->20953K(21760K) NonClass: 18413K(18944K)->18413K(18944K) Class: 2539K(2816K)->2539K(2816K)
[2.926s][info][gc             ] GC(6) Pause Full (System.gc()) 137M->26M(4046M) 52.474ms
[2.926s][info][gc,cpu         ] GC(6) User=0.06s Sys=0.00s Real=0.05s
[3.108s][info][gc,start       ] GC(7) Pause Full (System.gc())
[3.109s][info][gc,phases,start] GC(7) Phase 1: Mark live objects
[3.123s][info][gc,phases      ] GC(7) Phase 1: Mark live objects 14.321ms
[3.123s][info][gc,phases,start] GC(7) Phase 2: Compute new object addresses
[3.149s][info][gc,phases      ] GC(7) Phase 2: Compute new object addresses 26.537ms
[3.149s][info][gc,phases,start] GC(7) Phase 3: Adjust pointers
[3.158s][info][gc,phases      ] GC(7) Phase 3: Adjust pointers 8.312ms
[3.158s][info][gc,phases,start] GC(7) Phase 4: Move objects
[3.158s][info][gc,phases      ] GC(7) Phase 4: Move objects 0.544ms
[3.161s][info][gc,heap        ] GC(7) ParNew: 114527K->0K(460096K)
[3.161s][info][gc,heap        ] GC(7) CMS: 26625K->26625K(3683136K)
[3.161s][info][gc,metaspace   ] GC(7) Metaspace: 20954K(21760K)->20954K(21760K) NonClass: 18414K(18944K)->18414K(18944K) Class: 2539K(2816K)->2539K(2816K)
[3.162s][info][gc             ] GC(7) Pause Full (System.gc()) 137M->26M(4046M) 53.765ms
[3.162s][info][gc,cpu         ] GC(7) User=0.05s Sys=0.00s Real=0.05s
[3.344s][info][gc,start       ] GC(8) Pause Full (System.gc())
[3.344s][info][gc,phases,start] GC(8) Phase 1: Mark live objects
[3.358s][info][gc,phases      ] GC(8) Phase 1: Mark live objects 14.220ms
[3.358s][info][gc,phases,start] GC(8) Phase 2: Compute new object addresses
[3.384s][info][gc,phases      ] GC(8) Phase 2: Compute new object addresses 26.212ms
[3.384s][info][gc,phases,start] GC(8) Phase 3: Adjust pointers
[3.393s][info][gc,phases      ] GC(8) Phase 3: Adjust pointers 8.169ms
[3.393s][info][gc,phases,start] GC(8) Phase 4: Move objects
[3.393s][info][gc,phases      ] GC(8) Phase 4: Move objects 0.542ms
[3.396s][info][gc,heap        ] GC(8) ParNew: 106346K->0K(460096K)
[3.396s][info][gc,heap        ] GC(8) CMS: 26625K->26625K(3683136K)
[3.396s][info][gc,metaspace   ] GC(8) Metaspace: 20962K(21760K)->20962K(21760K) NonClass: 18422K(18944K)->18422K(18944K) Class: 2539K(2816K)->2539K(2816K)
[3.397s][info][gc             ] GC(8) Pause Full (System.gc()) 129M->26M(4046M) 53.288ms
[3.397s][info][gc,cpu         ] GC(8) User=0.05s Sys=0.00s Real=0.05s
[3.579s][info][gc,start       ] GC(9) Pause Full (System.gc())
[3.579s][info][gc,phases,start] GC(9) Phase 1: Mark live objects
[3.593s][info][gc,phases      ] GC(9) Phase 1: Mark live objects 14.201ms
[3.593s][info][gc,phases,start] GC(9) Phase 2: Compute new object addresses
[3.620s][info][gc,phases      ] GC(9) Phase 2: Compute new object addresses 26.210ms
[3.620s][info][gc,phases,start] GC(9) Phase 3: Adjust pointers
[3.628s][info][gc,phases      ] GC(9) Phase 3: Adjust pointers 8.280ms
[3.628s][info][gc,phases,start] GC(9) Phase 4: Move objects
[3.629s][info][gc,phases      ] GC(9) Phase 4: Move objects 0.545ms
[3.632s][info][gc,heap        ] GC(9) ParNew: 114526K->0K(460096K)
[3.632s][info][gc,heap        ] GC(9) CMS: 26625K->26625K(3683136K)
[3.632s][info][gc,metaspace   ] GC(9) Metaspace: 20969K(21760K)->20969K(21760K) NonClass: 18429K(18944K)->18429K(18944K) Class: 2539K(2816K)->2539K(2816K)
[3.632s][info][gc             ] GC(9) Pause Full (System.gc()) 137M->26M(4046M) 53.332ms
[3.632s][info][gc,cpu         ] GC(9) User=0.05s Sys=0.00s Real=0.05s
[3.814s][info][gc,start       ] GC(10) Pause Full (System.gc())
[3.814s][info][gc,phases,start] GC(10) Phase 1: Mark live objects
[3.828s][info][gc,phases      ] GC(10) Phase 1: Mark live objects 13.991ms
[3.828s][info][gc,phases,start] GC(10) Phase 2: Compute new object addresses
[3.854s][info][gc,phases      ] GC(10) Phase 2: Compute new object addresses 26.165ms
[3.854s][info][gc,phases,start] GC(10) Phase 3: Adjust pointers
[3.863s][info][gc,phases      ] GC(10) Phase 3: Adjust pointers 8.280ms
[3.863s][info][gc,phases,start] GC(10) Phase 4: Move objects
[3.863s][info][gc,phases      ] GC(10) Phase 4: Move objects 0.547ms
[3.866s][info][gc,heap        ] GC(10) ParNew: 114527K->0K(460096K)
[3.866s][info][gc,heap        ] GC(10) CMS: 26625K->26626K(3683136K)
[3.866s][info][gc,metaspace   ] GC(10) Metaspace: 20975K(21760K)->20975K(21760K) NonClass: 18434K(18944K)->18434K(18944K) Class: 2541K(2816K)->2541K(2816K)
[3.867s][info][gc             ] GC(10) Pause Full (System.gc()) 137M->26M(4046M) 53.065ms
[3.867s][info][gc,cpu         ] GC(10) User=0.05s Sys=0.00s Real=0.05s
[4.049s][info][gc,start       ] GC(11) Pause Full (System.gc())
[4.049s][info][gc,phases,start] GC(11) Phase 1: Mark live objects
[4.063s][info][gc,phases      ] GC(11) Phase 1: Mark live objects 14.256ms
[4.063s][info][gc,phases,start] GC(11) Phase 2: Compute new object addresses
[4.089s][info][gc,phases      ] GC(11) Phase 2: Compute new object addresses 26.211ms
[4.089s][info][gc,phases,start] GC(11) Phase 3: Adjust pointers
[4.098s][info][gc,phases      ] GC(11) Phase 3: Adjust pointers 8.284ms
[4.098s][info][gc,phases,start] GC(11) Phase 4: Move objects
[4.098s][info][gc,phases      ] GC(11) Phase 4: Move objects 0.543ms
[4.101s][info][gc,heap        ] GC(11) ParNew: 106346K->0K(460096K)
[4.101s][info][gc,heap        ] GC(11) CMS: 26626K->26626K(3683136K)
[4.101s][info][gc,metaspace   ] GC(11) Metaspace: 20979K(21760K)->20979K(21760K) NonClass: 18437K(18944K)->18437K(18944K) Class: 2541K(2816K)->2541K(2816K)
[4.102s][info][gc             ] GC(11) Pause Full (System.gc()) 129M->26M(4046M) 53.355ms
[4.102s][info][gc,cpu         ] GC(11) User=0.05s Sys=0.00s Real=0.05s
[4.285s][info][gc,start       ] GC(12) Pause Full (System.gc())
[4.285s][info][gc,phases,start] GC(12) Phase 1: Mark live objects
[4.299s][info][gc,phases      ] GC(12) Phase 1: Mark live objects 13.883ms
[4.299s][info][gc,phases,start] GC(12) Phase 2: Compute new object addresses
[4.325s][info][gc,phases      ] GC(12) Phase 2: Compute new object addresses 25.981ms
[4.325s][info][gc,phases,start] GC(12) Phase 3: Adjust pointers
[4.333s][info][gc,phases      ] GC(12) Phase 3: Adjust pointers 8.243ms
[4.333s][info][gc,phases,start] GC(12) Phase 4: Move objects
[4.334s][info][gc,phases      ] GC(12) Phase 4: Move objects 0.541ms
[4.337s][info][gc,heap        ] GC(12) ParNew: 106346K->0K(460096K)
[4.337s][info][gc,heap        ] GC(12) CMS: 26626K->26626K(3683136K)
[4.337s][info][gc,metaspace   ] GC(12) Metaspace: 20980K(21760K)->20980K(21760K) NonClass: 18438K(18944K)->18438K(18944K) Class: 2541K(2816K)->2541K(2816K)
[4.337s][info][gc             ] GC(12) Pause Full (System.gc()) 129M->26M(4046M) 52.899ms
[4.337s][info][gc,cpu         ] GC(12) User=0.05s Sys=0.00s Real=0.05s
[4.519s][info][gc,start       ] GC(13) Pause Full (System.gc())
[4.519s][info][gc,phases,start] GC(13) Phase 1: Mark live objects
[4.533s][info][gc,phases      ] GC(13) Phase 1: Mark live objects 13.735ms
[4.533s][info][gc,phases,start] GC(13) Phase 2: Compute new object addresses
[4.560s][info][gc,phases      ] GC(13) Phase 2: Compute new object addresses 26.512ms
[4.560s][info][gc,phases,start] GC(13) Phase 3: Adjust pointers
[4.568s][info][gc,phases      ] GC(13) Phase 3: Adjust pointers 8.259ms
[4.568s][info][gc,phases,start] GC(13) Phase 4: Move objects
[4.568s][info][gc,phases      ] GC(13) Phase 4: Move objects 0.540ms
[4.571s][info][gc,heap        ] GC(13) ParNew: 106346K->0K(460096K)
[4.571s][info][gc,heap        ] GC(13) CMS: 26626K->26626K(3683136K)
[4.571s][info][gc,metaspace   ] GC(13) Metaspace: 20988K(21760K)->20988K(21760K) NonClass: 18446K(18944K)->18446K(18944K) Class: 2541K(2816K)->2541K(2816K)
[4.572s][info][gc             ] GC(13) Pause Full (System.gc()) 129M->26M(4046M) 53.225ms
[4.572s][info][gc,cpu         ] GC(13) User=0.05s Sys=0.00s Real=0.05s
[4.757s][info][gc,start       ] GC(14) Pause Full (System.gc())
[4.757s][info][gc,phases,start] GC(14) Phase 1: Mark live objects
[4.770s][info][gc,phases      ] GC(14) Phase 1: Mark live objects 12.470ms
[4.770s][info][gc,phases,start] GC(14) Phase 2: Compute new object addresses
[4.796s][info][gc,phases      ] GC(14) Phase 2: Compute new object addresses 26.497ms
[4.796s][info][gc,phases,start] GC(14) Phase 3: Adjust pointers
[4.805s][info][gc,phases      ] GC(14) Phase 3: Adjust pointers 8.419ms
[4.805s][info][gc,phases,start] GC(14) Phase 4: Move objects
[4.805s][info][gc,phases      ] GC(14) Phase 4: Move objects 0.549ms
[4.808s][info][gc,heap        ] GC(14) ParNew: 106346K->0K(460096K)
[4.808s][info][gc,heap        ] GC(14) CMS: 26626K->26626K(3683136K)
[4.808s][info][gc,metaspace   ] GC(14) Metaspace: 21005K(21760K)->21005K(21760K) NonClass: 18463K(18944K)->18463K(18944K) Class: 2541K(2816K)->2541K(2816K)
[4.809s][info][gc             ] GC(14) Pause Full (System.gc()) 129M->26M(4046M) 52.087ms
[4.809s][info][gc,cpu         ] GC(14) User=0.05s Sys=0.00s Real=0.05s
[4.991s][info][gc,start       ] GC(15) Pause Full (System.gc())
[4.991s][info][gc,phases,start] GC(15) Phase 1: Mark live objects
[5.004s][info][gc,phases      ] GC(15) Phase 1: Mark live objects 13.578ms
[5.004s][info][gc,phases,start] GC(15) Phase 2: Compute new object addresses
[5.031s][info][gc,phases      ] GC(15) Phase 2: Compute new object addresses 26.409ms
[5.031s][info][gc,phases,start] GC(15) Phase 3: Adjust pointers
[5.039s][info][gc,phases      ] GC(15) Phase 3: Adjust pointers 8.338ms
[5.039s][info][gc,phases,start] GC(15) Phase 4: Move objects
[5.040s][info][gc,phases      ] GC(15) Phase 4: Move objects 0.544ms
[5.043s][info][gc,heap        ] GC(15) ParNew: 106346K->0K(460096K)
[5.043s][info][gc,heap        ] GC(15) CMS: 26626K->26626K(3683136K)
[5.043s][info][gc,metaspace   ] GC(15) Metaspace: 21008K(21760K)->21008K(21760K) NonClass: 18466K(18944K)->18466K(18944K) Class: 2541K(2816K)->2541K(2816K)
[5.044s][info][gc             ] GC(15) Pause Full (System.gc()) 129M->26M(4046M) 52.943ms
[5.044s][info][gc,cpu         ] GC(15) User=0.05s Sys=0.00s Real=0.05s
[5.225s][info][gc,start       ] GC(16) Pause Full (System.gc())
[5.225s][info][gc,phases,start] GC(16) Phase 1: Mark live objects
[5.239s][info][gc,phases      ] GC(16) Phase 1: Mark live objects 14.086ms
[5.239s][info][gc,phases,start] GC(16) Phase 2: Compute new object addresses
[5.265s][info][gc,phases      ] GC(16) Phase 2: Compute new object addresses 26.414ms
[5.265s][info][gc,phases,start] GC(16) Phase 3: Adjust pointers
[5.274s][info][gc,phases      ] GC(16) Phase 3: Adjust pointers 8.348ms
[5.274s][info][gc,phases,start] GC(16) Phase 4: Move objects
[5.274s][info][gc,phases      ] GC(16) Phase 4: Move objects 0.549ms
[5.277s][info][gc,heap        ] GC(16) ParNew: 106346K->0K(460096K)
[5.277s][info][gc,heap        ] GC(16) CMS: 26626K->26626K(3683136K)
[5.277s][info][gc,metaspace   ] GC(16) Metaspace: 21008K(21760K)->21008K(21760K) NonClass: 18466K(18944K)->18466K(18944K) Class: 2541K(2816K)->2541K(2816K)
[5.278s][info][gc             ] GC(16) Pause Full (System.gc()) 129M->26M(4046M) 53.486ms
[5.278s][info][gc,cpu         ] GC(16) User=0.03s Sys=0.00s Real=0.05s
[5.460s][info][gc,start       ] GC(17) Pause Full (System.gc())
[5.460s][info][gc,phases,start] GC(17) Phase 1: Mark live objects
[5.475s][info][gc,phases      ] GC(17) Phase 1: Mark live objects 14.714ms
[5.475s][info][gc,phases,start] GC(17) Phase 2: Compute new object addresses
[5.501s][info][gc,phases      ] GC(17) Phase 2: Compute new object addresses 26.447ms
[5.501s][info][gc,phases,start] GC(17) Phase 3: Adjust pointers
[5.510s][info][gc,phases      ] GC(17) Phase 3: Adjust pointers 8.501ms
[5.510s][info][gc,phases,start] GC(17) Phase 4: Move objects
[5.511s][info][gc,phases      ] GC(17) Phase 4: Move objects 0.544ms
[5.513s][info][gc,heap        ] GC(17) ParNew: 106346K->0K(460096K)
[5.513s][info][gc,heap        ] GC(17) CMS: 26626K->26626K(3683136K)
[5.513s][info][gc,metaspace   ] GC(17) Metaspace: 21010K(21760K)->21010K(21760K) NonClass: 18468K(18944K)->18468K(18944K) Class: 2541K(2816K)->2541K(2816K)
[5.514s][info][gc             ] GC(17) Pause Full (System.gc()) 129M->26M(4046M) 54.343ms
[5.514s][info][gc,cpu         ] GC(17) User=0.05s Sys=0.00s Real=0.05s
[5.699s][info][gc,start       ] GC(18) Pause Full (System.gc())
[5.700s][info][gc,phases,start] GC(18) Phase 1: Mark live objects
[5.713s][info][gc,phases      ] GC(18) Phase 1: Mark live objects 13.698ms
[5.713s][info][gc,phases,start] GC(18) Phase 2: Compute new object addresses
[5.739s][info][gc,phases      ] GC(18) Phase 2: Compute new object addresses 25.883ms
[5.739s][info][gc,phases,start] GC(18) Phase 3: Adjust pointers
[5.748s][info][gc,phases      ] GC(18) Phase 3: Adjust pointers 8.336ms
[5.748s][info][gc,phases,start] GC(18) Phase 4: Move objects
[5.748s][info][gc,phases      ] GC(18) Phase 4: Move objects 0.704ms
[5.752s][info][gc,heap        ] GC(18) ParNew: 106346K->0K(460096K)
[5.752s][info][gc,heap        ] GC(18) CMS: 26626K->26626K(3683136K)
[5.752s][info][gc,metaspace   ] GC(18) Metaspace: 21014K(21760K)->21014K(21760K) NonClass: 18472K(18944K)->18472K(18944K) Class: 2541K(2816K)->2541K(2816K)
[5.753s][info][gc             ] GC(18) Pause Full (System.gc()) 129M->26M(4046M) 53.234ms
[5.753s][info][gc,cpu         ] GC(18) User=0.06s Sys=0.00s Real=0.05s
[5.934s][info][gc,start       ] GC(19) Pause Full (System.gc())
[5.934s][info][gc,phases,start] GC(19) Phase 1: Mark live objects
[5.948s][info][gc,phases      ] GC(19) Phase 1: Mark live objects 14.124ms
[5.948s][info][gc,phases,start] GC(19) Phase 2: Compute new object addresses
[5.975s][info][gc,phases      ] GC(19) Phase 2: Compute new object addresses 26.438ms
[5.975s][info][gc,phases,start] GC(19) Phase 3: Adjust pointers
[5.983s][info][gc,phases      ] GC(19) Phase 3: Adjust pointers 8.265ms
[5.983s][info][gc,phases,start] GC(19) Phase 4: Move objects
[5.984s][info][gc,phases      ] GC(19) Phase 4: Move objects 0.541ms
[5.987s][info][gc,heap        ] GC(19) ParNew: 106346K->0K(460096K)
[5.987s][info][gc,heap        ] GC(19) CMS: 26626K->26626K(3683136K)
[5.987s][info][gc,metaspace   ] GC(19) Metaspace: 21014K(21760K)->21014K(21760K) NonClass: 18472K(18944K)->18472K(18944K) Class: 2541K(2816K)->2541K(2816K)
[5.988s][info][gc             ] GC(19) Pause Full (System.gc()) 129M->26M(4046M) 53.553ms
[5.988s][info][gc,cpu         ] GC(19) User=0.03s Sys=0.00s Real=0.05s
[6.168s][info][gc,start       ] GC(20) Pause Full (System.gc())
[6.169s][info][gc,phases,start] GC(20) Phase 1: Mark live objects
[6.182s][info][gc,phases      ] GC(20) Phase 1: Mark live objects 13.711ms
[6.182s][info][gc,phases,start] GC(20) Phase 2: Compute new object addresses
[6.208s][info][gc,phases      ] GC(20) Phase 2: Compute new object addresses 26.088ms
[6.209s][info][gc,phases,start] GC(20) Phase 3: Adjust pointers
[6.217s][info][gc,phases      ] GC(20) Phase 3: Adjust pointers 8.259ms
[6.217s][info][gc,phases,start] GC(20) Phase 4: Move objects
[6.217s][info][gc,phases      ] GC(20) Phase 4: Move objects 0.539ms
[6.220s][info][gc,heap        ] GC(20) ParNew: 106346K->0K(460096K)
[6.220s][info][gc,heap        ] GC(20) CMS: 26626K->26626K(3683136K)
[6.220s][info][gc,metaspace   ] GC(20) Metaspace: 21014K(21760K)->21014K(21760K) NonClass: 18472K(18944K)->18472K(18944K) Class: 2541K(2816K)->2541K(2816K)
[6.221s][info][gc             ] GC(20) Pause Full (System.gc()) 129M->26M(4046M) 52.744ms
[6.221s][info][gc,cpu         ] GC(20) User=0.05s Sys=0.00s Real=0.05s
[6.404s][info][gc,start       ] GC(21) Pause Full (System.gc())
[6.404s][info][gc,phases,start] GC(21) Phase 1: Mark live objects
[6.417s][info][gc,phases      ] GC(21) Phase 1: Mark live objects 13.445ms
[6.417s][info][gc,phases,start] GC(21) Phase 2: Compute new object addresses
[6.443s][info][gc,phases      ] GC(21) Phase 2: Compute new object addresses 26.120ms
[6.443s][info][gc,phases,start] GC(21) Phase 3: Adjust pointers
[6.452s][info][gc,phases      ] GC(21) Phase 3: Adjust pointers 8.271ms
[6.452s][info][gc,phases,start] GC(21) Phase 4: Move objects
[6.452s][info][gc,phases      ] GC(21) Phase 4: Move objects 0.543ms
[6.455s][info][gc,heap        ] GC(21) ParNew: 106346K->0K(460096K)
[6.455s][info][gc,heap        ] GC(21) CMS: 26626K->26626K(3683136K)
[6.455s][info][gc,metaspace   ] GC(21) Metaspace: 21014K(21760K)->21014K(21760K) NonClass: 18472K(18944K)->18472K(18944K) Class: 2541K(2816K)->2541K(2816K)
[6.456s][info][gc             ] GC(21) Pause Full (System.gc()) 129M->26M(4046M) 52.429ms
[6.456s][info][gc,cpu         ] GC(21) User=0.05s Sys=0.00s Real=0.05s
[6.638s][info][gc,start       ] GC(22) Pause Full (System.gc())
[6.638s][info][gc,phases,start] GC(22) Phase 1: Mark live objects
[6.652s][info][gc,phases      ] GC(22) Phase 1: Mark live objects 13.846ms
[6.652s][info][gc,phases,start] GC(22) Phase 2: Compute new object addresses
[6.678s][info][gc,phases      ] GC(22) Phase 2: Compute new object addresses 26.496ms
[6.678s][info][gc,phases,start] GC(22) Phase 3: Adjust pointers
[6.687s][info][gc,phases      ] GC(22) Phase 3: Adjust pointers 8.332ms
[6.687s][info][gc,phases,start] GC(22) Phase 4: Move objects
[6.687s][info][gc,phases      ] GC(22) Phase 4: Move objects 0.546ms
[6.690s][info][gc,heap        ] GC(22) ParNew: 106346K->0K(460096K)
[6.690s][info][gc,heap        ] GC(22) CMS: 26626K->26626K(3683136K)
[6.690s][info][gc,metaspace   ] GC(22) Metaspace: 21016K(21760K)->21016K(21760K) NonClass: 18474K(18944K)->18474K(18944K) Class: 2541K(2816K)->2541K(2816K)
[6.691s][info][gc             ] GC(22) Pause Full (System.gc()) 129M->26M(4046M) 53.266ms
[6.691s][info][gc,cpu         ] GC(22) User=0.03s Sys=0.00s Real=0.05s
[6.874s][info][gc,start       ] GC(23) Pause Full (System.gc())
[6.874s][info][gc,phases,start] GC(23) Phase 1: Mark live objects
[6.888s][info][gc,phases      ] GC(23) Phase 1: Mark live objects 13.681ms
[6.888s][info][gc,phases,start] GC(23) Phase 2: Compute new object addresses
[6.914s][info][gc,phases      ] GC(23) Phase 2: Compute new object addresses 26.337ms
[6.914s][info][gc,phases,start] GC(23) Phase 3: Adjust pointers
[6.922s][info][gc,phases      ] GC(23) Phase 3: Adjust pointers 8.336ms
[6.922s][info][gc,phases,start] GC(23) Phase 4: Move objects
[6.923s][info][gc,phases      ] GC(23) Phase 4: Move objects 0.544ms
[6.926s][info][gc,heap        ] GC(23) ParNew: 106346K->0K(460096K)
[6.926s][info][gc,heap        ] GC(23) CMS: 26626K->26626K(3683136K)
[6.926s][info][gc,metaspace   ] GC(23) Metaspace: 21020K(21760K)->21020K(21760K) NonClass: 18478K(18944K)->18478K(18944K) Class: 2541K(2816K)->2541K(2816K)
[6.927s][info][gc             ] GC(23) Pause Full (System.gc()) 129M->26M(4046M) 53.040ms
[6.927s][info][gc,cpu         ] GC(23) User=0.03s Sys=0.00s Real=0.05s
[7.108s][info][gc,start       ] GC(24) Pause Full (System.gc())
[7.109s][info][gc,phases,start] GC(24) Phase 1: Mark live objects
[7.123s][info][gc,phases      ] GC(24) Phase 1: Mark live objects 13.990ms
[7.123s][info][gc,phases,start] GC(24) Phase 2: Compute new object addresses
[7.149s][info][gc,phases      ] GC(24) Phase 2: Compute new object addresses 25.948ms
[7.149s][info][gc,phases,start] GC(24) Phase 3: Adjust pointers
[7.157s][info][gc,phases      ] GC(24) Phase 3: Adjust pointers 8.294ms
[7.157s][info][gc,phases,start] GC(24) Phase 4: Move objects
[7.157s][info][gc,phases      ] GC(24) Phase 4: Move objects 0.550ms
[7.160s][info][gc,heap        ] GC(24) ParNew: 106346K->0K(460096K)
[7.160s][info][gc,heap        ] GC(24) CMS: 26626K->26626K(3683136K)
[7.160s][info][gc,metaspace   ] GC(24) Metaspace: 21022K(21760K)->21022K(21760K) NonClass: 18480K(18944K)->18480K(18944K) Class: 2541K(2816K)->2541K(2816K)
[7.161s][info][gc             ] GC(24) Pause Full (System.gc()) 129M->26M(4046M) 52.844ms
[7.161s][info][gc,cpu         ] GC(24) User=0.05s Sys=0.00s Real=0.06s
[7.342s][info][gc,start       ] GC(25) Pause Full (System.gc())
[7.343s][info][gc,phases,start] GC(25) Phase 1: Mark live objects
[7.357s][info][gc,phases      ] GC(25) Phase 1: Mark live objects 14.619ms
[7.357s][info][gc,phases,start] GC(25) Phase 2: Compute new object addresses
[7.384s][info][gc,phases      ] GC(25) Phase 2: Compute new object addresses 26.320ms
[7.384s][info][gc,phases,start] GC(25) Phase 3: Adjust pointers
[7.392s][info][gc,phases      ] GC(25) Phase 3: Adjust pointers 8.380ms
[7.392s][info][gc,phases,start] GC(25) Phase 4: Move objects
[7.393s][info][gc,phases      ] GC(25) Phase 4: Move objects 0.564ms
[7.396s][info][gc,heap        ] GC(25) ParNew: 114527K->0K(460096K)
[7.396s][info][gc,heap        ] GC(25) CMS: 26626K->26626K(3683136K)
[7.396s][info][gc,metaspace   ] GC(25) Metaspace: 21037K(21760K)->21037K(21760K) NonClass: 18495K(18944K)->18495K(18944K) Class: 2541K(2816K)->2541K(2816K)
[7.396s][info][gc             ] GC(25) Pause Full (System.gc()) 137M->26M(4046M) 53.983ms
[7.396s][info][gc,cpu         ] GC(25) User=0.05s Sys=0.00s Real=0.06s
[7.578s][info][gc,start       ] GC(26) Pause Full (System.gc())
[7.579s][info][gc,phases,start] GC(26) Phase 1: Mark live objects
[7.593s][info][gc,phases      ] GC(26) Phase 1: Mark live objects 14.256ms
[7.593s][info][gc,phases,start] GC(26) Phase 2: Compute new object addresses
[7.619s][info][gc,phases      ] GC(26) Phase 2: Compute new object addresses 25.898ms
[7.619s][info][gc,phases,start] GC(26) Phase 3: Adjust pointers
[7.627s][info][gc,phases      ] GC(26) Phase 3: Adjust pointers 8.284ms
[7.627s][info][gc,phases,start] GC(26) Phase 4: Move objects
[7.628s][info][gc,phases      ] GC(26) Phase 4: Move objects 0.565ms
[7.631s][info][gc,heap        ] GC(26) ParNew: 106346K->0K(460096K)
[7.631s][info][gc,heap        ] GC(26) CMS: 26626K->26628K(3683136K)
[7.631s][info][gc,metaspace   ] GC(26) Metaspace: 21042K(21760K)->21042K(21760K) NonClass: 18500K(18944K)->18500K(18944K) Class: 2541K(2816K)->2541K(2816K)
[7.631s][info][gc             ] GC(26) Pause Full (System.gc()) 129M->26M(4046M) 53.166ms
[7.632s][info][gc,cpu         ] GC(26) User=0.05s Sys=0.00s Real=0.06s
[7.817s][info][gc,start       ] GC(27) Pause Full (System.gc())
[7.817s][info][gc,phases,start] GC(27) Phase 1: Mark live objects
[7.830s][info][gc,phases      ] GC(27) Phase 1: Mark live objects 13.157ms
[7.830s][info][gc,phases,start] GC(27) Phase 2: Compute new object addresses
[7.856s][info][gc,phases      ] GC(27) Phase 2: Compute new object addresses 26.522ms
[7.857s][info][gc,phases,start] GC(27) Phase 3: Adjust pointers
[7.865s][info][gc,phases      ] GC(27) Phase 3: Adjust pointers 8.268ms
[7.865s][info][gc,phases,start] GC(27) Phase 4: Move objects
[7.865s][info][gc,phases      ] GC(27) Phase 4: Move objects 0.544ms
[7.868s][info][gc,heap        ] GC(27) ParNew: 106346K->0K(460096K)
[7.868s][info][gc,heap        ] GC(27) CMS: 26628K->26628K(3683136K)
[7.868s][info][gc,metaspace   ] GC(27) Metaspace: 21042K(21760K)->21042K(21760K) NonClass: 18500K(18944K)->18500K(18944K) Class: 2541K(2816K)->2541K(2816K)
[7.869s][info][gc             ] GC(27) Pause Full (System.gc()) 129M->26M(4046M) 52.667ms
[7.869s][info][gc,cpu         ] GC(27) User=0.05s Sys=0.00s Real=0.05s
[8.051s][info][gc,start       ] GC(28) Pause Full (System.gc())
[8.051s][info][gc,phases,start] GC(28) Phase 1: Mark live objects
[8.065s][info][gc,phases      ] GC(28) Phase 1: Mark live objects 14.036ms
[8.065s][info][gc,phases,start] GC(28) Phase 2: Compute new object addresses
[8.092s][info][gc,phases      ] GC(28) Phase 2: Compute new object addresses 26.524ms
[8.092s][info][gc,phases,start] GC(28) Phase 3: Adjust pointers
[8.100s][info][gc,phases      ] GC(28) Phase 3: Adjust pointers 8.308ms
[8.100s][info][gc,phases,start] GC(28) Phase 4: Move objects
[8.101s][info][gc,phases      ] GC(28) Phase 4: Move objects 0.545ms
[8.104s][info][gc,heap        ] GC(28) ParNew: 106346K->0K(460096K)
[8.104s][info][gc,heap        ] GC(28) CMS: 26628K->26628K(3683136K)
[8.104s][info][gc,metaspace   ] GC(28) Metaspace: 21042K(21760K)->21042K(21760K) NonClass: 18500K(18944K)->18500K(18944K) Class: 2541K(2816K)->2541K(2816K)
[8.105s][info][gc             ] GC(28) Pause Full (System.gc()) 129M->26M(4046M) 53.616ms
[8.105s][info][gc,cpu         ] GC(28) User=0.05s Sys=0.00s Real=0.06s
[8.285s][info][gc,start       ] GC(29) Pause Full (System.gc())
[8.285s][info][gc,phases,start] GC(29) Phase 1: Mark live objects
[8.299s][info][gc,phases      ] GC(29) Phase 1: Mark live objects 13.827ms
[8.299s][info][gc,phases,start] GC(29) Phase 2: Compute new object addresses
[8.326s][info][gc,phases      ] GC(29) Phase 2: Compute new object addresses 26.518ms
[8.326s][info][gc,phases,start] GC(29) Phase 3: Adjust pointers
[8.334s][info][gc,phases      ] GC(29) Phase 3: Adjust pointers 8.268ms
[8.334s][info][gc,phases,start] GC(29) Phase 4: Move objects
[8.335s][info][gc,phases      ] GC(29) Phase 4: Move objects 0.729ms
[8.338s][info][gc,heap        ] GC(29) ParNew: 106346K->0K(460096K)
[8.338s][info][gc,heap        ] GC(29) CMS: 26628K->26628K(3683136K)
[8.338s][info][gc,metaspace   ] GC(29) Metaspace: 21042K(21760K)->21042K(21760K) NonClass: 18500K(18944K)->18500K(18944K) Class: 2541K(2816K)->2541K(2816K)
[8.339s][info][gc             ] GC(29) Pause Full (System.gc()) 129M->26M(4046M) 53.539ms
[8.339s][info][gc,cpu         ] GC(29) User=0.06s Sys=0.00s Real=0.06s
[8.520s][info][gc,start       ] GC(30) Pause Full (System.gc())
[8.521s][info][gc,phases,start] GC(30) Phase 1: Mark live objects
[8.535s][info][gc,phases      ] GC(30) Phase 1: Mark live objects 14.053ms
[8.535s][info][gc,phases,start] GC(30) Phase 2: Compute new object addresses
[8.561s][info][gc,phases      ] GC(30) Phase 2: Compute new object addresses 26.026ms
[8.561s][info][gc,phases,start] GC(30) Phase 3: Adjust pointers
[8.569s][info][gc,phases      ] GC(30) Phase 3: Adjust pointers 8.251ms
[8.569s][info][gc,phases,start] GC(30) Phase 4: Move objects
[8.570s][info][gc,phases      ] GC(30) Phase 4: Move objects 0.541ms
[8.573s][info][gc,heap        ] GC(30) ParNew: 106346K->0K(460096K)
[8.573s][info][gc,heap        ] GC(30) CMS: 26628K->26628K(3683136K)
[8.573s][info][gc,metaspace   ] GC(30) Metaspace: 21058K(21760K)->21058K(21760K) NonClass: 18516K(18944K)->18516K(18944K) Class: 2541K(2816K)->2541K(2816K)
[8.573s][info][gc             ] GC(30) Pause Full (System.gc()) 129M->26M(4046M) 53.066ms
[8.573s][info][gc,cpu         ] GC(30) User=0.06s Sys=0.00s Real=0.06s
[8.756s][info][gc,start       ] GC(31) Pause Full (System.gc())
[8.756s][info][gc,phases,start] GC(31) Phase 1: Mark live objects
[8.771s][info][gc,phases      ] GC(31) Phase 1: Mark live objects 14.495ms
[8.771s][info][gc,phases,start] GC(31) Phase 2: Compute new object addresses
[8.797s][info][gc,phases      ] GC(31) Phase 2: Compute new object addresses 26.027ms
[8.797s][info][gc,phases,start] GC(31) Phase 3: Adjust pointers
[8.805s][info][gc,phases      ] GC(31) Phase 3: Adjust pointers 8.269ms
[8.805s][info][gc,phases,start] GC(31) Phase 4: Move objects
[8.806s][info][gc,phases      ] GC(31) Phase 4: Move objects 0.566ms
[8.809s][info][gc,heap        ] GC(31) ParNew: 106346K->0K(460096K)
[8.809s][info][gc,heap        ] GC(31) CMS: 26628K->26628K(3683136K)
[8.809s][info][gc,metaspace   ] GC(31) Metaspace: 21061K(21760K)->21061K(21760K) NonClass: 18519K(18944K)->18519K(18944K) Class: 2541K(2816K)->2541K(2816K)
[8.810s][info][gc             ] GC(31) Pause Full (System.gc()) 129M->26M(4046M) 53.396ms
[8.810s][info][gc,cpu         ] GC(31) User=0.06s Sys=0.00s Real=0.06s
[8.991s][info][gc,start       ] GC(32) Pause Full (System.gc())
[8.991s][info][gc,phases,start] GC(32) Phase 1: Mark live objects
[9.005s][info][gc,phases      ] GC(32) Phase 1: Mark live objects 13.937ms
[9.005s][info][gc,phases,start] GC(32) Phase 2: Compute new object addresses
[9.031s][info][gc,phases      ] GC(32) Phase 2: Compute new object addresses 26.031ms
[9.031s][info][gc,phases,start] GC(32) Phase 3: Adjust pointers
[9.040s][info][gc,phases      ] GC(32) Phase 3: Adjust pointers 8.279ms
[9.040s][info][gc,phases,start] GC(32) Phase 4: Move objects
[9.040s][info][gc,phases      ] GC(32) Phase 4: Move objects 0.622ms
[9.043s][info][gc,heap        ] GC(32) ParNew: 106346K->0K(460096K)
[9.043s][info][gc,heap        ] GC(32) CMS: 26628K->26628K(3683136K)
[9.043s][info][gc,metaspace   ] GC(32) Metaspace: 21061K(21760K)->21061K(21760K) NonClass: 18519K(18944K)->18519K(18944K) Class: 2541K(2816K)->2541K(2816K)
[9.044s][info][gc             ] GC(32) Pause Full (System.gc()) 129M->26M(4046M) 53.016ms
[9.044s][info][gc,cpu         ] GC(32) User=0.05s Sys=0.00s Real=0.06s
[9.226s][info][gc,start       ] GC(33) Pause Full (System.gc())
[9.226s][info][gc,phases,start] GC(33) Phase 1: Mark live objects
[9.240s][info][gc,phases      ] GC(33) Phase 1: Mark live objects 14.108ms
[9.240s][info][gc,phases,start] GC(33) Phase 2: Compute new object addresses
[9.267s][info][gc,phases      ] GC(33) Phase 2: Compute new object addresses 26.252ms
[9.267s][info][gc,phases,start] GC(33) Phase 3: Adjust pointers
[9.275s][info][gc,phases      ] GC(33) Phase 3: Adjust pointers 8.362ms
[9.275s][info][gc,phases,start] GC(33) Phase 4: Move objects
[9.276s][info][gc,phases      ] GC(33) Phase 4: Move objects 0.555ms
[9.279s][info][gc,heap        ] GC(33) ParNew: 106346K->0K(460096K)
[9.279s][info][gc,heap        ] GC(33) CMS: 26628K->26628K(3683136K)
[9.279s][info][gc,metaspace   ] GC(33) Metaspace: 21061K(21760K)->21061K(21760K) NonClass: 18519K(18944K)->18519K(18944K) Class: 2541K(2816K)->2541K(2816K)
[9.280s][info][gc             ] GC(33) Pause Full (System.gc()) 129M->26M(4046M) 53.548ms
[9.280s][info][gc,cpu         ] GC(33) User=0.05s Sys=0.00s Real=0.06s
[9.462s][info][gc,start       ] GC(34) Pause Full (System.gc())
[9.462s][info][gc,phases,start] GC(34) Phase 1: Mark live objects
[9.477s][info][gc,phases      ] GC(34) Phase 1: Mark live objects 14.039ms
[9.477s][info][gc,phases,start] GC(34) Phase 2: Compute new object addresses
[9.503s][info][gc,phases      ] GC(34) Phase 2: Compute new object addresses 26.404ms
[9.503s][info][gc,phases,start] GC(34) Phase 3: Adjust pointers
[9.511s][info][gc,phases      ] GC(34) Phase 3: Adjust pointers 8.300ms
[9.511s][info][gc,phases,start] GC(34) Phase 4: Move objects
[9.512s][info][gc,phases      ] GC(34) Phase 4: Move objects 0.601ms
[9.515s][info][gc,heap        ] GC(34) ParNew: 106346K->0K(460096K)
[9.515s][info][gc,heap        ] GC(34) CMS: 26628K->26628K(3683136K)
[9.515s][info][gc,metaspace   ] GC(34) Metaspace: 21061K(21760K)->21061K(21760K) NonClass: 18519K(18944K)->18519K(18944K) Class: 2541K(2816K)->2541K(2816K)
[9.516s][info][gc             ] GC(34) Pause Full (System.gc()) 129M->26M(4046M) 53.446ms
[9.516s][info][gc,cpu         ] GC(34) User=0.06s Sys=0.00s Real=0.06s
[9.704s][info][gc,start       ] GC(35) Pause Full (System.gc())
[9.705s][info][gc,phases,start] GC(35) Phase 1: Mark live objects
[9.719s][info][gc,phases      ] GC(35) Phase 1: Mark live objects 14.709ms
[9.719s][info][gc,phases,start] GC(35) Phase 2: Compute new object addresses
[9.746s][info][gc,phases      ] GC(35) Phase 2: Compute new object addresses 26.237ms
[9.746s][info][gc,phases,start] GC(35) Phase 3: Adjust pointers
[9.754s][info][gc,phases      ] GC(35) Phase 3: Adjust pointers 8.430ms
[9.754s][info][gc,phases,start] GC(35) Phase 4: Move objects
[9.755s][info][gc,phases      ] GC(35) Phase 4: Move objects 0.668ms
[9.758s][info][gc,heap        ] GC(35) ParNew: 106346K->0K(460096K)
[9.758s][info][gc,heap        ] GC(35) CMS: 26628K->26628K(3683136K)
[9.758s][info][gc,metaspace   ] GC(35) Metaspace: 21072K(21760K)->21072K(21760K) NonClass: 18530K(18944K)->18530K(18944K) Class: 2541K(2816K)->2541K(2816K)
[9.759s][info][gc             ] GC(35) Pause Full (System.gc()) 129M->26M(4046M) 54.748ms
[9.759s][info][gc,cpu         ] GC(35) User=0.05s Sys=0.00s Real=0.05s
[9.942s][info][gc,start       ] GC(36) Pause Full (System.gc())
[9.942s][info][gc,phases,start] GC(36) Phase 1: Mark live objects
[9.957s][info][gc,phases      ] GC(36) Phase 1: Mark live objects 14.605ms
[9.957s][info][gc,phases,start] GC(36) Phase 2: Compute new object addresses
[9.983s][info][gc,phases      ] GC(36) Phase 2: Compute new object addresses 25.913ms
[9.983s][info][gc,phases,start] GC(36) Phase 3: Adjust pointers
[9.991s][info][gc,phases      ] GC(36) Phase 3: Adjust pointers 8.304ms
[9.991s][info][gc,phases,start] GC(36) Phase 4: Move objects
[9.991s][info][gc,phases      ] GC(36) Phase 4: Move objects 0.540ms
[9.994s][info][gc,heap        ] GC(36) ParNew: 114526K->0K(460096K)
[9.994s][info][gc,heap        ] GC(36) CMS: 26628K->26628K(3683136K)
[9.994s][info][gc,metaspace   ] GC(36) Metaspace: 21076K(21760K)->21076K(21760K) NonClass: 18535K(18944K)->18535K(18944K) Class: 2541K(2816K)->2541K(2816K)
[9.995s][info][gc             ] GC(36) Pause Full (System.gc()) 137M->26M(4046M) 53.457ms
[9.995s][info][gc,cpu         ] GC(36) User=0.05s Sys=0.00s Real=0.05s
[10.176s][info][gc,start       ] GC(37) Pause Full (System.gc())
[10.176s][info][gc,phases,start] GC(37) Phase 1: Mark live objects
[10.190s][info][gc,phases      ] GC(37) Phase 1: Mark live objects 13.942ms
[10.190s][info][gc,phases,start] GC(37) Phase 2: Compute new object addresses
[10.216s][info][gc,phases      ] GC(37) Phase 2: Compute new object addresses 26.182ms
[10.216s][info][gc,phases,start] GC(37) Phase 3: Adjust pointers
[10.225s][info][gc,phases      ] GC(37) Phase 3: Adjust pointers 8.439ms
[10.225s][info][gc,phases,start] GC(37) Phase 4: Move objects
[10.225s][info][gc,phases      ] GC(37) Phase 4: Move objects 0.567ms
[10.228s][info][gc,heap        ] GC(37) ParNew: 106346K->0K(460096K)
[10.228s][info][gc,heap        ] GC(37) CMS: 26628K->26630K(3683136K)
[10.228s][info][gc,metaspace   ] GC(37) Metaspace: 21078K(21760K)->21078K(21760K) NonClass: 18536K(18944K)->18536K(18944K) Class: 2541K(2816K)->2541K(2816K)
[10.229s][info][gc             ] GC(37) Pause Full (System.gc()) 129M->26M(4046M) 53.512ms
[10.229s][info][gc,cpu         ] GC(37) User=0.05s Sys=0.00s Real=0.06s
[10.411s][info][gc,start       ] GC(38) Pause Full (System.gc())
[10.411s][info][gc,phases,start] GC(38) Phase 1: Mark live objects
[10.426s][info][gc,phases      ] GC(38) Phase 1: Mark live objects 14.578ms
[10.426s][info][gc,phases,start] GC(38) Phase 2: Compute new object addresses
[10.452s][info][gc,phases      ] GC(38) Phase 2: Compute new object addresses 25.897ms
[10.452s][info][gc,phases,start] GC(38) Phase 3: Adjust pointers
[10.460s][info][gc,phases      ] GC(38) Phase 3: Adjust pointers 8.291ms
[10.460s][info][gc,phases,start] GC(38) Phase 4: Move objects
[10.460s][info][gc,phases      ] GC(38) Phase 4: Move objects 0.539ms
[10.463s][info][gc,heap        ] GC(38) ParNew: 106346K->0K(460096K)
[10.463s][info][gc,heap        ] GC(38) CMS: 26630K->26630K(3683136K)
[10.463s][info][gc,metaspace   ] GC(38) Metaspace: 21083K(21760K)->21083K(21760K) NonClass: 18541K(18944K)->18541K(18944K) Class: 2541K(2816K)->2541K(2816K)
[10.464s][info][gc             ] GC(38) Pause Full (System.gc()) 129M->26M(4046M) 53.433ms
[10.464s][info][gc,cpu         ] GC(38) User=0.05s Sys=0.00s Real=0.05s
[10.647s][info][gc,start       ] GC(39) Pause Full (System.gc())
[10.647s][info][gc,phases,start] GC(39) Phase 1: Mark live objects
[10.661s][info][gc,phases      ] GC(39) Phase 1: Mark live objects 14.109ms
[10.661s][info][gc,phases,start] GC(39) Phase 2: Compute new object addresses
[10.688s][info][gc,phases      ] GC(39) Phase 2: Compute new object addresses 26.595ms
[10.688s][info][gc,phases,start] GC(39) Phase 3: Adjust pointers
[10.696s][info][gc,phases      ] GC(39) Phase 3: Adjust pointers 8.517ms
[10.696s][info][gc,phases,start] GC(39) Phase 4: Move objects
[10.697s][info][gc,phases      ] GC(39) Phase 4: Move objects 0.540ms
[10.700s][info][gc,heap        ] GC(39) ParNew: 106346K->0K(460096K)
[10.700s][info][gc,heap        ] GC(39) CMS: 26630K->26630K(3683136K)
[10.700s][info][gc,metaspace   ] GC(39) Metaspace: 21085K(21760K)->21085K(21760K) NonClass: 18543K(18944K)->18543K(18944K) Class: 2541K(2816K)->2541K(2816K)
[10.701s][info][gc             ] GC(39) Pause Full (System.gc()) 129M->26M(4046M) 53.910ms
[10.701s][info][gc,cpu         ] GC(39) User=0.05s Sys=0.00s Real=0.05s
[10.883s][info][gc,start       ] GC(40) Pause Full (System.gc())
[10.883s][info][gc,phases,start] GC(40) Phase 1: Mark live objects
[10.897s][info][gc,phases      ] GC(40) Phase 1: Mark live objects 13.869ms
[10.897s][info][gc,phases,start] GC(40) Phase 2: Compute new object addresses
[10.924s][info][gc,phases      ] GC(40) Phase 2: Compute new object addresses 26.544ms
[10.924s][info][gc,phases,start] GC(40) Phase 3: Adjust pointers
[10.932s][info][gc,phases      ] GC(40) Phase 3: Adjust pointers 8.367ms
[10.932s][info][gc,phases,start] GC(40) Phase 4: Move objects
[10.933s][info][gc,phases      ] GC(40) Phase 4: Move objects 0.654ms
[10.936s][info][gc,heap        ] GC(40) ParNew: 106346K->0K(460096K)
[10.936s][info][gc,heap        ] GC(40) CMS: 26630K->26630K(3683136K)
[10.936s][info][gc,metaspace   ] GC(40) Metaspace: 21086K(21760K)->21086K(21760K) NonClass: 18544K(18944K)->18544K(18944K) Class: 2541K(2816K)->2541K(2816K)
[10.937s][info][gc             ] GC(40) Pause Full (System.gc()) 129M->26M(4046M) 53.652ms
[10.937s][info][gc,cpu         ] GC(40) User=0.05s Sys=0.00s Real=0.05s
[11.119s][info][gc,start       ] GC(41) Pause Full (System.gc())
[11.119s][info][gc,phases,start] GC(41) Phase 1: Mark live objects
[11.132s][info][gc,phases      ] GC(41) Phase 1: Mark live objects 13.567ms
[11.132s][info][gc,phases,start] GC(41) Phase 2: Compute new object addresses
[11.159s][info][gc,phases      ] GC(41) Phase 2: Compute new object addresses 26.370ms
[11.159s][info][gc,phases,start] GC(41) Phase 3: Adjust pointers
[11.167s][info][gc,phases      ] GC(41) Phase 3: Adjust pointers 8.411ms
[11.167s][info][gc,phases,start] GC(41) Phase 4: Move objects
[11.168s][info][gc,phases      ] GC(41) Phase 4: Move objects 0.539ms
[11.171s][info][gc,heap        ] GC(41) ParNew: 106346K->0K(460096K)
[11.171s][info][gc,heap        ] GC(41) CMS: 26630K->26630K(3683136K)
[11.171s][info][gc,metaspace   ] GC(41) Metaspace: 21086K(21760K)->21086K(21760K) NonClass: 18544K(18944K)->18544K(18944K) Class: 2541K(2816K)->2541K(2816K)
[11.172s][info][gc             ] GC(41) Pause Full (System.gc()) 129M->26M(4046M) 52.998ms
[11.172s][info][gc,cpu         ] GC(41) User=0.05s Sys=0.00s Real=0.05s
[11.353s][info][gc,start       ] GC(42) Pause Full (System.gc())
[11.353s][info][gc,phases,start] GC(42) Phase 1: Mark live objects
[11.367s][info][gc,phases      ] GC(42) Phase 1: Mark live objects 13.458ms
[11.367s][info][gc,phases,start] GC(42) Phase 2: Compute new object addresses
[11.393s][info][gc,phases      ] GC(42) Phase 2: Compute new object addresses 26.111ms
[11.393s][info][gc,phases,start] GC(42) Phase 3: Adjust pointers
[11.401s][info][gc,phases      ] GC(42) Phase 3: Adjust pointers 8.341ms
[11.401s][info][gc,phases,start] GC(42) Phase 4: Move objects
[11.402s][info][gc,phases      ] GC(42) Phase 4: Move objects 0.541ms
[11.405s][info][gc,heap        ] GC(42) ParNew: 106346K->0K(460096K)
[11.405s][info][gc,heap        ] GC(42) CMS: 26630K->26630K(3683136K)
[11.405s][info][gc,metaspace   ] GC(42) Metaspace: 21093K(21760K)->21093K(21760K) NonClass: 18552K(18944K)->18552K(18944K) Class: 2541K(2816K)->2541K(2816K)
[11.406s][info][gc             ] GC(42) Pause Full (System.gc()) 129M->26M(4046M) 52.485ms
[11.406s][info][gc,cpu         ] GC(42) User=0.05s Sys=0.00s Real=0.05s
[11.587s][info][gc,start       ] GC(43) Pause Full (System.gc())
[11.587s][info][gc,phases,start] GC(43) Phase 1: Mark live objects
[11.601s][info][gc,phases      ] GC(43) Phase 1: Mark live objects 14.144ms
[11.601s][info][gc,phases,start] GC(43) Phase 2: Compute new object addresses
[11.628s][info][gc,phases      ] GC(43) Phase 2: Compute new object addresses 26.390ms
[11.628s][info][gc,phases,start] GC(43) Phase 3: Adjust pointers
[11.636s][info][gc,phases      ] GC(43) Phase 3: Adjust pointers 8.431ms
[11.636s][info][gc,phases,start] GC(43) Phase 4: Move objects
[11.637s][info][gc,phases      ] GC(43) Phase 4: Move objects 0.547ms
[11.640s][info][gc,heap        ] GC(43) ParNew: 106346K->0K(460096K)
[11.640s][info][gc,heap        ] GC(43) CMS: 26630K->26630K(3683136K)
[11.640s][info][gc,metaspace   ] GC(43) Metaspace: 21099K(21760K)->21099K(21760K) NonClass: 18557K(18944K)->18557K(18944K) Class: 2541K(2816K)->2541K(2816K)
[11.640s][info][gc             ] GC(43) Pause Full (System.gc()) 129M->26M(4046M) 53.621ms
[11.640s][info][gc,cpu         ] GC(43) User=0.05s Sys=0.00s Real=0.06s
[11.824s][info][gc,start       ] GC(44) Pause Full (System.gc())
[11.824s][info][gc,phases,start] GC(44) Phase 1: Mark live objects
[11.838s][info][gc,phases      ] GC(44) Phase 1: Mark live objects 13.584ms
[11.838s][info][gc,phases,start] GC(44) Phase 2: Compute new object addresses
[11.864s][info][gc,phases      ] GC(44) Phase 2: Compute new object addresses 25.892ms
[11.864s][info][gc,phases,start] GC(44) Phase 3: Adjust pointers
[11.872s][info][gc,phases      ] GC(44) Phase 3: Adjust pointers 8.347ms
[11.872s][info][gc,phases,start] GC(44) Phase 4: Move objects
[11.873s][info][gc,phases      ] GC(44) Phase 4: Move objects 0.614ms
[11.876s][info][gc,heap        ] GC(44) ParNew: 106346K->0K(460096K)
[11.876s][info][gc,heap        ] GC(44) CMS: 26630K->26630K(3683136K)
[11.876s][info][gc,metaspace   ] GC(44) Metaspace: 21099K(21760K)->21099K(21760K) NonClass: 18557K(18944K)->18557K(18944K) Class: 2541K(2816K)->2541K(2816K)
[11.877s][info][gc             ] GC(44) Pause Full (System.gc()) 129M->26M(4046M) 52.470ms
[11.877s][info][gc,cpu         ] GC(44) User=0.05s Sys=0.00s Real=0.05s
[12.057s][info][gc,start       ] GC(45) Pause Full (System.gc())
[12.057s][info][gc,phases,start] GC(45) Phase 1: Mark live objects
[12.071s][info][gc,phases      ] GC(45) Phase 1: Mark live objects 14.391ms
[12.071s][info][gc,phases,start] GC(45) Phase 2: Compute new object addresses
[12.098s][info][gc,phases      ] GC(45) Phase 2: Compute new object addresses 26.231ms
[12.098s][info][gc,phases,start] GC(45) Phase 3: Adjust pointers
[12.106s][info][gc,phases      ] GC(45) Phase 3: Adjust pointers 8.436ms
[12.106s][info][gc,phases,start] GC(45) Phase 4: Move objects
[12.107s][info][gc,phases      ] GC(45) Phase 4: Move objects 0.629ms
[12.110s][info][gc,heap        ] GC(45) ParNew: 106346K->0K(460096K)
[12.110s][info][gc,heap        ] GC(45) CMS: 26630K->26630K(3683136K)
[12.110s][info][gc,metaspace   ] GC(45) Metaspace: 21099K(21760K)->21099K(21760K) NonClass: 18557K(18944K)->18557K(18944K) Class: 2541K(2816K)->2541K(2816K)
[12.110s][info][gc             ] GC(45) Pause Full (System.gc()) 129M->26M(4046M) 53.770ms
[12.111s][info][gc,cpu         ] GC(45) User=0.05s Sys=0.00s Real=0.06s
[12.292s][info][gc,start       ] GC(46) Pause Full (System.gc())
[12.292s][info][gc,phases,start] GC(46) Phase 1: Mark live objects
[12.306s][info][gc,phases      ] GC(46) Phase 1: Mark live objects 14.488ms
[12.306s][info][gc,phases,start] GC(46) Phase 2: Compute new object addresses
[12.333s][info][gc,phases      ] GC(46) Phase 2: Compute new object addresses 26.410ms
[12.333s][info][gc,phases,start] GC(46) Phase 3: Adjust pointers
[12.341s][info][gc,phases      ] GC(46) Phase 3: Adjust pointers 8.522ms
[12.341s][info][gc,phases,start] GC(46) Phase 4: Move objects
[12.342s][info][gc,phases      ] GC(46) Phase 4: Move objects 0.548ms
[12.345s][info][gc,heap        ] GC(46) ParNew: 106346K->0K(460096K)
[12.345s][info][gc,heap        ] GC(46) CMS: 26630K->26630K(3683136K)
[12.345s][info][gc,metaspace   ] GC(46) Metaspace: 21100K(21760K)->21100K(21760K) NonClass: 18558K(18944K)->18558K(18944K) Class: 2541K(2816K)->2541K(2816K)
[12.346s][info][gc             ] GC(46) Pause Full (System.gc()) 129M->26M(4046M) 54.150ms
[12.346s][info][gc,cpu         ] GC(46) User=0.06s Sys=0.00s Real=0.06s
[12.527s][info][gc,start       ] GC(47) Pause Full (System.gc())
[12.527s][info][gc,phases,start] GC(47) Phase 1: Mark live objects
[12.541s][info][gc,phases      ] GC(47) Phase 1: Mark live objects 13.351ms
[12.541s][info][gc,phases,start] GC(47) Phase 2: Compute new object addresses
[12.568s][info][gc,phases      ] GC(47) Phase 2: Compute new object addresses 26.846ms
[12.568s][info][gc,phases,start] GC(47) Phase 3: Adjust pointers
[12.576s][info][gc,phases      ] GC(47) Phase 3: Adjust pointers 8.382ms
[12.576s][info][gc,phases,start] GC(47) Phase 4: Move objects
[12.577s][info][gc,phases      ] GC(47) Phase 4: Move objects 0.589ms
[12.580s][info][gc,heap        ] GC(47) ParNew: 106346K->0K(460096K)
[12.580s][info][gc,heap        ] GC(47) CMS: 26630K->26630K(3683136K)
[12.580s][info][gc,metaspace   ] GC(47) Metaspace: 21100K(21760K)->21100K(21760K) NonClass: 18558K(18944K)->18558K(18944K) Class: 2541K(2816K)->2541K(2816K)
[12.581s][info][gc             ] GC(47) Pause Full (System.gc()) 129M->26M(4046M) 53.427ms
[12.581s][info][gc,cpu         ] GC(47) User=0.06s Sys=0.00s Real=0.07s
[12.761s][info][gc,start       ] GC(48) Pause Full (System.gc())
[12.761s][info][gc,phases,start] GC(48) Phase 1: Mark live objects
[12.776s][info][gc,phases      ] GC(48) Phase 1: Mark live objects 14.180ms
[12.776s][info][gc,phases,start] GC(48) Phase 2: Compute new object addresses
[12.802s][info][gc,phases      ] GC(48) Phase 2: Compute new object addresses 26.259ms
[12.802s][info][gc,phases,start] GC(48) Phase 3: Adjust pointers
[12.810s][info][gc,phases      ] GC(48) Phase 3: Adjust pointers 8.300ms
[12.810s][info][gc,phases,start] GC(48) Phase 4: Move objects
[12.811s][info][gc,phases      ] GC(48) Phase 4: Move objects 0.541ms
[12.814s][info][gc,heap        ] GC(48) ParNew: 106346K->0K(460096K)
[12.814s][info][gc,heap        ] GC(48) CMS: 26630K->26630K(3683136K)
[12.814s][info][gc,metaspace   ] GC(48) Metaspace: 21100K(21760K)->21100K(21760K) NonClass: 18558K(18944K)->18558K(18944K) Class: 2541K(2816K)->2541K(2816K)
[12.815s][info][gc             ] GC(48) Pause Full (System.gc()) 129M->26M(4046M) 53.518ms
[12.815s][info][gc,cpu         ] GC(48) User=0.05s Sys=0.00s Real=0.06s
[12.996s][info][gc,start       ] GC(49) Pause Full (System.gc())
[12.996s][info][gc,phases,start] GC(49) Phase 1: Mark live objects
[13.010s][info][gc,phases      ] GC(49) Phase 1: Mark live objects 13.846ms
[13.010s][info][gc,phases,start] GC(49) Phase 2: Compute new object addresses
[13.037s][info][gc,phases      ] GC(49) Phase 2: Compute new object addresses 26.697ms
[13.037s][info][gc,phases,start] GC(49) Phase 3: Adjust pointers
[13.045s][info][gc,phases      ] GC(49) Phase 3: Adjust pointers 8.325ms
[13.045s][info][gc,phases,start] GC(49) Phase 4: Move objects
[13.046s][info][gc,phases      ] GC(49) Phase 4: Move objects 0.541ms
[13.049s][info][gc,heap        ] GC(49) ParNew: 106346K->0K(460096K)
[13.049s][info][gc,heap        ] GC(49) CMS: 26630K->26630K(3683136K)
[13.049s][info][gc,metaspace   ] GC(49) Metaspace: 21100K(21760K)->21100K(21760K) NonClass: 18558K(18944K)->18558K(18944K) Class: 2541K(2816K)->2541K(2816K)
[13.049s][info][gc             ] GC(49) Pause Full (System.gc()) 129M->26M(4046M) 53.618ms
[13.049s][info][gc,cpu         ] GC(49) User=0.06s Sys=0.00s Real=0.05s
[13.230s][info][gc,start       ] GC(50) Pause Full (System.gc())
[13.230s][info][gc,phases,start] GC(50) Phase 1: Mark live objects
[13.245s][info][gc,phases      ] GC(50) Phase 1: Mark live objects 14.387ms
[13.245s][info][gc,phases,start] GC(50) Phase 2: Compute new object addresses
[13.271s][info][gc,phases      ] GC(50) Phase 2: Compute new object addresses 25.996ms
[13.271s][info][gc,phases,start] GC(50) Phase 3: Adjust pointers
[13.279s][info][gc,phases      ] GC(50) Phase 3: Adjust pointers 8.314ms
[13.279s][info][gc,phases,start] GC(50) Phase 4: Move objects
[13.279s][info][gc,phases      ] GC(50) Phase 4: Move objects 0.538ms
[13.282s][info][gc,heap        ] GC(50) ParNew: 106346K->0K(460096K)
[13.282s][info][gc,heap        ] GC(50) CMS: 26630K->26630K(3683136K)
[13.282s][info][gc,metaspace   ] GC(50) Metaspace: 21115K(21760K)->21115K(21760K) NonClass: 18573K(18944K)->18573K(18944K) Class: 2541K(2816K)->2541K(2816K)
[13.283s][info][gc             ] GC(50) Pause Full (System.gc()) 129M->26M(4046M) 53.341ms
[13.283s][info][gc,cpu         ] GC(50) User=0.05s Sys=0.00s Real=0.05s
[13.463s][info][gc,start       ] GC(51) Pause Full (System.gc())
[13.463s][info][gc,phases,start] GC(51) Phase 1: Mark live objects
[13.477s][info][gc,phases      ] GC(51) Phase 1: Mark live objects 13.879ms
[13.477s][info][gc,phases,start] GC(51) Phase 2: Compute new object addresses
[13.503s][info][gc,phases      ] GC(51) Phase 2: Compute new object addresses 26.558ms
[13.503s][info][gc,phases,start] GC(51) Phase 3: Adjust pointers
[13.512s][info][gc,phases      ] GC(51) Phase 3: Adjust pointers 8.353ms
[13.512s][info][gc,phases,start] GC(51) Phase 4: Move objects
[13.512s][info][gc,phases      ] GC(51) Phase 4: Move objects 0.542ms
[13.515s][info][gc,heap        ] GC(51) ParNew: 106346K->0K(460096K)
[13.516s][info][gc,heap        ] GC(51) CMS: 26630K->26630K(3683136K)
[13.516s][info][gc,metaspace   ] GC(51) Metaspace: 21118K(21760K)->21118K(21760K) NonClass: 18577K(18944K)->18577K(18944K) Class: 2541K(2816K)->2541K(2816K)
[13.516s][info][gc             ] GC(51) Pause Full (System.gc()) 129M->26M(4046M) 53.540ms
[13.516s][info][gc,cpu         ] GC(51) User=0.05s Sys=0.00s Real=0.05s
[13.698s][info][gc,start       ] GC(52) Pause Full (System.gc())
[13.699s][info][gc,phases,start] GC(52) Phase 1: Mark live objects
[13.713s][info][gc,phases      ] GC(52) Phase 1: Mark live objects 14.063ms
[13.713s][info][gc,phases,start] GC(52) Phase 2: Compute new object addresses
[13.740s][info][gc,phases      ] GC(52) Phase 2: Compute new object addresses 26.590ms
[13.740s][info][gc,phases,start] GC(52) Phase 3: Adjust pointers
[13.749s][info][gc,phases      ] GC(52) Phase 3: Adjust pointers 9.619ms
[13.749s][info][gc,phases,start] GC(52) Phase 4: Move objects
[13.750s][info][gc,phases      ] GC(52) Phase 4: Move objects 0.659ms
[13.753s][info][gc,heap        ] GC(52) ParNew: 106346K->0K(460096K)
[13.753s][info][gc,heap        ] GC(52) CMS: 26630K->26630K(3683136K)
[13.753s][info][gc,metaspace   ] GC(52) Metaspace: 21118K(21760K)->21118K(21760K) NonClass: 18577K(18944K)->18577K(18944K) Class: 2541K(2816K)->2541K(2816K)
[13.754s][info][gc             ] GC(52) Pause Full (System.gc()) 129M->26M(4046M) 55.814ms
[13.754s][info][gc,cpu         ] GC(52) User=0.03s Sys=0.00s Real=0.05s
[13.933s][info][gc,start       ] GC(53) Pause Full (System.gc())
[13.933s][info][gc,phases,start] GC(53) Phase 1: Mark live objects
[13.946s][info][gc,phases      ] GC(53) Phase 1: Mark live objects 13.215ms
[13.946s][info][gc,phases,start] GC(53) Phase 2: Compute new object addresses
[13.973s][info][gc,phases      ] GC(53) Phase 2: Compute new object addresses 26.439ms
[13.973s][info][gc,phases,start] GC(53) Phase 3: Adjust pointers
[13.981s][info][gc,phases      ] GC(53) Phase 3: Adjust pointers 8.453ms
[13.981s][info][gc,phases,start] GC(53) Phase 4: Move objects
[13.982s][info][gc,phases      ] GC(53) Phase 4: Move objects 0.543ms
[13.985s][info][gc,heap        ] GC(53) ParNew: 106346K->0K(460096K)
[13.985s][info][gc,heap        ] GC(53) CMS: 26630K->26630K(3683136K)
[13.985s][info][gc,metaspace   ] GC(53) Metaspace: 21119K(21760K)->21119K(21760K) NonClass: 18578K(18944K)->18578K(18944K) Class: 2541K(2816K)->2541K(2816K)
[13.985s][info][gc             ] GC(53) Pause Full (System.gc()) 129M->26M(4046M) 52.737ms
[13.986s][info][gc,cpu         ] GC(53) User=0.05s Sys=0.00s Real=0.05s
[14.166s][info][gc,start       ] GC(54) Pause Full (System.gc())
[14.166s][info][gc,phases,start] GC(54) Phase 1: Mark live objects
[14.179s][info][gc,phases      ] GC(54) Phase 1: Mark live objects 13.473ms
[14.179s][info][gc,phases,start] GC(54) Phase 2: Compute new object addresses
[14.205s][info][gc,phases      ] GC(54) Phase 2: Compute new object addresses 26.049ms
[14.205s][info][gc,phases,start] GC(54) Phase 3: Adjust pointers
[14.214s][info][gc,phases      ] GC(54) Phase 3: Adjust pointers 8.380ms
[14.214s][info][gc,phases,start] GC(54) Phase 4: Move objects
[14.215s][info][gc,phases      ] GC(54) Phase 4: Move objects 0.638ms
[14.217s][info][gc,heap        ] GC(54) ParNew: 106346K->0K(460096K)
[14.217s][info][gc,heap        ] GC(54) CMS: 26630K->26630K(3683136K)
[14.217s][info][gc,metaspace   ] GC(54) Metaspace: 21119K(21760K)->21119K(21760K) NonClass: 18578K(18944K)->18578K(18944K) Class: 2541K(2816K)->2541K(2816K)
[14.218s][info][gc             ] GC(54) Pause Full (System.gc()) 129M->26M(4046M) 52.545ms
[14.218s][info][gc,cpu         ] GC(54) User=0.05s Sys=0.00s Real=0.06s
[14.399s][info][gc,start       ] GC(55) Pause Full (System.gc())
[14.399s][info][gc,phases,start] GC(55) Phase 1: Mark live objects
[14.413s][info][gc,phases      ] GC(55) Phase 1: Mark live objects 13.859ms
[14.413s][info][gc,phases,start] GC(55) Phase 2: Compute new object addresses
[14.439s][info][gc,phases      ] GC(55) Phase 2: Compute new object addresses 26.674ms
[14.439s][info][gc,phases,start] GC(55) Phase 3: Adjust pointers
[14.448s][info][gc,phases      ] GC(55) Phase 3: Adjust pointers 8.455ms
[14.448s][info][gc,phases,start] GC(55) Phase 4: Move objects
[14.449s][info][gc,phases      ] GC(55) Phase 4: Move objects 0.977ms
[14.452s][info][gc,heap        ] GC(55) ParNew: 106346K->0K(460096K)
[14.452s][info][gc,heap        ] GC(55) CMS: 26630K->26630K(3683136K)
[14.452s][info][gc,metaspace   ] GC(55) Metaspace: 21119K(21760K)->21119K(21760K) NonClass: 18578K(18944K)->18578K(18944K) Class: 2541K(2816K)->2541K(2816K)
[14.453s][info][gc             ] GC(55) Pause Full (System.gc()) 129M->26M(4046M) 54.102ms
[14.453s][info][gc,cpu         ] GC(55) User=0.05s Sys=0.00s Real=0.06s
[14.632s][info][gc,start       ] GC(56) Pause Full (System.gc())
[14.633s][info][gc,phases,start] GC(56) Phase 1: Mark live objects
[14.646s][info][gc,phases      ] GC(56) Phase 1: Mark live objects 13.124ms
[14.646s][info][gc,phases,start] GC(56) Phase 2: Compute new object addresses
[14.672s][info][gc,phases      ] GC(56) Phase 2: Compute new object addresses 25.989ms
[14.672s][info][gc,phases,start] GC(56) Phase 3: Adjust pointers
[14.680s][info][gc,phases      ] GC(56) Phase 3: Adjust pointers 8.282ms
[14.680s][info][gc,phases,start] GC(56) Phase 4: Move objects
[14.681s][info][gc,phases      ] GC(56) Phase 4: Move objects 0.539ms
[14.684s][info][gc,heap        ] GC(56) ParNew: 106346K->0K(460096K)
[14.684s][info][gc,heap        ] GC(56) CMS: 26630K->26630K(3683136K)
[14.684s][info][gc,metaspace   ] GC(56) Metaspace: 21119K(21760K)->21119K(21760K) NonClass: 18578K(18944K)->18578K(18944K) Class: 2541K(2816K)->2541K(2816K)
[14.684s][info][gc             ] GC(56) Pause Full (System.gc()) 129M->26M(4046M) 51.994ms
[14.684s][info][gc,cpu         ] GC(56) User=0.05s Sys=0.00s Real=0.05s
[14.866s][info][gc,start       ] GC(57) Pause Full (System.gc())
[14.866s][info][gc,phases,start] GC(57) Phase 1: Mark live objects
[14.880s][info][gc,phases      ] GC(57) Phase 1: Mark live objects 13.851ms
[14.880s][info][gc,phases,start] GC(57) Phase 2: Compute new object addresses
[14.906s][info][gc,phases      ] GC(57) Phase 2: Compute new object addresses 26.523ms
[14.906s][info][gc,phases,start] GC(57) Phase 3: Adjust pointers
[14.915s][info][gc,phases      ] GC(57) Phase 3: Adjust pointers 8.428ms
[14.915s][info][gc,phases,start] GC(57) Phase 4: Move objects
[14.915s][info][gc,phases      ] GC(57) Phase 4: Move objects 0.542ms
[14.918s][info][gc,heap        ] GC(57) ParNew: 114527K->0K(460096K)
[14.918s][info][gc,heap        ] GC(57) CMS: 26630K->26630K(3683136K)
[14.918s][info][gc,metaspace   ] GC(57) Metaspace: 21132K(21760K)->21132K(21760K) NonClass: 18590K(18944K)->18590K(18944K) Class: 2541K(2816K)->2541K(2816K)
[14.919s][info][gc             ] GC(57) Pause Full (System.gc()) 137M->26M(4046M) 53.436ms
[14.919s][info][gc,cpu         ] GC(57) User=0.05s Sys=0.00s Real=0.05s
[15.102s][info][gc,start       ] GC(58) Pause Full (System.gc())
[15.102s][info][gc,phases,start] GC(58) Phase 1: Mark live objects
[15.117s][info][gc,phases      ] GC(58) Phase 1: Mark live objects 14.904ms
[15.117s][info][gc,phases,start] GC(58) Phase 2: Compute new object addresses
[15.143s][info][gc,phases      ] GC(58) Phase 2: Compute new object addresses 26.183ms
[15.143s][info][gc,phases,start] GC(58) Phase 3: Adjust pointers
[15.151s][info][gc,phases      ] GC(58) Phase 3: Adjust pointers 8.443ms
[15.152s][info][gc,phases,start] GC(58) Phase 4: Move objects
[15.152s][info][gc,phases      ] GC(58) Phase 4: Move objects 0.547ms
[15.155s][info][gc,heap        ] GC(58) ParNew: 106346K->0K(460096K)
[15.155s][info][gc,heap        ] GC(58) CMS: 26630K->26631K(3683136K)
[15.155s][info][gc,metaspace   ] GC(58) Metaspace: 21132K(21760K)->21132K(21760K) NonClass: 18590K(18944K)->18590K(18944K) Class: 2541K(2816K)->2541K(2816K)
[15.156s][info][gc             ] GC(58) Pause Full (System.gc()) 129M->26M(4046M) 54.175ms
[15.156s][info][gc,cpu         ] GC(58) User=0.05s Sys=0.00s Real=0.05s
[15.339s][info][gc,start       ] GC(59) Pause Full (System.gc())
[15.339s][info][gc,phases,start] GC(59) Phase 1: Mark live objects
[15.353s][info][gc,phases      ] GC(59) Phase 1: Mark live objects 13.744ms
[15.353s][info][gc,phases,start] GC(59) Phase 2: Compute new object addresses
[15.379s][info][gc,phases      ] GC(59) Phase 2: Compute new object addresses 26.136ms
[15.379s][info][gc,phases,start] GC(59) Phase 3: Adjust pointers
[15.388s][info][gc,phases      ] GC(59) Phase 3: Adjust pointers 8.588ms
[15.388s][info][gc,phases,start] GC(59) Phase 4: Move objects
[15.388s][info][gc,phases      ] GC(59) Phase 4: Move objects 0.544ms
[15.391s][info][gc,heap        ] GC(59) ParNew: 106346K->0K(460096K)
[15.392s][info][gc,heap        ] GC(59) CMS: 26631K->26631K(3683136K)
[15.392s][info][gc,metaspace   ] GC(59) Metaspace: 21132K(21760K)->21132K(21760K) NonClass: 18590K(18944K)->18590K(18944K) Class: 2541K(2816K)->2541K(2816K)
[15.392s][info][gc             ] GC(59) Pause Full (System.gc()) 129M->26M(4046M) 53.278ms
[15.392s][info][gc,cpu         ] GC(59) User=0.05s Sys=0.00s Real=0.06s
[15.573s][info][gc,start       ] GC(60) Pause Full (System.gc())
[15.574s][info][gc,phases,start] GC(60) Phase 1: Mark live objects
[15.587s][info][gc,phases      ] GC(60) Phase 1: Mark live objects 13.738ms
[15.587s][info][gc,phases,start] GC(60) Phase 2: Compute new object addresses
[15.613s][info][gc,phases      ] GC(60) Phase 2: Compute new object addresses 26.029ms
[15.613s][info][gc,phases,start] GC(60) Phase 3: Adjust pointers
[15.622s][info][gc,phases      ] GC(60) Phase 3: Adjust pointers 8.304ms
[15.622s][info][gc,phases,start] GC(60) Phase 4: Move objects
[15.622s][info][gc,phases      ] GC(60) Phase 4: Move objects 0.542ms
[15.625s][info][gc,heap        ] GC(60) ParNew: 106346K->0K(460096K)
[15.625s][info][gc,heap        ] GC(60) CMS: 26631K->26631K(3683136K)
[15.625s][info][gc,metaspace   ] GC(60) Metaspace: 21132K(21760K)->21132K(21760K) NonClass: 18590K(18944K)->18590K(18944K) Class: 2541K(2816K)->2541K(2816K)
[15.626s][info][gc             ] GC(60) Pause Full (System.gc()) 129M->26M(4046M) 52.675ms
[15.626s][info][gc,cpu         ] GC(60) User=0.05s Sys=0.00s Real=0.05s
[15.807s][info][gc,start       ] GC(61) Pause Full (System.gc())
[15.808s][info][gc,phases,start] GC(61) Phase 1: Mark live objects
[15.821s][info][gc,phases      ] GC(61) Phase 1: Mark live objects 13.632ms
[15.821s][info][gc,phases,start] GC(61) Phase 2: Compute new object addresses
[15.848s][info][gc,phases      ] GC(61) Phase 2: Compute new object addresses 26.493ms
[15.848s][info][gc,phases,start] GC(61) Phase 3: Adjust pointers
[15.857s][info][gc,phases      ] GC(61) Phase 3: Adjust pointers 8.788ms
[15.857s][info][gc,phases,start] GC(61) Phase 4: Move objects
[15.857s][info][gc,phases      ] GC(61) Phase 4: Move objects 0.541ms
[15.860s][info][gc,heap        ] GC(61) ParNew: 106346K->0K(460096K)
[15.860s][info][gc,heap        ] GC(61) CMS: 26631K->26631K(3683136K)
[15.860s][info][gc,metaspace   ] GC(61) Metaspace: 21132K(21760K)->21132K(21760K) NonClass: 18590K(18944K)->18590K(18944K) Class: 2541K(2816K)->2541K(2816K)
[15.861s][info][gc             ] GC(61) Pause Full (System.gc()) 129M->26M(4046M) 53.621ms
[15.861s][info][gc,cpu         ] GC(61) User=0.05s Sys=0.00s Real=0.05s
[16.043s][info][gc,start       ] GC(62) Pause Full (System.gc())
[16.044s][info][gc,phases,start] GC(62) Phase 1: Mark live objects
[16.058s][info][gc,phases      ] GC(62) Phase 1: Mark live objects 14.667ms
[16.058s][info][gc,phases,start] GC(62) Phase 2: Compute new object addresses
[16.084s][info][gc,phases      ] GC(62) Phase 2: Compute new object addresses 25.973ms
[16.084s][info][gc,phases,start] GC(62) Phase 3: Adjust pointers
[16.093s][info][gc,phases      ] GC(62) Phase 3: Adjust pointers 8.321ms
[16.093s][info][gc,phases,start] GC(62) Phase 4: Move objects
[16.093s][info][gc,phases      ] GC(62) Phase 4: Move objects 0.542ms
[16.096s][info][gc,heap        ] GC(62) ParNew: 106346K->0K(460096K)
[16.096s][info][gc,heap        ] GC(62) CMS: 26631K->26631K(3683136K)
[16.096s][info][gc,metaspace   ] GC(62) Metaspace: 21132K(21760K)->21132K(21760K) NonClass: 18590K(18944K)->18590K(18944K) Class: 2541K(2816K)->2541K(2816K)
[16.097s][info][gc             ] GC(62) Pause Full (System.gc()) 129M->26M(4046M) 53.606ms
[16.097s][info][gc,cpu         ] GC(62) User=0.05s Sys=0.00s Real=0.05s
[16.279s][info][gc,start       ] GC(63) Pause Full (System.gc())
[16.279s][info][gc,phases,start] GC(63) Phase 1: Mark live objects
[16.293s][info][gc,phases      ] GC(63) Phase 1: Mark live objects 13.975ms
[16.293s][info][gc,phases,start] GC(63) Phase 2: Compute new object addresses
[16.320s][info][gc,phases      ] GC(63) Phase 2: Compute new object addresses 26.666ms
[16.320s][info][gc,phases,start] GC(63) Phase 3: Adjust pointers
[16.328s][info][gc,phases      ] GC(63) Phase 3: Adjust pointers 8.436ms
[16.328s][info][gc,phases,start] GC(63) Phase 4: Move objects
[16.329s][info][gc,phases      ] GC(63) Phase 4: Move objects 0.546ms
[16.332s][info][gc,heap        ] GC(63) ParNew: 106346K->0K(460096K)
[16.332s][info][gc,heap        ] GC(63) CMS: 26631K->26631K(3683136K)
[16.332s][info][gc,metaspace   ] GC(63) Metaspace: 21132K(21760K)->21132K(21760K) NonClass: 18590K(18944K)->18590K(18944K) Class: 2541K(2816K)->2541K(2816K)
[16.333s][info][gc             ] GC(63) Pause Full (System.gc()) 129M->26M(4046M) 53.739ms
[16.333s][info][gc,cpu         ] GC(63) User=0.05s Sys=0.00s Real=0.05s
[16.514s][info][gc,start       ] GC(64) Pause Full (System.gc())
[16.514s][info][gc,phases,start] GC(64) Phase 1: Mark live objects
[16.528s][info][gc,phases      ] GC(64) Phase 1: Mark live objects 13.914ms
[16.528s][info][gc,phases,start] GC(64) Phase 2: Compute new object addresses
[16.555s][info][gc,phases      ] GC(64) Phase 2: Compute new object addresses 26.492ms
[16.555s][info][gc,phases,start] GC(64) Phase 3: Adjust pointers
[16.563s][info][gc,phases      ] GC(64) Phase 3: Adjust pointers 8.450ms
[16.563s][info][gc,phases,start] GC(64) Phase 4: Move objects
[16.564s][info][gc,phases      ] GC(64) Phase 4: Move objects 0.542ms
[16.567s][info][gc,heap        ] GC(64) ParNew: 106346K->0K(460096K)
[16.567s][info][gc,heap        ] GC(64) CMS: 26631K->26631K(3683136K)
[16.567s][info][gc,metaspace   ] GC(64) Metaspace: 21134K(21760K)->21134K(21760K) NonClass: 18592K(18944K)->18592K(18944K) Class: 2541K(2816K)->2541K(2816K)
[16.568s][info][gc             ] GC(64) Pause Full (System.gc()) 129M->26M(4046M) 53.457ms
[16.568s][info][gc,cpu         ] GC(64) User=0.06s Sys=0.00s Real=0.05s
[16.747s][info][gc,start       ] GC(65) Pause Full (System.gc())
[16.747s][info][gc,phases,start] GC(65) Phase 1: Mark live objects
[16.760s][info][gc,phases      ] GC(65) Phase 1: Mark live objects 13.560ms
[16.760s][info][gc,phases,start] GC(65) Phase 2: Compute new object addresses
[16.787s][info][gc,phases      ] GC(65) Phase 2: Compute new object addresses 26.536ms
[16.787s][info][gc,phases,start] GC(65) Phase 3: Adjust pointers
[16.795s][info][gc,phases      ] GC(65) Phase 3: Adjust pointers 8.449ms
[16.795s][info][gc,phases,start] GC(65) Phase 4: Move objects
[16.796s][info][gc,phases      ] GC(65) Phase 4: Move objects 0.544ms
[16.799s][info][gc,heap        ] GC(65) ParNew: 106346K->0K(460096K)
[16.799s][info][gc,heap        ] GC(65) CMS: 26631K->26631K(3683136K)
[16.799s][info][gc,metaspace   ] GC(65) Metaspace: 21134K(21760K)->21134K(21760K) NonClass: 18592K(18944K)->18592K(18944K) Class: 2541K(2816K)->2541K(2816K)
[16.800s][info][gc             ] GC(65) Pause Full (System.gc()) 129M->26M(4046M) 53.185ms
[16.800s][info][gc,cpu         ] GC(65) User=0.05s Sys=0.00s Real=0.05s
[16.981s][info][gc,start       ] GC(66) Pause Full (System.gc())
[16.982s][info][gc,phases,start] GC(66) Phase 1: Mark live objects
[16.996s][info][gc,phases      ] GC(66) Phase 1: Mark live objects 13.997ms
[16.996s][info][gc,phases,start] GC(66) Phase 2: Compute new object addresses
[17.022s][info][gc,phases      ] GC(66) Phase 2: Compute new object addresses 26.054ms
[17.022s][info][gc,phases,start] GC(66) Phase 3: Adjust pointers
[17.030s][info][gc,phases      ] GC(66) Phase 3: Adjust pointers 8.415ms
[17.030s][info][gc,phases,start] GC(66) Phase 4: Move objects
[17.031s][info][gc,phases      ] GC(66) Phase 4: Move objects 0.550ms
[17.034s][info][gc,heap        ] GC(66) ParNew: 106346K->0K(460096K)
[17.034s][info][gc,heap        ] GC(66) CMS: 26631K->26631K(3683136K)
[17.034s][info][gc,metaspace   ] GC(66) Metaspace: 21134K(21760K)->21134K(21760K) NonClass: 18592K(18944K)->18592K(18944K) Class: 2541K(2816K)->2541K(2816K)
[17.035s][info][gc             ] GC(66) Pause Full (System.gc()) 129M->26M(4046M) 53.106ms
[17.035s][info][gc,cpu         ] GC(66) User=0.05s Sys=0.00s Real=0.05s
[17.217s][info][gc,start       ] GC(67) Pause Full (System.gc())
[17.217s][info][gc,phases,start] GC(67) Phase 1: Mark live objects
[17.232s][info][gc,phases      ] GC(67) Phase 1: Mark live objects 14.881ms
[17.232s][info][gc,phases,start] GC(67) Phase 2: Compute new object addresses
[17.258s][info][gc,phases      ] GC(67) Phase 2: Compute new object addresses 26.202ms
[17.258s][info][gc,phases,start] GC(67) Phase 3: Adjust pointers
[17.267s][info][gc,phases      ] GC(67) Phase 3: Adjust pointers 8.653ms
[17.267s][info][gc,phases,start] GC(67) Phase 4: Move objects
[17.267s][info][gc,phases      ] GC(67) Phase 4: Move objects 0.564ms
[17.270s][info][gc,heap        ] GC(67) ParNew: 106346K->0K(460096K)
[17.270s][info][gc,heap        ] GC(67) CMS: 26631K->26631K(3683136K)
[17.270s][info][gc,metaspace   ] GC(67) Metaspace: 21134K(21760K)->21134K(21760K) NonClass: 18592K(18944K)->18592K(18944K) Class: 2541K(2816K)->2541K(2816K)
[17.271s][info][gc             ] GC(67) Pause Full (System.gc()) 129M->26M(4046M) 54.369ms
[17.271s][info][gc,cpu         ] GC(67) User=0.05s Sys=0.00s Real=0.05s
[17.452s][info][gc,start       ] GC(68) Pause Full (System.gc())
[17.452s][info][gc,phases,start] GC(68) Phase 1: Mark live objects
[17.466s][info][gc,phases      ] GC(68) Phase 1: Mark live objects 13.871ms
[17.466s][info][gc,phases,start] GC(68) Phase 2: Compute new object addresses
[17.492s][info][gc,phases      ] GC(68) Phase 2: Compute new object addresses 25.914ms
[17.492s][info][gc,phases,start] GC(68) Phase 3: Adjust pointers
[17.500s][info][gc,phases      ] GC(68) Phase 3: Adjust pointers 8.348ms
[17.500s][info][gc,phases,start] GC(68) Phase 4: Move objects
[17.501s][info][gc,phases      ] GC(68) Phase 4: Move objects 0.547ms
[17.504s][info][gc,heap        ] GC(68) ParNew: 106346K->0K(460096K)
[17.504s][info][gc,heap        ] GC(68) CMS: 26631K->26631K(3683136K)
[17.504s][info][gc,metaspace   ] GC(68) Metaspace: 21134K(21760K)->21134K(21760K) NonClass: 18592K(18944K)->18592K(18944K) Class: 2541K(2816K)->2541K(2816K)
[17.505s][info][gc             ] GC(68) Pause Full (System.gc()) 129M->26M(4046M) 52.834ms
[17.505s][info][gc,cpu         ] GC(68) User=0.05s Sys=0.00s Real=0.06s
[17.685s][info][gc,start       ] GC(69) Pause Full (System.gc())
[17.685s][info][gc,phases,start] GC(69) Phase 1: Mark live objects
[17.698s][info][gc,phases      ] GC(69) Phase 1: Mark live objects 13.458ms
[17.698s][info][gc,phases,start] GC(69) Phase 2: Compute new object addresses
[17.724s][info][gc,phases      ] GC(69) Phase 2: Compute new object addresses 25.914ms
[17.724s][info][gc,phases,start] GC(69) Phase 3: Adjust pointers
[17.733s][info][gc,phases      ] GC(69) Phase 3: Adjust pointers 8.342ms
[17.733s][info][gc,phases,start] GC(69) Phase 4: Move objects
[17.733s][info][gc,phases      ] GC(69) Phase 4: Move objects 0.544ms
[17.736s][info][gc,heap        ] GC(69) ParNew: 106346K->0K(460096K)
[17.736s][info][gc,heap        ] GC(69) CMS: 26631K->26631K(3683136K)
[17.736s][info][gc,metaspace   ] GC(69) Metaspace: 21135K(21760K)->21135K(21760K) NonClass: 18593K(18944K)->18593K(18944K) Class: 2541K(2816K)->2541K(2816K)
[17.737s][info][gc             ] GC(69) Pause Full (System.gc()) 129M->26M(4046M) 52.345ms
[17.737s][info][gc,cpu         ] GC(69) User=0.05s Sys=0.00s Real=0.05s
[17.918s][info][gc,start       ] GC(70) Pause Full (System.gc())
[17.918s][info][gc,phases,start] GC(70) Phase 1: Mark live objects
[17.932s][info][gc,phases      ] GC(70) Phase 1: Mark live objects 13.761ms
[17.932s][info][gc,phases,start] GC(70) Phase 2: Compute new object addresses
[17.958s][info][gc,phases      ] GC(70) Phase 2: Compute new object addresses 25.998ms
[17.958s][info][gc,phases,start] GC(70) Phase 3: Adjust pointers
[17.966s][info][gc,phases      ] GC(70) Phase 3: Adjust pointers 8.363ms
[17.966s][info][gc,phases,start] GC(70) Phase 4: Move objects
[17.967s][info][gc,phases      ] GC(70) Phase 4: Move objects 0.542ms
[17.970s][info][gc,heap        ] GC(70) ParNew: 106346K->0K(460096K)
[17.970s][info][gc,heap        ] GC(70) CMS: 26631K->26631K(3683136K)
[17.970s][info][gc,metaspace   ] GC(70) Metaspace: 21135K(21760K)->21135K(21760K) NonClass: 18593K(18944K)->18593K(18944K) Class: 2541K(2816K)->2541K(2816K)
[17.971s][info][gc             ] GC(70) Pause Full (System.gc()) 129M->26M(4046M) 52.953ms
[17.971s][info][gc,cpu         ] GC(70) User=0.05s Sys=0.00s Real=0.06s
[18.153s][info][gc,start       ] GC(71) Pause Full (System.gc())
[18.153s][info][gc,phases,start] GC(71) Phase 1: Mark live objects
[18.167s][info][gc,phases      ] GC(71) Phase 1: Mark live objects 13.984ms
[18.167s][info][gc,phases,start] GC(71) Phase 2: Compute new object addresses
[18.193s][info][gc,phases      ] GC(71) Phase 2: Compute new object addresses 26.249ms
[18.193s][info][gc,phases,start] GC(71) Phase 3: Adjust pointers
[18.202s][info][gc,phases      ] GC(71) Phase 3: Adjust pointers 8.421ms
[18.202s][info][gc,phases,start] GC(71) Phase 4: Move objects
[18.202s][info][gc,phases      ] GC(71) Phase 4: Move objects 0.544ms
[18.205s][info][gc,heap        ] GC(71) ParNew: 106346K->0K(460096K)
[18.205s][info][gc,heap        ] GC(71) CMS: 26631K->26631K(3683136K)
[18.205s][info][gc,metaspace   ] GC(71) Metaspace: 21135K(21760K)->21135K(21760K) NonClass: 18593K(18944K)->18593K(18944K) Class: 2541K(2816K)->2541K(2816K)
[18.206s][info][gc             ] GC(71) Pause Full (System.gc()) 129M->26M(4046M) 53.420ms
[18.206s][info][gc,cpu         ] GC(71) User=0.03s Sys=0.00s Real=0.05s
[18.387s][info][gc,start       ] GC(72) Pause Full (System.gc())
[18.387s][info][gc,phases,start] GC(72) Phase 1: Mark live objects
[18.400s][info][gc,phases      ] GC(72) Phase 1: Mark live objects 13.273ms
[18.400s][info][gc,phases,start] GC(72) Phase 2: Compute new object addresses
[18.426s][info][gc,phases      ] GC(72) Phase 2: Compute new object addresses 26.024ms
[18.426s][info][gc,phases,start] GC(72) Phase 3: Adjust pointers
[18.435s][info][gc,phases      ] GC(72) Phase 3: Adjust pointers 8.515ms
[18.435s][info][gc,phases,start] GC(72) Phase 4: Move objects
[18.435s][info][gc,phases      ] GC(72) Phase 4: Move objects 0.544ms
[18.438s][info][gc,heap        ] GC(72) ParNew: 106346K->0K(460096K)
[18.438s][info][gc,heap        ] GC(72) CMS: 26631K->26631K(3683136K)
[18.438s][info][gc,metaspace   ] GC(72) Metaspace: 21135K(21760K)->21135K(21760K) NonClass: 18593K(18944K)->18593K(18944K) Class: 2541K(2816K)->2541K(2816K)
[18.439s][info][gc             ] GC(72) Pause Full (System.gc()) 129M->26M(4046M) 52.549ms
[18.439s][info][gc,cpu         ] GC(72) User=0.05s Sys=0.00s Real=0.06s
[18.620s][info][gc,start       ] GC(73) Pause Full (System.gc())
[18.620s][info][gc,phases,start] GC(73) Phase 1: Mark live objects
[18.635s][info][gc,phases      ] GC(73) Phase 1: Mark live objects 14.340ms
[18.635s][info][gc,phases,start] GC(73) Phase 2: Compute new object addresses
[18.661s][info][gc,phases      ] GC(73) Phase 2: Compute new object addresses 26.273ms
[18.661s][info][gc,phases,start] GC(73) Phase 3: Adjust pointers
[18.669s][info][gc,phases      ] GC(73) Phase 3: Adjust pointers 8.358ms
[18.669s][info][gc,phases,start] GC(73) Phase 4: Move objects
[18.670s][info][gc,phases      ] GC(73) Phase 4: Move objects 0.593ms
[18.673s][info][gc,heap        ] GC(73) ParNew: 106346K->0K(460096K)
[18.673s][info][gc,heap        ] GC(73) CMS: 26631K->26631K(3683136K)
[18.673s][info][gc,metaspace   ] GC(73) Metaspace: 21135K(21760K)->21135K(21760K) NonClass: 18593K(18944K)->18593K(18944K) Class: 2541K(2816K)->2541K(2816K)
[18.674s][info][gc             ] GC(73) Pause Full (System.gc()) 129M->26M(4046M) 53.675ms
[18.674s][info][gc,cpu         ] GC(73) User=0.05s Sys=0.00s Real=0.05s
[18.854s][info][gc,start       ] GC(74) Pause Full (System.gc())
[18.854s][info][gc,phases,start] GC(74) Phase 1: Mark live objects
[18.867s][info][gc,phases      ] GC(74) Phase 1: Mark live objects 13.688ms
[18.868s][info][gc,phases,start] GC(74) Phase 2: Compute new object addresses
[18.893s][info][gc,phases      ] GC(74) Phase 2: Compute new object addresses 25.899ms
[18.893s][info][gc,phases,start] GC(74) Phase 3: Adjust pointers
[18.902s][info][gc,phases      ] GC(74) Phase 3: Adjust pointers 8.413ms
[18.902s][info][gc,phases,start] GC(74) Phase 4: Move objects
[18.902s][info][gc,phases      ] GC(74) Phase 4: Move objects 0.545ms
[18.905s][info][gc,heap        ] GC(74) ParNew: 106346K->0K(460096K)
[18.905s][info][gc,heap        ] GC(74) CMS: 26631K->26631K(3683136K)
[18.905s][info][gc,metaspace   ] GC(74) Metaspace: 21135K(21760K)->21135K(21760K) NonClass: 18593K(18944K)->18593K(18944K) Class: 2541K(2816K)->2541K(2816K)
[18.906s][info][gc             ] GC(74) Pause Full (System.gc()) 129M->26M(4046M) 52.561ms
[18.906s][info][gc,cpu         ] GC(74) User=0.03s Sys=0.00s Real=0.04s
[19.087s][info][gc,start       ] GC(75) Pause Full (System.gc())
[19.087s][info][gc,phases,start] GC(75) Phase 1: Mark live objects
[19.101s][info][gc,phases      ] GC(75) Phase 1: Mark live objects 13.727ms
[19.101s][info][gc,phases,start] GC(75) Phase 2: Compute new object addresses
[19.127s][info][gc,phases      ] GC(75) Phase 2: Compute new object addresses 25.984ms
[19.127s][info][gc,phases,start] GC(75) Phase 3: Adjust pointers
[19.135s][info][gc,phases      ] GC(75) Phase 3: Adjust pointers 8.388ms
[19.135s][info][gc,phases,start] GC(75) Phase 4: Move objects
[19.136s][info][gc,phases      ] GC(75) Phase 4: Move objects 0.542ms
[19.139s][info][gc,heap        ] GC(75) ParNew: 106346K->0K(460096K)
[19.139s][info][gc,heap        ] GC(75) CMS: 26631K->26631K(3683136K)
[19.139s][info][gc,metaspace   ] GC(75) Metaspace: 21135K(21760K)->21135K(21760K) NonClass: 18594K(18944K)->18594K(18944K) Class: 2541K(2816K)->2541K(2816K)
[19.140s][info][gc             ] GC(75) Pause Full (System.gc()) 129M->26M(4046M) 52.757ms
[19.140s][info][gc,cpu         ] GC(75) User=0.05s Sys=0.00s Real=0.05s
[19.323s][info][gc,start       ] GC(76) Pause Full (System.gc())
[19.323s][info][gc,phases,start] GC(76) Phase 1: Mark live objects
[19.337s][info][gc,phases      ] GC(76) Phase 1: Mark live objects 13.731ms
[19.337s][info][gc,phases,start] GC(76) Phase 2: Compute new object addresses
[19.363s][info][gc,phases      ] GC(76) Phase 2: Compute new object addresses 26.509ms
[19.363s][info][gc,phases,start] GC(76) Phase 3: Adjust pointers
[19.372s][info][gc,phases      ] GC(76) Phase 3: Adjust pointers 8.448ms
[19.372s][info][gc,phases,start] GC(76) Phase 4: Move objects
[19.372s][info][gc,phases      ] GC(76) Phase 4: Move objects 0.542ms
[19.375s][info][gc,heap        ] GC(76) ParNew: 106346K->0K(460096K)
[19.375s][info][gc,heap        ] GC(76) CMS: 26631K->26631K(3683136K)
[19.375s][info][gc,metaspace   ] GC(76) Metaspace: 21135K(21760K)->21135K(21760K) NonClass: 18594K(18944K)->18594K(18944K) Class: 2541K(2816K)->2541K(2816K)
[19.376s][info][gc             ] GC(76) Pause Full (System.gc()) 129M->26M(4046M) 53.492ms
[19.376s][info][gc,cpu         ] GC(76) User=0.05s Sys=0.00s Real=0.05s
[19.557s][info][gc,start       ] GC(77) Pause Full (System.gc())
[19.557s][info][gc,phases,start] GC(77) Phase 1: Mark live objects
[19.572s][info][gc,phases      ] GC(77) Phase 1: Mark live objects 14.462ms
[19.572s][info][gc,phases,start] GC(77) Phase 2: Compute new object addresses
[19.598s][info][gc,phases      ] GC(77) Phase 2: Compute new object addresses 26.484ms
[19.598s][info][gc,phases,start] GC(77) Phase 3: Adjust pointers
[19.607s][info][gc,phases      ] GC(77) Phase 3: Adjust pointers 8.405ms
[19.607s][info][gc,phases,start] GC(77) Phase 4: Move objects
[19.607s][info][gc,phases      ] GC(77) Phase 4: Move objects 0.549ms
[19.610s][info][gc,heap        ] GC(77) ParNew: 106346K->0K(460096K)
[19.610s][info][gc,heap        ] GC(77) CMS: 26631K->26631K(3683136K)
[19.610s][info][gc,metaspace   ] GC(77) Metaspace: 21135K(21760K)->21135K(21760K) NonClass: 18594K(18944K)->18594K(18944K) Class: 2541K(2816K)->2541K(2816K)
[19.611s][info][gc             ] GC(77) Pause Full (System.gc()) 129M->26M(4046M) 54.079ms
[19.611s][info][gc,cpu         ] GC(77) User=0.05s Sys=0.00s Real=0.05s
[19.793s][info][gc,start       ] GC(78) Pause Full (System.gc())
[19.794s][info][gc,phases,start] GC(78) Phase 1: Mark live objects
[19.807s][info][gc,phases      ] GC(78) Phase 1: Mark live objects 13.512ms
[19.807s][info][gc,phases,start] GC(78) Phase 2: Compute new object addresses
[19.834s][info][gc,phases      ] GC(78) Phase 2: Compute new object addresses 26.472ms
[19.834s][info][gc,phases,start] GC(78) Phase 3: Adjust pointers
[19.842s][info][gc,phases      ] GC(78) Phase 3: Adjust pointers 8.519ms
[19.842s][info][gc,phases,start] GC(78) Phase 4: Move objects
[19.843s][info][gc,phases      ] GC(78) Phase 4: Move objects 0.548ms
[19.846s][info][gc,heap        ] GC(78) ParNew: 106346K->0K(460096K)
[19.846s][info][gc,heap        ] GC(78) CMS: 26631K->26631K(3683136K)
[19.846s][info][gc,metaspace   ] GC(78) Metaspace: 21135K(21760K)->21135K(21760K) NonClass: 18594K(18944K)->18594K(18944K) Class: 2541K(2816K)->2541K(2816K)
[19.847s][info][gc             ] GC(78) Pause Full (System.gc()) 129M->26M(4046M) 53.127ms
[19.847s][info][gc,cpu         ] GC(78) User=0.05s Sys=0.00s Real=0.05s
[20.027s][info][gc,start       ] GC(79) Pause Full (System.gc())
[20.028s][info][gc,phases,start] GC(79) Phase 1: Mark live objects
[20.041s][info][gc,phases      ] GC(79) Phase 1: Mark live objects 13.836ms
[20.041s][info][gc,phases,start] GC(79) Phase 2: Compute new object addresses
[20.068s][info][gc,phases      ] GC(79) Phase 2: Compute new object addresses 26.579ms
[20.068s][info][gc,phases,start] GC(79) Phase 3: Adjust pointers
[20.077s][info][gc,phases      ] GC(79) Phase 3: Adjust pointers 8.466ms
[20.077s][info][gc,phases,start] GC(79) Phase 4: Move objects
[20.077s][info][gc,phases      ] GC(79) Phase 4: Move objects 0.543ms
[20.080s][info][gc,heap        ] GC(79) ParNew: 106346K->0K(460096K)
[20.080s][info][gc,heap        ] GC(79) CMS: 26631K->26631K(3683136K)
[20.080s][info][gc,metaspace   ] GC(79) Metaspace: 21135K(21760K)->21135K(21760K) NonClass: 18594K(18944K)->18594K(18944K) Class: 2541K(2816K)->2541K(2816K)
[20.081s][info][gc             ] GC(79) Pause Full (System.gc()) 129M->26M(4046M) 53.547ms
[20.081s][info][gc,cpu         ] GC(79) User=0.05s Sys=0.00s Real=0.05s
[20.261s][info][gc,start       ] GC(80) Pause Full (System.gc())
[20.262s][info][gc,phases,start] GC(80) Phase 1: Mark live objects
[20.275s][info][gc,phases      ] GC(80) Phase 1: Mark live objects 13.528ms
[20.275s][info][gc,phases,start] GC(80) Phase 2: Compute new object addresses
[20.302s][info][gc,phases      ] GC(80) Phase 2: Compute new object addresses 26.717ms
[20.302s][info][gc,phases,start] GC(80) Phase 3: Adjust pointers
[20.311s][info][gc,phases      ] GC(80) Phase 3: Adjust pointers 8.539ms
[20.311s][info][gc,phases,start] GC(80) Phase 4: Move objects
[20.311s][info][gc,phases      ] GC(80) Phase 4: Move objects 0.561ms
[20.314s][info][gc,heap        ] GC(80) ParNew: 106346K->0K(460096K)
[20.314s][info][gc,heap        ] GC(80) CMS: 26631K->26631K(3683136K)
[20.314s][info][gc,metaspace   ] GC(80) Metaspace: 21135K(21760K)->21135K(21760K) NonClass: 18594K(18944K)->18594K(18944K) Class: 2541K(2816K)->2541K(2816K)
[20.315s][info][gc             ] GC(80) Pause Full (System.gc()) 129M->26M(4046M) 53.606ms
[20.315s][info][gc,cpu         ] GC(80) User=0.06s Sys=0.00s Real=0.06s
[20.496s][info][gc,start       ] GC(81) Pause Full (System.gc())
[20.496s][info][gc,phases,start] GC(81) Phase 1: Mark live objects
[20.510s][info][gc,phases      ] GC(81) Phase 1: Mark live objects 14.063ms
[20.511s][info][gc,phases,start] GC(81) Phase 2: Compute new object addresses
[20.537s][info][gc,phases      ] GC(81) Phase 2: Compute new object addresses 26.390ms
[20.537s][info][gc,phases,start] GC(81) Phase 3: Adjust pointers
[20.545s][info][gc,phases      ] GC(81) Phase 3: Adjust pointers 8.476ms
[20.545s][info][gc,phases,start] GC(81) Phase 4: Move objects
[20.546s][info][gc,phases      ] GC(81) Phase 4: Move objects 0.611ms
[20.549s][info][gc,heap        ] GC(81) ParNew: 106346K->0K(460096K)
[20.549s][info][gc,heap        ] GC(81) CMS: 26631K->26631K(3683136K)
[20.549s][info][gc,metaspace   ] GC(81) Metaspace: 21135K(21760K)->21135K(21760K) NonClass: 18594K(18944K)->18594K(18944K) Class: 2541K(2816K)->2541K(2816K)
[20.550s][info][gc             ] GC(81) Pause Full (System.gc()) 129M->26M(4046M) 53.662ms
[20.550s][info][gc,cpu         ] GC(81) User=0.03s Sys=0.00s Real=0.06s
[20.731s][info][gc,start       ] GC(82) Pause Full (System.gc())
[20.731s][info][gc,phases,start] GC(82) Phase 1: Mark live objects
[20.746s][info][gc,phases      ] GC(82) Phase 1: Mark live objects 14.550ms
[20.746s][info][gc,phases,start] GC(82) Phase 2: Compute new object addresses
[20.773s][info][gc,phases      ] GC(82) Phase 2: Compute new object addresses 26.488ms
[20.773s][info][gc,phases,start] GC(82) Phase 3: Adjust pointers
[20.781s][info][gc,phases      ] GC(82) Phase 3: Adjust pointers 8.738ms
[20.781s][info][gc,phases,start] GC(82) Phase 4: Move objects
[20.782s][info][gc,phases      ] GC(82) Phase 4: Move objects 0.706ms
[20.785s][info][gc,heap        ] GC(82) ParNew: 106346K->0K(460096K)
[20.785s][info][gc,heap        ] GC(82) CMS: 26631K->26631K(3683136K)
[20.785s][info][gc,metaspace   ] GC(82) Metaspace: 21136K(21760K)->21136K(21760K) NonClass: 18594K(18944K)->18594K(18944K) Class: 2541K(2816K)->2541K(2816K)
[20.786s][info][gc             ] GC(82) Pause Full (System.gc()) 129M->26M(4046M) 54.561ms
[20.786s][info][gc,cpu         ] GC(82) User=0.05s Sys=0.00s Real=0.06s
[20.967s][info][gc,start       ] GC(83) Pause Full (System.gc())
[20.967s][info][gc,phases,start] GC(83) Phase 1: Mark live objects
[20.981s][info][gc,phases      ] GC(83) Phase 1: Mark live objects 14.057ms
[20.981s][info][gc,phases,start] GC(83) Phase 2: Compute new object addresses
[21.007s][info][gc,phases      ] GC(83) Phase 2: Compute new object addresses 26.216ms
[21.007s][info][gc,phases,start] GC(83) Phase 3: Adjust pointers
[21.016s][info][gc,phases      ] GC(83) Phase 3: Adjust pointers 8.533ms
[21.016s][info][gc,phases,start] GC(83) Phase 4: Move objects
[21.016s][info][gc,phases      ] GC(83) Phase 4: Move objects 0.545ms
[21.020s][info][gc,heap        ] GC(83) ParNew: 106346K->0K(460096K)
[21.020s][info][gc,heap        ] GC(83) CMS: 26631K->26631K(3683136K)
[21.020s][info][gc,metaspace   ] GC(83) Metaspace: 21136K(21760K)->21136K(21760K) NonClass: 18595K(18944K)->18595K(18944K) Class: 2541K(2816K)->2541K(2816K)
[21.020s][info][gc             ] GC(83) Pause Full (System.gc()) 129M->26M(4046M) 53.690ms
[21.020s][info][gc,cpu         ] GC(83) User=0.05s Sys=0.00s Real=0.06s
[21.201s][info][gc,start       ] GC(84) Pause Full (System.gc())
[21.201s][info][gc,phases,start] GC(84) Phase 1: Mark live objects
[21.215s][info][gc,phases      ] GC(84) Phase 1: Mark live objects 13.747ms
[21.215s][info][gc,phases,start] GC(84) Phase 2: Compute new object addresses
[21.241s][info][gc,phases      ] GC(84) Phase 2: Compute new object addresses 25.997ms
[21.241s][info][gc,phases,start] GC(84) Phase 3: Adjust pointers
[21.249s][info][gc,phases      ] GC(84) Phase 3: Adjust pointers 8.379ms
[21.249s][info][gc,phases,start] GC(84) Phase 4: Move objects
[21.250s][info][gc,phases      ] GC(84) Phase 4: Move objects 0.540ms
[21.253s][info][gc,heap        ] GC(84) ParNew: 106346K->0K(460096K)
[21.253s][info][gc,heap        ] GC(84) CMS: 26631K->26631K(3683136K)
[21.253s][info][gc,metaspace   ] GC(84) Metaspace: 21136K(21760K)->21136K(21760K) NonClass: 18595K(18944K)->18595K(18944K) Class: 2541K(2816K)->2541K(2816K)
[21.254s][info][gc             ] GC(84) Pause Full (System.gc()) 129M->26M(4046M) 52.874ms
[21.254s][info][gc,cpu         ] GC(84) User=0.05s Sys=0.00s Real=0.06s
[21.435s][info][gc,start       ] GC(85) Pause Full (System.gc())
[21.435s][info][gc,phases,start] GC(85) Phase 1: Mark live objects
[21.449s][info][gc,phases      ] GC(85) Phase 1: Mark live objects 14.145ms
[21.449s][info][gc,phases,start] GC(85) Phase 2: Compute new object addresses
[21.476s][info][gc,phases      ] GC(85) Phase 2: Compute new object addresses 26.286ms
[21.476s][info][gc,phases,start] GC(85) Phase 3: Adjust pointers
[21.484s][info][gc,phases      ] GC(85) Phase 3: Adjust pointers 8.347ms
[21.484s][info][gc,phases,start] GC(85) Phase 4: Move objects
[21.485s][info][gc,phases      ] GC(85) Phase 4: Move objects 0.542ms
[21.488s][info][gc,heap        ] GC(85) ParNew: 106346K->0K(460096K)
[21.488s][info][gc,heap        ] GC(85) CMS: 26631K->26631K(3683136K)
[21.488s][info][gc,metaspace   ] GC(85) Metaspace: 21136K(21760K)->21136K(21760K) NonClass: 18595K(18944K)->18595K(18944K) Class: 2541K(2816K)->2541K(2816K)
[21.488s][info][gc             ] GC(85) Pause Full (System.gc()) 129M->26M(4046M) 53.422ms
[21.488s][info][gc,cpu         ] GC(85) User=0.05s Sys=0.00s Real=0.05s
[21.669s][info][gc,start       ] GC(86) Pause Full (System.gc())
[21.669s][info][gc,phases,start] GC(86) Phase 1: Mark live objects
[21.684s][info][gc,phases      ] GC(86) Phase 1: Mark live objects 14.199ms
[21.684s][info][gc,phases,start] GC(86) Phase 2: Compute new object addresses
[21.709s][info][gc,phases      ] GC(86) Phase 2: Compute new object addresses 25.894ms
[21.709s][info][gc,phases,start] GC(86) Phase 3: Adjust pointers
[21.718s][info][gc,phases      ] GC(86) Phase 3: Adjust pointers 8.407ms
[21.718s][info][gc,phases,start] GC(86) Phase 4: Move objects
[21.718s][info][gc,phases      ] GC(86) Phase 4: Move objects 0.538ms
[21.721s][info][gc,heap        ] GC(86) ParNew: 106346K->0K(460096K)
[21.721s][info][gc,heap        ] GC(86) CMS: 26631K->26631K(3683136K)
[21.721s][info][gc,metaspace   ] GC(86) Metaspace: 21142K(21760K)->21142K(21760K) NonClass: 18600K(18944K)->18600K(18944K) Class: 2541K(2816K)->2541K(2816K)
[21.722s][info][gc             ] GC(86) Pause Full (System.gc()) 129M->26M(4046M) 53.126ms
[21.722s][info][gc,cpu         ] GC(86) User=0.05s Sys=0.00s Real=0.05s
[21.904s][info][gc,start       ] GC(87) Pause Full (System.gc())
[21.904s][info][gc,phases,start] GC(87) Phase 1: Mark live objects
[21.918s][info][gc,phases      ] GC(87) Phase 1: Mark live objects 13.921ms
[21.918s][info][gc,phases,start] GC(87) Phase 2: Compute new object addresses
[21.944s][info][gc,phases      ] GC(87) Phase 2: Compute new object addresses 26.511ms
[21.944s][info][gc,phases,start] GC(87) Phase 3: Adjust pointers
[21.953s][info][gc,phases      ] GC(87) Phase 3: Adjust pointers 8.430ms
[21.953s][info][gc,phases,start] GC(87) Phase 4: Move objects
[21.953s][info][gc,phases      ] GC(87) Phase 4: Move objects 0.543ms
[21.956s][info][gc,heap        ] GC(87) ParNew: 106346K->0K(460096K)
[21.956s][info][gc,heap        ] GC(87) CMS: 26631K->26631K(3683136K)
[21.956s][info][gc,metaspace   ] GC(87) Metaspace: 21142K(21760K)->21142K(21760K) NonClass: 18600K(18944K)->18600K(18944K) Class: 2541K(2816K)->2541K(2816K)
[21.957s][info][gc             ] GC(87) Pause Full (System.gc()) 129M->26M(4046M) 53.622ms
[21.957s][info][gc,cpu         ] GC(87) User=0.05s Sys=0.00s Real=0.05s
[22.138s][info][gc,start       ] GC(88) Pause Full (System.gc())
[22.138s][info][gc,phases,start] GC(88) Phase 1: Mark live objects
[22.152s][info][gc,phases      ] GC(88) Phase 1: Mark live objects 14.463ms
[22.152s][info][gc,phases,start] GC(88) Phase 2: Compute new object addresses
[22.179s][info][gc,phases      ] GC(88) Phase 2: Compute new object addresses 26.439ms
[22.179s][info][gc,phases,start] GC(88) Phase 3: Adjust pointers
[22.187s][info][gc,phases      ] GC(88) Phase 3: Adjust pointers 8.389ms
[22.187s][info][gc,phases,start] GC(88) Phase 4: Move objects
[22.188s][info][gc,phases      ] GC(88) Phase 4: Move objects 0.550ms
[22.191s][info][gc,heap        ] GC(88) ParNew: 106346K->0K(460096K)
[22.191s][info][gc,heap        ] GC(88) CMS: 26631K->26631K(3683136K)
[22.191s][info][gc,metaspace   ] GC(88) Metaspace: 21142K(21760K)->21142K(21760K) NonClass: 18600K(18944K)->18600K(18944K) Class: 2541K(2816K)->2541K(2816K)
[22.192s][info][gc             ] GC(88) Pause Full (System.gc()) 129M->26M(4046M) 54.063ms
[22.192s][info][gc,cpu         ] GC(88) User=0.05s Sys=0.00s Real=0.05s
[22.373s][info][gc,start       ] GC(89) Pause Full (System.gc())
[22.373s][info][gc,phases,start] GC(89) Phase 1: Mark live objects
[22.386s][info][gc,phases      ] GC(89) Phase 1: Mark live objects 13.582ms
[22.387s][info][gc,phases,start] GC(89) Phase 2: Compute new object addresses
[22.412s][info][gc,phases      ] GC(89) Phase 2: Compute new object addresses 25.953ms
[22.413s][info][gc,phases,start] GC(89) Phase 3: Adjust pointers
[22.421s][info][gc,phases      ] GC(89) Phase 3: Adjust pointers 8.397ms
[22.421s][info][gc,phases,start] GC(89) Phase 4: Move objects
[22.422s][info][gc,phases      ] GC(89) Phase 4: Move objects 0.558ms
[22.424s][info][gc,heap        ] GC(89) ParNew: 114527K->0K(460096K)
[22.424s][info][gc,heap        ] GC(89) CMS: 26631K->26632K(3683136K)
[22.424s][info][gc,metaspace   ] GC(89) Metaspace: 21147K(21760K)->21147K(21760K) NonClass: 18605K(18944K)->18605K(18944K) Class: 2541K(2816K)->2541K(2816K)
[22.425s][info][gc             ] GC(89) Pause Full (System.gc()) 137M->26M(4046M) 52.541ms
[22.425s][info][gc,cpu         ] GC(89) User=0.05s Sys=0.00s Real=0.05s
[22.608s][info][gc,start       ] GC(90) Pause Full (System.gc())
[22.608s][info][gc,phases,start] GC(90) Phase 1: Mark live objects
[22.621s][info][gc,phases      ] GC(90) Phase 1: Mark live objects 13.474ms
[22.621s][info][gc,phases,start] GC(90) Phase 2: Compute new object addresses
[22.647s][info][gc,phases      ] GC(90) Phase 2: Compute new object addresses 26.009ms
[22.647s][info][gc,phases,start] GC(90) Phase 3: Adjust pointers
[22.656s][info][gc,phases      ] GC(90) Phase 3: Adjust pointers 8.413ms
[22.656s][info][gc,phases,start] GC(90) Phase 4: Move objects
[22.656s][info][gc,phases      ] GC(90) Phase 4: Move objects 0.542ms
[22.659s][info][gc,heap        ] GC(90) ParNew: 106346K->0K(460096K)
[22.659s][info][gc,heap        ] GC(90) CMS: 26632K->26632K(3683136K)
[22.659s][info][gc,metaspace   ] GC(90) Metaspace: 21147K(21760K)->21147K(21760K) NonClass: 18605K(18944K)->18605K(18944K) Class: 2541K(2816K)->2541K(2816K)
[22.660s][info][gc             ] GC(90) Pause Full (System.gc()) 129M->26M(4046M) 52.543ms
[22.660s][info][gc,cpu         ] GC(90) User=0.05s Sys=0.00s Real=0.05s
[22.843s][info][gc,start       ] GC(91) Pause Full (System.gc())
[22.843s][info][gc,phases,start] GC(91) Phase 1: Mark live objects
[22.857s][info][gc,phases      ] GC(91) Phase 1: Mark live objects 13.738ms
[22.857s][info][gc,phases,start] GC(91) Phase 2: Compute new object addresses
[22.883s][info][gc,phases      ] GC(91) Phase 2: Compute new object addresses 26.405ms
[22.883s][info][gc,phases,start] GC(91) Phase 3: Adjust pointers
[22.892s][info][gc,phases      ] GC(91) Phase 3: Adjust pointers 8.482ms
[22.892s][info][gc,phases,start] GC(91) Phase 4: Move objects
[22.893s][info][gc,phases      ] GC(91) Phase 4: Move objects 0.543ms
[22.896s][info][gc,heap        ] GC(91) ParNew: 106346K->0K(460096K)
[22.896s][info][gc,heap        ] GC(91) CMS: 26632K->26632K(3683136K)
[22.896s][info][gc,metaspace   ] GC(91) Metaspace: 21147K(21760K)->21147K(21760K) NonClass: 18605K(18944K)->18605K(18944K) Class: 2541K(2816K)->2541K(2816K)
[22.896s][info][gc             ] GC(91) Pause Full (System.gc()) 129M->26M(4046M) 53.299ms
[22.896s][info][gc,cpu         ] GC(91) User=0.05s Sys=0.00s Real=0.05s
[23.077s][info][gc,start       ] GC(92) Pause Full (System.gc())
[23.077s][info][gc,phases,start] GC(92) Phase 1: Mark live objects
[23.092s][info][gc,phases      ] GC(92) Phase 1: Mark live objects 14.498ms
[23.092s][info][gc,phases,start] GC(92) Phase 2: Compute new object addresses
[23.118s][info][gc,phases      ] GC(92) Phase 2: Compute new object addresses 25.966ms
[23.118s][info][gc,phases,start] GC(92) Phase 3: Adjust pointers
[23.126s][info][gc,phases      ] GC(92) Phase 3: Adjust pointers 8.363ms
[23.126s][info][gc,phases,start] GC(92) Phase 4: Move objects
[23.127s][info][gc,phases      ] GC(92) Phase 4: Move objects 0.543ms
[23.130s][info][gc,heap        ] GC(92) ParNew: 106346K->0K(460096K)
[23.130s][info][gc,heap        ] GC(92) CMS: 26632K->26632K(3683136K)
[23.130s][info][gc,metaspace   ] GC(92) Metaspace: 21147K(21760K)->21147K(21760K) NonClass: 18605K(18944K)->18605K(18944K) Class: 2541K(2816K)->2541K(2816K)
[23.130s][info][gc             ] GC(92) Pause Full (System.gc()) 129M->26M(4046M) 53.411ms
[23.131s][info][gc,cpu         ] GC(92) User=0.05s Sys=0.00s Real=0.06s
[23.311s][info][gc,start       ] GC(93) Pause Full (System.gc())
[23.312s][info][gc,phases,start] GC(93) Phase 1: Mark live objects
[23.326s][info][gc,phases      ] GC(93) Phase 1: Mark live objects 14.514ms
[23.326s][info][gc,phases,start] GC(93) Phase 2: Compute new object addresses
[23.353s][info][gc,phases      ] GC(93) Phase 2: Compute new object addresses 26.343ms
[23.353s][info][gc,phases,start] GC(93) Phase 3: Adjust pointers
[23.361s][info][gc,phases      ] GC(93) Phase 3: Adjust pointers 8.507ms
[23.361s][info][gc,phases,start] GC(93) Phase 4: Move objects
[23.362s][info][gc,phases      ] GC(93) Phase 4: Move objects 0.656ms
[23.366s][info][gc,heap        ] GC(93) ParNew: 106346K->0K(460096K)
[23.366s][info][gc,heap        ] GC(93) CMS: 26632K->26632K(3683136K)
[23.366s][info][gc,metaspace   ] GC(93) Metaspace: 21147K(21760K)->21147K(21760K) NonClass: 18605K(18944K)->18605K(18944K) Class: 2541K(2816K)->2541K(2816K)
[23.366s][info][gc             ] GC(93) Pause Full (System.gc()) 129M->26M(4046M) 54.816ms
[23.366s][info][gc,cpu         ] GC(93) User=0.05s Sys=0.00s Real=0.06s
[23.547s][info][gc,start       ] GC(94) Pause Full (System.gc())
[23.547s][info][gc,phases,start] GC(94) Phase 1: Mark live objects
[23.561s][info][gc,phases      ] GC(94) Phase 1: Mark live objects 14.312ms
[23.561s][info][gc,phases,start] GC(94) Phase 2: Compute new object addresses
[23.588s][info][gc,phases      ] GC(94) Phase 2: Compute new object addresses 26.196ms
[23.588s][info][gc,phases,start] GC(94) Phase 3: Adjust pointers
[23.596s][info][gc,phases      ] GC(94) Phase 3: Adjust pointers 8.495ms
[23.596s][info][gc,phases,start] GC(94) Phase 4: Move objects
[23.597s][info][gc,phases      ] GC(94) Phase 4: Move objects 0.643ms
[23.600s][info][gc,heap        ] GC(94) ParNew: 106346K->0K(460096K)
[23.600s][info][gc,heap        ] GC(94) CMS: 26632K->26632K(3683136K)
[23.600s][info][gc,metaspace   ] GC(94) Metaspace: 21147K(21760K)->21147K(21760K) NonClass: 18605K(18944K)->18605K(18944K) Class: 2541K(2816K)->2541K(2816K)
[23.601s][info][gc             ] GC(94) Pause Full (System.gc()) 129M->26M(4046M) 53.741ms
[23.601s][info][gc,cpu         ] GC(94) User=0.05s Sys=0.00s Real=0.06s
[23.783s][info][gc,start       ] GC(95) Pause Full (System.gc())
[23.783s][info][gc,phases,start] GC(95) Phase 1: Mark live objects
[23.797s][info][gc,phases      ] GC(95) Phase 1: Mark live objects 13.417ms
[23.797s][info][gc,phases,start] GC(95) Phase 2: Compute new object addresses
[23.823s][info][gc,phases      ] GC(95) Phase 2: Compute new object addresses 26.551ms
[23.823s][info][gc,phases,start] GC(95) Phase 3: Adjust pointers
[23.832s][info][gc,phases      ] GC(95) Phase 3: Adjust pointers 8.718ms
[23.832s][info][gc,phases,start] GC(95) Phase 4: Move objects
[23.833s][info][gc,phases      ] GC(95) Phase 4: Move objects 0.561ms
[23.835s][info][gc,heap        ] GC(95) ParNew: 106346K->0K(460096K)
[23.835s][info][gc,heap        ] GC(95) CMS: 26632K->26632K(3683136K)
[23.835s][info][gc,metaspace   ] GC(95) Metaspace: 21147K(21760K)->21147K(21760K) NonClass: 18605K(18944K)->18605K(18944K) Class: 2541K(2816K)->2541K(2816K)
[23.836s][info][gc             ] GC(95) Pause Full (System.gc()) 129M->26M(4046M) 53.338ms
[23.836s][info][gc,cpu         ] GC(95) User=0.05s Sys=0.00s Real=0.06s
[24.017s][info][gc,start       ] GC(96) Pause Full (System.gc())
[24.017s][info][gc,phases,start] GC(96) Phase 1: Mark live objects
[24.031s][info][gc,phases      ] GC(96) Phase 1: Mark live objects 14.165ms
[24.031s][info][gc,phases,start] GC(96) Phase 2: Compute new object addresses
[24.057s][info][gc,phases      ] GC(96) Phase 2: Compute new object addresses 25.944ms
[24.057s][info][gc,phases,start] GC(96) Phase 3: Adjust pointers
[24.066s][info][gc,phases      ] GC(96) Phase 3: Adjust pointers 8.344ms
[24.066s][info][gc,phases,start] GC(96) Phase 4: Move objects
[24.066s][info][gc,phases      ] GC(96) Phase 4: Move objects 0.542ms
[24.069s][info][gc,heap        ] GC(96) ParNew: 106346K->0K(460096K)
[24.069s][info][gc,heap        ] GC(96) CMS: 26632K->26632K(3683136K)
[24.069s][info][gc,metaspace   ] GC(96) Metaspace: 21151K(21760K)->21151K(21760K) NonClass: 18609K(18944K)->18609K(18944K) Class: 2541K(2816K)->2541K(2816K)
[24.070s][info][gc             ] GC(96) Pause Full (System.gc()) 129M->26M(4046M) 53.205ms
[24.070s][info][gc,cpu         ] GC(96) User=0.06s Sys=0.00s Real=0.06s
[24.249s][info][gc,start       ] GC(97) Pause Full (System.gc())
[24.250s][info][gc,phases,start] GC(97) Phase 1: Mark live objects
[24.264s][info][gc,phases      ] GC(97) Phase 1: Mark live objects 14.061ms
[24.264s][info][gc,phases,start] GC(97) Phase 2: Compute new object addresses
[24.290s][info][gc,phases      ] GC(97) Phase 2: Compute new object addresses 26.408ms
[24.290s][info][gc,phases,start] GC(97) Phase 3: Adjust pointers
[24.299s][info][gc,phases      ] GC(97) Phase 3: Adjust pointers 8.369ms
[24.299s][info][gc,phases,start] GC(97) Phase 4: Move objects
[24.299s][info][gc,phases      ] GC(97) Phase 4: Move objects 0.541ms
[24.302s][info][gc,heap        ] GC(97) ParNew: 106346K->0K(460096K)
[24.302s][info][gc,heap        ] GC(97) CMS: 26632K->26632K(3683136K)
[24.302s][info][gc,metaspace   ] GC(97) Metaspace: 21151K(21760K)->21151K(21760K) NonClass: 18609K(18944K)->18609K(18944K) Class: 2541K(2816K)->2541K(2816K)
[24.303s][info][gc             ] GC(97) Pause Full (System.gc()) 129M->26M(4046M) 53.476ms
[24.303s][info][gc,cpu         ] GC(97) User=0.05s Sys=0.00s Real=0.05s
[24.485s][info][gc,start       ] GC(98) Pause Full (System.gc())
[24.485s][info][gc,phases,start] GC(98) Phase 1: Mark live objects
[24.499s][info][gc,phases      ] GC(98) Phase 1: Mark live objects 13.934ms
[24.499s][info][gc,phases,start] GC(98) Phase 2: Compute new object addresses
[24.525s][info][gc,phases      ] GC(98) Phase 2: Compute new object addresses 25.947ms
[24.525s][info][gc,phases,start] GC(98) Phase 3: Adjust pointers
[24.533s][info][gc,phases      ] GC(98) Phase 3: Adjust pointers 8.357ms
[24.533s][info][gc,phases,start] GC(98) Phase 4: Move objects
[24.534s][info][gc,phases      ] GC(98) Phase 4: Move objects 0.539ms
[24.537s][info][gc,heap        ] GC(98) ParNew: 106346K->0K(460096K)
[24.537s][info][gc,heap        ] GC(98) CMS: 26632K->26632K(3683136K)
[24.537s][info][gc,metaspace   ] GC(98) Metaspace: 21151K(21760K)->21151K(21760K) NonClass: 18609K(18944K)->18609K(18944K) Class: 2541K(2816K)->2541K(2816K)
[24.537s][info][gc             ] GC(98) Pause Full (System.gc()) 129M->26M(4046M) 52.888ms
[24.538s][info][gc,cpu         ] GC(98) User=0.05s Sys=0.00s Real=0.05s
[24.720s][info][gc,start       ] GC(99) Pause Full (System.gc())
[24.720s][info][gc,phases,start] GC(99) Phase 1: Mark live objects
[24.734s][info][gc,phases      ] GC(99) Phase 1: Mark live objects 13.869ms
[24.734s][info][gc,phases,start] GC(99) Phase 2: Compute new object addresses
[24.761s][info][gc,phases      ] GC(99) Phase 2: Compute new object addresses 27.069ms
[24.761s][info][gc,phases,start] GC(99) Phase 3: Adjust pointers
[24.770s][info][gc,phases      ] GC(99) Phase 3: Adjust pointers 8.431ms
[24.770s][info][gc,phases,start] GC(99) Phase 4: Move objects
[24.770s][info][gc,phases      ] GC(99) Phase 4: Move objects 0.540ms
[24.774s][info][gc,heap        ] GC(99) ParNew: 106346K->0K(460096K)
[24.774s][info][gc,heap        ] GC(99) CMS: 26632K->26632K(3683136K)
[24.774s][info][gc,metaspace   ] GC(99) Metaspace: 21151K(21760K)->21151K(21760K) NonClass: 18609K(18944K)->18609K(18944K) Class: 2541K(2816K)->2541K(2816K)
[24.775s][info][gc             ] GC(99) Pause Full (System.gc()) 129M->26M(4046M) 54.611ms
[24.775s][info][gc,cpu         ] GC(99) User=0.03s Sys=0.00s Real=0.05s
[24.963s][info][gc,heap,exit   ] Heap
[24.963s][info][gc,heap,exit   ]  par new generation   total 460096K, used 139069K [0x0000000700000000, 0x000000071f330000, 0x000000071f330000)
[24.963s][info][gc,heap,exit   ]   eden space 409024K,  34% used [0x0000000700000000, 0x00000007087cf400, 0x0000000718f70000)
[24.963s][info][gc,heap,exit   ]   from space 51072K,   0% used [0x0000000718f70000, 0x0000000718f70000, 0x000000071c150000)
[24.963s][info][gc,heap,exit   ]   to   space 51072K,   0% used [0x000000071c150000, 0x000000071c150000, 0x000000071f330000)
[24.963s][info][gc,heap,exit   ]  concurrent mark-sweep generation total 3683136K, used 26632K [0x000000071f330000, 0x0000000800000000, 0x0000000800000000)
[24.963s][info][gc,heap,exit   ]  Metaspace       used 21223K, capacity 21685K, committed 21760K, reserved 1069056K
[24.963s][info][gc,heap,exit   ]   class space    used 2552K, capacity 2778K, committed 2816K, reserved 1048576K
