[0.007s][info][gc,init] CardTable entry size: 512
[0.007s][info][gc     ] Using Serial
[0.035s][info][gc,init] Version: 21.0.4+7-adhoc.Administrator.jdk21u (release)
[0.035s][info][gc,init] CPUs: 6 total, 6 available
[0.035s][info][gc,init] Memory: 15591M
[0.035s][info][gc,init] Large Page Support: Disabled
[0.035s][info][gc,init] NUMA Support: Disabled
[0.035s][info][gc,init] Compressed Oops: Enabled (Zero based)
[0.035s][info][gc,init] Heap Min Capacity: 8G
[0.035s][info][gc,init] Heap Initial Capacity: 8G
[0.035s][info][gc,init] Heap Max Capacity: 8G
[0.035s][info][gc,init] Pre-touch: Disabled
[0.044s][info][gc,metaspace] CDS archive(s) mapped at: [0x000001c53e000000-0x000001c53ec90000-0x000001c53ec90000), size 13172736, SharedBaseAddress: 0x000001c53e000000, ArchiveRelocationMode: 1.
[0.045s][info][gc,metaspace] Compressed class space mapped at: 0x000001c53f000000-0x000001c57f000000, reserved size: 1073741824
[0.045s][info][gc,metaspace] Narrow klass base: 0x000001c53e000000, Narrow klass shift: 0, Narrow klass range: 0x100000000
[0.896s][info][gc,start    ] GC(0) Pause Full (System.gc())
[0.896s][info][gc,phases,start] GC(0) Phase 1: Mark live objects
[0.901s][info][gc,phases      ] GC(0) Phase 1: Mark live objects 5.475ms
[0.901s][info][gc,phases,start] GC(0) Phase 2: Compute new object addresses
[0.904s][info][gc,phases      ] GC(0) Phase 2: Compute new object addresses 2.291ms
[0.904s][info][gc,phases,start] GC(0) Phase 3: Adjust pointers
[0.906s][info][gc,phases      ] GC(0) Phase 3: Adjust pointers 2.771ms
[0.907s][info][gc,phases,start] GC(0) Phase 4: Move objects
[0.909s][info][gc,phases      ] GC(0) Phase 4: Move objects 2.143ms
[0.909s][info][gc,heap        ] GC(0) DefNew: 223693K(2516544K)->0K(2516544K) Eden: 223693K(2236928K)->0K(2236928K) From: 0K(279616K)->0K(279616K)
[0.909s][info][gc,heap        ] GC(0) Tenured: 0K(5592448K)->3707K(5592448K)
[0.909s][info][gc,metaspace   ] GC(0) Metaspace: 8555K(8768K)->8555K(8768K) NonClass: 7439K(7552K)->7439K(7552K) Class: 1115K(1216K)->1115K(1216K)
[0.909s][info][gc             ] GC(0) Pause Full (System.gc()) 218M->3M(7918M) 13.715ms
[0.909s][info][gc,cpu         ] GC(0) User=0.00s Sys=0.00s Real=0.02s
[3.829s][info][gc,start       ] GC(1) Pause Full (System.gc())
[3.829s][info][gc,phases,start] GC(1) Phase 1: Mark live objects
[3.846s][info][gc,phases      ] GC(1) Phase 1: Mark live objects 17.431ms
[3.846s][info][gc,phases,start] GC(1) Phase 2: Compute new object addresses
[4.076s][info][gc,phases      ] GC(1) Phase 2: Compute new object addresses 229.385ms
[4.076s][info][gc,phases,start] GC(1) Phase 3: Adjust pointers
[4.080s][info][gc,phases      ] GC(1) Phase 3: Adjust pointers 4.339ms
[4.080s][info][gc,phases,start] GC(1) Phase 4: Move objects
[4.081s][info][gc,phases      ] GC(1) Phase 4: Move objects 0.822ms
[4.082s][info][gc,heap        ] GC(1) DefNew: 2177286K(2516544K)->0K(2516544K) Eden: 2177286K(2236928K)->0K(2236928K) From: 0K(279616K)->0K(279616K)
[4.082s][info][gc,heap        ] GC(1) Tenured: 3707K(5592448K)->5556K(5592448K)
[4.082s][info][gc,metaspace   ] GC(1) Metaspace: 14231K(14528K)->14188K(14528K) NonClass: 12337K(12544K)->12306K(12544K) Class: 1893K(1984K)->1881K(1984K)
[4.082s][info][gc             ] GC(1) Pause Full (System.gc()) 2129M->5M(7918M) 252.903ms
[4.082s][info][gc,cpu         ] GC(1) User=0.25s Sys=0.00s Real=0.25s
[6.035s][info][gc,start       ] GC(2) Pause Full (System.gc())
[6.035s][info][gc,phases,start] GC(2) Phase 1: Mark live objects
[6.059s][info][gc,phases      ] GC(2) Phase 1: Mark live objects 24.230ms
[6.059s][info][gc,phases,start] GC(2) Phase 2: Compute new object addresses
[6.292s][info][gc,phases      ] GC(2) Phase 2: Compute new object addresses 233.066ms
[6.293s][info][gc,phases,start] GC(2) Phase 3: Adjust pointers
[6.297s][info][gc,phases      ] GC(2) Phase 3: Adjust pointers 4.085ms
[6.297s][info][gc,phases,start] GC(2) Phase 4: Move objects
[6.297s][info][gc,phases      ] GC(2) Phase 4: Move objects 0.022ms
[6.297s][info][gc,heap        ] GC(2) DefNew: 2125321K(2516544K)->0K(2516544K) Eden: 2125321K(2236928K)->0K(2236928K) From: 0K(279616K)->0K(279616K)
[6.297s][info][gc,heap        ] GC(2) Tenured: 5556K(5592448K)->5564K(5592448K)
[6.297s][info][gc,metaspace   ] GC(2) Metaspace: 14191K(14528K)->14191K(14528K) NonClass: 12309K(12544K)->12309K(12544K) Class: 1881K(1984K)->1881K(1984K)
[6.297s][info][gc             ] GC(2) Pause Full (System.gc()) 2080M->5M(7918M) 261.864ms
[6.297s][info][gc,cpu         ] GC(2) User=0.25s Sys=0.00s Real=0.25s
[8.414s][info][gc,start       ] GC(3) Pause Full (System.gc())
[8.414s][info][gc,phases,start] GC(3) Phase 1: Mark live objects
[8.425s][info][gc,phases      ] GC(3) Phase 1: Mark live objects 11.321ms
[8.425s][info][gc,phases,start] GC(3) Phase 2: Compute new object addresses
[8.663s][info][gc,phases      ] GC(3) Phase 2: Compute new object addresses 237.497ms
[8.663s][info][gc,phases,start] GC(3) Phase 3: Adjust pointers
[8.666s][info][gc,phases      ] GC(3) Phase 3: Adjust pointers 3.687ms
[8.666s][info][gc,phases,start] GC(3) Phase 4: Move objects
[8.667s][info][gc,phases      ] GC(3) Phase 4: Move objects 0.969ms
[8.668s][info][gc,heap        ] GC(3) DefNew: 2147316K(2516544K)->0K(2516544K) Eden: 2147316K(2236928K)->0K(2236928K) From: 0K(279616K)->0K(279616K)
[8.668s][info][gc,heap        ] GC(3) Tenured: 5564K(5592448K)->5517K(5592448K)
[8.668s][info][gc,metaspace   ] GC(3) Metaspace: 14191K(14528K)->14191K(14528K) NonClass: 12309K(12544K)->12309K(12544K) Class: 1881K(1984K)->1881K(1984K)
[8.668s][info][gc             ] GC(3) Pause Full (System.gc()) 2102M->5M(7918M) 253.821ms
[8.668s][info][gc,cpu         ] GC(3) User=0.25s Sys=0.00s Real=0.26s
[10.627s][info][gc,start       ] GC(4) Pause Full (System.gc())
[10.628s][info][gc,phases,start] GC(4) Phase 1: Mark live objects
[10.669s][info][gc,phases      ] GC(4) Phase 1: Mark live objects 41.108ms
[10.669s][info][gc,phases,start] GC(4) Phase 2: Compute new object addresses
[10.909s][info][gc,phases      ] GC(4) Phase 2: Compute new object addresses 239.809ms
[10.909s][info][gc,phases,start] GC(4) Phase 3: Adjust pointers
[10.913s][info][gc,phases      ] GC(4) Phase 3: Adjust pointers 4.759ms
[10.913s][info][gc,phases,start] GC(4) Phase 4: Move objects
[10.913s][info][gc,phases      ] GC(4) Phase 4: Move objects 0.009ms
[10.913s][info][gc,heap        ] GC(4) DefNew: 2179426K(2516544K)->0K(2516544K) Eden: 2179426K(2236928K)->0K(2236928K) From: 0K(279616K)->0K(279616K)
[10.913s][info][gc,heap        ] GC(4) Tenured: 5517K(5592448K)->5518K(5592448K)
[10.913s][info][gc,metaspace   ] GC(4) Metaspace: 14191K(14528K)->14191K(14528K) NonClass: 12310K(12544K)->12310K(12544K) Class: 1881K(1984K)->1881K(1984K)
[10.913s][info][gc             ] GC(4) Pause Full (System.gc()) 2133M->5M(7918M) 286.035ms
[10.913s][info][gc,cpu         ] GC(4) User=0.25s Sys=0.00s Real=0.28s
[12.939s][info][gc,start       ] GC(5) Pause Full (System.gc())
[12.939s][info][gc,phases,start] GC(5) Phase 1: Mark live objects
[12.953s][info][gc,phases      ] GC(5) Phase 1: Mark live objects 14.428ms
[12.953s][info][gc,phases,start] GC(5) Phase 2: Compute new object addresses
[13.224s][info][gc,phases      ] GC(5) Phase 2: Compute new object addresses 271.023ms
[13.224s][info][gc,phases,start] GC(5) Phase 3: Adjust pointers
[13.228s][info][gc,phases      ] GC(5) Phase 3: Adjust pointers 3.672ms
[13.228s][info][gc,phases,start] GC(5) Phase 4: Move objects
[13.228s][info][gc,phases      ] GC(5) Phase 4: Move objects 0.011ms
[13.228s][info][gc,heap        ] GC(5) DefNew: 2176065K(2516544K)->0K(2516544K) Eden: 2176065K(2236928K)->0K(2236928K) From: 0K(279616K)->0K(279616K)
[13.228s][info][gc,heap        ] GC(5) Tenured: 5518K(5592448K)->5531K(5592448K)
[13.228s][info][gc,metaspace   ] GC(5) Metaspace: 14192K(14528K)->14192K(14528K) NonClass: 12310K(12544K)->12310K(12544K) Class: 1881K(1984K)->1881K(1984K)
[13.228s][info][gc             ] GC(5) Pause Full (System.gc()) 2130M->5M(7918M) 289.451ms
[13.228s][info][gc,cpu         ] GC(5) User=0.27s Sys=0.00s Real=0.28s
[15.192s][info][gc,start       ] GC(6) Pause Full (System.gc())
[15.192s][info][gc,phases,start] GC(6) Phase 1: Mark live objects
[15.225s][info][gc,phases      ] GC(6) Phase 1: Mark live objects 33.050ms
[15.225s][info][gc,phases,start] GC(6) Phase 2: Compute new object addresses
[15.473s][info][gc,phases      ] GC(6) Phase 2: Compute new object addresses 247.983ms
[15.473s][info][gc,phases,start] GC(6) Phase 3: Adjust pointers
[15.477s][info][gc,phases      ] GC(6) Phase 3: Adjust pointers 4.396ms
[15.477s][info][gc,phases,start] GC(6) Phase 4: Move objects
[15.477s][info][gc,phases      ] GC(6) Phase 4: Move objects 0.010ms
[15.478s][info][gc,heap        ] GC(6) DefNew: 2236928K(2516544K)->0K(2516544K) Eden: 2236928K(2236928K)->0K(2236928K) From: 0K(279616K)->0K(279616K)
[15.478s][info][gc,heap        ] GC(6) Tenured: 5531K(5592448K)->5532K(5592448K)
[15.478s][info][gc,metaspace   ] GC(6) Metaspace: 14197K(14528K)->14197K(14528K) NonClass: 12315K(12544K)->12315K(12544K) Class: 1881K(1984K)->1881K(1984K)
[15.478s][info][gc             ] GC(6) Pause Full (System.gc()) 2189M->5M(7918M) 285.803ms
[15.478s][info][gc,cpu         ] GC(6) User=0.28s Sys=0.00s Real=0.28s
[17.430s][info][gc,start       ] GC(7) Pause Young (Allocation Failure)
[17.466s][info][gc,heap        ] GC(7) DefNew: 2236928K(2516544K)->151K(2516544K) Eden: 2236928K(2236928K)->0K(2236928K) From: 0K(279616K)->151K(279616K)
[17.466s][info][gc,heap        ] GC(7) Tenured: 5532K(5592448K)->5532K(5592448K)
[17.466s][info][gc,metaspace   ] GC(7) Metaspace: 14198K(14528K)->14198K(14528K) NonClass: 12316K(12544K)->12316K(12544K) Class: 1881K(1984K)->1881K(1984K)
[17.466s][info][gc             ] GC(7) Pause Young (Allocation Failure) 2189M->5M(7918M) 35.608ms
[17.466s][info][gc,cpu         ] GC(7) User=0.00s Sys=0.00s Real=0.04s
[17.501s][info][gc,start       ] GC(8) Pause Full (System.gc())
[17.501s][info][gc,phases,start] GC(8) Phase 1: Mark live objects
[17.509s][info][gc,phases      ] GC(8) Phase 1: Mark live objects 8.230ms
[17.509s][info][gc,phases,start] GC(8) Phase 2: Compute new object addresses
[17.514s][info][gc,phases      ] GC(8) Phase 2: Compute new object addresses 4.387ms
[17.514s][info][gc,phases,start] GC(8) Phase 3: Adjust pointers
[17.519s][info][gc,phases      ] GC(8) Phase 3: Adjust pointers 5.507ms
[17.519s][info][gc,phases,start] GC(8) Phase 4: Move objects
[17.519s][info][gc,phases      ] GC(8) Phase 4: Move objects 0.017ms
[17.519s][info][gc,heap        ] GC(8) DefNew: 75684K(2516544K)->0K(2516544K) Eden: 75532K(2236928K)->0K(2236928K) From: 151K(279616K)->0K(279616K)
[17.519s][info][gc,heap        ] GC(8) Tenured: 5532K(5592448K)->5547K(5592448K)
[17.519s][info][gc,metaspace   ] GC(8) Metaspace: 14198K(14528K)->14198K(14528K) NonClass: 12316K(12544K)->12316K(12544K) Class: 1881K(1984K)->1881K(1984K)
[17.519s][info][gc             ] GC(8) Pause Full (System.gc()) 79M->5M(7918M) 18.445ms
[17.519s][info][gc,cpu         ] GC(8) User=0.02s Sys=0.00s Real=0.02s
[19.567s][info][gc,start       ] GC(9) Pause Young (Allocation Failure)
[19.608s][info][gc,heap        ] GC(9) DefNew: 2236928K(2516544K)->198K(2516544K) Eden: 2236928K(2236928K)->0K(2236928K) From: 0K(279616K)->198K(279616K)
[19.608s][info][gc,heap        ] GC(9) Tenured: 5547K(5592448K)->5547K(5592448K)
[19.608s][info][gc,metaspace   ] GC(9) Metaspace: 14198K(14528K)->14198K(14528K) NonClass: 12316K(12544K)->12316K(12544K) Class: 1881K(1984K)->1881K(1984K)
[19.608s][info][gc             ] GC(9) Pause Young (Allocation Failure) 2189M->5M(7918M) 41.385ms
[19.608s][info][gc,cpu         ] GC(9) User=0.00s Sys=0.00s Real=0.03s
[19.675s][info][gc,start       ] GC(10) Pause Full (System.gc())
[19.675s][info][gc,phases,start] GC(10) Phase 1: Mark live objects
[19.684s][info][gc,phases      ] GC(10) Phase 1: Mark live objects 8.520ms
[19.684s][info][gc,phases,start] GC(10) Phase 2: Compute new object addresses
[19.689s][info][gc,phases      ] GC(10) Phase 2: Compute new object addresses 4.920ms
[19.689s][info][gc,phases,start] GC(10) Phase 3: Adjust pointers
[19.694s][info][gc,phases      ] GC(10) Phase 3: Adjust pointers 5.156ms
[19.694s][info][gc,phases,start] GC(10) Phase 4: Move objects
[19.694s][info][gc,phases      ] GC(10) Phase 4: Move objects 0.014ms
[19.694s][info][gc,heap        ] GC(10) DefNew: 71328K(2516544K)->0K(2516544K) Eden: 71129K(2236928K)->0K(2236928K) From: 198K(279616K)->0K(279616K)
[19.694s][info][gc,heap        ] GC(10) Tenured: 5547K(5592448K)->5547K(5592448K)
[19.694s][info][gc,metaspace   ] GC(10) Metaspace: 14198K(14528K)->14198K(14528K) NonClass: 12316K(12544K)->12316K(12544K) Class: 1881K(1984K)->1881K(1984K)
[19.694s][info][gc             ] GC(10) Pause Full (System.gc()) 75M->5M(7918M) 18.889ms
[19.694s][info][gc,cpu         ] GC(10) User=0.02s Sys=0.00s Real=0.02s
[21.672s][info][gc,start       ] GC(11) Pause Full (System.gc())
[21.672s][info][gc,phases,start] GC(11) Phase 1: Mark live objects
[21.722s][info][gc,phases      ] GC(11) Phase 1: Mark live objects 49.938ms
[21.722s][info][gc,phases,start] GC(11) Phase 2: Compute new object addresses
[21.967s][info][gc,phases      ] GC(11) Phase 2: Compute new object addresses 244.869ms
[21.967s][info][gc,phases,start] GC(11) Phase 3: Adjust pointers
[21.972s][info][gc,phases      ] GC(11) Phase 3: Adjust pointers 5.096ms
[21.972s][info][gc,phases,start] GC(11) Phase 4: Move objects
[21.972s][info][gc,phases      ] GC(11) Phase 4: Move objects 0.010ms
[21.972s][info][gc,heap        ] GC(11) DefNew: 2236928K(2516544K)->0K(2516544K) Eden: 2236928K(2236928K)->0K(2236928K) From: 0K(279616K)->0K(279616K)
[21.972s][info][gc,heap        ] GC(11) Tenured: 5547K(5592448K)->5547K(5592448K)
[21.972s][info][gc,metaspace   ] GC(11) Metaspace: 14198K(14528K)->14198K(14528K) NonClass: 12316K(12544K)->12316K(12544K) Class: 1881K(1984K)->1881K(1984K)
[21.972s][info][gc             ] GC(11) Pause Full (System.gc()) 2189M->5M(7918M) 300.239ms
[21.972s][info][gc,cpu         ] GC(11) User=0.30s Sys=0.00s Real=0.30s
[23.911s][info][gc,start       ] GC(12) Pause Young (Allocation Failure)
[23.956s][info][gc,heap        ] GC(12) DefNew: 2236928K(2516544K)->107K(2516544K) Eden: 2236928K(2236928K)->0K(2236928K) From: 0K(279616K)->107K(279616K)
[23.956s][info][gc,heap        ] GC(12) Tenured: 5547K(5592448K)->5547K(5592448K)
[23.956s][info][gc,metaspace   ] GC(12) Metaspace: 14198K(14528K)->14198K(14528K) NonClass: 12316K(12544K)->12316K(12544K) Class: 1881K(1984K)->1881K(1984K)
[23.956s][info][gc             ] GC(12) Pause Young (Allocation Failure) 2189M->5M(7918M) 44.976ms
[23.956s][info][gc,cpu         ] GC(12) User=0.03s Sys=0.00s Real=0.04s
[23.975s][info][gc,start       ] GC(13) Pause Full (System.gc())
[23.975s][info][gc,phases,start] GC(13) Phase 1: Mark live objects
[23.983s][info][gc,phases      ] GC(13) Phase 1: Mark live objects 8.167ms
[23.983s][info][gc,phases,start] GC(13) Phase 2: Compute new object addresses
[23.985s][info][gc,phases      ] GC(13) Phase 2: Compute new object addresses 1.445ms
[23.985s][info][gc,phases,start] GC(13) Phase 3: Adjust pointers
[23.990s][info][gc,phases      ] GC(13) Phase 3: Adjust pointers 5.258ms
[23.990s][info][gc,phases,start] GC(13) Phase 4: Move objects
[23.990s][info][gc,phases      ] GC(13) Phase 4: Move objects 0.010ms
[23.990s][info][gc,heap        ] GC(13) DefNew: 26526K(2516544K)->0K(2516544K) Eden: 26419K(2236928K)->0K(2236928K) From: 107K(279616K)->0K(279616K)
[23.990s][info][gc,heap        ] GC(13) Tenured: 5547K(5592448K)->5547K(5592448K)
[23.990s][info][gc,metaspace   ] GC(13) Metaspace: 14198K(14528K)->14198K(14528K) NonClass: 12316K(12544K)->12316K(12544K) Class: 1881K(1984K)->1881K(1984K)
[23.990s][info][gc             ] GC(13) Pause Full (System.gc()) 31M->5M(7918M) 15.207ms
[23.990s][info][gc,cpu         ] GC(13) User=0.00s Sys=0.00s Real=0.02s
[25.934s][info][gc,start       ] GC(14) Pause Full (System.gc())
[25.934s][info][gc,phases,start] GC(14) Phase 1: Mark live objects
[25.986s][info][gc,phases      ] GC(14) Phase 1: Mark live objects 52.190ms
[25.986s][info][gc,phases,start] GC(14) Phase 2: Compute new object addresses
[26.231s][info][gc,phases      ] GC(14) Phase 2: Compute new object addresses 244.533ms
[26.231s][info][gc,phases,start] GC(14) Phase 3: Adjust pointers
[26.236s][info][gc,phases      ] GC(14) Phase 3: Adjust pointers 5.234ms
[26.236s][info][gc,phases,start] GC(14) Phase 4: Move objects
[26.236s][info][gc,phases      ] GC(14) Phase 4: Move objects 0.017ms
[26.236s][info][gc,heap        ] GC(14) DefNew: 2236928K(2516544K)->0K(2516544K) Eden: 2236928K(2236928K)->0K(2236928K) From: 0K(279616K)->0K(279616K)
[26.236s][info][gc,heap        ] GC(14) Tenured: 5547K(5592448K)->5547K(5592448K)
[26.236s][info][gc,metaspace   ] GC(14) Metaspace: 14201K(14528K)->14201K(14528K) NonClass: 12319K(12544K)->12319K(12544K) Class: 1881K(1984K)->1881K(1984K)
[26.236s][info][gc             ] GC(14) Pause Full (System.gc()) 2189M->5M(7918M) 302.268ms
[26.236s][info][gc,cpu         ] GC(14) User=0.28s Sys=0.00s Real=0.30s
[28.189s][info][gc,start       ] GC(15) Pause Full (System.gc())
[28.189s][info][gc,phases,start] GC(15) Phase 1: Mark live objects
[28.240s][info][gc,phases      ] GC(15) Phase 1: Mark live objects 51.479ms
[28.240s][info][gc,phases,start] GC(15) Phase 2: Compute new object addresses
[28.486s][info][gc,phases      ] GC(15) Phase 2: Compute new object addresses 246.243ms
[28.486s][info][gc,phases,start] GC(15) Phase 3: Adjust pointers
[28.492s][info][gc,phases      ] GC(15) Phase 3: Adjust pointers 5.204ms
[28.492s][info][gc,phases,start] GC(15) Phase 4: Move objects
[28.492s][info][gc,phases      ] GC(15) Phase 4: Move objects 0.009ms
[28.492s][info][gc,heap        ] GC(15) DefNew: 2214870K(2516544K)->0K(2516544K) Eden: 2214870K(2236928K)->0K(2236928K) From: 0K(279616K)->0K(279616K)
[28.492s][info][gc,heap        ] GC(15) Tenured: 5547K(5592448K)->5547K(5592448K)
[28.492s][info][gc,metaspace   ] GC(15) Metaspace: 14203K(14528K)->14203K(14528K) NonClass: 12321K(12544K)->12321K(12544K) Class: 1881K(1984K)->1881K(1984K)
[28.492s][info][gc             ] GC(15) Pause Full (System.gc()) 2168M->5M(7918M) 303.240ms
[28.492s][info][gc,cpu         ] GC(15) User=0.30s Sys=0.00s Real=0.30s
[30.425s][info][gc,start       ] GC(16) Pause Young (Allocation Failure)
[30.468s][info][gc,heap        ] GC(16) DefNew: 2236928K(2516544K)->196K(2516544K) Eden: 2236928K(2236928K)->0K(2236928K) From: 0K(279616K)->196K(279616K)
[30.468s][info][gc,heap        ] GC(16) Tenured: 5547K(5592448K)->5547K(5592448K)
[30.468s][info][gc,metaspace   ] GC(16) Metaspace: 14204K(14528K)->14204K(14528K) NonClass: 12322K(12544K)->12322K(12544K) Class: 1881K(1984K)->1881K(1984K)
[30.468s][info][gc             ] GC(16) Pause Young (Allocation Failure) 2189M->5M(7918M) 43.063ms
[30.468s][info][gc,cpu         ] GC(16) User=0.00s Sys=0.00s Real=0.03s
[30.553s][info][gc,start       ] GC(17) Pause Full (System.gc())
[30.553s][info][gc,phases,start] GC(17) Phase 1: Mark live objects
[30.563s][info][gc,phases      ] GC(17) Phase 1: Mark live objects 9.863ms
[30.563s][info][gc,phases,start] GC(17) Phase 2: Compute new object addresses
[30.574s][info][gc,phases      ] GC(17) Phase 2: Compute new object addresses 10.444ms
[30.574s][info][gc,phases,start] GC(17) Phase 3: Adjust pointers
[30.579s][info][gc,phases      ] GC(17) Phase 3: Adjust pointers 5.233ms
[30.579s][info][gc,phases,start] GC(17) Phase 4: Move objects
[30.579s][info][gc,phases      ] GC(17) Phase 4: Move objects 0.009ms
[30.579s][info][gc,heap        ] GC(17) DefNew: 176148K(2516544K)->0K(2516544K) Eden: 175952K(2236928K)->0K(2236928K) From: 196K(279616K)->0K(279616K)
[30.579s][info][gc,heap        ] GC(17) Tenured: 5547K(5592448K)->5547K(5592448K)
[30.579s][info][gc,metaspace   ] GC(17) Metaspace: 14206K(14528K)->14206K(14528K) NonClass: 12324K(12544K)->12324K(12544K) Class: 1881K(1984K)->1881K(1984K)
[30.579s][info][gc             ] GC(17) Pause Full (System.gc()) 177M->5M(7918M) 25.805ms
[30.579s][info][gc,cpu         ] GC(17) User=0.00s Sys=0.00s Real=0.02s
[32.653s][info][gc,start       ] GC(18) Pause Young (Allocation Failure)
[32.692s][info][gc,heap        ] GC(18) DefNew: 2236928K(2516544K)->169K(2516544K) Eden: 2236928K(2236928K)->0K(2236928K) From: 0K(279616K)->169K(279616K)
[32.693s][info][gc,heap        ] GC(18) Tenured: 5547K(5592448K)->5547K(5592448K)
[32.693s][info][gc,metaspace   ] GC(18) Metaspace: 14208K(14528K)->14208K(14528K) NonClass: 12326K(12544K)->12326K(12544K) Class: 1881K(1984K)->1881K(1984K)
[32.693s][info][gc             ] GC(18) Pause Young (Allocation Failure) 2189M->5M(7918M) 39.662ms
[32.693s][info][gc,cpu         ] GC(18) User=0.00s Sys=0.00s Real=0.04s
[32.727s][info][gc,start       ] GC(19) Pause Full (System.gc())
[32.727s][info][gc,phases,start] GC(19) Phase 1: Mark live objects
[32.736s][info][gc,phases      ] GC(19) Phase 1: Mark live objects 8.811ms
[32.736s][info][gc,phases,start] GC(19) Phase 2: Compute new object addresses
[32.739s][info][gc,phases      ] GC(19) Phase 2: Compute new object addresses 3.446ms
[32.739s][info][gc,phases,start] GC(19) Phase 3: Adjust pointers
[32.744s][info][gc,phases      ] GC(19) Phase 3: Adjust pointers 5.114ms
[32.744s][info][gc,phases,start] GC(19) Phase 4: Move objects
[32.744s][info][gc,phases      ] GC(19) Phase 4: Move objects 0.009ms
[32.744s][info][gc,heap        ] GC(19) DefNew: 55506K(2516544K)->0K(2516544K) Eden: 55336K(2236928K)->0K(2236928K) From: 169K(279616K)->0K(279616K)
[32.744s][info][gc,heap        ] GC(19) Tenured: 5547K(5592448K)->5547K(5592448K)
[32.744s][info][gc,metaspace   ] GC(19) Metaspace: 14208K(14528K)->14208K(14528K) NonClass: 12326K(12544K)->12326K(12544K) Class: 1881K(1984K)->1881K(1984K)
[32.744s][info][gc             ] GC(19) Pause Full (System.gc()) 59M->5M(7918M) 17.705ms
[32.744s][info][gc,cpu         ] GC(19) User=0.00s Sys=0.00s Real=0.02s
[34.694s][info][gc,start       ] GC(20) Pause Full (System.gc())
[34.694s][info][gc,phases,start] GC(20) Phase 1: Mark live objects
[34.726s][info][gc,phases      ] GC(20) Phase 1: Mark live objects 31.725ms
[34.726s][info][gc,phases,start] GC(20) Phase 2: Compute new object addresses
[34.963s][info][gc,phases      ] GC(20) Phase 2: Compute new object addresses 236.988ms
[34.963s][info][gc,phases,start] GC(20) Phase 3: Adjust pointers
[34.968s][info][gc,phases      ] GC(20) Phase 3: Adjust pointers 4.378ms
[34.968s][info][gc,phases,start] GC(20) Phase 4: Move objects
[34.968s][info][gc,phases      ] GC(20) Phase 4: Move objects 0.015ms
[34.968s][info][gc,heap        ] GC(20) DefNew: 2125172K(2516544K)->0K(2516544K) Eden: 2125172K(2236928K)->0K(2236928K) From: 0K(279616K)->0K(279616K)
[34.968s][info][gc,heap        ] GC(20) Tenured: 5547K(5592448K)->5547K(5592448K)
[34.968s][info][gc,metaspace   ] GC(20) Metaspace: 14210K(14528K)->14210K(14528K) NonClass: 12328K(12544K)->12328K(12544K) Class: 1881K(1984K)->1881K(1984K)
[34.968s][info][gc             ] GC(20) Pause Full (System.gc()) 2080M->5M(7918M) 273.406ms
[34.968s][info][gc,cpu         ] GC(20) User=0.20s Sys=0.00s Real=0.27s
[36.930s][info][gc,start       ] GC(21) Pause Full (System.gc())
[36.930s][info][gc,phases,start] GC(21) Phase 1: Mark live objects
[36.953s][info][gc,phases      ] GC(21) Phase 1: Mark live objects 23.190ms
[36.953s][info][gc,phases,start] GC(21) Phase 2: Compute new object addresses
[37.197s][info][gc,phases      ] GC(21) Phase 2: Compute new object addresses 243.843ms
[37.197s][info][gc,phases,start] GC(21) Phase 3: Adjust pointers
[37.201s][info][gc,phases      ] GC(21) Phase 3: Adjust pointers 4.025ms
[37.201s][info][gc,phases,start] GC(21) Phase 4: Move objects
[37.201s][info][gc,phases      ] GC(21) Phase 4: Move objects 0.009ms
[37.201s][info][gc,heap        ] GC(21) DefNew: 2214620K(2516544K)->0K(2516544K) Eden: 2214620K(2236928K)->0K(2236928K) From: 0K(279616K)->0K(279616K)
[37.201s][info][gc,heap        ] GC(21) Tenured: 5547K(5592448K)->5547K(5592448K)
[37.201s][info][gc,metaspace   ] GC(21) Metaspace: 14211K(14528K)->14211K(14528K) NonClass: 12329K(12544K)->12329K(12544K) Class: 1881K(1984K)->1881K(1984K)
[37.201s][info][gc             ] GC(21) Pause Full (System.gc()) 2168M->5M(7918M) 271.408ms
[37.201s][info][gc,cpu         ] GC(21) User=0.20s Sys=0.00s Real=0.27s
[39.190s][info][gc,start       ] GC(22) Pause Young (Allocation Failure)
[39.200s][info][gc,heap        ] GC(22) DefNew: 2236928K(2516544K)->197K(2516544K) Eden: 2236928K(2236928K)->0K(2236928K) From: 0K(279616K)->197K(279616K)
[39.200s][info][gc,heap        ] GC(22) Tenured: 5547K(5592448K)->5547K(5592448K)
[39.200s][info][gc,metaspace   ] GC(22) Metaspace: 14213K(14528K)->14213K(14528K) NonClass: 12331K(12544K)->12331K(12544K) Class: 1881K(1984K)->1881K(1984K)
[39.200s][info][gc             ] GC(22) Pause Young (Allocation Failure) 2189M->5M(7918M) 9.991ms
[39.200s][info][gc,cpu         ] GC(22) User=0.00s Sys=0.00s Real=0.01s
[39.283s][info][gc,start       ] GC(23) Pause Full (System.gc())
[39.284s][info][gc,phases,start] GC(23) Phase 1: Mark live objects
[39.291s][info][gc,phases      ] GC(23) Phase 1: Mark live objects 7.688ms
[39.291s][info][gc,phases,start] GC(23) Phase 2: Compute new object addresses
[39.297s][info][gc,phases      ] GC(23) Phase 2: Compute new object addresses 6.098ms
[39.297s][info][gc,phases,start] GC(23) Phase 3: Adjust pointers
[39.302s][info][gc,phases      ] GC(23) Phase 3: Adjust pointers 4.183ms
[39.302s][info][gc,phases,start] GC(23) Phase 4: Move objects
[39.302s][info][gc,phases      ] GC(23) Phase 4: Move objects 0.009ms
[39.302s][info][gc,heap        ] GC(23) DefNew: 85000K(2516544K)->0K(2516544K) Eden: 84802K(2236928K)->0K(2236928K) From: 197K(279616K)->0K(279616K)
[39.302s][info][gc,heap        ] GC(23) Tenured: 5547K(5592448K)->5547K(5592448K)
[39.302s][info][gc,metaspace   ] GC(23) Metaspace: 14213K(14528K)->14213K(14528K) NonClass: 12331K(12544K)->12331K(12544K) Class: 1881K(1984K)->1881K(1984K)
[39.302s][info][gc             ] GC(23) Pause Full (System.gc()) 88M->5M(7918M) 18.285ms
[39.302s][info][gc,cpu         ] GC(23) User=0.02s Sys=0.00s Real=0.02s
[41.335s][info][gc,start       ] GC(24) Pause Young (Allocation Failure)
[41.406s][info][gc,heap        ] GC(24) DefNew: 2236928K(2516544K)->168K(2516544K) Eden: 2236928K(2236928K)->0K(2236928K) From: 0K(279616K)->168K(279616K)
[41.407s][info][gc,heap        ] GC(24) Tenured: 5547K(5592448K)->5547K(5592448K)
[41.407s][info][gc,metaspace   ] GC(24) Metaspace: 14213K(14528K)->14213K(14528K) NonClass: 12331K(12544K)->12331K(12544K) Class: 1881K(1984K)->1881K(1984K)
[41.407s][info][gc             ] GC(24) Pause Young (Allocation Failure) 2189M->5M(7918M) 71.275ms
[41.407s][info][gc,cpu         ] GC(24) User=0.05s Sys=0.00s Real=0.07s
[41.491s][info][gc,start       ] GC(25) Pause Full (System.gc())
[41.491s][info][gc,phases,start] GC(25) Phase 1: Mark live objects
[41.500s][info][gc,phases      ] GC(25) Phase 1: Mark live objects 9.154ms
[41.500s][info][gc,phases,start] GC(25) Phase 2: Compute new object addresses
[41.508s][info][gc,phases      ] GC(25) Phase 2: Compute new object addresses 7.680ms
[41.508s][info][gc,phases,start] GC(25) Phase 3: Adjust pointers
[41.513s][info][gc,phases      ] GC(25) Phase 3: Adjust pointers 5.304ms
[41.513s][info][gc,phases,start] GC(25) Phase 4: Move objects
[41.514s][info][gc,phases      ] GC(25) Phase 4: Move objects 0.009ms
[41.514s][info][gc,heap        ] GC(25) DefNew: 69976K(2516544K)->0K(2516544K) Eden: 69807K(2236928K)->0K(2236928K) From: 168K(279616K)->0K(279616K)
[41.514s][info][gc,heap        ] GC(25) Tenured: 5547K(5592448K)->5548K(5592448K)
[41.514s][info][gc,metaspace   ] GC(25) Metaspace: 14214K(14528K)->14214K(14528K) NonClass: 12332K(12544K)->12332K(12544K) Class: 1881K(1984K)->1881K(1984K)
[41.514s][info][gc             ] GC(25) Pause Full (System.gc()) 73M->5M(7918M) 22.463ms
[41.514s][info][gc,cpu         ] GC(25) User=0.02s Sys=0.00s Real=0.02s
[43.509s][info][gc,start       ] GC(26) Pause Young (Allocation Failure)
[43.582s][info][gc,heap        ] GC(26) DefNew: 2236928K(2516544K)->198K(2516544K) Eden: 2236928K(2236928K)->0K(2236928K) From: 0K(279616K)->198K(279616K)
[43.582s][info][gc,heap        ] GC(26) Tenured: 5548K(5592448K)->5548K(5592448K)
[43.582s][info][gc,metaspace   ] GC(26) Metaspace: 14214K(14528K)->14214K(14528K) NonClass: 12332K(12544K)->12332K(12544K) Class: 1881K(1984K)->1881K(1984K)
[43.582s][info][gc             ] GC(26) Pause Young (Allocation Failure) 2189M->5M(7918M) 73.014ms
[43.582s][info][gc,cpu         ] GC(26) User=0.06s Sys=0.00s Real=0.07s
[43.601s][info][gc,start       ] GC(27) Pause Full (System.gc())
[43.601s][info][gc,phases,start] GC(27) Phase 1: Mark live objects
[43.610s][info][gc,phases      ] GC(27) Phase 1: Mark live objects 9.295ms
[43.611s][info][gc,phases,start] GC(27) Phase 2: Compute new object addresses
[43.612s][info][gc,phases      ] GC(27) Phase 2: Compute new object addresses 1.862ms
[43.612s][info][gc,phases,start] GC(27) Phase 3: Adjust pointers
[43.619s][info][gc,phases      ] GC(27) Phase 3: Adjust pointers 7.027ms
[43.619s][info][gc,phases,start] GC(27) Phase 4: Move objects
[43.619s][info][gc,phases      ] GC(27) Phase 4: Move objects 0.009ms
[43.620s][info][gc,heap        ] GC(27) DefNew: 51956K(2516544K)->0K(2516544K) Eden: 51757K(2236928K)->0K(2236928K) From: 198K(279616K)->0K(279616K)
[43.620s][info][gc,heap        ] GC(27) Tenured: 5548K(5592448K)->5547K(5592448K)
[43.620s][info][gc,metaspace   ] GC(27) Metaspace: 14214K(14528K)->14214K(14528K) NonClass: 12332K(12544K)->12332K(12544K) Class: 1881K(1984K)->1881K(1984K)
[43.620s][info][gc             ] GC(27) Pause Full (System.gc()) 56M->5M(7918M) 18.493ms
[43.620s][info][gc,cpu         ] GC(27) User=0.02s Sys=0.00s Real=0.02s
[45.764s][info][gc,start       ] GC(28) Pause Full (System.gc())
[45.764s][info][gc,phases,start] GC(28) Phase 1: Mark live objects
[45.844s][info][gc,phases      ] GC(28) Phase 1: Mark live objects 79.791ms
[45.844s][info][gc,phases,start] GC(28) Phase 2: Compute new object addresses
[46.094s][info][gc,phases      ] GC(28) Phase 2: Compute new object addresses 250.025ms
[46.094s][info][gc,phases,start] GC(28) Phase 3: Adjust pointers
[46.100s][info][gc,phases      ] GC(28) Phase 3: Adjust pointers 6.443ms
[46.100s][info][gc,phases,start] GC(28) Phase 4: Move objects
[46.100s][info][gc,phases      ] GC(28) Phase 4: Move objects 0.009ms
[46.100s][info][gc,heap        ] GC(28) DefNew: 2222045K(2516544K)->0K(2516544K) Eden: 2222045K(2236928K)->0K(2236928K) From: 0K(279616K)->0K(279616K)
[46.100s][info][gc,heap        ] GC(28) Tenured: 5547K(5592448K)->5547K(5592448K)
[46.100s][info][gc,metaspace   ] GC(28) Metaspace: 14215K(14528K)->14215K(14528K) NonClass: 12333K(12544K)->12333K(12544K) Class: 1881K(1984K)->1881K(1984K)
[46.100s][info][gc             ] GC(28) Pause Full (System.gc()) 2175M->5M(7918M) 336.570ms
[46.101s][info][gc,cpu         ] GC(28) User=0.33s Sys=0.00s Real=0.33s
[48.162s][info][gc,start       ] GC(29) Pause Full (System.gc())
[48.162s][info][gc,phases,start] GC(29) Phase 1: Mark live objects
[48.230s][info][gc,phases      ] GC(29) Phase 1: Mark live objects 67.572ms
[48.230s][info][gc,phases,start] GC(29) Phase 2: Compute new object addresses
[48.477s][info][gc,phases      ] GC(29) Phase 2: Compute new object addresses 247.040ms
[48.477s][info][gc,phases,start] GC(29) Phase 3: Adjust pointers
[48.483s][info][gc,phases      ] GC(29) Phase 3: Adjust pointers 5.812ms
[48.483s][info][gc,phases,start] GC(29) Phase 4: Move objects
[48.483s][info][gc,phases      ] GC(29) Phase 4: Move objects 0.009ms
[48.483s][info][gc,heap        ] GC(29) DefNew: 2236928K(2516544K)->0K(2516544K) Eden: 2236928K(2236928K)->0K(2236928K) From: 0K(279616K)->0K(279616K)
[48.483s][info][gc,heap        ] GC(29) Tenured: 5547K(5592448K)->5547K(5592448K)
[48.483s][info][gc,metaspace   ] GC(29) Metaspace: 14221K(14528K)->14221K(14528K) NonClass: 12339K(12544K)->12339K(12544K) Class: 1881K(1984K)->1881K(1984K)
[48.483s][info][gc             ] GC(29) Pause Full (System.gc()) 2189M->5M(7918M) 320.766ms
[48.483s][info][gc,cpu         ] GC(29) User=0.31s Sys=0.00s Real=0.32s
[50.551s][info][gc,start       ] GC(30) Pause Full (System.gc())
[50.551s][info][gc,phases,start] GC(30) Phase 1: Mark live objects
[50.602s][info][gc,phases      ] GC(30) Phase 1: Mark live objects 51.116ms
[50.602s][info][gc,phases,start] GC(30) Phase 2: Compute new object addresses
[50.846s][info][gc,phases      ] GC(30) Phase 2: Compute new object addresses 243.978ms
[50.846s][info][gc,phases,start] GC(30) Phase 3: Adjust pointers
[50.851s][info][gc,phases      ] GC(30) Phase 3: Adjust pointers 5.222ms
[50.851s][info][gc,phases,start] GC(30) Phase 4: Move objects
[50.851s][info][gc,phases      ] GC(30) Phase 4: Move objects 0.009ms
[50.851s][info][gc,heap        ] GC(30) DefNew: 2192213K(2516544K)->0K(2516544K) Eden: 2192213K(2236928K)->0K(2236928K) From: 0K(279616K)->0K(279616K)
[50.851s][info][gc,heap        ] GC(30) Tenured: 5547K(5592448K)->5547K(5592448K)
[50.851s][info][gc,metaspace   ] GC(30) Metaspace: 14222K(14528K)->14222K(14528K) NonClass: 12340K(12544K)->12340K(12544K) Class: 1881K(1984K)->1881K(1984K)
[50.851s][info][gc             ] GC(30) Pause Full (System.gc()) 2146M->5M(7918M) 300.731ms
[50.851s][info][gc,cpu         ] GC(30) User=0.31s Sys=0.00s Real=0.30s
[52.870s][info][gc,start       ] GC(31) Pause Young (Allocation Failure)
[52.896s][info][gc,heap        ] GC(31) DefNew: 2236928K(2516544K)->227K(2516544K) Eden: 2236928K(2236928K)->0K(2236928K) From: 0K(279616K)->227K(279616K)
[52.896s][info][gc,heap        ] GC(31) Tenured: 5547K(5592448K)->5547K(5592448K)
[52.896s][info][gc,metaspace   ] GC(31) Metaspace: 14222K(14528K)->14222K(14528K) NonClass: 12340K(12544K)->12340K(12544K) Class: 1881K(1984K)->1881K(1984K)
[52.896s][info][gc             ] GC(31) Pause Young (Allocation Failure) 2189M->5M(7918M) 25.792ms
[52.896s][info][gc,cpu         ] GC(31) User=0.00s Sys=0.00s Real=0.03s
[53.011s][info][gc,start       ] GC(32) Pause Full (System.gc())
[53.011s][info][gc,phases,start] GC(32) Phase 1: Mark live objects
[53.021s][info][gc,phases      ] GC(32) Phase 1: Mark live objects 10.137ms
[53.021s][info][gc,phases,start] GC(32) Phase 2: Compute new object addresses
[53.035s][info][gc,phases      ] GC(32) Phase 2: Compute new object addresses 13.065ms
[53.035s][info][gc,phases,start] GC(32) Phase 3: Adjust pointers
[53.039s][info][gc,phases      ] GC(32) Phase 3: Adjust pointers 4.738ms
[53.039s][info][gc,phases,start] GC(32) Phase 4: Move objects
[53.039s][info][gc,phases      ] GC(32) Phase 4: Move objects 0.009ms
[53.039s][info][gc,heap        ] GC(32) DefNew: 176502K(2516544K)->0K(2516544K) Eden: 176275K(2236928K)->0K(2236928K) From: 227K(279616K)->0K(279616K)
[53.039s][info][gc,heap        ] GC(32) Tenured: 5547K(5592448K)->5547K(5592448K)
[53.039s][info][gc,metaspace   ] GC(32) Metaspace: 14222K(14528K)->14222K(14528K) NonClass: 12340K(12544K)->12340K(12544K) Class: 1881K(1984K)->1881K(1984K)
[53.039s][info][gc             ] GC(32) Pause Full (System.gc()) 177M->5M(7918M) 28.242ms
[53.039s][info][gc,cpu         ] GC(32) User=0.02s Sys=0.00s Real=0.02s
[55.142s][info][gc,start       ] GC(33) Pause Young (Allocation Failure)
[55.155s][info][gc,heap        ] GC(33) DefNew: 2236928K(2516544K)->111K(2516544K) Eden: 2236928K(2236928K)->0K(2236928K) From: 0K(279616K)->111K(279616K)
[55.155s][info][gc,heap        ] GC(33) Tenured: 5547K(5592448K)->5547K(5592448K)
[55.155s][info][gc,metaspace   ] GC(33) Metaspace: 14223K(14528K)->14223K(14528K) NonClass: 12341K(12544K)->12341K(12544K) Class: 1881K(1984K)->1881K(1984K)
[55.155s][info][gc             ] GC(33) Pause Young (Allocation Failure) 2189M->5M(7918M) 12.865ms
[55.155s][info][gc,cpu         ] GC(33) User=0.02s Sys=0.00s Real=0.01s
[55.174s][info][gc,start       ] GC(34) Pause Full (System.gc())
[55.174s][info][gc,phases,start] GC(34) Phase 1: Mark live objects
[55.181s][info][gc,phases      ] GC(34) Phase 1: Mark live objects 6.819ms
[55.181s][info][gc,phases,start] GC(34) Phase 2: Compute new object addresses
[55.182s][info][gc,phases      ] GC(34) Phase 2: Compute new object addresses 1.454ms
[55.182s][info][gc,phases,start] GC(34) Phase 3: Adjust pointers
[55.186s][info][gc,phases      ] GC(34) Phase 3: Adjust pointers 4.051ms
[55.186s][info][gc,phases,start] GC(34) Phase 4: Move objects
[55.186s][info][gc,phases      ] GC(34) Phase 4: Move objects 0.098ms
[55.187s][info][gc,heap        ] GC(34) DefNew: 18608K(2516544K)->0K(2516544K) Eden: 18496K(2236928K)->0K(2236928K) From: 111K(279616K)->0K(279616K)
[55.187s][info][gc,heap        ] GC(34) Tenured: 5547K(5592448K)->5547K(5592448K)
[55.187s][info][gc,metaspace   ] GC(34) Metaspace: 14223K(14528K)->14223K(14528K) NonClass: 12341K(12544K)->12341K(12544K) Class: 1881K(1984K)->1881K(1984K)
[55.187s][info][gc             ] GC(34) Pause Full (System.gc()) 23M->5M(7918M) 12.809ms
[55.187s][info][gc,cpu         ] GC(34) User=0.00s Sys=0.00s Real=0.02s
[57.116s][info][gc,start       ] GC(35) Pause Young (Allocation Failure)
[57.185s][info][gc,heap        ] GC(35) DefNew: 2236928K(2516544K)->137K(2516544K) Eden: 2236928K(2236928K)->0K(2236928K) From: 0K(279616K)->137K(279616K)
[57.185s][info][gc,heap        ] GC(35) Tenured: 5547K(5592448K)->5547K(5592448K)
[57.185s][info][gc,metaspace   ] GC(35) Metaspace: 14223K(14528K)->14223K(14528K) NonClass: 12341K(12544K)->12341K(12544K) Class: 1881K(1984K)->1881K(1984K)
[57.185s][info][gc             ] GC(35) Pause Young (Allocation Failure) 2189M->5M(7918M) 69.699ms
[57.185s][info][gc,cpu         ] GC(35) User=0.05s Sys=0.00s Real=0.07s
[57.269s][info][gc,start       ] GC(36) Pause Full (System.gc())
[57.269s][info][gc,phases,start] GC(36) Phase 1: Mark live objects
[57.279s][info][gc,phases      ] GC(36) Phase 1: Mark live objects 10.059ms
[57.279s][info][gc,phases,start] GC(36) Phase 2: Compute new object addresses
[57.285s][info][gc,phases      ] GC(36) Phase 2: Compute new object addresses 5.179ms
[57.285s][info][gc,phases,start] GC(36) Phase 3: Adjust pointers
[57.292s][info][gc,phases      ] GC(36) Phase 3: Adjust pointers 7.052ms
[57.292s][info][gc,phases,start] GC(36) Phase 4: Move objects
[57.292s][info][gc,phases      ] GC(36) Phase 4: Move objects 0.009ms
[57.292s][info][gc,heap        ] GC(36) DefNew: 55618K(2516544K)->0K(2516544K) Eden: 55480K(2236928K)->0K(2236928K) From: 137K(279616K)->0K(279616K)
[57.292s][info][gc,heap        ] GC(36) Tenured: 5547K(5592448K)->5547K(5592448K)
[57.292s][info][gc,metaspace   ] GC(36) Metaspace: 14223K(14528K)->14223K(14528K) NonClass: 12341K(12544K)->12341K(12544K) Class: 1881K(1984K)->1881K(1984K)
[57.292s][info][gc             ] GC(36) Pause Full (System.gc()) 59M->5M(7918M) 22.559ms
[57.292s][info][gc,cpu         ] GC(36) User=0.02s Sys=0.00s Real=0.02s
[59.344s][info][gc,start       ] GC(37) Pause Young (Allocation Failure)
[59.402s][info][gc,heap        ] GC(37) DefNew: 2236928K(2516544K)->199K(2516544K) Eden: 2236928K(2236928K)->0K(2236928K) From: 0K(279616K)->199K(279616K)
[59.402s][info][gc,heap        ] GC(37) Tenured: 5547K(5592448K)->5547K(5592448K)
[59.402s][info][gc,metaspace   ] GC(37) Metaspace: 14224K(14528K)->14224K(14528K) NonClass: 12342K(12544K)->12342K(12544K) Class: 1881K(1984K)->1881K(1984K)
[59.402s][info][gc             ] GC(37) Pause Young (Allocation Failure) 2189M->5M(7918M) 58.233ms
[59.402s][info][gc,cpu         ] GC(37) User=0.05s Sys=0.00s Real=0.05s
[59.470s][info][gc,start       ] GC(38) Pause Full (System.gc())
[59.470s][info][gc,phases,start] GC(38) Phase 1: Mark live objects
[59.480s][info][gc,phases      ] GC(38) Phase 1: Mark live objects 9.829ms
[59.480s][info][gc,phases,start] GC(38) Phase 2: Compute new object addresses
[59.488s][info][gc,phases      ] GC(38) Phase 2: Compute new object addresses 8.185ms
[59.488s][info][gc,phases,start] GC(38) Phase 3: Adjust pointers
[59.494s][info][gc,phases      ] GC(38) Phase 3: Adjust pointers 5.708ms
[59.494s][info][gc,phases,start] GC(38) Phase 4: Move objects
[59.494s][info][gc,phases      ] GC(38) Phase 4: Move objects 0.009ms
[59.494s][info][gc,heap        ] GC(38) DefNew: 99523K(2516544K)->0K(2516544K) Eden: 99324K(2236928K)->0K(2236928K) From: 199K(279616K)->0K(279616K)
[59.494s][info][gc,heap        ] GC(38) Tenured: 5547K(5592448K)->5548K(5592448K)
[59.494s][info][gc,metaspace   ] GC(38) Metaspace: 14224K(14528K)->14224K(14528K) NonClass: 12342K(12544K)->12342K(12544K) Class: 1881K(1984K)->1881K(1984K)
[59.494s][info][gc             ] GC(38) Pause Full (System.gc()) 102M->5M(7918M) 24.067ms
[59.494s][info][gc,cpu         ] GC(38) User=0.02s Sys=0.00s Real=0.02s
[61.404s][info][gc,start       ] GC(39) Pause Full (System.gc())
[61.404s][info][gc,phases,start] GC(39) Phase 1: Mark live objects
[61.440s][info][gc,phases      ] GC(39) Phase 1: Mark live objects 36.367ms
[61.440s][info][gc,phases,start] GC(39) Phase 2: Compute new object addresses
[61.677s][info][gc,phases      ] GC(39) Phase 2: Compute new object addresses 236.350ms
[61.677s][info][gc,phases,start] GC(39) Phase 3: Adjust pointers
[61.681s][info][gc,phases      ] GC(39) Phase 3: Adjust pointers 4.598ms
[61.681s][info][gc,phases,start] GC(39) Phase 4: Move objects
[61.681s][info][gc,phases      ] GC(39) Phase 4: Move objects 0.015ms
[61.681s][info][gc,heap        ] GC(39) DefNew: 2087826K(2516544K)->0K(2516544K) Eden: 2087826K(2236928K)->0K(2236928K) From: 0K(279616K)->0K(279616K)
[61.681s][info][gc,heap        ] GC(39) Tenured: 5548K(5592448K)->5547K(5592448K)
[61.681s][info][gc,metaspace   ] GC(39) Metaspace: 14241K(14528K)->14241K(14528K) NonClass: 12359K(12544K)->12359K(12544K) Class: 1881K(1984K)->1881K(1984K)
[61.681s][info][gc             ] GC(39) Pause Full (System.gc()) 2044M->5M(7918M) 277.623ms
[61.681s][info][gc,cpu         ] GC(39) User=0.27s Sys=0.00s Real=0.27s
[63.680s][info][gc,start       ] GC(40) Pause Young (Allocation Failure)
[63.750s][info][gc,heap        ] GC(40) DefNew: 2236928K(2516544K)->256K(2516544K) Eden: 2236928K(2236928K)->0K(2236928K) From: 0K(279616K)->256K(279616K)
[63.750s][info][gc,heap        ] GC(40) Tenured: 5547K(5592448K)->5547K(5592448K)
[63.750s][info][gc,metaspace   ] GC(40) Metaspace: 14244K(14592K)->14244K(14592K) NonClass: 12363K(12608K)->12363K(12608K) Class: 1881K(1984K)->1881K(1984K)
[63.750s][info][gc             ] GC(40) Pause Young (Allocation Failure) 2189M->5M(7918M) 70.863ms
[63.750s][info][gc,cpu         ] GC(40) User=0.06s Sys=0.00s Real=0.06s
[63.966s][info][gc,start       ] GC(41) Pause Full (System.gc())
[63.966s][info][gc,phases,start] GC(41) Phase 1: Mark live objects
[63.978s][info][gc,phases      ] GC(41) Phase 1: Mark live objects 11.941ms
[63.978s][info][gc,phases,start] GC(41) Phase 2: Compute new object addresses
[63.997s][info][gc,phases      ] GC(41) Phase 2: Compute new object addresses 18.226ms
[63.997s][info][gc,phases,start] GC(41) Phase 3: Adjust pointers
[64.002s][info][gc,phases      ] GC(41) Phase 3: Adjust pointers 5.255ms
[64.002s][info][gc,phases,start] GC(41) Phase 4: Move objects
[64.002s][info][gc,phases      ] GC(41) Phase 4: Move objects 0.010ms
[64.002s][info][gc,heap        ] GC(41) DefNew: 187268K(2516544K)->0K(2516544K) Eden: 187011K(2236928K)->0K(2236928K) From: 256K(279616K)->0K(279616K)
[64.002s][info][gc,heap        ] GC(41) Tenured: 5547K(5592448K)->5547K(5592448K)
[64.002s][info][gc,metaspace   ] GC(41) Metaspace: 14244K(14592K)->14244K(14592K) NonClass: 12363K(12608K)->12363K(12608K) Class: 1881K(1984K)->1881K(1984K)
[64.002s][info][gc             ] GC(41) Pause Full (System.gc()) 188M->5M(7918M) 35.771ms
[64.002s][info][gc,cpu         ] GC(41) User=0.03s Sys=0.00s Real=0.03s
[65.891s][info][gc,start       ] GC(42) Pause Full (System.gc())
[65.891s][info][gc,phases,start] GC(42) Phase 1: Mark live objects
[65.962s][info][gc,phases      ] GC(42) Phase 1: Mark live objects 71.466ms
[65.962s][info][gc,phases,start] GC(42) Phase 2: Compute new object addresses
[66.195s][info][gc,phases      ] GC(42) Phase 2: Compute new object addresses 232.308ms
[66.195s][info][gc,phases,start] GC(42) Phase 3: Adjust pointers
[66.201s][info][gc,phases      ] GC(42) Phase 3: Adjust pointers 6.163ms
[66.201s][info][gc,phases,start] GC(42) Phase 4: Move objects
[66.201s][info][gc,phases      ] GC(42) Phase 4: Move objects 0.010ms
[66.201s][info][gc,heap        ] GC(42) DefNew: 2087451K(2516544K)->0K(2516544K) Eden: 2087451K(2236928K)->0K(2236928K) From: 0K(279616K)->0K(279616K)
[66.201s][info][gc,heap        ] GC(42) Tenured: 5547K(5592448K)->5547K(5592448K)
[66.201s][info][gc,metaspace   ] GC(42) Metaspace: 14245K(14592K)->14245K(14592K) NonClass: 12363K(12608K)->12363K(12608K) Class: 1881K(1984K)->1881K(1984K)
[66.201s][info][gc             ] GC(42) Pause Full (System.gc()) 2043M->5M(7918M) 310.257ms
[66.201s][info][gc,cpu         ] GC(42) User=0.30s Sys=0.00s Real=0.30s
[68.293s][info][gc,start       ] GC(43) Pause Full (System.gc())
[68.293s][info][gc,phases,start] GC(43) Phase 1: Mark live objects
[68.339s][info][gc,phases      ] GC(43) Phase 1: Mark live objects 45.984ms
[68.339s][info][gc,phases,start] GC(43) Phase 2: Compute new object addresses
[68.585s][info][gc,phases      ] GC(43) Phase 2: Compute new object addresses 245.880ms
[68.585s][info][gc,phases,start] GC(43) Phase 3: Adjust pointers
[68.590s][info][gc,phases      ] GC(43) Phase 3: Adjust pointers 5.161ms
[68.590s][info][gc,phases,start] GC(43) Phase 4: Move objects
[68.590s][info][gc,phases      ] GC(43) Phase 4: Move objects 0.009ms
[68.590s][info][gc,heap        ] GC(43) DefNew: 2191843K(2516544K)->0K(2516544K) Eden: 2191843K(2236928K)->0K(2236928K) From: 0K(279616K)->0K(279616K)
[68.590s][info][gc,heap        ] GC(43) Tenured: 5547K(5592448K)->5548K(5592448K)
[68.590s][info][gc,metaspace   ] GC(43) Metaspace: 14250K(14592K)->14250K(14592K) NonClass: 12368K(12608K)->12368K(12608K) Class: 1881K(1984K)->1881K(1984K)
[68.590s][info][gc             ] GC(43) Pause Full (System.gc()) 2145M->5M(7918M) 297.362ms
[68.590s][info][gc,cpu         ] GC(43) User=0.28s Sys=0.00s Real=0.30s
[70.495s][info][gc,start       ] GC(44) Pause Young (Allocation Failure)
[70.563s][info][gc,heap        ] GC(44) DefNew: 2236928K(2516544K)->107K(2516544K) Eden: 2236928K(2236928K)->0K(2236928K) From: 0K(279616K)->107K(279616K)
[70.563s][info][gc,heap        ] GC(44) Tenured: 5548K(5592448K)->5548K(5592448K)
[70.563s][info][gc,metaspace   ] GC(44) Metaspace: 14257K(14592K)->14257K(14592K) NonClass: 12375K(12608K)->12375K(12608K) Class: 1881K(1984K)->1881K(1984K)
[70.563s][info][gc             ] GC(44) Pause Young (Allocation Failure) 2189M->5M(7918M) 68.019ms
[70.563s][info][gc,cpu         ] GC(44) User=0.05s Sys=0.00s Real=0.06s
[70.582s][info][gc,start       ] GC(45) Pause Full (System.gc())
[70.582s][info][gc,phases,start] GC(45) Phase 1: Mark live objects
[70.593s][info][gc,phases      ] GC(45) Phase 1: Mark live objects 10.808ms
[70.593s][info][gc,phases,start] GC(45) Phase 2: Compute new object addresses
[70.595s][info][gc,phases      ] GC(45) Phase 2: Compute new object addresses 1.394ms
[70.595s][info][gc,phases,start] GC(45) Phase 3: Adjust pointers
[70.603s][info][gc,phases      ] GC(45) Phase 3: Adjust pointers 7.872ms
[70.603s][info][gc,phases,start] GC(45) Phase 4: Move objects
[70.603s][info][gc,phases      ] GC(45) Phase 4: Move objects 0.016ms
[70.603s][info][gc,heap        ] GC(45) DefNew: 26060K(2516544K)->0K(2516544K) Eden: 25953K(2236928K)->0K(2236928K) From: 107K(279616K)->0K(279616K)
[70.603s][info][gc,heap        ] GC(45) Tenured: 5548K(5592448K)->5547K(5592448K)
[70.603s][info][gc,metaspace   ] GC(45) Metaspace: 14257K(14592K)->14257K(14592K) NonClass: 12375K(12608K)->12375K(12608K) Class: 1881K(1984K)->1881K(1984K)
[70.603s][info][gc             ] GC(45) Pause Full (System.gc()) 30M->5M(7918M) 20.388ms
[70.603s][info][gc,cpu         ] GC(45) User=0.00s Sys=0.00s Real=0.02s
[72.652s][info][gc,start       ] GC(46) Pause Young (Allocation Failure)
[72.722s][info][gc,heap        ] GC(46) DefNew: 2236928K(2516544K)->198K(2516544K) Eden: 2236928K(2236928K)->0K(2236928K) From: 0K(279616K)->198K(279616K)
[72.722s][info][gc,heap        ] GC(46) Tenured: 5547K(5592448K)->5547K(5592448K)
[72.722s][info][gc,metaspace   ] GC(46) Metaspace: 14258K(14592K)->14258K(14592K) NonClass: 12376K(12608K)->12376K(12608K) Class: 1881K(1984K)->1881K(1984K)
[72.722s][info][gc             ] GC(46) Pause Young (Allocation Failure) 2189M->5M(7918M) 70.038ms
[72.722s][info][gc,cpu         ] GC(46) User=0.06s Sys=0.00s Real=0.06s
[72.790s][info][gc,start       ] GC(47) Pause Full (System.gc())
[72.790s][info][gc,phases,start] GC(47) Phase 1: Mark live objects
[72.801s][info][gc,phases      ] GC(47) Phase 1: Mark live objects 10.191ms
[72.801s][info][gc,phases,start] GC(47) Phase 2: Compute new object addresses
[72.809s][info][gc,phases      ] GC(47) Phase 2: Compute new object addresses 8.651ms
[72.809s][info][gc,phases,start] GC(47) Phase 3: Adjust pointers
[72.816s][info][gc,phases      ] GC(47) Phase 3: Adjust pointers 6.411ms
[72.816s][info][gc,phases,start] GC(47) Phase 4: Move objects
[72.816s][info][gc,phases      ] GC(47) Phase 4: Move objects 0.009ms
[72.816s][info][gc,heap        ] GC(47) DefNew: 84536K(2516544K)->0K(2516544K) Eden: 84337K(2236928K)->0K(2236928K) From: 198K(279616K)->0K(279616K)
[72.816s][info][gc,heap        ] GC(47) Tenured: 5547K(5592448K)->5547K(5592448K)
[72.816s][info][gc,metaspace   ] GC(47) Metaspace: 14263K(14592K)->14263K(14592K) NonClass: 12381K(12608K)->12381K(12608K) Class: 1881K(1984K)->1881K(1984K)
[72.816s][info][gc             ] GC(47) Pause Full (System.gc()) 87M->5M(7918M) 25.564ms
[72.816s][info][gc,cpu         ] GC(47) User=0.02s Sys=0.00s Real=0.01s
[74.734s][info][gc,start       ] GC(48) Pause Full (System.gc())
[74.734s][info][gc,phases,start] GC(48) Phase 1: Mark live objects
[74.772s][info][gc,phases      ] GC(48) Phase 1: Mark live objects 38.130ms
[74.772s][info][gc,phases,start] GC(48) Phase 2: Compute new object addresses
[75.005s][info][gc,phases      ] GC(48) Phase 2: Compute new object addresses 232.770ms
[75.005s][info][gc,phases,start] GC(48) Phase 3: Adjust pointers
[75.010s][info][gc,phases      ] GC(48) Phase 3: Adjust pointers 4.945ms
[75.010s][info][gc,phases,start] GC(48) Phase 4: Move objects
[75.010s][info][gc,phases      ] GC(48) Phase 4: Move objects 0.009ms
[75.010s][info][gc,heap        ] GC(48) DefNew: 2072911K(2516544K)->0K(2516544K) Eden: 2072911K(2236928K)->0K(2236928K) From: 0K(279616K)->0K(279616K)
[75.010s][info][gc,heap        ] GC(48) Tenured: 5547K(5592448K)->5547K(5592448K)
[75.010s][info][gc,metaspace   ] GC(48) Metaspace: 14264K(14592K)->14264K(14592K) NonClass: 12382K(12608K)->12382K(12608K) Class: 1881K(1984K)->1881K(1984K)
[75.010s][info][gc             ] GC(48) Pause Full (System.gc()) 2029M->5M(7918M) 276.223ms
[75.010s][info][gc,cpu         ] GC(48) User=0.25s Sys=0.00s Real=0.27s
[77.014s][info][gc,start       ] GC(49) Pause Young (Allocation Failure)
[77.087s][info][gc,heap        ] GC(49) DefNew: 2236928K(2516544K)->199K(2516544K) Eden: 2236928K(2236928K)->0K(2236928K) From: 0K(279616K)->199K(279616K)
[77.087s][info][gc,heap        ] GC(49) Tenured: 5547K(5592448K)->5547K(5592448K)
[77.087s][info][gc,metaspace   ] GC(49) Metaspace: 14266K(14592K)->14266K(14592K) NonClass: 12384K(12608K)->12384K(12608K) Class: 1881K(1984K)->1881K(1984K)
[77.087s][info][gc             ] GC(49) Pause Young (Allocation Failure) 2189M->5M(7918M) 73.183ms
[77.087s][info][gc,cpu         ] GC(49) User=0.06s Sys=0.00s Real=0.07s
[77.187s][info][gc,start       ] GC(50) Pause Full (System.gc())
[77.187s][info][gc,phases,start] GC(50) Phase 1: Mark live objects
[77.199s][info][gc,phases      ] GC(50) Phase 1: Mark live objects 11.820ms
[77.199s][info][gc,phases,start] GC(50) Phase 2: Compute new object addresses
[77.209s][info][gc,phases      ] GC(50) Phase 2: Compute new object addresses 9.969ms
[77.209s][info][gc,phases,start] GC(50) Phase 3: Adjust pointers
[77.216s][info][gc,phases      ] GC(50) Phase 3: Adjust pointers 7.311ms
[77.216s][info][gc,phases,start] GC(50) Phase 4: Move objects
[77.216s][info][gc,phases      ] GC(50) Phase 4: Move objects 0.010ms
[77.216s][info][gc,heap        ] GC(50) DefNew: 114734K(2516544K)->0K(2516544K) Eden: 114535K(2236928K)->0K(2236928K) From: 199K(279616K)->0K(279616K)
[77.216s][info][gc,heap        ] GC(50) Tenured: 5547K(5592448K)->5549K(5592448K)
[77.216s][info][gc,metaspace   ] GC(50) Metaspace: 14266K(14592K)->14266K(14592K) NonClass: 12384K(12608K)->12384K(12608K) Class: 1881K(1984K)->1881K(1984K)
[77.216s][info][gc             ] GC(50) Pause Full (System.gc()) 117M->5M(7918M) 29.398ms
[77.216s][info][gc,cpu         ] GC(50) User=0.02s Sys=0.00s Real=0.02s
[79.184s][info][gc,start       ] GC(51) Pause Full (System.gc())
[79.184s][info][gc,phases,start] GC(51) Phase 1: Mark live objects
[79.264s][info][gc,phases      ] GC(51) Phase 1: Mark live objects 79.738ms
[79.264s][info][gc,phases,start] GC(51) Phase 2: Compute new object addresses
[79.510s][info][gc,phases      ] GC(51) Phase 2: Compute new object addresses 246.105ms
[79.510s][info][gc,phases,start] GC(51) Phase 3: Adjust pointers
[79.517s][info][gc,phases      ] GC(51) Phase 3: Adjust pointers 6.867ms
[79.517s][info][gc,phases,start] GC(51) Phase 4: Move objects
[79.517s][info][gc,phases      ] GC(51) Phase 4: Move objects 0.009ms
[79.517s][info][gc,heap        ] GC(51) DefNew: 2177302K(2516544K)->0K(2516544K) Eden: 2177302K(2236928K)->0K(2236928K) From: 0K(279616K)->0K(279616K)
[79.517s][info][gc,heap        ] GC(51) Tenured: 5549K(5592448K)->5548K(5592448K)
[79.517s][info][gc,metaspace   ] GC(51) Metaspace: 14266K(14592K)->14266K(14592K) NonClass: 12384K(12608K)->12384K(12608K) Class: 1881K(1984K)->1881K(1984K)
[79.517s][info][gc             ] GC(51) Pause Full (System.gc()) 2131M->5M(7918M) 332.989ms
[79.517s][info][gc,cpu         ] GC(51) User=0.33s Sys=0.00s Real=0.33s
[81.593s][info][gc,start       ] GC(52) Pause Full (System.gc())
[81.593s][info][gc,phases,start] GC(52) Phase 1: Mark live objects
[81.639s][info][gc,phases      ] GC(52) Phase 1: Mark live objects 45.788ms
[81.639s][info][gc,phases,start] GC(52) Phase 2: Compute new object addresses
[81.883s][info][gc,phases      ] GC(52) Phase 2: Compute new object addresses 243.963ms
[81.883s][info][gc,phases,start] GC(52) Phase 3: Adjust pointers
[81.889s][info][gc,phases      ] GC(52) Phase 3: Adjust pointers 5.529ms
[81.889s][info][gc,phases,start] GC(52) Phase 4: Move objects
[81.889s][info][gc,phases      ] GC(52) Phase 4: Move objects 0.009ms
[81.889s][info][gc,heap        ] GC(52) DefNew: 2214581K(2516544K)->0K(2516544K) Eden: 2214581K(2236928K)->0K(2236928K) From: 0K(279616K)->0K(279616K)
[81.889s][info][gc,heap        ] GC(52) Tenured: 5548K(5592448K)->5549K(5592448K)
[81.889s][info][gc,metaspace   ] GC(52) Metaspace: 14269K(14592K)->14269K(14592K) NonClass: 12387K(12608K)->12387K(12608K) Class: 1881K(1984K)->1881K(1984K)
[81.889s][info][gc             ] GC(52) Pause Full (System.gc()) 2168M->5M(7918M) 295.586ms
[81.889s][info][gc,cpu         ] GC(52) User=0.28s Sys=0.00s Real=0.28s
[83.826s][info][gc,start       ] GC(53) Pause Young (Allocation Failure)
[83.887s][info][gc,heap        ] GC(53) DefNew: 2236928K(2516544K)->196K(2516544K) Eden: 2236928K(2236928K)->0K(2236928K) From: 0K(279616K)->196K(279616K)
[83.887s][info][gc,heap        ] GC(53) Tenured: 5549K(5592448K)->5549K(5592448K)
[83.887s][info][gc,metaspace   ] GC(53) Metaspace: 14269K(14592K)->14269K(14592K) NonClass: 12388K(12608K)->12388K(12608K) Class: 1881K(1984K)->1881K(1984K)
[83.887s][info][gc             ] GC(53) Pause Young (Allocation Failure) 2189M->5M(7918M) 60.920ms
[83.887s][info][gc,cpu         ] GC(53) User=0.03s Sys=0.00s Real=0.05s
[83.955s][info][gc,start       ] GC(54) Pause Full (System.gc())
[83.955s][info][gc,phases,start] GC(54) Phase 1: Mark live objects
[83.965s][info][gc,phases      ] GC(54) Phase 1: Mark live objects 9.541ms
[83.965s][info][gc,phases,start] GC(54) Phase 2: Compute new object addresses
[83.970s][info][gc,phases      ] GC(54) Phase 2: Compute new object addresses 5.444ms
[83.970s][info][gc,phases,start] GC(54) Phase 3: Adjust pointers
[83.976s][info][gc,phases      ] GC(54) Phase 3: Adjust pointers 5.986ms
[83.976s][info][gc,phases,start] GC(54) Phase 4: Move objects
[83.976s][info][gc,phases      ] GC(54) Phase 4: Move objects 0.010ms
[83.976s][info][gc,heap        ] GC(54) DefNew: 84981K(2516544K)->0K(2516544K) Eden: 84784K(2236928K)->0K(2236928K) From: 196K(279616K)->0K(279616K)
[83.976s][info][gc,heap        ] GC(54) Tenured: 5549K(5592448K)->5549K(5592448K)
[83.976s][info][gc,metaspace   ] GC(54) Metaspace: 14270K(14592K)->14270K(14592K) NonClass: 12388K(12608K)->12388K(12608K) Class: 1881K(1984K)->1881K(1984K)
[83.976s][info][gc             ] GC(54) Pause Full (System.gc()) 88M->5M(7918M) 21.269ms
[83.976s][info][gc,cpu         ] GC(54) User=0.02s Sys=0.00s Real=0.02s
[86.027s][info][gc,start       ] GC(55) Pause Young (Allocation Failure)
[86.103s][info][gc,heap        ] GC(55) DefNew: 2236928K(2516544K)->258K(2516544K) Eden: 2236928K(2236928K)->0K(2236928K) From: 0K(279616K)->258K(279616K)
[86.103s][info][gc,heap        ] GC(55) Tenured: 5549K(5592448K)->5549K(5592448K)
[86.103s][info][gc,metaspace   ] GC(55) Metaspace: 14270K(14592K)->14270K(14592K) NonClass: 12388K(12608K)->12388K(12608K) Class: 1881K(1984K)->1881K(1984K)
[86.103s][info][gc             ] GC(55) Pause Young (Allocation Failure) 2189M->5M(7918M) 76.647ms
[86.103s][info][gc,cpu         ] GC(55) User=0.06s Sys=0.00s Real=0.07s
[86.235s][info][gc,start       ] GC(56) Pause Full (System.gc())
[86.235s][info][gc,phases,start] GC(56) Phase 1: Mark live objects
[86.249s][info][gc,phases      ] GC(56) Phase 1: Mark live objects 13.457ms
[86.249s][info][gc,phases,start] GC(56) Phase 2: Compute new object addresses
[86.261s][info][gc,phases      ] GC(56) Phase 2: Compute new object addresses 12.457ms
[86.261s][info][gc,phases,start] GC(56) Phase 3: Adjust pointers
[86.269s][info][gc,phases      ] GC(56) Phase 3: Adjust pointers 7.680ms
[86.269s][info][gc,phases,start] GC(56) Phase 4: Move objects
[86.269s][info][gc,phases      ] GC(56) Phase 4: Move objects 0.009ms
[86.269s][info][gc,heap        ] GC(56) DefNew: 158413K(2516544K)->0K(2516544K) Eden: 158155K(2236928K)->0K(2236928K) From: 258K(279616K)->0K(279616K)
[86.269s][info][gc,heap        ] GC(56) Tenured: 5549K(5592448K)->5549K(5592448K)
[86.269s][info][gc,metaspace   ] GC(56) Metaspace: 14270K(14592K)->14270K(14592K) NonClass: 12388K(12608K)->12388K(12608K) Class: 1881K(1984K)->1881K(1984K)
[86.269s][info][gc             ] GC(56) Pause Full (System.gc()) 160M->5M(7918M) 33.869ms
[86.269s][info][gc,cpu         ] GC(56) User=0.03s Sys=0.00s Real=0.03s
[88.244s][info][gc,start       ] GC(57) Pause Full (System.gc())
[88.244s][info][gc,phases,start] GC(57) Phase 1: Mark live objects
[88.313s][info][gc,phases      ] GC(57) Phase 1: Mark live objects 68.272ms
[88.313s][info][gc,phases,start] GC(57) Phase 2: Compute new object addresses
[88.557s][info][gc,phases      ] GC(57) Phase 2: Compute new object addresses 244.264ms
[88.557s][info][gc,phases,start] GC(57) Phase 3: Adjust pointers
[88.563s][info][gc,phases      ] GC(57) Phase 3: Adjust pointers 6.279ms
[88.563s][info][gc,phases,start] GC(57) Phase 4: Move objects
[88.563s][info][gc,phases      ] GC(57) Phase 4: Move objects 0.010ms
[88.563s][info][gc,heap        ] GC(57) DefNew: 2192216K(2516544K)->0K(2516544K) Eden: 2192216K(2236928K)->0K(2236928K) From: 0K(279616K)->0K(279616K)
[88.563s][info][gc,heap        ] GC(57) Tenured: 5549K(5592448K)->5548K(5592448K)
[88.563s][info][gc,metaspace   ] GC(57) Metaspace: 14270K(14592K)->14270K(14592K) NonClass: 12388K(12608K)->12388K(12608K) Class: 1881K(1984K)->1881K(1984K)
[88.563s][info][gc             ] GC(57) Pause Full (System.gc()) 2146M->5M(7918M) 319.159ms
[88.563s][info][gc,cpu         ] GC(57) User=0.27s Sys=0.00s Real=0.31s
[90.577s][info][gc,start       ] GC(58) Pause Young (Allocation Failure)
[90.596s][info][gc,heap        ] GC(58) DefNew: 2236928K(2516544K)->198K(2516544K) Eden: 2236928K(2236928K)->0K(2236928K) From: 0K(279616K)->198K(279616K)
[90.596s][info][gc,heap        ] GC(58) Tenured: 5548K(5592448K)->5548K(5592448K)
[90.596s][info][gc,metaspace   ] GC(58) Metaspace: 14270K(14592K)->14270K(14592K) NonClass: 12389K(12608K)->12389K(12608K) Class: 1881K(1984K)->1881K(1984K)
[90.596s][info][gc             ] GC(58) Pause Young (Allocation Failure) 2189M->5M(7918M) 19.782ms
[90.596s][info][gc,cpu         ] GC(58) User=0.00s Sys=0.00s Real=0.01s
[90.682s][info][gc,start       ] GC(59) Pause Full (System.gc())
[90.682s][info][gc,phases,start] GC(59) Phase 1: Mark live objects
[90.691s][info][gc,phases      ] GC(59) Phase 1: Mark live objects 8.716ms
[90.691s][info][gc,phases,start] GC(59) Phase 2: Compute new object addresses
[90.698s][info][gc,phases      ] GC(59) Phase 2: Compute new object addresses 6.873ms
[90.698s][info][gc,phases,start] GC(59) Phase 3: Adjust pointers
[90.703s][info][gc,phases      ] GC(59) Phase 3: Adjust pointers 5.073ms
[90.703s][info][gc,phases,start] GC(59) Phase 4: Move objects
[90.703s][info][gc,phases      ] GC(59) Phase 4: Move objects 0.009ms
[90.703s][info][gc,heap        ] GC(59) DefNew: 84535K(2516544K)->0K(2516544K) Eden: 84337K(2236928K)->0K(2236928K) From: 198K(279616K)->0K(279616K)
[90.703s][info][gc,heap        ] GC(59) Tenured: 5548K(5592448K)->5549K(5592448K)
[90.703s][info][gc,metaspace   ] GC(59) Metaspace: 14270K(14592K)->14270K(14592K) NonClass: 12389K(12608K)->12389K(12608K) Class: 1881K(1984K)->1881K(1984K)
[90.703s][info][gc             ] GC(59) Pause Full (System.gc()) 87M->5M(7918M) 20.938ms
[90.703s][info][gc,cpu         ] GC(59) User=0.00s Sys=0.00s Real=0.02s
[92.657s][info][gc,start       ] GC(60) Pause Full (System.gc())
[92.657s][info][gc,phases,start] GC(60) Phase 1: Mark live objects
[92.733s][info][gc,phases      ] GC(60) Phase 1: Mark live objects 76.233ms
[92.733s][info][gc,phases,start] GC(60) Phase 2: Compute new object addresses
[92.975s][info][gc,phases      ] GC(60) Phase 2: Compute new object addresses 242.064ms
[92.975s][info][gc,phases,start] GC(60) Phase 3: Adjust pointers
[92.983s][info][gc,phases      ] GC(60) Phase 3: Adjust pointers 7.589ms
[92.983s][info][gc,phases,start] GC(60) Phase 4: Move objects
[92.983s][info][gc,phases      ] GC(60) Phase 4: Move objects 0.010ms
[92.983s][info][gc,heap        ] GC(60) DefNew: 2162389K(2516544K)->0K(2516544K) Eden: 2162389K(2236928K)->0K(2236928K) From: 0K(279616K)->0K(279616K)
[92.983s][info][gc,heap        ] GC(60) Tenured: 5549K(5592448K)->5549K(5592448K)
[92.983s][info][gc,metaspace   ] GC(60) Metaspace: 14270K(14592K)->14270K(14592K) NonClass: 12389K(12608K)->12389K(12608K) Class: 1881K(1984K)->1881K(1984K)
[92.983s][info][gc             ] GC(60) Pause Full (System.gc()) 2117M->5M(7918M) 326.200ms
[92.983s][info][gc,cpu         ] GC(60) User=0.31s Sys=0.00s Real=0.32s
[95.105s][info][gc,start       ] GC(61) Pause Young (Allocation Failure)
[95.162s][info][gc,heap        ] GC(61) DefNew: 2236928K(2516544K)->0K(2516544K) Eden: 2236928K(2236928K)->0K(2236928K) From: 0K(279616K)->0K(279616K)
[95.162s][info][gc,heap        ] GC(61) Tenured: 5549K(5592448K)->5549K(5592448K)
[95.162s][info][gc,metaspace   ] GC(61) Metaspace: 14270K(14592K)->14270K(14592K) NonClass: 12389K(12608K)->12389K(12608K) Class: 1881K(1984K)->1881K(1984K)
[95.162s][info][gc             ] GC(61) Pause Young (Allocation Failure) 2189M->5M(7918M) 57.210ms
[95.162s][info][gc,cpu         ] GC(61) User=0.03s Sys=0.00s Real=0.05s
[95.165s][info][gc,start       ] GC(62) Pause Full (System.gc())
[95.165s][info][gc,phases,start] GC(62) Phase 1: Mark live objects
[95.174s][info][gc,phases      ] GC(62) Phase 1: Mark live objects 9.246ms
[95.174s][info][gc,phases,start] GC(62) Phase 2: Compute new object addresses
[95.175s][info][gc,phases      ] GC(62) Phase 2: Compute new object addresses 1.066ms
[95.175s][info][gc,phases,start] GC(62) Phase 3: Adjust pointers
[95.181s][info][gc,phases      ] GC(62) Phase 3: Adjust pointers 6.367ms
[95.181s][info][gc,phases,start] GC(62) Phase 4: Move objects
[95.181s][info][gc,phases      ] GC(62) Phase 4: Move objects 0.009ms
[95.181s][info][gc,heap        ] GC(62) DefNew: 3K(2516544K)->0K(2516544K) Eden: 2K(2236928K)->0K(2236928K) From: 0K(279616K)->0K(279616K)
[95.181s][info][gc,heap        ] GC(62) Tenured: 5549K(5592448K)->5549K(5592448K)
[95.181s][info][gc,metaspace   ] GC(62) Metaspace: 14270K(14592K)->14270K(14592K) NonClass: 12389K(12608K)->12389K(12608K) Class: 1881K(1984K)->1881K(1984K)
[95.181s][info][gc             ] GC(62) Pause Full (System.gc()) 5M->5M(7918M) 16.924ms
[95.181s][info][gc,cpu         ] GC(62) User=0.00s Sys=0.00s Real=0.02s
[97.096s][info][gc,start       ] GC(63) Pause Full (System.gc())
[97.096s][info][gc,phases,start] GC(63) Phase 1: Mark live objects
[97.126s][info][gc,phases      ] GC(63) Phase 1: Mark live objects 29.698ms
[97.126s][info][gc,phases,start] GC(63) Phase 2: Compute new object addresses
[97.362s][info][gc,phases      ] GC(63) Phase 2: Compute new object addresses 235.404ms
[97.362s][info][gc,phases,start] GC(63) Phase 3: Adjust pointers
[97.367s][info][gc,phases      ] GC(63) Phase 3: Adjust pointers 4.984ms
[97.367s][info][gc,phases,start] GC(63) Phase 4: Move objects
[97.367s][info][gc,phases      ] GC(63) Phase 4: Move objects 0.010ms
[97.367s][info][gc,heap        ] GC(63) DefNew: 2147469K(2516544K)->0K(2516544K) Eden: 2147469K(2236928K)->0K(2236928K) From: 0K(279616K)->0K(279616K)
[97.367s][info][gc,heap        ] GC(63) Tenured: 5549K(5592448K)->5549K(5592448K)
[97.367s][info][gc,metaspace   ] GC(63) Metaspace: 14270K(14592K)->14270K(14592K) NonClass: 12389K(12608K)->12389K(12608K) Class: 1881K(1984K)->1881K(1984K)
[97.367s][info][gc             ] GC(63) Pause Full (System.gc()) 2102M->5M(7918M) 270.436ms
[97.367s][info][gc,cpu         ] GC(63) User=0.27s Sys=0.00s Real=0.27s
[99.347s][info][gc,start       ] GC(64) Pause Young (Allocation Failure)
[99.418s][info][gc,heap        ] GC(64) DefNew: 2236928K(2516544K)->256K(2516544K) Eden: 2236928K(2236928K)->0K(2236928K) From: 0K(279616K)->256K(279616K)
[99.419s][info][gc,heap        ] GC(64) Tenured: 5549K(5592448K)->5549K(5592448K)
[99.419s][info][gc,metaspace   ] GC(64) Metaspace: 14270K(14592K)->14270K(14592K) NonClass: 12389K(12608K)->12389K(12608K) Class: 1881K(1984K)->1881K(1984K)
[99.419s][info][gc             ] GC(64) Pause Young (Allocation Failure) 2189M->5M(7918M) 71.669ms
[99.419s][info][gc,cpu         ] GC(64) User=0.06s Sys=0.00s Real=0.06s
[99.633s][info][gc,start       ] GC(65) Pause Full (System.gc())
[99.633s][info][gc,phases,start] GC(65) Phase 1: Mark live objects
[99.650s][info][gc,phases      ] GC(65) Phase 1: Mark live objects 17.125ms
[99.650s][info][gc,phases,start] GC(65) Phase 2: Compute new object addresses
[99.674s][info][gc,phases      ] GC(65) Phase 2: Compute new object addresses 24.341ms
[99.674s][info][gc,phases,start] GC(65) Phase 3: Adjust pointers
[99.682s][info][gc,phases      ] GC(65) Phase 3: Adjust pointers 8.174ms
[99.682s][info][gc,phases,start] GC(65) Phase 4: Move objects
[99.682s][info][gc,phases      ] GC(65) Phase 4: Move objects 0.009ms
[99.682s][info][gc,heap        ] GC(65) DefNew: 278983K(2516544K)->0K(2516544K) Eden: 278726K(2236928K)->0K(2236928K) From: 256K(279616K)->0K(279616K)
[99.682s][info][gc,heap        ] GC(65) Tenured: 5549K(5592448K)->5550K(5592448K)
[99.682s][info][gc,metaspace   ] GC(65) Metaspace: 14270K(14592K)->14270K(14592K) NonClass: 12389K(12608K)->12389K(12608K) Class: 1881K(1984K)->1881K(1984K)
[99.683s][info][gc             ] GC(65) Pause Full (System.gc()) 277M->5M(7918M) 49.919ms
[99.683s][info][gc,cpu         ] GC(65) User=0.05s Sys=0.00s Real=0.05s
[101.584s][info][gc,start       ] GC(66) Pause Full (System.gc())
[101.584s][info][gc,phases,start] GC(66) Phase 1: Mark live objects
[101.653s][info][gc,phases      ] GC(66) Phase 1: Mark live objects 68.989ms
[101.654s][info][gc,phases,start] GC(66) Phase 2: Compute new object addresses
[101.887s][info][gc,phases      ] GC(66) Phase 2: Compute new object addresses 233.927ms
[101.888s][info][gc,phases,start] GC(66) Phase 3: Adjust pointers
[101.894s][info][gc,phases      ] GC(66) Phase 3: Adjust pointers 6.711ms
[101.894s][info][gc,phases,start] GC(66) Phase 4: Move objects
[101.894s][info][gc,phases      ] GC(66) Phase 4: Move objects 0.009ms
[101.894s][info][gc,heap        ] GC(66) DefNew: 2072912K(2516544K)->0K(2516544K) Eden: 2072912K(2236928K)->0K(2236928K) From: 0K(279616K)->0K(279616K)
[101.894s][info][gc,heap        ] GC(66) Tenured: 5550K(5592448K)->5550K(5592448K)
[101.894s][info][gc,metaspace   ] GC(66) Metaspace: 14270K(14592K)->14270K(14592K) NonClass: 12389K(12608K)->12389K(12608K) Class: 1881K(1984K)->1881K(1984K)
[101.894s][info][gc             ] GC(66) Pause Full (System.gc()) 2029M->5M(7918M) 309.977ms
[101.894s][info][gc,cpu         ] GC(66) User=0.23s Sys=0.00s Real=0.30s
[103.917s][info][gc,start       ] GC(67) Pause Young (Allocation Failure)
[103.942s][info][gc,heap        ] GC(67) DefNew: 2236928K(2516544K)->198K(2516544K) Eden: 2236928K(2236928K)->0K(2236928K) From: 0K(279616K)->198K(279616K)
[103.942s][info][gc,heap        ] GC(67) Tenured: 5550K(5592448K)->5550K(5592448K)
[103.942s][info][gc,metaspace   ] GC(67) Metaspace: 14270K(14592K)->14270K(14592K) NonClass: 12389K(12608K)->12389K(12608K) Class: 1881K(1984K)->1881K(1984K)
[103.942s][info][gc             ] GC(67) Pause Young (Allocation Failure) 2189M->5M(7918M) 25.518ms
[103.942s][info][gc,cpu         ] GC(67) User=0.00s Sys=0.00s Real=0.02s
[104.027s][info][gc,start       ] GC(68) Pause Full (System.gc())
[104.027s][info][gc,phases,start] GC(68) Phase 1: Mark live objects
[104.037s][info][gc,phases      ] GC(68) Phase 1: Mark live objects 9.088ms
[104.037s][info][gc,phases,start] GC(68) Phase 2: Compute new object addresses
[104.044s][info][gc,phases      ] GC(68) Phase 2: Compute new object addresses 7.592ms
[104.044s][info][gc,phases,start] GC(68) Phase 3: Adjust pointers
[104.050s][info][gc,phases      ] GC(68) Phase 3: Adjust pointers 5.619ms
[104.050s][info][gc,phases,start] GC(68) Phase 4: Move objects
[104.050s][info][gc,phases      ] GC(68) Phase 4: Move objects 0.009ms
[104.050s][info][gc,heap        ] GC(68) DefNew: 84536K(2516544K)->0K(2516544K) Eden: 84337K(2236928K)->0K(2236928K) From: 198K(279616K)->0K(279616K)
[104.050s][info][gc,heap        ] GC(68) Tenured: 5550K(5592448K)->5550K(5592448K)
[104.050s][info][gc,metaspace   ] GC(68) Metaspace: 14270K(14592K)->14270K(14592K) NonClass: 12389K(12608K)->12389K(12608K) Class: 1881K(1984K)->1881K(1984K)
[104.050s][info][gc             ] GC(68) Pause Full (System.gc()) 87M->5M(7918M) 22.619ms
[104.050s][info][gc,cpu         ] GC(68) User=0.00s Sys=0.00s Real=0.01s
[105.973s][info][gc,start       ] GC(69) Pause Full (System.gc())
[105.973s][info][gc,phases,start] GC(69) Phase 1: Mark live objects
[106.050s][info][gc,phases      ] GC(69) Phase 1: Mark live objects 76.223ms
[106.050s][info][gc,phases,start] GC(69) Phase 2: Compute new object addresses
[106.290s][info][gc,phases      ] GC(69) Phase 2: Compute new object addresses 240.446ms
[106.290s][info][gc,phases,start] GC(69) Phase 3: Adjust pointers
[106.298s][info][gc,phases      ] GC(69) Phase 3: Adjust pointers 8.003ms
[106.298s][info][gc,phases,start] GC(69) Phase 4: Move objects
[106.298s][info][gc,phases      ] GC(69) Phase 4: Move objects 0.010ms
[106.298s][info][gc,heap        ] GC(69) DefNew: 2147477K(2516544K)->0K(2516544K) Eden: 2147477K(2236928K)->0K(2236928K) From: 0K(279616K)->0K(279616K)
[106.298s][info][gc,heap        ] GC(69) Tenured: 5550K(5592448K)->5549K(5592448K)
[106.298s][info][gc,metaspace   ] GC(69) Metaspace: 14270K(14592K)->14270K(14592K) NonClass: 12389K(12608K)->12389K(12608K) Class: 1881K(1984K)->1881K(1984K)
[106.298s][info][gc             ] GC(69) Pause Full (System.gc()) 2102M->5M(7918M) 324.956ms
[106.298s][info][gc,cpu         ] GC(69) User=0.31s Sys=0.00s Real=0.31s
[108.352s][info][gc,start       ] GC(70) Pause Young (Allocation Failure)
[108.411s][info][gc,heap        ] GC(70) DefNew: 2236928K(2516544K)->170K(2516544K) Eden: 2236928K(2236928K)->0K(2236928K) From: 0K(279616K)->170K(279616K)
[108.411s][info][gc,heap        ] GC(70) Tenured: 5549K(5592448K)->5549K(5592448K)
[108.411s][info][gc,metaspace   ] GC(70) Metaspace: 14270K(14592K)->14270K(14592K) NonClass: 12389K(12608K)->12389K(12608K) Class: 1881K(1984K)->1881K(1984K)
[108.411s][info][gc             ] GC(70) Pause Young (Allocation Failure) 2189M->5M(7918M) 59.355ms
[108.411s][info][gc,cpu         ] GC(70) User=0.05s Sys=0.00s Real=0.06s
[108.463s][info][gc,start       ] GC(71) Pause Full (System.gc())
[108.463s][info][gc,phases,start] GC(71) Phase 1: Mark live objects
[108.473s][info][gc,phases      ] GC(71) Phase 1: Mark live objects 10.567ms
[108.474s][info][gc,phases,start] GC(71) Phase 2: Compute new object addresses
[108.480s][info][gc,phases      ] GC(71) Phase 2: Compute new object addresses 6.075ms
[108.480s][info][gc,phases,start] GC(71) Phase 3: Adjust pointers
[108.487s][info][gc,phases      ] GC(71) Phase 3: Adjust pointers 6.889ms
[108.487s][info][gc,phases,start] GC(71) Phase 4: Move objects
[108.487s][info][gc,phases      ] GC(71) Phase 4: Move objects 0.009ms
[108.487s][info][gc,heap        ] GC(71) DefNew: 69967K(2516544K)->0K(2516544K) Eden: 69797K(2236928K)->0K(2236928K) From: 170K(279616K)->0K(279616K)
[108.487s][info][gc,heap        ] GC(71) Tenured: 5549K(5592448K)->5549K(5592448K)
[108.487s][info][gc,metaspace   ] GC(71) Metaspace: 14270K(14592K)->14270K(14592K) NonClass: 12389K(12608K)->12389K(12608K) Class: 1881K(1984K)->1881K(1984K)
[108.487s][info][gc             ] GC(71) Pause Full (System.gc()) 73M->5M(7918M) 23.808ms
[108.487s][info][gc,cpu         ] GC(71) User=0.02s Sys=0.00s Real=0.02s
[110.404s][info][gc,start       ] GC(72) Pause Full (System.gc())
[110.404s][info][gc,phases,start] GC(72) Phase 1: Mark live objects
[110.436s][info][gc,phases      ] GC(72) Phase 1: Mark live objects 32.121ms
[110.436s][info][gc,phases,start] GC(72) Phase 2: Compute new object addresses
[110.668s][info][gc,phases      ] GC(72) Phase 2: Compute new object addresses 231.584ms
[110.668s][info][gc,phases,start] GC(72) Phase 3: Adjust pointers
[110.673s][info][gc,phases      ] GC(72) Phase 3: Adjust pointers 5.353ms
[110.673s][info][gc,phases,start] GC(72) Phase 4: Move objects
[110.673s][info][gc,phases      ] GC(72) Phase 4: Move objects 0.009ms
[110.673s][info][gc,heap        ] GC(72) DefNew: 2112185K(2516544K)->0K(2516544K) Eden: 2112185K(2236928K)->0K(2236928K) From: 0K(279616K)->0K(279616K)
[110.673s][info][gc,heap        ] GC(72) Tenured: 5549K(5592448K)->5550K(5592448K)
[110.673s][info][gc,metaspace   ] GC(72) Metaspace: 14272K(14592K)->14272K(14592K) NonClass: 12391K(12608K)->12391K(12608K) Class: 1881K(1984K)->1881K(1984K)
[110.673s][info][gc             ] GC(72) Pause Full (System.gc()) 2068M->5M(7918M) 269.350ms
[110.673s][info][gc,cpu         ] GC(72) User=0.27s Sys=0.00s Real=0.27s
[112.709s][info][gc,start       ] GC(73) Pause Young (Allocation Failure)
[112.780s][info][gc,heap        ] GC(73) DefNew: 2236928K(2516544K)->228K(2516544K) Eden: 2236928K(2236928K)->0K(2236928K) From: 0K(279616K)->228K(279616K)
[112.780s][info][gc,heap        ] GC(73) Tenured: 5550K(5592448K)->5550K(5592448K)
[112.780s][info][gc,metaspace   ] GC(73) Metaspace: 14272K(14592K)->14272K(14592K) NonClass: 12391K(12608K)->12391K(12608K) Class: 1881K(1984K)->1881K(1984K)
[112.780s][info][gc             ] GC(73) Pause Young (Allocation Failure) 2189M->5M(7918M) 70.662ms
[112.780s][info][gc,cpu         ] GC(73) User=0.06s Sys=0.00s Real=0.06s
[112.895s][info][gc,start       ] GC(74) Pause Full (System.gc())
[112.895s][info][gc,phases,start] GC(74) Phase 1: Mark live objects
[112.908s][info][gc,phases      ] GC(74) Phase 1: Mark live objects 12.855ms
[112.908s][info][gc,phases,start] GC(74) Phase 2: Compute new object addresses
[112.920s][info][gc,phases      ] GC(74) Phase 2: Compute new object addresses 12.195ms
[112.920s][info][gc,phases,start] GC(74) Phase 3: Adjust pointers
[112.929s][info][gc,phases      ] GC(74) Phase 3: Adjust pointers 8.828ms
[112.929s][info][gc,phases,start] GC(74) Phase 4: Move objects
[112.929s][info][gc,phases      ] GC(74) Phase 4: Move objects 0.009ms
[112.929s][info][gc,heap        ] GC(74) DefNew: 128856K(2516544K)->0K(2516544K) Eden: 128628K(2236928K)->0K(2236928K) From: 228K(279616K)->0K(279616K)
[112.929s][info][gc,heap        ] GC(74) Tenured: 5550K(5592448K)->5550K(5592448K)
[112.929s][info][gc,metaspace   ] GC(74) Metaspace: 14272K(14592K)->14272K(14592K) NonClass: 12391K(12608K)->12391K(12608K) Class: 1881K(1984K)->1881K(1984K)
[112.929s][info][gc             ] GC(74) Pause Full (System.gc()) 131M->5M(7918M) 34.164ms
[112.929s][info][gc,cpu         ] GC(74) User=0.03s Sys=0.00s Real=0.03s
[114.896s][info][gc,start       ] GC(75) Pause Full (System.gc())
[114.896s][info][gc,phases,start] GC(75) Phase 1: Mark live objects
[114.962s][info][gc,phases      ] GC(75) Phase 1: Mark live objects 66.444ms
[114.962s][info][gc,phases,start] GC(75) Phase 2: Compute new object addresses
[115.205s][info][gc,phases      ] GC(75) Phase 2: Compute new object addresses 242.531ms
[115.205s][info][gc,phases,start] GC(75) Phase 3: Adjust pointers
[115.212s][info][gc,phases      ] GC(75) Phase 3: Adjust pointers 6.932ms
[115.212s][info][gc,phases,start] GC(75) Phase 4: Move objects
[115.212s][info][gc,phases      ] GC(75) Phase 4: Move objects 0.010ms
[115.212s][info][gc,heap        ] GC(75) DefNew: 2162389K(2516544K)->0K(2516544K) Eden: 2162389K(2236928K)->0K(2236928K) From: 0K(279616K)->0K(279616K)
[115.212s][info][gc,heap        ] GC(75) Tenured: 5550K(5592448K)->5549K(5592448K)
[115.212s][info][gc,metaspace   ] GC(75) Metaspace: 14272K(14592K)->14272K(14592K) NonClass: 12391K(12608K)->12391K(12608K) Class: 1881K(1984K)->1881K(1984K)
[115.212s][info][gc             ] GC(75) Pause Full (System.gc()) 2117M->5M(7918M) 316.233ms
[115.212s][info][gc,cpu         ] GC(75) User=0.30s Sys=0.00s Real=0.31s
[117.338s][info][gc,start       ] GC(76) Pause Young (Allocation Failure)
[117.368s][info][gc,heap        ] GC(76) DefNew: 2236928K(2516544K)->0K(2516544K) Eden: 2236928K(2236928K)->0K(2236928K) From: 0K(279616K)->0K(279616K)
[117.369s][info][gc,heap        ] GC(76) Tenured: 5549K(5592448K)->5549K(5592448K)
[117.369s][info][gc,metaspace   ] GC(76) Metaspace: 14272K(14592K)->14272K(14592K) NonClass: 12391K(12608K)->12391K(12608K) Class: 1881K(1984K)->1881K(1984K)
[117.369s][info][gc             ] GC(76) Pause Young (Allocation Failure) 2189M->5M(7918M) 30.649ms
[117.369s][info][gc,cpu         ] GC(76) User=0.00s Sys=0.00s Real=0.03s
[117.370s][info][gc,start       ] GC(77) Pause Full (System.gc())
[117.370s][info][gc,phases,start] GC(77) Phase 1: Mark live objects
[117.378s][info][gc,phases      ] GC(77) Phase 1: Mark live objects 7.937ms
[117.378s][info][gc,phases,start] GC(77) Phase 2: Compute new object addresses
[117.379s][info][gc,phases      ] GC(77) Phase 2: Compute new object addresses 1.070ms
[117.379s][info][gc,phases,start] GC(77) Phase 3: Adjust pointers
[117.385s][info][gc,phases      ] GC(77) Phase 3: Adjust pointers 6.052ms
[117.385s][info][gc,phases,start] GC(77) Phase 4: Move objects
[117.385s][info][gc,phases      ] GC(77) Phase 4: Move objects 0.009ms
[117.386s][info][gc,heap        ] GC(77) DefNew: 3K(2516544K)->0K(2516544K) Eden: 2K(2236928K)->0K(2236928K) From: 0K(279616K)->0K(279616K)
[117.386s][info][gc,heap        ] GC(77) Tenured: 5549K(5592448K)->5550K(5592448K)
[117.386s][info][gc,metaspace   ] GC(77) Metaspace: 14272K(14592K)->14272K(14592K) NonClass: 12391K(12608K)->12391K(12608K) Class: 1881K(1984K)->1881K(1984K)
[117.386s][info][gc             ] GC(77) Pause Full (System.gc()) 5M->5M(7918M) 15.334ms
[117.386s][info][gc,cpu         ] GC(77) User=0.00s Sys=0.00s Real=0.02s
[119.342s][info][gc,start       ] GC(78) Pause Young (Allocation Failure)
[119.414s][info][gc,heap        ] GC(78) DefNew: 2236928K(2516544K)->0K(2516544K) Eden: 2236928K(2236928K)->0K(2236928K) From: 0K(279616K)->0K(279616K)
[119.414s][info][gc,heap        ] GC(78) Tenured: 5550K(5592448K)->5550K(5592448K)
[119.414s][info][gc,metaspace   ] GC(78) Metaspace: 14272K(14592K)->14272K(14592K) NonClass: 12391K(12608K)->12391K(12608K) Class: 1881K(1984K)->1881K(1984K)
[119.414s][info][gc             ] GC(78) Pause Young (Allocation Failure) 2189M->5M(7918M) 72.607ms
[119.414s][info][gc,cpu         ] GC(78) User=0.06s Sys=0.00s Real=0.06s
[119.416s][info][gc,start       ] GC(79) Pause Full (System.gc())
[119.416s][info][gc,phases,start] GC(79) Phase 1: Mark live objects
[119.428s][info][gc,phases      ] GC(79) Phase 1: Mark live objects 12.152ms
[119.428s][info][gc,phases,start] GC(79) Phase 2: Compute new object addresses
[119.429s][info][gc,phases      ] GC(79) Phase 2: Compute new object addresses 1.071ms
[119.429s][info][gc,phases,start] GC(79) Phase 3: Adjust pointers
[119.439s][info][gc,phases      ] GC(79) Phase 3: Adjust pointers 9.223ms
[119.439s][info][gc,phases,start] GC(79) Phase 4: Move objects
[119.439s][info][gc,phases      ] GC(79) Phase 4: Move objects 0.009ms
[119.439s][info][gc,heap        ] GC(79) DefNew: 3K(2516544K)->0K(2516544K) Eden: 2K(2236928K)->0K(2236928K) From: 0K(279616K)->0K(279616K)
[119.439s][info][gc,heap        ] GC(79) Tenured: 5550K(5592448K)->5550K(5592448K)
[119.439s][info][gc,metaspace   ] GC(79) Metaspace: 14272K(14592K)->14272K(14592K) NonClass: 12391K(12608K)->12391K(12608K) Class: 1881K(1984K)->1881K(1984K)
[119.439s][info][gc             ] GC(79) Pause Full (System.gc()) 5M->5M(7918M) 22.719ms
[119.439s][info][gc,cpu         ] GC(79) User=0.03s Sys=0.00s Real=0.03s
[121.454s][info][gc,start       ] GC(80) Pause Young (Allocation Failure)
[121.523s][info][gc,heap        ] GC(80) DefNew: 2236928K(2516544K)->198K(2516544K) Eden: 2236928K(2236928K)->0K(2236928K) From: 0K(279616K)->198K(279616K)
[121.523s][info][gc,heap        ] GC(80) Tenured: 5550K(5592448K)->5550K(5592448K)
[121.523s][info][gc,metaspace   ] GC(80) Metaspace: 14272K(14592K)->14272K(14592K) NonClass: 12391K(12608K)->12391K(12608K) Class: 1881K(1984K)->1881K(1984K)
[121.523s][info][gc             ] GC(80) Pause Young (Allocation Failure) 2189M->5M(7918M) 69.409ms
[121.523s][info][gc,cpu         ] GC(80) User=0.06s Sys=0.00s Real=0.06s
[121.591s][info][gc,start       ] GC(81) Pause Full (System.gc())
[121.591s][info][gc,phases,start] GC(81) Phase 1: Mark live objects
[121.603s][info][gc,phases      ] GC(81) Phase 1: Mark live objects 11.284ms
[121.603s][info][gc,phases,start] GC(81) Phase 2: Compute new object addresses
[121.610s][info][gc,phases      ] GC(81) Phase 2: Compute new object addresses 7.694ms
[121.610s][info][gc,phases,start] GC(81) Phase 3: Adjust pointers
[121.618s][info][gc,phases      ] GC(81) Phase 3: Adjust pointers 7.383ms
[121.618s][info][gc,phases,start] GC(81) Phase 4: Move objects
[121.618s][info][gc,phases      ] GC(81) Phase 4: Move objects 0.010ms
[121.618s][info][gc,heap        ] GC(81) DefNew: 150525K(2516544K)->0K(2516544K) Eden: 150326K(2236928K)->0K(2236928K) From: 198K(279616K)->0K(279616K)
[121.618s][info][gc,heap        ] GC(81) Tenured: 5550K(5592448K)->5550K(5592448K)
[121.618s][info][gc,metaspace   ] GC(81) Metaspace: 14272K(14592K)->14272K(14592K) NonClass: 12391K(12608K)->12391K(12608K) Class: 1881K(1984K)->1881K(1984K)
[121.618s][info][gc             ] GC(81) Pause Full (System.gc()) 152M->5M(7918M) 26.630ms
[121.618s][info][gc,cpu         ] GC(81) User=0.02s Sys=0.00s Real=0.02s
[123.581s][info][gc,start       ] GC(82) Pause Full (System.gc())
[123.581s][info][gc,phases,start] GC(82) Phase 1: Mark live objects
[123.621s][info][gc,phases      ] GC(82) Phase 1: Mark live objects 39.373ms
[123.621s][info][gc,phases,start] GC(82) Phase 2: Compute new object addresses
[123.860s][info][gc,phases      ] GC(82) Phase 2: Compute new object addresses 238.809ms
[123.860s][info][gc,phases,start] GC(82) Phase 3: Adjust pointers
[123.866s][info][gc,phases      ] GC(82) Phase 3: Adjust pointers 5.941ms
[123.866s][info][gc,phases,start] GC(82) Phase 4: Move objects
[123.866s][info][gc,phases      ] GC(82) Phase 4: Move objects 0.010ms
[123.866s][info][gc,heap        ] GC(82) DefNew: 2169843K(2516544K)->0K(2516544K) Eden: 2169843K(2236928K)->0K(2236928K) From: 0K(279616K)->0K(279616K)
[123.866s][info][gc,heap        ] GC(82) Tenured: 5550K(5592448K)->5549K(5592448K)
[123.866s][info][gc,metaspace   ] GC(82) Metaspace: 14272K(14592K)->14272K(14592K) NonClass: 12391K(12608K)->12391K(12608K) Class: 1881K(1984K)->1881K(1984K)
[123.866s][info][gc             ] GC(82) Pause Full (System.gc()) 2124M->5M(7918M) 284.408ms
[123.866s][info][gc,cpu         ] GC(82) User=0.28s Sys=0.00s Real=0.28s
[125.903s][info][gc,start       ] GC(83) Pause Young (Allocation Failure)
[125.973s][info][gc,heap        ] GC(83) DefNew: 2236928K(2516544K)->257K(2516544K) Eden: 2236928K(2236928K)->0K(2236928K) From: 0K(279616K)->257K(279616K)
[125.973s][info][gc,heap        ] GC(83) Tenured: 5549K(5592448K)->5549K(5592448K)
[125.973s][info][gc,metaspace   ] GC(83) Metaspace: 14273K(14592K)->14273K(14592K) NonClass: 12391K(12608K)->12391K(12608K) Class: 1881K(1984K)->1881K(1984K)
[125.973s][info][gc             ] GC(83) Pause Young (Allocation Failure) 2189M->5M(7918M) 69.473ms
[125.973s][info][gc,cpu         ] GC(83) User=0.05s Sys=0.00s Real=0.06s
[126.072s][info][gc,start       ] GC(84) Pause Full (System.gc())
[126.072s][info][gc,phases,start] GC(84) Phase 1: Mark live objects
[126.085s][info][gc,phases      ] GC(84) Phase 1: Mark live objects 13.335ms
[126.085s][info][gc,phases,start] GC(84) Phase 2: Compute new object addresses
[126.094s][info][gc,phases      ] GC(84) Phase 2: Compute new object addresses 9.114ms
[126.094s][info][gc,phases,start] GC(84) Phase 3: Adjust pointers
[126.103s][info][gc,phases      ] GC(84) Phase 3: Adjust pointers 8.990ms
[126.103s][info][gc,phases,start] GC(84) Phase 4: Move objects
[126.103s][info][gc,phases      ] GC(84) Phase 4: Move objects 0.009ms
[126.103s][info][gc,heap        ] GC(84) DefNew: 128885K(2516544K)->0K(2516544K) Eden: 128628K(2236928K)->0K(2236928K) From: 257K(279616K)->0K(279616K)
[126.103s][info][gc,heap        ] GC(84) Tenured: 5549K(5592448K)->5550K(5592448K)
[126.103s][info][gc,metaspace   ] GC(84) Metaspace: 14273K(14592K)->14273K(14592K) NonClass: 12391K(12608K)->12391K(12608K) Class: 1881K(1984K)->1881K(1984K)
[126.103s][info][gc             ] GC(84) Pause Full (System.gc()) 131M->5M(7918M) 31.718ms
[126.103s][info][gc,cpu         ] GC(84) User=0.00s Sys=0.00s Real=0.03s
[128.049s][info][gc,start       ] GC(85) Pause Full (System.gc())
[128.049s][info][gc,phases,start] GC(85) Phase 1: Mark live objects
[128.127s][info][gc,phases      ] GC(85) Phase 1: Mark live objects 78.484ms
[128.128s][info][gc,phases,start] GC(85) Phase 2: Compute new object addresses
[128.369s][info][gc,phases      ] GC(85) Phase 2: Compute new object addresses 241.594ms
[128.369s][info][gc,phases,start] GC(85) Phase 3: Adjust pointers
[128.376s][info][gc,phases      ] GC(85) Phase 3: Adjust pointers 7.218ms
[128.376s][info][gc,phases,start] GC(85) Phase 4: Move objects
[128.376s][info][gc,phases      ] GC(85) Phase 4: Move objects 0.009ms
[128.376s][info][gc,heap        ] GC(85) DefNew: 2162391K(2516544K)->0K(2516544K) Eden: 2162391K(2236928K)->0K(2236928K) From: 0K(279616K)->0K(279616K)
[128.376s][info][gc,heap        ] GC(85) Tenured: 5550K(5592448K)->5550K(5592448K)
[128.376s][info][gc,metaspace   ] GC(85) Metaspace: 14273K(14592K)->14273K(14592K) NonClass: 12391K(12608K)->12391K(12608K) Class: 1881K(1984K)->1881K(1984K)
[128.377s][info][gc             ] GC(85) Pause Full (System.gc()) 2117M->5M(7918M) 327.632ms
[128.377s][info][gc,cpu         ] GC(85) User=0.33s Sys=0.00s Real=0.33s
[130.502s][info][gc,start       ] GC(86) Pause Young (Allocation Failure)
[130.539s][info][gc,heap        ] GC(86) DefNew: 2236928K(2516544K)->0K(2516544K) Eden: 2236928K(2236928K)->0K(2236928K) From: 0K(279616K)->0K(279616K)
[130.539s][info][gc,heap        ] GC(86) Tenured: 5550K(5592448K)->5550K(5592448K)
[130.539s][info][gc,metaspace   ] GC(86) Metaspace: 14273K(14592K)->14273K(14592K) NonClass: 12391K(12608K)->12391K(12608K) Class: 1881K(1984K)->1881K(1984K)
[130.539s][info][gc             ] GC(86) Pause Young (Allocation Failure) 2189M->5M(7918M) 37.077ms
[130.539s][info][gc,cpu         ] GC(86) User=0.00s Sys=0.00s Real=0.03s
[130.540s][info][gc,start       ] GC(87) Pause Full (System.gc())
[130.540s][info][gc,phases,start] GC(87) Phase 1: Mark live objects
[130.549s][info][gc,phases      ] GC(87) Phase 1: Mark live objects 8.799ms
[130.549s][info][gc,phases,start] GC(87) Phase 2: Compute new object addresses
[130.550s][info][gc,phases      ] GC(87) Phase 2: Compute new object addresses 1.086ms
[130.550s][info][gc,phases,start] GC(87) Phase 3: Adjust pointers
[130.556s][info][gc,phases      ] GC(87) Phase 3: Adjust pointers 5.990ms
[130.556s][info][gc,phases,start] GC(87) Phase 4: Move objects
[130.556s][info][gc,phases      ] GC(87) Phase 4: Move objects 0.009ms
[130.556s][info][gc,heap        ] GC(87) DefNew: 3K(2516544K)->0K(2516544K) Eden: 2K(2236928K)->0K(2236928K) From: 0K(279616K)->0K(279616K)
[130.556s][info][gc,heap        ] GC(87) Tenured: 5550K(5592448K)->5550K(5592448K)
[130.556s][info][gc,metaspace   ] GC(87) Metaspace: 14273K(14592K)->14273K(14592K) NonClass: 12391K(12608K)->12391K(12608K) Class: 1881K(1984K)->1881K(1984K)
[130.556s][info][gc             ] GC(87) Pause Full (System.gc()) 5M->5M(7918M) 16.130ms
[130.556s][info][gc,cpu         ] GC(87) User=0.00s Sys=0.00s Real=0.01s
[132.506s][info][gc,start       ] GC(88) Pause Full (System.gc())
[132.506s][info][gc,phases,start] GC(88) Phase 1: Mark live objects
[132.577s][info][gc,phases      ] GC(88) Phase 1: Mark live objects 71.268ms
[132.577s][info][gc,phases,start] GC(88) Phase 2: Compute new object addresses
[132.822s][info][gc,phases      ] GC(88) Phase 2: Compute new object addresses 244.555ms
[132.822s][info][gc,phases,start] GC(88) Phase 3: Adjust pointers
[132.830s][info][gc,phases      ] GC(88) Phase 3: Adjust pointers 8.406ms
[132.830s][info][gc,phases,start] GC(88) Phase 4: Move objects
[132.830s][info][gc,phases      ] GC(88) Phase 4: Move objects 0.010ms
[132.830s][info][gc,heap        ] GC(88) DefNew: 2192212K(2516544K)->0K(2516544K) Eden: 2192212K(2236928K)->0K(2236928K) From: 0K(279616K)->0K(279616K)
[132.830s][info][gc,heap        ] GC(88) Tenured: 5550K(5592448K)->5549K(5592448K)
[132.830s][info][gc,metaspace   ] GC(88) Metaspace: 14273K(14592K)->14273K(14592K) NonClass: 12391K(12608K)->12391K(12608K) Class: 1881K(1984K)->1881K(1984K)
[132.830s][info][gc             ] GC(88) Pause Full (System.gc()) 2146M->5M(7918M) 324.566ms
[132.830s][info][gc,cpu         ] GC(88) User=0.30s Sys=0.00s Real=0.32s
[134.836s][info][gc,start       ] GC(89) Pause Young (Allocation Failure)
[134.909s][info][gc,heap        ] GC(89) DefNew: 2236928K(2516544K)->227K(2516544K) Eden: 2236928K(2236928K)->0K(2236928K) From: 0K(279616K)->227K(279616K)
[134.909s][info][gc,heap        ] GC(89) Tenured: 5549K(5592448K)->5549K(5592448K)
[134.909s][info][gc,metaspace   ] GC(89) Metaspace: 14273K(14592K)->14273K(14592K) NonClass: 12391K(12608K)->12391K(12608K) Class: 1881K(1984K)->1881K(1984K)
[134.909s][info][gc             ] GC(89) Pause Young (Allocation Failure) 2189M->5M(7918M) 73.160ms
[134.909s][info][gc,cpu         ] GC(89) User=0.06s Sys=0.00s Real=0.06s
[135.025s][info][gc,start       ] GC(90) Pause Full (System.gc())
[135.025s][info][gc,phases,start] GC(90) Phase 1: Mark live objects
[135.038s][info][gc,phases      ] GC(90) Phase 1: Mark live objects 12.846ms
[135.038s][info][gc,phases,start] GC(90) Phase 2: Compute new object addresses
[135.051s][info][gc,phases      ] GC(90) Phase 2: Compute new object addresses 13.007ms
[135.051s][info][gc,phases,start] GC(90) Phase 3: Adjust pointers
[135.060s][info][gc,phases      ] GC(90) Phase 3: Adjust pointers 8.531ms
[135.060s][info][gc,phases,start] GC(90) Phase 4: Move objects
[135.060s][info][gc,phases      ] GC(90) Phase 4: Move objects 0.010ms
[135.060s][info][gc,heap        ] GC(90) DefNew: 176502K(2516544K)->0K(2516544K) Eden: 176275K(2236928K)->0K(2236928K) From: 227K(279616K)->0K(279616K)
[135.060s][info][gc,heap        ] GC(90) Tenured: 5549K(5592448K)->5549K(5592448K)
[135.060s][info][gc,metaspace   ] GC(90) Metaspace: 14273K(14592K)->14273K(14592K) NonClass: 12391K(12608K)->12391K(12608K) Class: 1881K(1984K)->1881K(1984K)
[135.060s][info][gc             ] GC(90) Pause Full (System.gc()) 177M->5M(7918M) 34.692ms
[135.060s][info][gc,cpu         ] GC(90) User=0.00s Sys=0.00s Real=0.03s
[136.998s][info][gc,start       ] GC(91) Pause Full (System.gc())
[136.998s][info][gc,phases,start] GC(91) Phase 1: Mark live objects
[137.047s][info][gc,phases      ] GC(91) Phase 1: Mark live objects 48.219ms
[137.047s][info][gc,phases,start] GC(91) Phase 2: Compute new object addresses
[137.281s][info][gc,phases      ] GC(91) Phase 2: Compute new object addresses 233.896ms
[137.281s][info][gc,phases,start] GC(91) Phase 3: Adjust pointers
[137.287s][info][gc,phases      ] GC(91) Phase 3: Adjust pointers 6.188ms
[137.287s][info][gc,phases,start] GC(91) Phase 4: Move objects
[137.287s][info][gc,phases      ] GC(91) Phase 4: Move objects 0.009ms
[137.287s][info][gc,heap        ] GC(91) DefNew: 2087825K(2516544K)->0K(2516544K) Eden: 2087825K(2236928K)->0K(2236928K) From: 0K(279616K)->0K(279616K)
[137.287s][info][gc,heap        ] GC(91) Tenured: 5549K(5592448K)->5550K(5592448K)
[137.287s][info][gc,metaspace   ] GC(91) Metaspace: 14273K(14592K)->14273K(14592K) NonClass: 12391K(12608K)->12391K(12608K) Class: 1881K(1984K)->1881K(1984K)
[137.287s][info][gc             ] GC(91) Pause Full (System.gc()) 2044M->5M(7918M) 288.613ms
[137.287s][info][gc,cpu         ] GC(91) User=0.28s Sys=0.00s Real=0.28s
[139.365s][info][gc,start       ] GC(92) Pause Young (Allocation Failure)
[139.380s][info][gc,heap        ] GC(92) DefNew: 2236928K(2516544K)->0K(2516544K) Eden: 2236928K(2236928K)->0K(2236928K) From: 0K(279616K)->0K(279616K)
[139.380s][info][gc,heap        ] GC(92) Tenured: 5550K(5592448K)->5550K(5592448K)
[139.380s][info][gc,metaspace   ] GC(92) Metaspace: 14273K(14592K)->14273K(14592K) NonClass: 12391K(12608K)->12391K(12608K) Class: 1881K(1984K)->1881K(1984K)
[139.380s][info][gc             ] GC(92) Pause Young (Allocation Failure) 2189M->5M(7918M) 14.549ms
[139.380s][info][gc,cpu         ] GC(92) User=0.00s Sys=0.00s Real=0.00s
[139.381s][info][gc,start       ] GC(93) Pause Full (System.gc())
[139.382s][info][gc,phases,start] GC(93) Phase 1: Mark live objects
[139.389s][info][gc,phases      ] GC(93) Phase 1: Mark live objects 7.610ms
[139.389s][info][gc,phases,start] GC(93) Phase 2: Compute new object addresses
[139.390s][info][gc,phases      ] GC(93) Phase 2: Compute new object addresses 1.065ms
[139.390s][info][gc,phases,start] GC(93) Phase 3: Adjust pointers
[139.395s][info][gc,phases      ] GC(93) Phase 3: Adjust pointers 4.814ms
[139.395s][info][gc,phases,start] GC(93) Phase 4: Move objects
[139.395s][info][gc,phases      ] GC(93) Phase 4: Move objects 0.009ms
[139.395s][info][gc,heap        ] GC(93) DefNew: 3K(2516544K)->0K(2516544K) Eden: 2K(2236928K)->0K(2236928K) From: 0K(279616K)->0K(279616K)
[139.395s][info][gc,heap        ] GC(93) Tenured: 5550K(5592448K)->5550K(5592448K)
[139.395s][info][gc,metaspace   ] GC(93) Metaspace: 14273K(14592K)->14273K(14592K) NonClass: 12391K(12608K)->12391K(12608K) Class: 1881K(1984K)->1881K(1984K)
[139.395s][info][gc             ] GC(93) Pause Full (System.gc()) 5M->5M(7918M) 13.791ms
[139.395s][info][gc,cpu         ] GC(93) User=0.00s Sys=0.00s Real=0.00s
[141.254s][info][gc,start       ] GC(94) Pause Young (Allocation Failure)
[141.323s][info][gc,heap        ] GC(94) DefNew: 2236928K(2516544K)->253K(2516544K) Eden: 2236928K(2236928K)->0K(2236928K) From: 0K(279616K)->253K(279616K)
[141.323s][info][gc,heap        ] GC(94) Tenured: 5550K(5592448K)->5550K(5592448K)
[141.323s][info][gc,metaspace   ] GC(94) Metaspace: 14273K(14592K)->14273K(14592K) NonClass: 12391K(12608K)->12391K(12608K) Class: 1881K(1984K)->1881K(1984K)
[141.323s][info][gc             ] GC(94) Pause Young (Allocation Failure) 2189M->5M(7918M) 69.236ms
[141.323s][info][gc,cpu         ] GC(94) User=0.05s Sys=0.00s Real=0.06s
[141.488s][info][gc,start       ] GC(95) Pause Full (System.gc())
[141.488s][info][gc,phases,start] GC(95) Phase 1: Mark live objects
[141.503s][info][gc,phases      ] GC(95) Phase 1: Mark live objects 14.080ms
[141.503s][info][gc,phases,start] GC(95) Phase 2: Compute new object addresses
[141.517s][info][gc,phases      ] GC(95) Phase 2: Compute new object addresses 14.146ms
[141.517s][info][gc,phases,start] GC(95) Phase 3: Adjust pointers
[141.525s][info][gc,phases      ] GC(95) Phase 3: Adjust pointers 7.837ms
[141.525s][info][gc,phases,start] GC(95) Phase 4: Move objects
[141.525s][info][gc,phases      ] GC(95) Phase 4: Move objects 0.010ms
[141.525s][info][gc,heap        ] GC(95) DefNew: 227530K(2516544K)->0K(2516544K) Eden: 227277K(2236928K)->0K(2236928K) From: 253K(279616K)->0K(279616K)
[141.525s][info][gc,heap        ] GC(95) Tenured: 5550K(5592448K)->5549K(5592448K)
[141.525s][info][gc,metaspace   ] GC(95) Metaspace: 14273K(14592K)->14273K(14592K) NonClass: 12391K(12608K)->12391K(12608K) Class: 1881K(1984K)->1881K(1984K)
[141.525s][info][gc             ] GC(95) Pause Full (System.gc()) 227M->5M(7918M) 36.364ms
[141.525s][info][gc,cpu         ] GC(95) User=0.03s Sys=0.00s Real=0.03s
[143.622s][info][gc,start       ] GC(96) Pause Young (Allocation Failure)
[143.677s][info][gc,heap        ] GC(96) DefNew: 2236928K(2516544K)->141K(2516544K) Eden: 2236928K(2236928K)->0K(2236928K) From: 0K(279616K)->141K(279616K)
[143.677s][info][gc,heap        ] GC(96) Tenured: 5549K(5592448K)->5549K(5592448K)
[143.677s][info][gc,metaspace   ] GC(96) Metaspace: 14273K(14592K)->14273K(14592K) NonClass: 12391K(12608K)->12391K(12608K) Class: 1881K(1984K)->1881K(1984K)
[143.677s][info][gc             ] GC(96) Pause Young (Allocation Failure) 2189M->5M(7918M) 55.328ms
[143.677s][info][gc,cpu         ] GC(96) User=0.05s Sys=0.00s Real=0.05s
[143.730s][info][gc,start       ] GC(97) Pause Full (System.gc())
[143.730s][info][gc,phases,start] GC(97) Phase 1: Mark live objects
[143.739s][info][gc,phases      ] GC(97) Phase 1: Mark live objects 9.715ms
[143.740s][info][gc,phases,start] GC(97) Phase 2: Compute new object addresses
[143.744s][info][gc,phases      ] GC(97) Phase 2: Compute new object addresses 4.003ms
[143.744s][info][gc,phases,start] GC(97) Phase 3: Adjust pointers
[143.751s][info][gc,phases      ] GC(97) Phase 3: Adjust pointers 7.265ms
[143.751s][info][gc,phases,start] GC(97) Phase 4: Move objects
[143.751s][info][gc,phases      ] GC(97) Phase 4: Move objects 0.009ms
[143.751s][info][gc,heap        ] GC(97) DefNew: 40710K(2516544K)->0K(2516544K) Eden: 40568K(2236928K)->0K(2236928K) From: 141K(279616K)->0K(279616K)
[143.751s][info][gc,heap        ] GC(97) Tenured: 5549K(5592448K)->5550K(5592448K)
[143.751s][info][gc,metaspace   ] GC(97) Metaspace: 14273K(14592K)->14273K(14592K) NonClass: 12391K(12608K)->12391K(12608K) Class: 1881K(1984K)->1881K(1984K)
[143.751s][info][gc             ] GC(97) Pause Full (System.gc()) 45M->5M(7918M) 21.304ms
[143.751s][info][gc,cpu         ] GC(97) User=0.02s Sys=0.00s Real=0.02s
[145.685s][info][gc,start       ] GC(98) Pause Full (System.gc())
[145.685s][info][gc,phases,start] GC(98) Phase 1: Mark live objects
[145.715s][info][gc,phases      ] GC(98) Phase 1: Mark live objects 29.926ms
[145.715s][info][gc,phases,start] GC(98) Phase 2: Compute new object addresses
[145.956s][info][gc,phases      ] GC(98) Phase 2: Compute new object addresses 240.990ms
[145.956s][info][gc,phases,start] GC(98) Phase 3: Adjust pointers
[145.961s][info][gc,phases      ] GC(98) Phase 3: Adjust pointers 5.405ms
[145.962s][info][gc,phases,start] GC(98) Phase 4: Move objects
[145.962s][info][gc,phases      ] GC(98) Phase 4: Move objects 0.009ms
[145.962s][info][gc,heap        ] GC(98) DefNew: 2147473K(2516544K)->0K(2516544K) Eden: 2147473K(2236928K)->0K(2236928K) From: 0K(279616K)->0K(279616K)
[145.962s][info][gc,heap        ] GC(98) Tenured: 5550K(5592448K)->5550K(5592448K)
[145.962s][info][gc,metaspace   ] GC(98) Metaspace: 14273K(14592K)->14273K(14592K) NonClass: 12391K(12608K)->12391K(12608K) Class: 1881K(1984K)->1881K(1984K)
[145.962s][info][gc             ] GC(98) Pause Full (System.gc()) 2102M->5M(7918M) 276.656ms
[145.962s][info][gc,cpu         ] GC(98) User=0.27s Sys=0.00s Real=0.27s
[147.967s][info][gc,start       ] GC(99) Pause Young (Allocation Failure)
[148.041s][info][gc,heap        ] GC(99) DefNew: 2236928K(2516544K)->227K(2516544K) Eden: 2236928K(2236928K)->0K(2236928K) From: 0K(279616K)->227K(279616K)
[148.041s][info][gc,heap        ] GC(99) Tenured: 5550K(5592448K)->5550K(5592448K)
[148.041s][info][gc,metaspace   ] GC(99) Metaspace: 14273K(14592K)->14273K(14592K) NonClass: 12391K(12608K)->12391K(12608K) Class: 1881K(1984K)->1881K(1984K)
[148.041s][info][gc             ] GC(99) Pause Young (Allocation Failure) 2189M->5M(7918M) 73.965ms
[148.041s][info][gc,cpu         ] GC(99) User=0.06s Sys=0.00s Real=0.07s
[148.191s][info][gc,start       ] GC(100) Pause Full (System.gc())
[148.191s][info][gc,phases,start] GC(100) Phase 1: Mark live objects
[148.205s][info][gc,phases      ] GC(100) Phase 1: Mark live objects 14.470ms
[148.205s][info][gc,phases,start] GC(100) Phase 2: Compute new object addresses
[148.221s][info][gc,phases      ] GC(100) Phase 2: Compute new object addresses 15.280ms
[148.221s][info][gc,phases,start] GC(100) Phase 3: Adjust pointers
[148.229s][info][gc,phases      ] GC(100) Phase 3: Adjust pointers 8.519ms
[148.229s][info][gc,phases,start] GC(100) Phase 4: Move objects
[148.229s][info][gc,phases      ] GC(100) Phase 4: Move objects 0.010ms
[148.229s][info][gc,heap        ] GC(100) DefNew: 172251K(2516544K)->0K(2516544K) Eden: 172024K(2236928K)->0K(2236928K) From: 227K(279616K)->0K(279616K)
[148.229s][info][gc,heap        ] GC(100) Tenured: 5550K(5592448K)->5550K(5592448K)
[148.229s][info][gc,metaspace   ] GC(100) Metaspace: 14273K(14592K)->14273K(14592K) NonClass: 12391K(12608K)->12391K(12608K) Class: 1881K(1984K)->1881K(1984K)
[148.229s][info][gc             ] GC(100) Pause Full (System.gc()) 173M->5M(7918M) 38.551ms
[148.229s][info][gc,cpu         ] GC(100) User=0.02s Sys=0.00s Real=0.03s
[150.147s][info][gc,start       ] GC(101) Pause Full (System.gc())
[150.147s][info][gc,phases,start] GC(101) Phase 1: Mark live objects
[150.215s][info][gc,phases      ] GC(101) Phase 1: Mark live objects 67.538ms
[150.215s][info][gc,phases,start] GC(101) Phase 2: Compute new object addresses
[150.452s][info][gc,phases      ] GC(101) Phase 2: Compute new object addresses 237.307ms
[150.452s][info][gc,phases,start] GC(101) Phase 3: Adjust pointers
[150.459s][info][gc,phases      ] GC(101) Phase 3: Adjust pointers 6.988ms
[150.459s][info][gc,phases,start] GC(101) Phase 4: Move objects
[150.459s][info][gc,phases      ] GC(101) Phase 4: Move objects 0.010ms
[150.459s][info][gc,heap        ] GC(101) DefNew: 2087825K(2516544K)->0K(2516544K) Eden: 2087825K(2236928K)->0K(2236928K) From: 0K(279616K)->0K(279616K)
[150.459s][info][gc,heap        ] GC(101) Tenured: 5550K(5592448K)->5550K(5592448K)
[150.459s][info][gc,metaspace   ] GC(101) Metaspace: 14273K(14592K)->14273K(14592K) NonClass: 12391K(12608K)->12391K(12608K) Class: 1881K(1984K)->1881K(1984K)
[150.459s][info][gc             ] GC(101) Pause Full (System.gc()) 2044M->5M(7918M) 312.120ms
[150.459s][info][gc,cpu         ] GC(101) User=0.30s Sys=0.00s Real=0.31s
[152.520s][info][gc,start       ] GC(102) Pause Young (Allocation Failure)
[152.555s][info][gc,heap        ] GC(102) DefNew: 2236928K(2516544K)->199K(2516544K) Eden: 2236928K(2236928K)->0K(2236928K) From: 0K(279616K)->199K(279616K)
[152.555s][info][gc,heap        ] GC(102) Tenured: 5550K(5592448K)->5550K(5592448K)
[152.555s][info][gc,metaspace   ] GC(102) Metaspace: 14273K(14592K)->14273K(14592K) NonClass: 12391K(12608K)->12391K(12608K) Class: 1881K(1984K)->1881K(1984K)
[152.555s][info][gc             ] GC(102) Pause Young (Allocation Failure) 2189M->5M(7918M) 35.632ms
[152.555s][info][gc,cpu         ] GC(102) User=0.00s Sys=0.00s Real=0.04s
[152.624s][info][gc,start       ] GC(103) Pause Full (System.gc())
[152.624s][info][gc,phases,start] GC(103) Phase 1: Mark live objects
[152.634s][info][gc,phases      ] GC(103) Phase 1: Mark live objects 9.767ms
[152.634s][info][gc,phases,start] GC(103) Phase 2: Compute new object addresses
[152.641s][info][gc,phases      ] GC(103) Phase 2: Compute new object addresses 7.542ms
[152.641s][info][gc,phases,start] GC(103) Phase 3: Adjust pointers
[152.647s][info][gc,phases      ] GC(103) Phase 3: Adjust pointers 6.312ms
[152.647s][info][gc,phases,start] GC(103) Phase 4: Move objects
[152.648s][info][gc,phases      ] GC(103) Phase 4: Move objects 0.014ms
[152.648s][info][gc,heap        ] GC(103) DefNew: 99299K(2516544K)->0K(2516544K) Eden: 99100K(2236928K)->0K(2236928K) From: 199K(279616K)->0K(279616K)
[152.648s][info][gc,heap        ] GC(103) Tenured: 5550K(5592448K)->5550K(5592448K)
[152.648s][info][gc,metaspace   ] GC(103) Metaspace: 14273K(14592K)->14273K(14592K) NonClass: 12391K(12608K)->12391K(12608K) Class: 1881K(1984K)->1881K(1984K)
[152.648s][info][gc             ] GC(103) Pause Full (System.gc()) 102M->5M(7918M) 23.910ms
[152.648s][info][gc,cpu         ] GC(103) User=0.02s Sys=0.00s Real=0.02s
[154.606s][info][gc,start       ] GC(104) Pause Full (System.gc())
[154.606s][info][gc,phases,start] GC(104) Phase 1: Mark live objects
[154.677s][info][gc,phases      ] GC(104) Phase 1: Mark live objects 71.051ms
[154.677s][info][gc,phases,start] GC(104) Phase 2: Compute new object addresses
[154.925s][info][gc,phases      ] GC(104) Phase 2: Compute new object addresses 247.598ms
[154.925s][info][gc,phases,start] GC(104) Phase 3: Adjust pointers
[154.933s][info][gc,phases      ] GC(104) Phase 3: Adjust pointers 8.445ms
[154.933s][info][gc,phases,start] GC(104) Phase 4: Move objects
[154.933s][info][gc,phases      ] GC(104) Phase 4: Move objects 0.009ms
[154.933s][info][gc,heap        ] GC(104) DefNew: 2162391K(2516544K)->0K(2516544K) Eden: 2162391K(2236928K)->0K(2236928K) From: 0K(279616K)->0K(279616K)
[154.933s][info][gc,heap        ] GC(104) Tenured: 5550K(5592448K)->5550K(5592448K)
[154.933s][info][gc,metaspace   ] GC(104) Metaspace: 14273K(14592K)->14273K(14592K) NonClass: 12391K(12608K)->12391K(12608K) Class: 1881K(1984K)->1881K(1984K)
[154.933s][info][gc             ] GC(104) Pause Full (System.gc()) 2117M->5M(7918M) 327.407ms
[154.933s][info][gc,cpu         ] GC(104) User=0.31s Sys=0.00s Real=0.31s
[156.994s][info][gc,start       ] GC(105) Pause Young (Allocation Failure)
[157.069s][info][gc,heap        ] GC(105) DefNew: 2236928K(2516544K)->140K(2516544K) Eden: 2236928K(2236928K)->0K(2236928K) From: 0K(279616K)->140K(279616K)
[157.069s][info][gc,heap        ] GC(105) Tenured: 5550K(5592448K)->5550K(5592448K)
[157.069s][info][gc,metaspace   ] GC(105) Metaspace: 14273K(14592K)->14273K(14592K) NonClass: 12391K(12608K)->12391K(12608K) Class: 1881K(1984K)->1881K(1984K)
[157.069s][info][gc             ] GC(105) Pause Young (Allocation Failure) 2189M->5M(7918M) 74.125ms
[157.069s][info][gc,cpu         ] GC(105) User=0.05s Sys=0.00s Real=0.07s
[157.121s][info][gc,start       ] GC(106) Pause Full (System.gc())
[157.121s][info][gc,phases,start] GC(106) Phase 1: Mark live objects
[157.132s][info][gc,phases      ] GC(106) Phase 1: Mark live objects 11.034ms
[157.132s][info][gc,phases,start] GC(106) Phase 2: Compute new object addresses
[157.137s][info][gc,phases      ] GC(106) Phase 2: Compute new object addresses 5.242ms
[157.137s][info][gc,phases,start] GC(106) Phase 3: Adjust pointers
[157.145s][info][gc,phases      ] GC(106) Phase 3: Adjust pointers 8.013ms
[157.145s][info][gc,phases,start] GC(106) Phase 4: Move objects
[157.145s][info][gc,phases      ] GC(106) Phase 4: Move objects 0.009ms
[157.145s][info][gc,heap        ] GC(106) DefNew: 55621K(2516544K)->0K(2516544K) Eden: 55480K(2236928K)->0K(2236928K) From: 140K(279616K)->0K(279616K)
[157.145s][info][gc,heap        ] GC(106) Tenured: 5550K(5592448K)->5550K(5592448K)
[157.145s][info][gc,metaspace   ] GC(106) Metaspace: 14273K(14592K)->14273K(14592K) NonClass: 12391K(12608K)->12391K(12608K) Class: 1881K(1984K)->1881K(1984K)
[157.145s][info][gc             ] GC(106) Pause Full (System.gc()) 59M->5M(7918M) 24.626ms
[157.145s][info][gc,cpu         ] GC(106) User=0.00s Sys=0.00s Real=0.02s
[159.058s][info][gc,start       ] GC(107) Pause Full (System.gc())
[159.058s][info][gc,phases,start] GC(107) Phase 1: Mark live objects
[159.106s][info][gc,phases      ] GC(107) Phase 1: Mark live objects 48.868ms
[159.107s][info][gc,phases,start] GC(107) Phase 2: Compute new object addresses
[159.345s][info][gc,phases      ] GC(107) Phase 2: Compute new object addresses 238.494ms
[159.345s][info][gc,phases,start] GC(107) Phase 3: Adjust pointers
[159.351s][info][gc,phases      ] GC(107) Phase 3: Adjust pointers 6.204ms
[159.351s][info][gc,phases,start] GC(107) Phase 4: Move objects
[159.351s][info][gc,phases      ] GC(107) Phase 4: Move objects 0.009ms
[159.351s][info][gc,heap        ] GC(107) DefNew: 2147473K(2516544K)->0K(2516544K) Eden: 2147473K(2236928K)->0K(2236928K) From: 0K(279616K)->0K(279616K)
[159.351s][info][gc,heap        ] GC(107) Tenured: 5550K(5592448K)->5549K(5592448K)
[159.351s][info][gc,metaspace   ] GC(107) Metaspace: 14273K(14592K)->14273K(14592K) NonClass: 12391K(12608K)->12391K(12608K) Class: 1881K(1984K)->1881K(1984K)
[159.351s][info][gc             ] GC(107) Pause Full (System.gc()) 2102M->5M(7918M) 293.878ms
[159.351s][info][gc,cpu         ] GC(107) User=0.27s Sys=0.00s Real=0.28s
[161.394s][info][gc,start       ] GC(108) Pause Young (Allocation Failure)
[161.406s][info][gc,heap        ] GC(108) DefNew: 2236928K(2516544K)->169K(2516544K) Eden: 2236928K(2236928K)->0K(2236928K) From: 0K(279616K)->169K(279616K)
[161.406s][info][gc,heap        ] GC(108) Tenured: 5549K(5592448K)->5549K(5592448K)
[161.406s][info][gc,metaspace   ] GC(108) Metaspace: 14273K(14592K)->14273K(14592K) NonClass: 12391K(12608K)->12391K(12608K) Class: 1881K(1984K)->1881K(1984K)
[161.406s][info][gc             ] GC(108) Pause Young (Allocation Failure) 2189M->5M(7918M) 12.573ms
[161.406s][info][gc,cpu         ] GC(108) User=0.00s Sys=0.00s Real=0.00s
[161.457s][info][gc,start       ] GC(109) Pause Full (System.gc())
[161.457s][info][gc,phases,start] GC(109) Phase 1: Mark live objects
[161.466s][info][gc,phases      ] GC(109) Phase 1: Mark live objects 8.683ms
[161.466s][info][gc,phases,start] GC(109) Phase 2: Compute new object addresses
[161.471s][info][gc,phases      ] GC(109) Phase 2: Compute new object addresses 5.193ms
[161.471s][info][gc,phases,start] GC(109) Phase 3: Adjust pointers
[161.477s][info][gc,phases      ] GC(109) Phase 3: Adjust pointers 5.162ms
[161.477s][info][gc,phases,start] GC(109) Phase 4: Move objects
[161.477s][info][gc,phases      ] GC(109) Phase 4: Move objects 0.009ms
[161.477s][info][gc,heap        ] GC(109) DefNew: 69966K(2516544K)->0K(2516544K) Eden: 69797K(2236928K)->0K(2236928K) From: 169K(279616K)->0K(279616K)
[161.477s][info][gc,heap        ] GC(109) Tenured: 5549K(5592448K)->5549K(5592448K)
[161.477s][info][gc,metaspace   ] GC(109) Metaspace: 14273K(14592K)->14273K(14592K) NonClass: 12391K(12608K)->12391K(12608K) Class: 1881K(1984K)->1881K(1984K)
[161.477s][info][gc             ] GC(109) Pause Full (System.gc()) 73M->5M(7918M) 19.312ms
[161.477s][info][gc,cpu         ] GC(109) User=0.00s Sys=0.00s Real=0.02s
[163.380s][info][gc,start       ] GC(110) Pause Young (Allocation Failure)
[163.452s][info][gc,heap        ] GC(110) DefNew: 2236928K(2516544K)->195K(2516544K) Eden: 2236928K(2236928K)->0K(2236928K) From: 0K(279616K)->195K(279616K)
[163.452s][info][gc,heap        ] GC(110) Tenured: 5549K(5592448K)->5549K(5592448K)
[163.452s][info][gc,metaspace   ] GC(110) Metaspace: 14273K(14592K)->14273K(14592K) NonClass: 12391K(12608K)->12391K(12608K) Class: 1881K(1984K)->1881K(1984K)
[163.452s][info][gc             ] GC(110) Pause Young (Allocation Failure) 2189M->5M(7918M) 72.168ms
[163.452s][info][gc,cpu         ] GC(110) User=0.05s Sys=0.00s Real=0.07s
[163.588s][info][gc,start       ] GC(111) Pause Full (System.gc())
[163.588s][info][gc,phases,start] GC(111) Phase 1: Mark live objects
[163.601s][info][gc,phases      ] GC(111) Phase 1: Mark live objects 12.745ms
[163.601s][info][gc,phases,start] GC(111) Phase 2: Compute new object addresses
[163.611s][info][gc,phases      ] GC(111) Phase 2: Compute new object addresses 9.889ms
[163.611s][info][gc,phases,start] GC(111) Phase 3: Adjust pointers
[163.619s][info][gc,phases      ] GC(111) Phase 3: Adjust pointers 8.227ms
[163.619s][info][gc,phases,start] GC(111) Phase 4: Move objects
[163.619s][info][gc,phases      ] GC(111) Phase 4: Move objects 0.015ms
[163.619s][info][gc,heap        ] GC(111) DefNew: 114283K(2516544K)->0K(2516544K) Eden: 114088K(2236928K)->0K(2236928K) From: 195K(279616K)->0K(279616K)
[163.619s][info][gc,heap        ] GC(111) Tenured: 5549K(5592448K)->5550K(5592448K)
[163.619s][info][gc,metaspace   ] GC(111) Metaspace: 14273K(14592K)->14273K(14592K) NonClass: 12391K(12608K)->12391K(12608K) Class: 1881K(1984K)->1881K(1984K)
[163.619s][info][gc             ] GC(111) Pause Full (System.gc()) 117M->5M(7918M) 31.209ms
[163.619s][info][gc,cpu         ] GC(111) User=0.00s Sys=0.00s Real=0.03s
[165.709s][info][gc,start       ] GC(112) Pause Full (System.gc())
[165.709s][info][gc,phases,start] GC(112) Phase 1: Mark live objects
[165.767s][info][gc,phases      ] GC(112) Phase 1: Mark live objects 58.715ms
[165.767s][info][gc,phases,start] GC(112) Phase 2: Compute new object addresses
[166.013s][info][gc,phases      ] GC(112) Phase 2: Compute new object addresses 245.916ms
[166.013s][info][gc,phases,start] GC(112) Phase 3: Adjust pointers
[166.020s][info][gc,phases      ] GC(112) Phase 3: Adjust pointers 6.614ms
[166.020s][info][gc,phases,start] GC(112) Phase 4: Move objects
[166.020s][info][gc,phases      ] GC(112) Phase 4: Move objects 0.009ms
[166.020s][info][gc,heap        ] GC(112) DefNew: 2207129K(2516544K)->0K(2516544K) Eden: 2207129K(2236928K)->0K(2236928K) From: 0K(279616K)->0K(279616K)
[166.020s][info][gc,heap        ] GC(112) Tenured: 5550K(5592448K)->5550K(5592448K)
[166.020s][info][gc,metaspace   ] GC(112) Metaspace: 14273K(14592K)->14273K(14592K) NonClass: 12391K(12608K)->12391K(12608K) Class: 1881K(1984K)->1881K(1984K)
[166.020s][info][gc             ] GC(112) Pause Full (System.gc()) 2160M->5M(7918M) 311.561ms
[166.020s][info][gc,cpu         ] GC(112) User=0.30s Sys=0.00s Real=0.30s
[167.944s][info][gc,start       ] GC(113) Pause Full (System.gc())
[167.944s][info][gc,phases,start] GC(113) Phase 1: Mark live objects
[167.973s][info][gc,phases      ] GC(113) Phase 1: Mark live objects 29.249ms
[167.973s][info][gc,phases,start] GC(113) Phase 2: Compute new object addresses
[168.215s][info][gc,phases      ] GC(113) Phase 2: Compute new object addresses 242.018ms
[168.215s][info][gc,phases,start] GC(113) Phase 3: Adjust pointers
[168.220s][info][gc,phases      ] GC(113) Phase 3: Adjust pointers 5.338ms
[168.220s][info][gc,phases,start] GC(113) Phase 4: Move objects
[168.220s][info][gc,phases      ] GC(113) Phase 4: Move objects 0.010ms
[168.220s][info][gc,heap        ] GC(113) DefNew: 2192211K(2516544K)->0K(2516544K) Eden: 2192211K(2236928K)->0K(2236928K) From: 0K(279616K)->0K(279616K)
[168.220s][info][gc,heap        ] GC(113) Tenured: 5550K(5592448K)->5549K(5592448K)
[168.220s][info][gc,metaspace   ] GC(113) Metaspace: 14273K(14592K)->14273K(14592K) NonClass: 12391K(12608K)->12391K(12608K) Class: 1881K(1984K)->1881K(1984K)
[168.220s][info][gc             ] GC(113) Pause Full (System.gc()) 2146M->5M(7918M) 276.898ms
[168.220s][info][gc,cpu         ] GC(113) User=0.27s Sys=0.00s Real=0.27s
[170.228s][info][gc,start       ] GC(114) Pause Young (Allocation Failure)
[170.302s][info][gc,heap        ] GC(114) DefNew: 2236928K(2516544K)->257K(2516544K) Eden: 2236928K(2236928K)->0K(2236928K) From: 0K(279616K)->257K(279616K)
[170.302s][info][gc,heap        ] GC(114) Tenured: 5549K(5592448K)->5549K(5592448K)
[170.302s][info][gc,metaspace   ] GC(114) Metaspace: 14273K(14592K)->14273K(14592K) NonClass: 12391K(12608K)->12391K(12608K) Class: 1881K(1984K)->1881K(1984K)
[170.302s][info][gc             ] GC(114) Pause Young (Allocation Failure) 2189M->5M(7918M) 73.911ms
[170.302s][info][gc,cpu         ] GC(114) User=0.06s Sys=0.00s Real=0.06s
[170.502s][info][gc,start       ] GC(115) Pause Full (System.gc())
[170.502s][info][gc,phases,start] GC(115) Phase 1: Mark live objects
[170.519s][info][gc,phases      ] GC(115) Phase 1: Mark live objects 16.478ms
[170.519s][info][gc,phases,start] GC(115) Phase 2: Compute new object addresses
[170.535s][info][gc,phases      ] GC(115) Phase 2: Compute new object addresses 16.404ms
[170.535s][info][gc,phases,start] GC(115) Phase 3: Adjust pointers
[170.544s][info][gc,phases      ] GC(115) Phase 3: Adjust pointers 9.344ms
[170.544s][info][gc,phases,start] GC(115) Phase 4: Move objects
[170.544s][info][gc,phases      ] GC(115) Phase 4: Move objects 0.011ms
[170.544s][info][gc,heap        ] GC(115) DefNew: 187492K(2516544K)->0K(2516544K) Eden: 187235K(2236928K)->0K(2236928K) From: 257K(279616K)->0K(279616K)
[170.545s][info][gc,heap        ] GC(115) Tenured: 5549K(5592448K)->5549K(5592448K)
[170.545s][info][gc,metaspace   ] GC(115) Metaspace: 14273K(14592K)->14273K(14592K) NonClass: 12391K(12608K)->12391K(12608K) Class: 1881K(1984K)->1881K(1984K)
[170.545s][info][gc             ] GC(115) Pause Full (System.gc()) 188M->5M(7918M) 42.577ms
[170.545s][info][gc,cpu         ] GC(115) User=0.03s Sys=0.00s Real=0.03s
[172.497s][info][gc,start       ] GC(116) Pause Full (System.gc())
[172.497s][info][gc,phases,start] GC(116) Phase 1: Mark live objects
[172.570s][info][gc,phases      ] GC(116) Phase 1: Mark live objects 72.302ms
[172.570s][info][gc,phases,start] GC(116) Phase 2: Compute new object addresses
[172.815s][info][gc,phases      ] GC(116) Phase 2: Compute new object addresses 245.504ms
[172.815s][info][gc,phases,start] GC(116) Phase 3: Adjust pointers
[172.823s][info][gc,phases      ] GC(116) Phase 3: Adjust pointers 7.319ms
[172.823s][info][gc,phases,start] GC(116) Phase 4: Move objects
[172.823s][info][gc,phases      ] GC(116) Phase 4: Move objects 0.010ms
[172.823s][info][gc,heap        ] GC(116) DefNew: 2177303K(2516544K)->0K(2516544K) Eden: 2177303K(2236928K)->0K(2236928K) From: 0K(279616K)->0K(279616K)
[172.823s][info][gc,heap        ] GC(116) Tenured: 5549K(5592448K)->5550K(5592448K)
[172.823s][info][gc,metaspace   ] GC(116) Metaspace: 14273K(14592K)->14273K(14592K) NonClass: 12391K(12608K)->12391K(12608K) Class: 1881K(1984K)->1881K(1984K)
[172.823s][info][gc             ] GC(116) Pause Full (System.gc()) 2131M->5M(7918M) 325.467ms
[172.823s][info][gc,cpu         ] GC(116) User=0.28s Sys=0.00s Real=0.31s
[174.872s][info][gc,start       ] GC(117) Pause Young (Allocation Failure)
[174.909s][info][gc,heap        ] GC(117) DefNew: 2236928K(2516544K)->199K(2516544K) Eden: 2236928K(2236928K)->0K(2236928K) From: 0K(279616K)->199K(279616K)
[174.909s][info][gc,heap        ] GC(117) Tenured: 5550K(5592448K)->5550K(5592448K)
[174.909s][info][gc,metaspace   ] GC(117) Metaspace: 14273K(14592K)->14273K(14592K) NonClass: 12391K(12608K)->12391K(12608K) Class: 1881K(1984K)->1881K(1984K)
[174.909s][info][gc             ] GC(117) Pause Young (Allocation Failure) 2189M->5M(7918M) 36.716ms
[174.909s][info][gc,cpu         ] GC(117) User=0.00s Sys=0.00s Real=0.03s
[174.961s][info][gc,start       ] GC(118) Pause Full (System.gc())
[174.962s][info][gc,phases,start] GC(118) Phase 1: Mark live objects
[174.971s][info][gc,phases      ] GC(118) Phase 1: Mark live objects 9.486ms
[174.971s][info][gc,phases,start] GC(118) Phase 2: Compute new object addresses
[174.979s][info][gc,phases      ] GC(118) Phase 2: Compute new object addresses 7.838ms
[174.979s][info][gc,phases,start] GC(118) Phase 3: Adjust pointers
[174.985s][info][gc,phases      ] GC(118) Phase 3: Adjust pointers 6.271ms
[174.985s][info][gc,phases,start] GC(118) Phase 4: Move objects
[174.985s][info][gc,phases      ] GC(118) Phase 4: Move objects 0.009ms
[174.985s][info][gc,heap        ] GC(118) DefNew: 84312K(2516544K)->0K(2516544K) Eden: 84113K(2236928K)->0K(2236928K) From: 199K(279616K)->0K(279616K)
[174.985s][info][gc,heap        ] GC(118) Tenured: 5550K(5592448K)->5550K(5592448K)
[174.985s][info][gc,metaspace   ] GC(118) Metaspace: 14273K(14592K)->14273K(14592K) NonClass: 12391K(12608K)->12391K(12608K) Class: 1881K(1984K)->1881K(1984K)
[174.985s][info][gc             ] GC(118) Pause Full (System.gc()) 87M->5M(7918M) 23.863ms
[174.985s][info][gc,cpu         ] GC(118) User=0.02s Sys=0.00s Real=0.02s
[176.872s][info][gc,start       ] GC(119) Pause Full (System.gc())
[176.873s][info][gc,phases,start] GC(119) Phase 1: Mark live objects
[176.950s][info][gc,phases      ] GC(119) Phase 1: Mark live objects 77.507ms
[176.950s][info][gc,phases,start] GC(119) Phase 2: Compute new object addresses
[177.192s][info][gc,phases      ] GC(119) Phase 2: Compute new object addresses 242.229ms
[177.192s][info][gc,phases,start] GC(119) Phase 3: Adjust pointers
[177.201s][info][gc,phases      ] GC(119) Phase 3: Adjust pointers 8.970ms
[177.201s][info][gc,phases,start] GC(119) Phase 4: Move objects
[177.201s][info][gc,phases      ] GC(119) Phase 4: Move objects 0.010ms
[177.201s][info][gc,heap        ] GC(119) DefNew: 2132563K(2516544K)->0K(2516544K) Eden: 2132563K(2236928K)->0K(2236928K) From: 0K(279616K)->0K(279616K)
[177.201s][info][gc,heap        ] GC(119) Tenured: 5550K(5592448K)->5549K(5592448K)
[177.201s][info][gc,metaspace   ] GC(119) Metaspace: 14273K(14592K)->14273K(14592K) NonClass: 12391K(12608K)->12391K(12608K) Class: 1881K(1984K)->1881K(1984K)
[177.202s][info][gc             ] GC(119) Pause Full (System.gc()) 2088M->5M(7918M) 329.046ms
[177.202s][info][gc,cpu         ] GC(119) User=0.31s Sys=0.00s Real=0.33s
[179.242s][info][gc,start       ] GC(120) Pause Young (Allocation Failure)
[179.316s][info][gc,heap        ] GC(120) DefNew: 2236928K(2516544K)->199K(2516544K) Eden: 2236928K(2236928K)->0K(2236928K) From: 0K(279616K)->199K(279616K)
[179.316s][info][gc,heap        ] GC(120) Tenured: 5549K(5592448K)->5549K(5592448K)
[179.316s][info][gc,metaspace   ] GC(120) Metaspace: 14273K(14592K)->14273K(14592K) NonClass: 12391K(12608K)->12391K(12608K) Class: 1881K(1984K)->1881K(1984K)
[179.316s][info][gc             ] GC(120) Pause Young (Allocation Failure) 2189M->5M(7918M) 73.929ms
[179.316s][info][gc,cpu         ] GC(120) User=0.06s Sys=0.00s Real=0.06s
[179.385s][info][gc,start       ] GC(121) Pause Full (System.gc())
[179.385s][info][gc,phases,start] GC(121) Phase 1: Mark live objects
[179.397s][info][gc,phases      ] GC(121) Phase 1: Mark live objects 11.739ms
[179.397s][info][gc,phases,start] GC(121) Phase 2: Compute new object addresses
[179.406s][info][gc,phases      ] GC(121) Phase 2: Compute new object addresses 9.141ms
[179.406s][info][gc,phases,start] GC(121) Phase 3: Adjust pointers
[179.414s][info][gc,phases      ] GC(121) Phase 3: Adjust pointers 7.779ms
[179.414s][info][gc,phases,start] GC(121) Phase 4: Move objects
[179.414s][info][gc,phases      ] GC(121) Phase 4: Move objects 0.009ms
[179.414s][info][gc,heap        ] GC(121) DefNew: 99076K(2516544K)->0K(2516544K) Eden: 98877K(2236928K)->0K(2236928K) From: 199K(279616K)->0K(279616K)
[179.414s][info][gc,heap        ] GC(121) Tenured: 5549K(5592448K)->5549K(5592448K)
[179.414s][info][gc,metaspace   ] GC(121) Metaspace: 14273K(14592K)->14273K(14592K) NonClass: 12391K(12608K)->12391K(12608K) Class: 1881K(1984K)->1881K(1984K)
[179.414s][info][gc             ] GC(121) Pause Full (System.gc()) 102M->5M(7918M) 28.949ms
[179.414s][info][gc,cpu         ] GC(121) User=0.03s Sys=0.00s Real=0.03s
[181.308s][info][gc,start       ] GC(122) Pause Full (System.gc())
[181.308s][info][gc,phases,start] GC(122) Phase 1: Mark live objects
[181.363s][info][gc,phases      ] GC(122) Phase 1: Mark live objects 54.762ms
[181.363s][info][gc,phases,start] GC(122) Phase 2: Compute new object addresses
[181.597s][info][gc,phases      ] GC(122) Phase 2: Compute new object addresses 234.151ms
[181.597s][info][gc,phases,start] GC(122) Phase 3: Adjust pointers
[181.603s][info][gc,phases      ] GC(122) Phase 3: Adjust pointers 6.314ms
[181.603s][info][gc,phases,start] GC(122) Phase 4: Move objects
[181.603s][info][gc,phases      ] GC(122) Phase 4: Move objects 0.009ms
[181.603s][info][gc,heap        ] GC(122) DefNew: 2072912K(2516544K)->0K(2516544K) Eden: 2072912K(2236928K)->0K(2236928K) From: 0K(279616K)->0K(279616K)
[181.603s][info][gc,heap        ] GC(122) Tenured: 5549K(5592448K)->5550K(5592448K)
[181.603s][info][gc,metaspace   ] GC(122) Metaspace: 14273K(14592K)->14273K(14592K) NonClass: 12391K(12608K)->12391K(12608K) Class: 1881K(1984K)->1881K(1984K)
[181.604s][info][gc             ] GC(122) Pause Full (System.gc()) 2029M->5M(7918M) 295.518ms
[181.604s][info][gc,cpu         ] GC(122) User=0.28s Sys=0.00s Real=0.28s
[183.661s][info][gc,start       ] GC(123) Pause Young (Allocation Failure)
[183.680s][info][gc,heap        ] GC(123) DefNew: 2236928K(2516544K)->140K(2516544K) Eden: 2236928K(2236928K)->0K(2236928K) From: 0K(279616K)->140K(279616K)
[183.680s][info][gc,heap        ] GC(123) Tenured: 5550K(5592448K)->5550K(5592448K)
[183.680s][info][gc,metaspace   ] GC(123) Metaspace: 14273K(14592K)->14273K(14592K) NonClass: 12391K(12608K)->12391K(12608K) Class: 1881K(1984K)->1881K(1984K)
[183.680s][info][gc             ] GC(123) Pause Young (Allocation Failure) 2189M->5M(7918M) 18.818ms
[183.680s][info][gc,cpu         ] GC(123) User=0.00s Sys=0.00s Real=0.01s
[183.732s][info][gc,start       ] GC(124) Pause Full (System.gc())
[183.732s][info][gc,phases,start] GC(124) Phase 1: Mark live objects
[183.740s][info][gc,phases      ] GC(124) Phase 1: Mark live objects 8.792ms
[183.740s][info][gc,phases,start] GC(124) Phase 2: Compute new object addresses
[183.745s][info][gc,phases      ] GC(124) Phase 2: Compute new object addresses 4.576ms
[183.745s][info][gc,phases,start] GC(124) Phase 3: Adjust pointers
[183.751s][info][gc,phases      ] GC(124) Phase 3: Adjust pointers 5.779ms
[183.751s][info][gc,phases,start] GC(124) Phase 4: Move objects
[183.751s][info][gc,phases      ] GC(124) Phase 4: Move objects 0.009ms
[183.751s][info][gc,heap        ] GC(124) DefNew: 55620K(2516544K)->0K(2516544K) Eden: 55480K(2236928K)->0K(2236928K) From: 140K(279616K)->0K(279616K)
[183.751s][info][gc,heap        ] GC(124) Tenured: 5550K(5592448K)->5550K(5592448K)
[183.751s][info][gc,metaspace   ] GC(124) Metaspace: 14273K(14592K)->14273K(14592K) NonClass: 12391K(12608K)->12391K(12608K) Class: 1881K(1984K)->1881K(1984K)
[183.751s][info][gc             ] GC(124) Pause Full (System.gc()) 59M->5M(7918M) 19.431ms
[183.751s][info][gc,cpu         ] GC(124) User=0.00s Sys=0.00s Real=0.02s
[185.706s][info][gc,start       ] GC(125) Pause Full (System.gc())
[185.706s][info][gc,phases,start] GC(125) Phase 1: Mark live objects
[185.780s][info][gc,phases      ] GC(125) Phase 1: Mark live objects 73.732ms
[185.780s][info][gc,phases,start] GC(125) Phase 2: Compute new object addresses
[186.022s][info][gc,phases      ] GC(125) Phase 2: Compute new object addresses 242.345ms
[186.022s][info][gc,phases,start] GC(125) Phase 3: Adjust pointers
[186.030s][info][gc,phases      ] GC(125) Phase 3: Adjust pointers 7.741ms
[186.030s][info][gc,phases,start] GC(125) Phase 4: Move objects
[186.030s][info][gc,phases      ] GC(125) Phase 4: Move objects 0.010ms
[186.030s][info][gc,heap        ] GC(125) DefNew: 2198354K(2516544K)->0K(2516544K) Eden: 2198354K(2236928K)->0K(2236928K) From: 0K(279616K)->0K(279616K)
[186.030s][info][gc,heap        ] GC(125) Tenured: 5550K(5592448K)->5549K(5592448K)
[186.030s][info][gc,metaspace   ] GC(125) Metaspace: 14273K(14592K)->14273K(14592K) NonClass: 12391K(12608K)->12391K(12608K) Class: 1881K(1984K)->1881K(1984K)
[186.030s][info][gc             ] GC(125) Pause Full (System.gc()) 2152M->5M(7918M) 324.106ms
[186.030s][info][gc,cpu         ] GC(125) User=0.33s Sys=0.00s Real=0.31s
[188.023s][info][gc,start       ] GC(126) Pause Full (System.gc())
[188.023s][info][gc,phases,start] GC(126) Phase 1: Mark live objects
[188.072s][info][gc,phases      ] GC(126) Phase 1: Mark live objects 49.062ms
[188.072s][info][gc,phases,start] GC(126) Phase 2: Compute new object addresses
[188.304s][info][gc,phases      ] GC(126) Phase 2: Compute new object addresses 232.026ms
[188.304s][info][gc,phases,start] GC(126) Phase 3: Adjust pointers
[188.311s][info][gc,phases      ] GC(126) Phase 3: Adjust pointers 6.338ms
[188.311s][info][gc,phases,start] GC(126) Phase 4: Move objects
[188.311s][info][gc,phases      ] GC(126) Phase 4: Move objects 0.010ms
[188.311s][info][gc,heap        ] GC(126) DefNew: 2080365K(2516544K)->0K(2516544K) Eden: 2080365K(2236928K)->0K(2236928K) From: 0K(279616K)->0K(279616K)
[188.311s][info][gc,heap        ] GC(126) Tenured: 5549K(5592448K)->5549K(5592448K)
[188.311s][info][gc,metaspace   ] GC(126) Metaspace: 14273K(14592K)->14273K(14592K) NonClass: 12391K(12608K)->12391K(12608K) Class: 1881K(1984K)->1881K(1984K)
[188.311s][info][gc             ] GC(126) Pause Full (System.gc()) 2037M->5M(7918M) 287.837ms
[188.311s][info][gc,cpu         ] GC(126) User=0.28s Sys=0.00s Real=0.28s
[190.235s][info][gc,start       ] GC(127) Pause Young (Allocation Failure)
[190.247s][info][gc,heap        ] GC(127) DefNew: 2236928K(2516544K)->137K(2516544K) Eden: 2236928K(2236928K)->0K(2236928K) From: 0K(279616K)->137K(279616K)
[190.247s][info][gc,heap        ] GC(127) Tenured: 5549K(5592448K)->5549K(5592448K)
[190.247s][info][gc,metaspace   ] GC(127) Metaspace: 14273K(14592K)->14273K(14592K) NonClass: 12391K(12608K)->12391K(12608K) Class: 1881K(1984K)->1881K(1984K)
[190.247s][info][gc             ] GC(127) Pause Young (Allocation Failure) 2189M->5M(7918M) 11.636ms
[190.247s][info][gc,cpu         ] GC(127) User=0.00s Sys=0.00s Real=0.01s
[190.301s][info][gc,start       ] GC(128) Pause Full (System.gc())
[190.301s][info][gc,phases,start] GC(128) Phase 1: Mark live objects
[190.309s][info][gc,phases      ] GC(128) Phase 1: Mark live objects 8.680ms
[190.309s][info][gc,phases,start] GC(128) Phase 2: Compute new object addresses
[190.314s][info][gc,phases      ] GC(128) Phase 2: Compute new object addresses 4.179ms
[190.314s][info][gc,phases,start] GC(128) Phase 3: Adjust pointers
[190.319s][info][gc,phases      ] GC(128) Phase 3: Adjust pointers 5.447ms
[190.319s][info][gc,phases,start] GC(128) Phase 4: Move objects
[190.319s][info][gc,phases      ] GC(128) Phase 4: Move objects 0.009ms
[190.319s][info][gc,heap        ] GC(128) DefNew: 55618K(2516544K)->0K(2516544K) Eden: 55480K(2236928K)->0K(2236928K) From: 137K(279616K)->0K(279616K)
[190.319s][info][gc,heap        ] GC(128) Tenured: 5549K(5592448K)->5550K(5592448K)
[190.319s][info][gc,metaspace   ] GC(128) Metaspace: 14273K(14592K)->14273K(14592K) NonClass: 12391K(12608K)->12391K(12608K) Class: 1881K(1984K)->1881K(1984K)
[190.319s][info][gc             ] GC(128) Pause Full (System.gc()) 59M->5M(7918M) 18.634ms
[190.319s][info][gc,cpu         ] GC(128) User=0.00s Sys=0.00s Real=0.02s
[192.343s][info][gc,start       ] GC(129) Pause Young (Allocation Failure)
[192.417s][info][gc,heap        ] GC(129) DefNew: 2236928K(2516544K)->257K(2516544K) Eden: 2236928K(2236928K)->0K(2236928K) From: 0K(279616K)->257K(279616K)
[192.417s][info][gc,heap        ] GC(129) Tenured: 5550K(5592448K)->5550K(5592448K)
[192.417s][info][gc,metaspace   ] GC(129) Metaspace: 14273K(14592K)->14273K(14592K) NonClass: 12391K(12608K)->12391K(12608K) Class: 1881K(1984K)->1881K(1984K)
[192.417s][info][gc             ] GC(129) Pause Young (Allocation Failure) 2189M->5M(7918M) 74.723ms
[192.417s][info][gc,cpu         ] GC(129) User=0.06s Sys=0.00s Real=0.07s
[192.566s][info][gc,start       ] GC(130) Pause Full (System.gc())
[192.567s][info][gc,phases,start] GC(130) Phase 1: Mark live objects
[192.581s][info][gc,phases      ] GC(130) Phase 1: Mark live objects 14.037ms
[192.581s][info][gc,phases,start] GC(130) Phase 2: Compute new object addresses
[192.597s][info][gc,phases      ] GC(130) Phase 2: Compute new object addresses 16.300ms
[192.597s][info][gc,phases,start] GC(130) Phase 3: Adjust pointers
[192.605s][info][gc,phases      ] GC(130) Phase 3: Adjust pointers 8.131ms
[192.605s][info][gc,phases,start] GC(130) Phase 4: Move objects
[192.605s][info][gc,phases      ] GC(130) Phase 4: Move objects 0.009ms
[192.605s][info][gc,heap        ] GC(130) DefNew: 187270K(2516544K)->0K(2516544K) Eden: 187012K(2236928K)->0K(2236928K) From: 257K(279616K)->0K(279616K)
[192.605s][info][gc,heap        ] GC(130) Tenured: 5550K(5592448K)->5550K(5592448K)
[192.605s][info][gc,metaspace   ] GC(130) Metaspace: 14273K(14592K)->14273K(14592K) NonClass: 12391K(12608K)->12391K(12608K) Class: 1881K(1984K)->1881K(1984K)
[192.605s][info][gc             ] GC(130) Pause Full (System.gc()) 188M->5M(7918M) 38.797ms
[192.605s][info][gc,cpu         ] GC(130) User=0.05s Sys=0.00s Real=0.03s
[194.537s][info][gc,start       ] GC(131) Pause Full (System.gc())
[194.537s][info][gc,phases,start] GC(131) Phase 1: Mark live objects
[194.594s][info][gc,phases      ] GC(131) Phase 1: Mark live objects 56.773ms
[194.594s][info][gc,phases,start] GC(131) Phase 2: Compute new object addresses
[194.832s][info][gc,phases      ] GC(131) Phase 2: Compute new object addresses 238.345ms
[194.833s][info][gc,phases,start] GC(131) Phase 3: Adjust pointers
[194.839s][info][gc,phases      ] GC(131) Phase 3: Adjust pointers 6.792ms
[194.839s][info][gc,phases,start] GC(131) Phase 4: Move objects
[194.839s][info][gc,phases      ] GC(131) Phase 4: Move objects 0.016ms
[194.839s][info][gc,heap        ] GC(131) DefNew: 2102738K(2516544K)->0K(2516544K) Eden: 2102738K(2236928K)->0K(2236928K) From: 0K(279616K)->0K(279616K)
[194.839s][info][gc,heap        ] GC(131) Tenured: 5550K(5592448K)->5549K(5592448K)
[194.840s][info][gc,metaspace   ] GC(131) Metaspace: 14273K(14592K)->14273K(14592K) NonClass: 12391K(12608K)->12391K(12608K) Class: 1881K(1984K)->1881K(1984K)
[194.840s][info][gc             ] GC(131) Pause Full (System.gc()) 2058M->5M(7918M) 302.280ms
[194.840s][info][gc,cpu         ] GC(131) User=0.28s Sys=0.00s Real=0.30s
[196.874s][info][gc,start       ] GC(132) Pause Young (Allocation Failure)
[196.900s][info][gc,heap        ] GC(132) DefNew: 2236928K(2516544K)->198K(2516544K) Eden: 2236928K(2236928K)->0K(2236928K) From: 0K(279616K)->198K(279616K)
[196.900s][info][gc,heap        ] GC(132) Tenured: 5549K(5592448K)->5549K(5592448K)
[196.900s][info][gc,metaspace   ] GC(132) Metaspace: 14273K(14592K)->14273K(14592K) NonClass: 12391K(12608K)->12391K(12608K) Class: 1881K(1984K)->1881K(1984K)
[196.900s][info][gc             ] GC(132) Pause Young (Allocation Failure) 2189M->5M(7918M) 25.992ms
[196.900s][info][gc,cpu         ] GC(132) User=0.00s Sys=0.00s Real=0.02s
[197.033s][info][gc,start       ] GC(133) Pause Full (System.gc())
[197.033s][info][gc,phases,start] GC(133) Phase 1: Mark live objects
[197.044s][info][gc,phases      ] GC(133) Phase 1: Mark live objects 10.212ms
[197.044s][info][gc,phases,start] GC(133) Phase 2: Compute new object addresses
[197.052s][info][gc,phases      ] GC(133) Phase 2: Compute new object addresses 8.622ms
[197.052s][info][gc,phases,start] GC(133) Phase 3: Adjust pointers
[197.058s][info][gc,phases      ] GC(133) Phase 3: Adjust pointers 5.858ms
[197.058s][info][gc,phases,start] GC(133) Phase 4: Move objects
[197.058s][info][gc,phases      ] GC(133) Phase 4: Move objects 0.009ms
[197.058s][info][gc,heap        ] GC(133) DefNew: 99075K(2516544K)->0K(2516544K) Eden: 98877K(2236928K)->0K(2236928K) From: 198K(279616K)->0K(279616K)
[197.058s][info][gc,heap        ] GC(133) Tenured: 5549K(5592448K)->5549K(5592448K)
[197.058s][info][gc,metaspace   ] GC(133) Metaspace: 14273K(14592K)->14273K(14592K) NonClass: 12391K(12608K)->12391K(12608K) Class: 1881K(1984K)->1881K(1984K)
[197.058s][info][gc             ] GC(133) Pause Full (System.gc()) 102M->5M(7918M) 24.991ms
[197.058s][info][gc,cpu         ] GC(133) User=0.00s Sys=0.00s Real=0.02s
[199.005s][info][gc,start       ] GC(134) Pause Full (System.gc())
[199.005s][info][gc,phases,start] GC(134) Phase 1: Mark live objects
[199.084s][info][gc,phases      ] GC(134) Phase 1: Mark live objects 78.048ms
[199.084s][info][gc,phases,start] GC(134) Phase 2: Compute new object addresses
[199.327s][info][gc,phases      ] GC(134) Phase 2: Compute new object addresses 243.160ms
[199.327s][info][gc,phases,start] GC(134) Phase 3: Adjust pointers
[199.335s][info][gc,phases      ] GC(134) Phase 3: Adjust pointers 8.436ms
[199.335s][info][gc,phases,start] GC(134) Phase 4: Move objects
[199.335s][info][gc,phases      ] GC(134) Phase 4: Move objects 0.010ms
[199.335s][info][gc,heap        ] GC(134) DefNew: 2162390K(2516544K)->0K(2516544K) Eden: 2162390K(2236928K)->0K(2236928K) From: 0K(279616K)->0K(279616K)
[199.335s][info][gc,heap        ] GC(134) Tenured: 5549K(5592448K)->5550K(5592448K)
[199.335s][info][gc,metaspace   ] GC(134) Metaspace: 14273K(14592K)->14273K(14592K) NonClass: 12391K(12608K)->12391K(12608K) Class: 1881K(1984K)->1881K(1984K)
[199.335s][info][gc             ] GC(134) Pause Full (System.gc()) 2117M->5M(7918M) 330.034ms
[199.335s][info][gc,cpu         ] GC(134) User=0.33s Sys=0.00s Real=0.33s
[201.362s][info][gc,start       ] GC(135) Pause Young (Allocation Failure)
[201.424s][info][gc,heap        ] GC(135) DefNew: 2236928K(2516544K)->199K(2516544K) Eden: 2236928K(2236928K)->0K(2236928K) From: 0K(279616K)->199K(279616K)
[201.424s][info][gc,heap        ] GC(135) Tenured: 5550K(5592448K)->5550K(5592448K)
[201.424s][info][gc,metaspace   ] GC(135) Metaspace: 14273K(14592K)->14273K(14592K) NonClass: 12391K(12608K)->12391K(12608K) Class: 1881K(1984K)->1881K(1984K)
[201.425s][info][gc             ] GC(135) Pause Young (Allocation Failure) 2189M->5M(7918M) 62.955ms
[201.425s][info][gc,cpu         ] GC(135) User=0.05s Sys=0.00s Real=0.06s
[201.510s][info][gc,start       ] GC(136) Pause Full (System.gc())
[201.510s][info][gc,phases,start] GC(136) Phase 1: Mark live objects
[201.522s][info][gc,phases      ] GC(136) Phase 1: Mark live objects 11.590ms
[201.522s][info][gc,phases,start] GC(136) Phase 2: Compute new object addresses
[201.531s][info][gc,phases      ] GC(136) Phase 2: Compute new object addresses 9.232ms
[201.531s][info][gc,phases,start] GC(136) Phase 3: Adjust pointers
[201.539s][info][gc,phases      ] GC(136) Phase 3: Adjust pointers 7.470ms
[201.539s][info][gc,phases,start] GC(136) Phase 4: Move objects
[201.539s][info][gc,phases      ] GC(136) Phase 4: Move objects 0.009ms
[201.539s][info][gc,heap        ] GC(136) DefNew: 99076K(2516544K)->0K(2516544K) Eden: 98877K(2236928K)->0K(2236928K) From: 199K(279616K)->0K(279616K)
[201.539s][info][gc,heap        ] GC(136) Tenured: 5550K(5592448K)->5550K(5592448K)
[201.539s][info][gc,metaspace   ] GC(136) Metaspace: 14273K(14592K)->14273K(14592K) NonClass: 12391K(12608K)->12391K(12608K) Class: 1881K(1984K)->1881K(1984K)
[201.539s][info][gc             ] GC(136) Pause Full (System.gc()) 102M->5M(7918M) 28.641ms
[201.539s][info][gc,cpu         ] GC(136) User=0.00s Sys=0.00s Real=0.01s
[203.507s][info][gc,start       ] GC(137) Pause Full (System.gc())
[203.507s][info][gc,phases,start] GC(137) Phase 1: Mark live objects
[203.550s][info][gc,phases      ] GC(137) Phase 1: Mark live objects 42.831ms
[203.550s][info][gc,phases,start] GC(137) Phase 2: Compute new object addresses
[203.793s][info][gc,phases      ] GC(137) Phase 2: Compute new object addresses 243.163ms
[203.793s][info][gc,phases,start] GC(137) Phase 3: Adjust pointers
[203.799s][info][gc,phases      ] GC(137) Phase 3: Adjust pointers 5.842ms
[203.799s][info][gc,phases,start] GC(137) Phase 4: Move objects
[203.799s][info][gc,phases      ] GC(137) Phase 4: Move objects 0.009ms
[203.799s][info][gc,heap        ] GC(137) DefNew: 2147477K(2516544K)->0K(2516544K) Eden: 2147477K(2236928K)->0K(2236928K) From: 0K(279616K)->0K(279616K)
[203.799s][info][gc,heap        ] GC(137) Tenured: 5550K(5592448K)->5549K(5592448K)
[203.799s][info][gc,metaspace   ] GC(137) Metaspace: 14273K(14592K)->14273K(14592K) NonClass: 12391K(12608K)->12391K(12608K) Class: 1881K(1984K)->1881K(1984K)
[203.799s][info][gc             ] GC(137) Pause Full (System.gc()) 2102M->5M(7918M) 292.172ms
[203.799s][info][gc,cpu         ] GC(137) User=0.27s Sys=0.00s Real=0.29s
[205.860s][info][gc,start       ] GC(138) Pause Young (Allocation Failure)
[205.935s][info][gc,heap        ] GC(138) DefNew: 2236928K(2516544K)->228K(2516544K) Eden: 2236928K(2236928K)->0K(2236928K) From: 0K(279616K)->228K(279616K)
[205.935s][info][gc,heap        ] GC(138) Tenured: 5549K(5592448K)->5549K(5592448K)
[205.935s][info][gc,metaspace   ] GC(138) Metaspace: 14273K(14592K)->14273K(14592K) NonClass: 12391K(12608K)->12391K(12608K) Class: 1881K(1984K)->1881K(1984K)
[205.935s][info][gc             ] GC(138) Pause Young (Allocation Failure) 2189M->5M(7918M) 74.821ms
[205.935s][info][gc,cpu         ] GC(138) User=0.06s Sys=0.00s Real=0.07s
[206.017s][info][gc,start       ] GC(139) Pause Full (System.gc())
[206.017s][info][gc,phases,start] GC(139) Phase 1: Mark live objects
[206.028s][info][gc,phases      ] GC(139) Phase 1: Mark live objects 10.868ms
[206.028s][info][gc,phases,start] GC(139) Phase 2: Compute new object addresses
[206.039s][info][gc,phases      ] GC(139) Phase 2: Compute new object addresses 10.790ms
[206.039s][info][gc,phases,start] GC(139) Phase 3: Adjust pointers
[206.046s][info][gc,phases      ] GC(139) Phase 3: Adjust pointers 6.475ms
[206.046s][info][gc,phases,start] GC(139) Phase 4: Move objects
[206.046s][info][gc,phases      ] GC(139) Phase 4: Move objects 0.009ms
[206.046s][info][gc,heap        ] GC(139) DefNew: 114317K(2516544K)->0K(2516544K) Eden: 114088K(2236928K)->0K(2236928K) From: 228K(279616K)->0K(279616K)
[206.046s][info][gc,heap        ] GC(139) Tenured: 5549K(5592448K)->5549K(5592448K)
[206.046s][info][gc,metaspace   ] GC(139) Metaspace: 14273K(14592K)->14273K(14592K) NonClass: 12391K(12608K)->12391K(12608K) Class: 1881K(1984K)->1881K(1984K)
[206.046s][info][gc             ] GC(139) Pause Full (System.gc()) 117M->5M(7918M) 28.426ms
[206.046s][info][gc,cpu         ] GC(139) User=0.00s Sys=0.00s Real=0.02s
[207.985s][info][gc,start       ] GC(140) Pause Full (System.gc())
[207.985s][info][gc,phases,start] GC(140) Phase 1: Mark live objects
[208.063s][info][gc,phases      ] GC(140) Phase 1: Mark live objects 77.864ms
[208.063s][info][gc,phases,start] GC(140) Phase 2: Compute new object addresses
[208.306s][info][gc,phases      ] GC(140) Phase 2: Compute new object addresses 243.535ms
[208.306s][info][gc,phases,start] GC(140) Phase 3: Adjust pointers
[208.314s][info][gc,phases      ] GC(140) Phase 3: Adjust pointers 7.671ms
[208.314s][info][gc,phases,start] GC(140) Phase 4: Move objects
[208.314s][info][gc,phases      ] GC(140) Phase 4: Move objects 0.009ms
[208.314s][info][gc,heap        ] GC(140) DefNew: 2162390K(2516544K)->0K(2516544K) Eden: 2162390K(2236928K)->0K(2236928K) From: 0K(279616K)->0K(279616K)
[208.314s][info][gc,heap        ] GC(140) Tenured: 5549K(5592448K)->5550K(5592448K)
[208.314s][info][gc,metaspace   ] GC(140) Metaspace: 14274K(14592K)->14274K(14592K) NonClass: 12392K(12608K)->12392K(12608K) Class: 1881K(1984K)->1881K(1984K)
[208.314s][info][gc             ] GC(140) Pause Full (System.gc()) 2117M->5M(7918M) 329.358ms
[208.314s][info][gc,cpu         ] GC(140) User=0.33s Sys=0.00s Real=0.33s
[210.382s][info][gc,start       ] GC(141) Pause Full (System.gc())
[210.382s][info][gc,phases,start] GC(141) Phase 1: Mark live objects
[210.432s][info][gc,phases      ] GC(141) Phase 1: Mark live objects 50.695ms
[210.432s][info][gc,phases,start] GC(141) Phase 2: Compute new object addresses
[210.682s][info][gc,phases      ] GC(141) Phase 2: Compute new object addresses 249.943ms
[210.682s][info][gc,phases,start] GC(141) Phase 3: Adjust pointers
[210.689s][info][gc,phases      ] GC(141) Phase 3: Adjust pointers 6.428ms
[210.689s][info][gc,phases,start] GC(141) Phase 4: Move objects
[210.689s][info][gc,phases      ] GC(141) Phase 4: Move objects 0.010ms
[210.689s][info][gc,heap        ] GC(141) DefNew: 2214581K(2516544K)->0K(2516544K) Eden: 2214581K(2236928K)->0K(2236928K) From: 0K(279616K)->0K(279616K)
[210.689s][info][gc,heap        ] GC(141) Tenured: 5550K(5592448K)->5550K(5592448K)
[210.689s][info][gc,metaspace   ] GC(141) Metaspace: 14274K(14592K)->14274K(14592K) NonClass: 12392K(12608K)->12392K(12608K) Class: 1881K(1984K)->1881K(1984K)
[210.689s][info][gc             ] GC(141) Pause Full (System.gc()) 2168M->5M(7918M) 307.387ms
[210.689s][info][gc,cpu         ] GC(141) User=0.30s Sys=0.00s Real=0.30s
[212.675s][info][gc,start       ] GC(142) Pause Young (Allocation Failure)
[212.691s][info][gc,heap        ] GC(142) DefNew: 2236928K(2516544K)->0K(2516544K) Eden: 2236928K(2236928K)->0K(2236928K) From: 0K(279616K)->0K(279616K)
[212.691s][info][gc,heap        ] GC(142) Tenured: 5550K(5592448K)->5550K(5592448K)
[212.691s][info][gc,metaspace   ] GC(142) Metaspace: 14274K(14592K)->14274K(14592K) NonClass: 12392K(12608K)->12392K(12608K) Class: 1881K(1984K)->1881K(1984K)
[212.691s][info][gc             ] GC(142) Pause Young (Allocation Failure) 2189M->5M(7918M) 15.852ms
[212.691s][info][gc,cpu         ] GC(142) User=0.02s Sys=0.00s Real=0.02s
[212.692s][info][gc,start       ] GC(143) Pause Full (System.gc())
[212.692s][info][gc,phases,start] GC(143) Phase 1: Mark live objects
[212.700s][info][gc,phases      ] GC(143) Phase 1: Mark live objects 7.809ms
[212.700s][info][gc,phases,start] GC(143) Phase 2: Compute new object addresses
[212.701s][info][gc,phases      ] GC(143) Phase 2: Compute new object addresses 1.072ms
[212.701s][info][gc,phases,start] GC(143) Phase 3: Adjust pointers
[212.707s][info][gc,phases      ] GC(143) Phase 3: Adjust pointers 5.444ms
[212.707s][info][gc,phases,start] GC(143) Phase 4: Move objects
[212.707s][info][gc,phases      ] GC(143) Phase 4: Move objects 0.010ms
[212.707s][info][gc,heap        ] GC(143) DefNew: 3K(2516544K)->0K(2516544K) Eden: 2K(2236928K)->0K(2236928K) From: 0K(279616K)->0K(279616K)
[212.707s][info][gc,heap        ] GC(143) Tenured: 5550K(5592448K)->5549K(5592448K)
[212.707s][info][gc,metaspace   ] GC(143) Metaspace: 14274K(14592K)->14274K(14592K) NonClass: 12392K(12608K)->12392K(12608K) Class: 1881K(1984K)->1881K(1984K)
[212.707s][info][gc             ] GC(143) Pause Full (System.gc()) 5M->5M(7918M) 14.611ms
[212.707s][info][gc,cpu         ] GC(143) User=0.00s Sys=0.00s Real=0.02s
[214.674s][info][gc,start       ] GC(144) Pause Young (Allocation Failure)
[214.745s][info][gc,heap        ] GC(144) DefNew: 2236928K(2516544K)->256K(2516544K) Eden: 2236928K(2236928K)->0K(2236928K) From: 0K(279616K)->256K(279616K)
[214.745s][info][gc,heap        ] GC(144) Tenured: 5549K(5592448K)->5549K(5592448K)
[214.745s][info][gc,metaspace   ] GC(144) Metaspace: 14274K(14592K)->14274K(14592K) NonClass: 12392K(12608K)->12392K(12608K) Class: 1881K(1984K)->1881K(1984K)
[214.745s][info][gc             ] GC(144) Pause Young (Allocation Failure) 2189M->5M(7918M) 70.986ms
[214.745s][info][gc,cpu         ] GC(144) User=0.06s Sys=0.00s Real=0.07s
[214.977s][info][gc,start       ] GC(145) Pause Full (System.gc())
[214.977s][info][gc,phases,start] GC(145) Phase 1: Mark live objects
[214.993s][info][gc,phases      ] GC(145) Phase 1: Mark live objects 16.534ms
[214.993s][info][gc,phases,start] GC(145) Phase 2: Compute new object addresses
[215.015s][info][gc,phases      ] GC(145) Phase 2: Compute new object addresses 21.391ms
[215.015s][info][gc,phases,start] GC(145) Phase 3: Adjust pointers
[215.023s][info][gc,phases      ] GC(145) Phase 3: Adjust pointers 8.269ms
[215.023s][info][gc,phases,start] GC(145) Phase 4: Move objects
[215.023s][info][gc,phases      ] GC(145) Phase 4: Move objects 0.009ms
[215.023s][info][gc,heap        ] GC(145) DefNew: 278982K(2516544K)->0K(2516544K) Eden: 278726K(2236928K)->0K(2236928K) From: 256K(279616K)->0K(279616K)
[215.023s][info][gc,heap        ] GC(145) Tenured: 5549K(5592448K)->5549K(5592448K)
[215.023s][info][gc,metaspace   ] GC(145) Metaspace: 14274K(14592K)->14274K(14592K) NonClass: 12392K(12608K)->12392K(12608K) Class: 1881K(1984K)->1881K(1984K)
[215.023s][info][gc             ] GC(145) Pause Full (System.gc()) 277M->5M(7918M) 46.545ms
[215.023s][info][gc,cpu         ] GC(145) User=0.05s Sys=0.00s Real=0.05s
[216.976s][info][gc,start       ] GC(146) Pause Full (System.gc())
[216.976s][info][gc,phases,start] GC(146) Phase 1: Mark live objects
[217.037s][info][gc,phases      ] GC(146) Phase 1: Mark live objects 61.364ms
[217.037s][info][gc,phases,start] GC(146) Phase 2: Compute new object addresses
[217.275s][info][gc,phases      ] GC(146) Phase 2: Compute new object addresses 237.964ms
[217.275s][info][gc,phases,start] GC(146) Phase 3: Adjust pointers
[217.282s][info][gc,phases      ] GC(146) Phase 3: Adjust pointers 6.877ms
[217.282s][info][gc,phases,start] GC(146) Phase 4: Move objects
[217.282s][info][gc,phases      ] GC(146) Phase 4: Move objects 0.073ms
[217.283s][info][gc,heap        ] GC(146) DefNew: 2102737K(2516544K)->0K(2516544K) Eden: 2102737K(2236928K)->0K(2236928K) From: 0K(279616K)->0K(279616K)
[217.283s][info][gc,heap        ] GC(146) Tenured: 5549K(5592448K)->5550K(5592448K)
[217.283s][info][gc,metaspace   ] GC(146) Metaspace: 14274K(14592K)->14274K(14592K) NonClass: 12392K(12608K)->12392K(12608K) Class: 1881K(1984K)->1881K(1984K)
[217.283s][info][gc             ] GC(146) Pause Full (System.gc()) 2058M->5M(7918M) 306.579ms
[217.283s][info][gc,cpu         ] GC(146) User=0.27s Sys=0.00s Real=0.30s
[219.350s][info][gc,start       ] GC(147) Pause Young (Allocation Failure)
[219.378s][info][gc,heap        ] GC(147) DefNew: 2236928K(2516544K)->199K(2516544K) Eden: 2236928K(2236928K)->0K(2236928K) From: 0K(279616K)->199K(279616K)
[219.379s][info][gc,heap        ] GC(147) Tenured: 5550K(5592448K)->5550K(5592448K)
[219.379s][info][gc,metaspace   ] GC(147) Metaspace: 14274K(14592K)->14274K(14592K) NonClass: 12392K(12608K)->12392K(12608K) Class: 1881K(1984K)->1881K(1984K)
[219.379s][info][gc             ] GC(147) Pause Young (Allocation Failure) 2189M->5M(7918M) 28.992ms
[219.379s][info][gc,cpu         ] GC(147) User=0.00s Sys=0.00s Real=0.02s
[219.430s][info][gc,start       ] GC(148) Pause Full (System.gc())
[219.430s][info][gc,phases,start] GC(148) Phase 1: Mark live objects
[219.440s][info][gc,phases      ] GC(148) Phase 1: Mark live objects 9.768ms
[219.440s][info][gc,phases,start] GC(148) Phase 2: Compute new object addresses
[219.446s][info][gc,phases      ] GC(148) Phase 2: Compute new object addresses 6.340ms
[219.446s][info][gc,phases,start] GC(148) Phase 3: Adjust pointers
[219.452s][info][gc,phases      ] GC(148) Phase 3: Adjust pointers 5.789ms
[219.452s][info][gc,phases,start] GC(148) Phase 4: Move objects
[219.452s][info][gc,phases      ] GC(148) Phase 4: Move objects 0.009ms
[219.452s][info][gc,heap        ] GC(148) DefNew: 99523K(2516544K)->0K(2516544K) Eden: 99324K(2236928K)->0K(2236928K) From: 199K(279616K)->0K(279616K)
[219.452s][info][gc,heap        ] GC(148) Tenured: 5550K(5592448K)->5550K(5592448K)
[219.452s][info][gc,metaspace   ] GC(148) Metaspace: 14274K(14592K)->14274K(14592K) NonClass: 12392K(12608K)->12392K(12608K) Class: 1881K(1984K)->1881K(1984K)
[219.452s][info][gc             ] GC(148) Pause Full (System.gc()) 102M->5M(7918M) 22.174ms
[219.452s][info][gc,cpu         ] GC(148) User=0.00s Sys=0.00s Real=0.02s
[221.386s][info][gc,start       ] GC(149) Pause Full (System.gc())
[221.386s][info][gc,phases,start] GC(149) Phase 1: Mark live objects
[221.465s][info][gc,phases      ] GC(149) Phase 1: Mark live objects 78.927ms
[221.465s][info][gc,phases,start] GC(149) Phase 2: Compute new object addresses
[221.712s][info][gc,phases      ] GC(149) Phase 2: Compute new object addresses 246.775ms
[221.712s][info][gc,phases,start] GC(149) Phase 3: Adjust pointers
[221.721s][info][gc,phases      ] GC(149) Phase 3: Adjust pointers 8.692ms
[221.721s][info][gc,phases,start] GC(149) Phase 4: Move objects
[221.721s][info][gc,phases      ] GC(149) Phase 4: Move objects 0.009ms
[221.721s][info][gc,heap        ] GC(149) DefNew: 2192215K(2516544K)->0K(2516544K) Eden: 2192215K(2236928K)->0K(2236928K) From: 0K(279616K)->0K(279616K)
[221.721s][info][gc,heap        ] GC(149) Tenured: 5550K(5592448K)->5549K(5592448K)
[221.721s][info][gc,metaspace   ] GC(149) Metaspace: 14274K(14592K)->14274K(14592K) NonClass: 12392K(12608K)->12392K(12608K) Class: 1881K(1984K)->1881K(1984K)
[221.721s][info][gc             ] GC(149) Pause Full (System.gc()) 2146M->5M(7918M) 334.711ms
[221.721s][info][gc,cpu         ] GC(149) User=0.33s Sys=0.00s Real=0.33s
[223.834s][info][gc,start       ] GC(150) Pause Young (Allocation Failure)
[223.898s][info][gc,heap        ] GC(150) DefNew: 2236928K(2516544K)->0K(2516544K) Eden: 2236928K(2236928K)->0K(2236928K) From: 0K(279616K)->0K(279616K)
[223.898s][info][gc,heap        ] GC(150) Tenured: 5549K(5592448K)->5549K(5592448K)
[223.898s][info][gc,metaspace   ] GC(150) Metaspace: 14274K(14592K)->14274K(14592K) NonClass: 12393K(12608K)->12393K(12608K) Class: 1881K(1984K)->1881K(1984K)
[223.898s][info][gc             ] GC(150) Pause Young (Allocation Failure) 2189M->5M(7918M) 64.066ms
[223.898s][info][gc,cpu         ] GC(150) User=0.06s Sys=0.00s Real=0.06s
[223.948s][info][gc,heap,exit   ] Heap
[223.948s][info][gc,heap,exit   ]  def new generation   total 2516544K, used 89480K [0x0000000600000000, 0x00000006aaaa0000, 0x00000006aaaa0000)
[223.948s][info][gc,heap,exit   ]   eden space 2236928K,   4% used [0x0000000600000000, 0x0000000605762000, 0x0000000688880000)
[223.948s][info][gc,heap,exit   ]   from space 279616K,   0% used [0x0000000699990000, 0x00000006999901f0, 0x00000006aaaa0000)
[223.948s][info][gc,heap,exit   ]   to   space 279616K,   0% used [0x0000000688880000, 0x0000000688880000, 0x0000000699990000)
[223.948s][info][gc,heap,exit   ]  tenured generation   total 5592448K, used 5549K [0x00000006aaaa0000, 0x0000000800000000, 0x0000000800000000)
[223.948s][info][gc,heap,exit   ]    the space 5592448K,   0% used [0x00000006aaaa0000, 0x00000006ab00b7d8, 0x00000006ab00b800, 0x0000000800000000)
[223.948s][info][gc,heap,exit   ]  Metaspace       used 14334K, committed 14656K, reserved 1114112K
[223.948s][info][gc,heap,exit   ]   class space    used 1891K, committed 1984K, reserved 1048576K
